[2026-07-12 06:08:21,731][root][INFO] - Initializing logger...
[2026-07-12 06:08:21,734][root][INFO] - Initializing data loaders...
[2026-07-12 06:08:22,774][root][INFO] - Initializing model...
[2026-07-12 06:08:22,879][root][INFO] - Number of encoder parameters = 7.20m
[2026-07-12 06:08:22,887][root][INFO] - Number of decoder parameters = 7.49m
[2026-07-12 06:08:23,304][root][INFO] - Initializing optimizer...
[2026-07-12 06:08:23,305][root][INFO] - Start training...
[2026-07-12 06:09:57,760][root][INFO] - Epoch 1: duration loss = 0.289 | prior loss = 1.206 | diffusion loss = 7.841

[2026-07-12 06:11:32,407][root][INFO] - Epoch 2: duration loss = 0.289 | prior loss = 1.206 | diffusion loss = 2.810

[2026-07-12 06:13:07,378][root][INFO] - Epoch 3: duration loss = 0.290 | prior loss = 1.206 | diffusion loss = 0.672

[2026-07-12 06:14:42,372][root][INFO] - Epoch 4: duration loss = 0.289 | prior loss = 1.206 | diffusion loss = 0.296

[2026-07-12 06:16:17,001][root][INFO] - Epoch 5: duration loss = 0.290 | prior loss = 1.206 | diffusion loss = 0.266

[2026-07-12 06:17:52,190][root][INFO] - Epoch 6: duration loss = 0.290 | prior loss = 1.206 | diffusion loss = 0.252

[2026-07-12 06:19:27,011][root][INFO] - Epoch 7: duration loss = 0.289 | prior loss = 1.206 | diffusion loss = 0.244

[2026-07-12 06:21:01,457][root][INFO] - Epoch 8: duration loss = 0.290 | prior loss = 1.206 | diffusion loss = 0.240

[2026-07-12 06:22:36,328][root][INFO] - Epoch 9: duration loss = 0.289 | prior loss = 1.206 | diffusion loss = 0.230

[2026-07-12 06:24:11,020][root][INFO] - Epoch 10: duration loss = 0.289 | prior loss = 1.206 | diffusion loss = 0.232

[2026-07-12 06:25:45,877][root][INFO] - Epoch 11: duration loss = 0.290 | prior loss = 1.206 | diffusion loss = 0.227

[2026-07-12 06:27:20,717][root][INFO] - Epoch 12: duration loss = 0.290 | prior loss = 1.206 | diffusion loss = 0.225

[2026-07-12 06:28:55,098][root][INFO] - Epoch 13: duration loss = 0.289 | prior loss = 1.206 | diffusion loss = 0.222

[2026-07-12 06:30:29,885][root][INFO] - Epoch 14: duration loss = 0.290 | prior loss = 1.206 | diffusion loss = 0.226

[2026-07-12 06:32:04,820][root][INFO] - Epoch 15: duration loss = 0.289 | prior loss = 1.206 | diffusion loss = 0.219

[2026-07-12 06:33:39,850][root][INFO] - Epoch 16: duration loss = 0.289 | prior loss = 1.206 | diffusion loss = 0.217

[2026-07-12 06:35:14,563][root][INFO] - Epoch 17: duration loss = 0.289 | prior loss = 1.205 | diffusion loss = 0.212

[2026-07-12 06:36:49,187][root][INFO] - Epoch 18: duration loss = 0.289 | prior loss = 1.206 | diffusion loss = 0.211

[2026-07-12 06:38:23,882][root][INFO] - Epoch 19: duration loss = 0.290 | prior loss = 1.206 | diffusion loss = 0.214

[2026-07-12 06:39:58,507][root][INFO] - Epoch 20: duration loss = 0.290 | prior loss = 1.207 | diffusion loss = 0.210

[2026-07-12 06:41:33,147][root][INFO] - Epoch 21: duration loss = 0.289 | prior loss = 1.206 | diffusion loss = 0.209

[2026-07-12 06:43:07,978][root][INFO] - Epoch 22: duration loss = 0.289 | prior loss = 1.206 | diffusion loss = 0.209

[2026-07-12 06:44:42,552][root][INFO] - Epoch 23: duration loss = 0.289 | prior loss = 1.206 | diffusion loss = 0.206

[2026-07-12 06:46:16,356][root][INFO] - Epoch 24: duration loss = 0.289 | prior loss = 1.206 | diffusion loss = 0.206

[2026-07-12 06:47:50,950][root][INFO] - Epoch 25: duration loss = 0.289 | prior loss = 1.206 | diffusion loss = 0.208

[2026-07-12 06:49:25,276][root][INFO] - Epoch 26: duration loss = 0.289 | prior loss = 1.205 | diffusion loss = 0.201

[2026-07-12 06:50:59,800][root][INFO] - Epoch 27: duration loss = 0.289 | prior loss = 1.206 | diffusion loss = 0.202

[2026-07-12 06:52:34,777][root][INFO] - Epoch 28: duration loss = 0.289 | prior loss = 1.206 | diffusion loss = 0.203

[2026-07-12 06:54:09,436][root][INFO] - Epoch 29: duration loss = 0.289 | prior loss = 1.206 | diffusion loss = 0.202

[2026-07-12 06:55:43,922][root][INFO] - Epoch 30: duration loss = 0.290 | prior loss = 1.206 | diffusion loss = 0.199

[2026-07-12 06:57:18,870][root][INFO] - Epoch 31: duration loss = 0.289 | prior loss = 1.206 | diffusion loss = 0.198

[2026-07-12 06:58:53,446][root][INFO] - Epoch 32: duration loss = 0.289 | prior loss = 1.206 | diffusion loss = 0.198

[2026-07-12 07:00:27,789][root][INFO] - Epoch 33: duration loss = 0.289 | prior loss = 1.206 | diffusion loss = 0.199

[2026-07-12 07:02:02,185][root][INFO] - Epoch 34: duration loss = 0.289 | prior loss = 1.206 | diffusion loss = 0.198

[2026-07-12 07:03:36,829][root][INFO] - Epoch 35: duration loss = 0.289 | prior loss = 1.206 | diffusion loss = 0.201

[2026-07-12 07:05:10,918][root][INFO] - Epoch 36: duration loss = 0.289 | prior loss = 1.206 | diffusion loss = 0.196

[2026-07-12 07:06:45,386][root][INFO] - Epoch 37: duration loss = 0.289 | prior loss = 1.206 | diffusion loss = 0.195

[2026-07-12 07:08:19,541][root][INFO] - Epoch 38: duration loss = 0.289 | prior loss = 1.206 | diffusion loss = 0.197

[2026-07-12 07:09:53,897][root][INFO] - Epoch 39: duration loss = 0.289 | prior loss = 1.206 | diffusion loss = 0.194

[2026-07-12 07:11:28,478][root][INFO] - Epoch 40: duration loss = 0.289 | prior loss = 1.206 | diffusion loss = 0.192

[2026-07-12 07:13:02,731][root][INFO] - Epoch 41: duration loss = 0.289 | prior loss = 1.206 | diffusion loss = 0.192

[2026-07-12 07:14:37,871][root][INFO] - Epoch 42: duration loss = 0.289 | prior loss = 1.206 | diffusion loss = 0.195

[2026-07-12 07:16:12,503][root][INFO] - Epoch 43: duration loss = 0.290 | prior loss = 1.206 | diffusion loss = 0.191

[2026-07-12 07:17:46,911][root][INFO] - Epoch 44: duration loss = 0.289 | prior loss = 1.206 | diffusion loss = 0.189

[2026-07-12 07:19:21,506][root][INFO] - Epoch 45: duration loss = 0.289 | prior loss = 1.206 | diffusion loss = 0.192

[2026-07-12 07:20:55,631][root][INFO] - Epoch 46: duration loss = 0.289 | prior loss = 1.206 | diffusion loss = 0.190

[2026-07-12 07:22:29,431][root][INFO] - Epoch 47: duration loss = 0.289 | prior loss = 1.206 | diffusion loss = 0.192

[2026-07-12 07:24:03,838][root][INFO] - Epoch 48: duration loss = 0.289 | prior loss = 1.206 | diffusion loss = 0.187

[2026-07-12 07:25:38,217][root][INFO] - Epoch 49: duration loss = 0.289 | prior loss = 1.206 | diffusion loss = 0.187

[2026-07-12 07:27:12,536][root][INFO] - Epoch 50: duration loss = 0.289 | prior loss = 1.206 | diffusion loss = 0.187

[2026-07-12 07:28:46,990][root][INFO] - Epoch 51: duration loss = 0.290 | prior loss = 1.206 | diffusion loss = 0.187

[2026-07-12 07:30:21,719][root][INFO] - Epoch 52: duration loss = 0.290 | prior loss = 1.206 | diffusion loss = 0.186

[2026-07-12 07:31:55,857][root][INFO] - Epoch 53: duration loss = 0.289 | prior loss = 1.206 | diffusion loss = 0.185

[2026-07-12 07:33:30,254][root][INFO] - Epoch 54: duration loss = 0.289 | prior loss = 1.206 | diffusion loss = 0.187

[2026-07-12 07:35:04,823][root][INFO] - Epoch 55: duration loss = 0.289 | prior loss = 1.206 | diffusion loss = 0.185

[2026-07-12 07:36:39,609][root][INFO] - Epoch 56: duration loss = 0.290 | prior loss = 1.206 | diffusion loss = 0.187

[2026-07-12 07:38:14,129][root][INFO] - Epoch 57: duration loss = 0.289 | prior loss = 1.206 | diffusion loss = 0.184

[2026-07-12 07:39:48,627][root][INFO] - Epoch 58: duration loss = 0.290 | prior loss = 1.206 | diffusion loss = 0.185

[2026-07-12 07:41:22,661][root][INFO] - Epoch 59: duration loss = 0.290 | prior loss = 1.206 | diffusion loss = 0.181

[2026-07-12 07:42:56,245][root][INFO] - Epoch 60: duration loss = 0.290 | prior loss = 1.206 | diffusion loss = 0.185

[2026-07-12 07:44:30,676][root][INFO] - Epoch 61: duration loss = 0.289 | prior loss = 1.206 | diffusion loss = 0.181

[2026-07-12 07:46:04,812][root][INFO] - Epoch 62: duration loss = 0.289 | prior loss = 1.206 | diffusion loss = 0.182

[2026-07-12 07:47:39,278][root][INFO] - Epoch 63: duration loss = 0.289 | prior loss = 1.206 | diffusion loss = 0.185

[2026-07-12 07:49:13,715][root][INFO] - Epoch 64: duration loss = 0.289 | prior loss = 1.206 | diffusion loss = 0.181

[2026-07-12 07:50:47,278][root][INFO] - Epoch 65: duration loss = 0.289 | prior loss = 1.206 | diffusion loss = 0.182

[2026-07-12 07:52:21,873][root][INFO] - Epoch 66: duration loss = 0.289 | prior loss = 1.206 | diffusion loss = 0.183

[2026-07-12 07:53:55,963][root][INFO] - Epoch 67: duration loss = 0.290 | prior loss = 1.206 | diffusion loss = 0.183

[2026-07-12 07:55:30,683][root][INFO] - Epoch 68: duration loss = 0.289 | prior loss = 1.206 | diffusion loss = 0.181

[2026-07-12 07:57:04,855][root][INFO] - Epoch 69: duration loss = 0.289 | prior loss = 1.206 | diffusion loss = 0.180

[2026-07-12 07:58:39,312][root][INFO] - Epoch 70: duration loss = 0.289 | prior loss = 1.206 | diffusion loss = 0.182

[2026-07-12 08:00:13,570][root][INFO] - Epoch 71: duration loss = 0.290 | prior loss = 1.206 | diffusion loss = 0.180

[2026-07-12 08:01:48,573][root][INFO] - Epoch 72: duration loss = 0.289 | prior loss = 1.206 | diffusion loss = 0.178

[2026-07-12 08:03:23,344][root][INFO] - Epoch 73: duration loss = 0.290 | prior loss = 1.206 | diffusion loss = 0.182

[2026-07-12 08:04:57,690][root][INFO] - Epoch 74: duration loss = 0.290 | prior loss = 1.206 | diffusion loss = 0.181

[2026-07-12 08:06:32,001][root][INFO] - Epoch 75: duration loss = 0.289 | prior loss = 1.206 | diffusion loss = 0.181

[2026-07-12 08:08:06,386][root][INFO] - Epoch 76: duration loss = 0.290 | prior loss = 1.206 | diffusion loss = 0.177

[2026-07-12 08:09:40,908][root][INFO] - Epoch 77: duration loss = 0.289 | prior loss = 1.206 | diffusion loss = 0.177

[2026-07-12 08:11:15,479][root][INFO] - Epoch 78: duration loss = 0.290 | prior loss = 1.207 | diffusion loss = 0.176

[2026-07-12 08:12:49,984][root][INFO] - Epoch 79: duration loss = 0.290 | prior loss = 1.206 | diffusion loss = 0.177

[2026-07-12 08:14:24,972][root][INFO] - Epoch 80: duration loss = 0.289 | prior loss = 1.206 | diffusion loss = 0.178

[2026-07-12 08:15:59,955][root][INFO] - Epoch 81: duration loss = 0.290 | prior loss = 1.206 | diffusion loss = 0.180

[2026-07-12 08:17:34,683][root][INFO] - Epoch 82: duration loss = 0.289 | prior loss = 1.206 | diffusion loss = 0.175

[2026-07-12 08:19:09,025][root][INFO] - Epoch 83: duration loss = 0.290 | prior loss = 1.206 | diffusion loss = 0.177

[2026-07-12 08:20:43,385][root][INFO] - Epoch 84: duration loss = 0.289 | prior loss = 1.206 | diffusion loss = 0.176

[2026-07-12 08:22:17,889][root][INFO] - Epoch 85: duration loss = 0.290 | prior loss = 1.206 | diffusion loss = 0.176

[2026-07-12 08:23:52,664][root][INFO] - Epoch 86: duration loss = 0.289 | prior loss = 1.206 | diffusion loss = 0.176

[2026-07-12 08:25:27,508][root][INFO] - Epoch 87: duration loss = 0.289 | prior loss = 1.206 | diffusion loss = 0.177

[2026-07-12 08:27:02,258][root][INFO] - Epoch 88: duration loss = 0.290 | prior loss = 1.206 | diffusion loss = 0.175

[2026-07-12 08:28:35,997][root][INFO] - Epoch 89: duration loss = 0.290 | prior loss = 1.206 | diffusion loss = 0.174

[2026-07-12 08:30:10,307][root][INFO] - Epoch 90: duration loss = 0.289 | prior loss = 1.206 | diffusion loss = 0.176

[2026-07-12 08:31:44,512][root][INFO] - Epoch 91: duration loss = 0.289 | prior loss = 1.206 | diffusion loss = 0.174

[2026-07-12 08:33:19,376][root][INFO] - Epoch 92: duration loss = 0.289 | prior loss = 1.206 | diffusion loss = 0.175

[2026-07-12 08:34:54,052][root][INFO] - Epoch 93: duration loss = 0.290 | prior loss = 1.206 | diffusion loss = 0.177

[2026-07-12 08:36:28,495][root][INFO] - Epoch 94: duration loss = 0.290 | prior loss = 1.206 | diffusion loss = 0.179

[2026-07-12 08:38:03,090][root][INFO] - Epoch 95: duration loss = 0.289 | prior loss = 1.206 | diffusion loss = 0.175

[2026-07-12 08:39:37,336][root][INFO] - Epoch 96: duration loss = 0.290 | prior loss = 1.206 | diffusion loss = 0.174

[2026-07-12 08:41:10,994][root][INFO] - Epoch 97: duration loss = 0.289 | prior loss = 1.206 | diffusion loss = 0.175

[2026-07-12 08:42:45,645][root][INFO] - Epoch 98: duration loss = 0.289 | prior loss = 1.206 | diffusion loss = 0.173

[2026-07-12 08:44:20,190][root][INFO] - Epoch 99: duration loss = 0.289 | prior loss = 1.206 | diffusion loss = 0.174

[2026-07-12 08:45:54,585][root][INFO] - Epoch 100: duration loss = 0.289 | prior loss = 1.206 | diffusion loss = 0.173

[2026-07-12 08:47:29,102][root][INFO] - Epoch 101: duration loss = 0.289 | prior loss = 1.206 | diffusion loss = 0.170

[2026-07-12 08:49:03,234][root][INFO] - Epoch 102: duration loss = 0.290 | prior loss = 1.206 | diffusion loss = 0.173

[2026-07-12 08:50:37,538][root][INFO] - Epoch 103: duration loss = 0.290 | prior loss = 1.206 | diffusion loss = 0.175

[2026-07-12 08:52:11,833][root][INFO] - Epoch 104: duration loss = 0.290 | prior loss = 1.206 | diffusion loss = 0.173

[2026-07-12 08:53:46,813][root][INFO] - Epoch 105: duration loss = 0.289 | prior loss = 1.206 | diffusion loss = 0.171

[2026-07-12 08:55:21,584][root][INFO] - Epoch 106: duration loss = 0.289 | prior loss = 1.206 | diffusion loss = 0.170

[2026-07-12 08:56:56,295][root][INFO] - Epoch 107: duration loss = 0.290 | prior loss = 1.206 | diffusion loss = 0.173

[2026-07-12 08:58:30,770][root][INFO] - Epoch 108: duration loss = 0.289 | prior loss = 1.206 | diffusion loss = 0.173

[2026-07-12 09:00:05,510][root][INFO] - Epoch 109: duration loss = 0.289 | prior loss = 1.206 | diffusion loss = 0.173

[2026-07-12 09:01:40,036][root][INFO] - Epoch 110: duration loss = 0.289 | prior loss = 1.206 | diffusion loss = 0.173

[2026-07-12 09:03:14,519][root][INFO] - Epoch 111: duration loss = 0.289 | prior loss = 1.206 | diffusion loss = 0.169

[2026-07-12 09:04:48,414][root][INFO] - Epoch 112: duration loss = 0.289 | prior loss = 1.206 | diffusion loss = 0.170

[2026-07-12 09:06:22,942][root][INFO] - Epoch 113: duration loss = 0.289 | prior loss = 1.206 | diffusion loss = 0.169

[2026-07-12 09:07:57,110][root][INFO] - Epoch 114: duration loss = 0.289 | prior loss = 1.206 | diffusion loss = 0.169

[2026-07-12 09:09:31,530][root][INFO] - Epoch 115: duration loss = 0.289 | prior loss = 1.206 | diffusion loss = 0.172

[2026-07-12 09:11:05,412][root][INFO] - Epoch 116: duration loss = 0.290 | prior loss = 1.206 | diffusion loss = 0.173

[2026-07-12 09:12:40,128][root][INFO] - Epoch 117: duration loss = 0.290 | prior loss = 1.206 | diffusion loss = 0.169

[2026-07-12 09:14:14,967][root][INFO] - Epoch 118: duration loss = 0.289 | prior loss = 1.206 | diffusion loss = 0.171

[2026-07-12 09:15:49,127][root][INFO] - Epoch 119: duration loss = 0.289 | prior loss = 1.206 | diffusion loss = 0.170

[2026-07-12 09:17:23,801][root][INFO] - Epoch 120: duration loss = 0.290 | prior loss = 1.206 | diffusion loss = 0.170

[2026-07-12 09:18:58,037][root][INFO] - Epoch 121: duration loss = 0.290 | prior loss = 1.206 | diffusion loss = 0.170

[2026-07-12 09:20:32,384][root][INFO] - Epoch 122: duration loss = 0.290 | prior loss = 1.206 | diffusion loss = 0.170

[2026-07-12 09:22:07,042][root][INFO] - Epoch 123: duration loss = 0.289 | prior loss = 1.206 | diffusion loss = 0.168

[2026-07-12 09:23:41,954][root][INFO] - Epoch 124: duration loss = 0.289 | prior loss = 1.206 | diffusion loss = 0.170

[2026-07-12 09:25:16,244][root][INFO] - Epoch 125: duration loss = 0.289 | prior loss = 1.206 | diffusion loss = 0.167

[2026-07-12 09:26:50,894][root][INFO] - Epoch 126: duration loss = 0.290 | prior loss = 1.206 | diffusion loss = 0.169

[2026-07-12 09:28:25,280][root][INFO] - Epoch 127: duration loss = 0.290 | prior loss = 1.206 | diffusion loss = 0.167

[2026-07-12 09:29:59,659][root][INFO] - Epoch 128: duration loss = 0.289 | prior loss = 1.206 | diffusion loss = 0.170

[2026-07-12 09:31:34,467][root][INFO] - Epoch 129: duration loss = 0.289 | prior loss = 1.206 | diffusion loss = 0.171

[2026-07-12 09:33:08,931][root][INFO] - Epoch 130: duration loss = 0.289 | prior loss = 1.206 | diffusion loss = 0.170

[2026-07-12 09:34:43,028][root][INFO] - Epoch 131: duration loss = 0.289 | prior loss = 1.206 | diffusion loss = 0.169

[2026-07-12 09:36:17,937][root][INFO] - Epoch 132: duration loss = 0.290 | prior loss = 1.206 | diffusion loss = 0.168

[2026-07-12 09:37:52,722][root][INFO] - Epoch 133: duration loss = 0.289 | prior loss = 1.206 | diffusion loss = 0.169

[2026-07-12 09:39:27,513][root][INFO] - Epoch 134: duration loss = 0.289 | prior loss = 1.206 | diffusion loss = 0.166

[2026-07-12 09:41:02,522][root][INFO] - Epoch 135: duration loss = 0.289 | prior loss = 1.206 | diffusion loss = 0.167

[2026-07-12 09:42:37,170][root][INFO] - Epoch 136: duration loss = 0.290 | prior loss = 1.206 | diffusion loss = 0.171

[2026-07-12 09:44:11,485][root][INFO] - Epoch 137: duration loss = 0.289 | prior loss = 1.206 | diffusion loss = 0.168

[2026-07-12 09:45:45,610][root][INFO] - Epoch 138: duration loss = 0.289 | prior loss = 1.206 | diffusion loss = 0.167

[2026-07-12 09:47:20,190][root][INFO] - Epoch 139: duration loss = 0.290 | prior loss = 1.206 | diffusion loss = 0.170

[2026-07-12 09:48:54,679][root][INFO] - Epoch 140: duration loss = 0.290 | prior loss = 1.206 | diffusion loss = 0.165

[2026-07-12 09:50:28,635][root][INFO] - Epoch 141: duration loss = 0.290 | prior loss = 1.206 | diffusion loss = 0.168

[2026-07-12 09:52:02,929][root][INFO] - Epoch 142: duration loss = 0.290 | prior loss = 1.206 | diffusion loss = 0.165

[2026-07-12 09:53:37,418][root][INFO] - Epoch 143: duration loss = 0.289 | prior loss = 1.206 | diffusion loss = 0.165

[2026-07-12 09:55:12,003][root][INFO] - Epoch 144: duration loss = 0.289 | prior loss = 1.206 | diffusion loss = 0.168

[2026-07-12 09:56:46,561][root][INFO] - Epoch 145: duration loss = 0.290 | prior loss = 1.206 | diffusion loss = 0.165

[2026-07-12 09:58:21,144][root][INFO] - Epoch 146: duration loss = 0.289 | prior loss = 1.206 | diffusion loss = 0.167

[2026-07-12 09:59:55,822][root][INFO] - Epoch 147: duration loss = 0.289 | prior loss = 1.206 | diffusion loss = 0.167

[2026-07-12 10:01:30,765][root][INFO] - Epoch 148: duration loss = 0.289 | prior loss = 1.206 | diffusion loss = 0.169

[2026-07-12 10:03:05,129][root][INFO] - Epoch 149: duration loss = 0.289 | prior loss = 1.206 | diffusion loss = 0.167

[2026-07-12 10:04:39,552][root][INFO] - Epoch 150: duration loss = 0.289 | prior loss = 1.206 | diffusion loss = 0.167

[2026-07-12 10:06:14,087][root][INFO] - Epoch 151: duration loss = 0.290 | prior loss = 1.206 | diffusion loss = 0.166

[2026-07-12 10:07:49,054][root][INFO] - Epoch 152: duration loss = 0.290 | prior loss = 1.206 | diffusion loss = 0.166

[2026-07-12 10:09:23,601][root][INFO] - Epoch 153: duration loss = 0.289 | prior loss = 1.206 | diffusion loss = 0.165

[2026-07-12 10:10:58,299][root][INFO] - Epoch 154: duration loss = 0.290 | prior loss = 1.206 | diffusion loss = 0.165

[2026-07-12 10:12:32,063][root][INFO] - Epoch 155: duration loss = 0.289 | prior loss = 1.206 | diffusion loss = 0.168

[2026-07-12 10:14:06,543][root][INFO] - Epoch 156: duration loss = 0.289 | prior loss = 1.206 | diffusion loss = 0.166

[2026-07-12 10:15:41,320][root][INFO] - Epoch 157: duration loss = 0.289 | prior loss = 1.205 | diffusion loss = 0.163

[2026-07-12 10:17:15,644][root][INFO] - Epoch 158: duration loss = 0.289 | prior loss = 1.206 | diffusion loss = 0.165

[2026-07-12 10:18:50,071][root][INFO] - Epoch 159: duration loss = 0.289 | prior loss = 1.206 | diffusion loss = 0.165

[2026-07-12 10:20:24,848][root][INFO] - Epoch 160: duration loss = 0.289 | prior loss = 1.206 | diffusion loss = 0.166

[2026-07-12 10:21:59,125][root][INFO] - Epoch 161: duration loss = 0.289 | prior loss = 1.206 | diffusion loss = 0.168

[2026-07-12 10:23:33,589][root][INFO] - Epoch 162: duration loss = 0.289 | prior loss = 1.206 | diffusion loss = 0.166

[2026-07-12 10:25:08,304][root][INFO] - Epoch 163: duration loss = 0.289 | prior loss = 1.205 | diffusion loss = 0.165

[2026-07-12 10:26:42,518][root][INFO] - Epoch 164: duration loss = 0.289 | prior loss = 1.206 | diffusion loss = 0.163

[2026-07-12 10:28:17,129][root][INFO] - Epoch 165: duration loss = 0.290 | prior loss = 1.206 | diffusion loss = 0.166

[2026-07-12 10:29:51,546][root][INFO] - Epoch 166: duration loss = 0.289 | prior loss = 1.206 | diffusion loss = 0.162

[2026-07-12 10:31:26,067][root][INFO] - Epoch 167: duration loss = 0.289 | prior loss = 1.206 | diffusion loss = 0.163

[2026-07-12 10:33:00,582][root][INFO] - Epoch 168: duration loss = 0.289 | prior loss = 1.206 | diffusion loss = 0.163

[2026-07-12 10:34:35,194][root][INFO] - Epoch 169: duration loss = 0.289 | prior loss = 1.206 | diffusion loss = 0.164

[2026-07-12 10:36:09,613][root][INFO] - Epoch 170: duration loss = 0.289 | prior loss = 1.207 | diffusion loss = 0.163

[2026-07-12 10:37:44,419][root][INFO] - Epoch 171: duration loss = 0.289 | prior loss = 1.206 | diffusion loss = 0.162

[2026-07-12 10:39:18,813][root][INFO] - Epoch 172: duration loss = 0.289 | prior loss = 1.206 | diffusion loss = 0.163

[2026-07-12 10:40:53,077][root][INFO] - Epoch 173: duration loss = 0.289 | prior loss = 1.206 | diffusion loss = 0.164

[2026-07-12 10:42:27,693][root][INFO] - Epoch 174: duration loss = 0.289 | prior loss = 1.206 | diffusion loss = 0.164

[2026-07-12 10:44:01,821][root][INFO] - Epoch 175: duration loss = 0.289 | prior loss = 1.206 | diffusion loss = 0.164

[2026-07-12 10:45:36,439][root][INFO] - Epoch 176: duration loss = 0.289 | prior loss = 1.206 | diffusion loss = 0.164

[2026-07-12 10:47:11,091][root][INFO] - Epoch 177: duration loss = 0.290 | prior loss = 1.206 | diffusion loss = 0.166

[2026-07-12 10:48:45,675][root][INFO] - Epoch 178: duration loss = 0.289 | prior loss = 1.206 | diffusion loss = 0.162

[2026-07-12 10:50:19,936][root][INFO] - Epoch 179: duration loss = 0.290 | prior loss = 1.206 | diffusion loss = 0.162

[2026-07-12 10:51:55,199][root][INFO] - Epoch 180: duration loss = 0.289 | prior loss = 1.206 | diffusion loss = 0.161

[2026-07-12 10:53:29,954][root][INFO] - Epoch 181: duration loss = 0.289 | prior loss = 1.206 | diffusion loss = 0.161

[2026-07-12 10:55:04,416][root][INFO] - Epoch 182: duration loss = 0.289 | prior loss = 1.206 | diffusion loss = 0.160

[2026-07-12 10:56:39,159][root][INFO] - Epoch 183: duration loss = 0.290 | prior loss = 1.206 | diffusion loss = 0.161

[2026-07-12 10:58:13,849][root][INFO] - Epoch 184: duration loss = 0.290 | prior loss = 1.206 | diffusion loss = 0.160

[2026-07-12 10:59:48,349][root][INFO] - Epoch 185: duration loss = 0.289 | prior loss = 1.206 | diffusion loss = 0.163

[2026-07-12 11:01:23,194][root][INFO] - Epoch 186: duration loss = 0.289 | prior loss = 1.206 | diffusion loss = 0.160

[2026-07-12 11:02:57,759][root][INFO] - Epoch 187: duration loss = 0.289 | prior loss = 1.206 | diffusion loss = 0.162

[2026-07-12 11:04:31,857][root][INFO] - Epoch 188: duration loss = 0.289 | prior loss = 1.206 | diffusion loss = 0.162

[2026-07-12 11:06:06,575][root][INFO] - Epoch 189: duration loss = 0.290 | prior loss = 1.206 | diffusion loss = 0.161

[2026-07-12 11:07:41,117][root][INFO] - Epoch 190: duration loss = 0.289 | prior loss = 1.206 | diffusion loss = 0.161

[2026-07-12 11:09:15,477][root][INFO] - Epoch 191: duration loss = 0.290 | prior loss = 1.206 | diffusion loss = 0.161

[2026-07-12 11:10:49,945][root][INFO] - Epoch 192: duration loss = 0.289 | prior loss = 1.206 | diffusion loss = 0.162

[2026-07-12 11:12:23,928][root][INFO] - Epoch 193: duration loss = 0.289 | prior loss = 1.206 | diffusion loss = 0.161

[2026-07-12 11:13:57,926][root][INFO] - Epoch 194: duration loss = 0.289 | prior loss = 1.206 | diffusion loss = 0.160

[2026-07-12 11:15:32,320][root][INFO] - Epoch 195: duration loss = 0.289 | prior loss = 1.206 | diffusion loss = 0.161

[2026-07-12 11:17:06,612][root][INFO] - Epoch 196: duration loss = 0.289 | prior loss = 1.206 | diffusion loss = 0.160

[2026-07-12 11:18:41,179][root][INFO] - Epoch 197: duration loss = 0.289 | prior loss = 1.206 | diffusion loss = 0.162

[2026-07-12 11:20:15,703][root][INFO] - Epoch 198: duration loss = 0.289 | prior loss = 1.207 | diffusion loss = 0.158

[2026-07-12 11:21:49,778][root][INFO] - Epoch 199: duration loss = 0.289 | prior loss = 1.206 | diffusion loss = 0.159

[2026-07-12 11:23:23,826][root][INFO] - Epoch 200: duration loss = 0.290 | prior loss = 1.206 | diffusion loss = 0.163

[2026-07-12 11:24:57,657][root][INFO] - Epoch 201: duration loss = 0.289 | prior loss = 1.206 | diffusion loss = 0.161

[2026-07-12 11:26:32,196][root][INFO] - Epoch 202: duration loss = 0.289 | prior loss = 1.206 | diffusion loss = 0.160

[2026-07-12 11:28:06,848][root][INFO] - Epoch 203: duration loss = 0.289 | prior loss = 1.206 | diffusion loss = 0.162

[2026-07-12 11:29:41,133][root][INFO] - Epoch 204: duration loss = 0.289 | prior loss = 1.206 | diffusion loss = 0.161

[2026-07-12 11:31:15,407][root][INFO] - Epoch 205: duration loss = 0.290 | prior loss = 1.206 | diffusion loss = 0.160

[2026-07-12 11:32:49,814][root][INFO] - Epoch 206: duration loss = 0.289 | prior loss = 1.206 | diffusion loss = 0.161

[2026-07-12 11:34:24,007][root][INFO] - Epoch 207: duration loss = 0.290 | prior loss = 1.206 | diffusion loss = 0.161

[2026-07-12 11:35:58,615][root][INFO] - Epoch 208: duration loss = 0.289 | prior loss = 1.206 | diffusion loss = 0.162

[2026-07-12 11:37:33,244][root][INFO] - Epoch 209: duration loss = 0.289 | prior loss = 1.206 | diffusion loss = 0.162

[2026-07-12 11:39:07,751][root][INFO] - Epoch 210: duration loss = 0.289 | prior loss = 1.206 | diffusion loss = 0.161

[2026-07-12 11:40:42,743][root][INFO] - Epoch 211: duration loss = 0.290 | prior loss = 1.206 | diffusion loss = 0.159

[2026-07-12 11:42:17,446][root][INFO] - Epoch 212: duration loss = 0.289 | prior loss = 1.206 | diffusion loss = 0.158

[2026-07-12 11:43:51,736][root][INFO] - Epoch 213: duration loss = 0.290 | prior loss = 1.206 | diffusion loss = 0.161

[2026-07-12 11:45:26,466][root][INFO] - Epoch 214: duration loss = 0.290 | prior loss = 1.207 | diffusion loss = 0.161

[2026-07-12 11:47:00,576][root][INFO] - Epoch 215: duration loss = 0.289 | prior loss = 1.206 | diffusion loss = 0.157

[2026-07-12 11:48:35,039][root][INFO] - Epoch 216: duration loss = 0.289 | prior loss = 1.206 | diffusion loss = 0.159

[2026-07-12 11:50:09,607][root][INFO] - Epoch 217: duration loss = 0.289 | prior loss = 1.206 | diffusion loss = 0.160

[2026-07-12 11:51:44,029][root][INFO] - Epoch 218: duration loss = 0.289 | prior loss = 1.206 | diffusion loss = 0.159

[2026-07-12 11:53:18,673][root][INFO] - Epoch 219: duration loss = 0.290 | prior loss = 1.206 | diffusion loss = 0.159

[2026-07-12 11:54:52,785][root][INFO] - Epoch 220: duration loss = 0.289 | prior loss = 1.206 | diffusion loss = 0.160

[2026-07-12 11:56:27,328][root][INFO] - Epoch 221: duration loss = 0.290 | prior loss = 1.206 | diffusion loss = 0.157

[2026-07-12 11:58:01,680][root][INFO] - Epoch 222: duration loss = 0.289 | prior loss = 1.206 | diffusion loss = 0.157

[2026-07-12 11:59:36,321][root][INFO] - Epoch 223: duration loss = 0.290 | prior loss = 1.206 | diffusion loss = 0.157

[2026-07-12 12:01:11,163][root][INFO] - Epoch 224: duration loss = 0.289 | prior loss = 1.206 | diffusion loss = 0.160

[2026-07-12 12:02:45,902][root][INFO] - Epoch 225: duration loss = 0.290 | prior loss = 1.206 | diffusion loss = 0.160

[2026-07-12 12:04:19,761][root][INFO] - Epoch 226: duration loss = 0.289 | prior loss = 1.206 | diffusion loss = 0.158

[2026-07-12 12:05:54,415][root][INFO] - Epoch 227: duration loss = 0.290 | prior loss = 1.206 | diffusion loss = 0.158

[2026-07-12 12:07:28,425][root][INFO] - Epoch 228: duration loss = 0.289 | prior loss = 1.206 | diffusion loss = 0.161

[2026-07-12 12:09:02,810][root][INFO] - Epoch 229: duration loss = 0.289 | prior loss = 1.206 | diffusion loss = 0.157

[2026-07-12 12:10:37,172][root][INFO] - Epoch 230: duration loss = 0.289 | prior loss = 1.206 | diffusion loss = 0.159

[2026-07-12 12:12:11,849][root][INFO] - Epoch 231: duration loss = 0.289 | prior loss = 1.206 | diffusion loss = 0.160

[2026-07-12 12:13:46,296][root][INFO] - Epoch 232: duration loss = 0.289 | prior loss = 1.206 | diffusion loss = 0.157

[2026-07-12 12:15:20,114][root][INFO] - Epoch 233: duration loss = 0.289 | prior loss = 1.206 | diffusion loss = 0.156

[2026-07-12 12:16:54,134][root][INFO] - Epoch 234: duration loss = 0.289 | prior loss = 1.206 | diffusion loss = 0.158

[2026-07-12 12:18:28,070][root][INFO] - Epoch 235: duration loss = 0.290 | prior loss = 1.206 | diffusion loss = 0.159

[2026-07-12 12:20:02,126][root][INFO] - Epoch 236: duration loss = 0.289 | prior loss = 1.206 | diffusion loss = 0.160

[2026-07-12 12:21:36,501][root][INFO] - Epoch 237: duration loss = 0.289 | prior loss = 1.206 | diffusion loss = 0.157

[2026-07-12 12:23:10,556][root][INFO] - Epoch 238: duration loss = 0.289 | prior loss = 1.206 | diffusion loss = 0.159

[2026-07-12 12:24:45,000][root][INFO] - Epoch 239: duration loss = 0.289 | prior loss = 1.206 | diffusion loss = 0.154

[2026-07-12 12:26:19,243][root][INFO] - Epoch 240: duration loss = 0.290 | prior loss = 1.206 | diffusion loss = 0.161

[2026-07-12 12:27:53,647][root][INFO] - Epoch 241: duration loss = 0.289 | prior loss = 1.206 | diffusion loss = 0.160

[2026-07-12 12:29:28,273][root][INFO] - Epoch 242: duration loss = 0.289 | prior loss = 1.206 | diffusion loss = 0.156

[2026-07-12 12:31:02,588][root][INFO] - Epoch 243: duration loss = 0.289 | prior loss = 1.206 | diffusion loss = 0.159

[2026-07-12 12:32:36,765][root][INFO] - Epoch 244: duration loss = 0.289 | prior loss = 1.206 | diffusion loss = 0.158

[2026-07-12 12:34:11,512][root][INFO] - Epoch 245: duration loss = 0.290 | prior loss = 1.206 | diffusion loss = 0.158

[2026-07-12 12:35:46,056][root][INFO] - Epoch 246: duration loss = 0.289 | prior loss = 1.206 | diffusion loss = 0.159

[2026-07-12 12:37:20,290][root][INFO] - Epoch 247: duration loss = 0.290 | prior loss = 1.206 | diffusion loss = 0.157

[2026-07-12 12:38:54,534][root][INFO] - Epoch 248: duration loss = 0.289 | prior loss = 1.206 | diffusion loss = 0.158

[2026-07-12 12:40:28,910][root][INFO] - Epoch 249: duration loss = 0.289 | prior loss = 1.206 | diffusion loss = 0.160

[2026-07-12 12:42:02,953][root][INFO] - Epoch 250: duration loss = 0.290 | prior loss = 1.206 | diffusion loss = 0.158

[2026-07-12 12:43:37,139][root][INFO] - Epoch 251: duration loss = 0.289 | prior loss = 1.206 | diffusion loss = 0.157

[2026-07-12 12:45:11,374][root][INFO] - Epoch 252: duration loss = 0.289 | prior loss = 1.206 | diffusion loss = 0.159

[2026-07-12 12:46:46,231][root][INFO] - Epoch 253: duration loss = 0.289 | prior loss = 1.206 | diffusion loss = 0.156

[2026-07-12 12:48:20,868][root][INFO] - Epoch 254: duration loss = 0.290 | prior loss = 1.206 | diffusion loss = 0.156

[2026-07-12 12:49:55,129][root][INFO] - Epoch 255: duration loss = 0.289 | prior loss = 1.206 | diffusion loss = 0.157

[2026-07-12 12:51:29,804][root][INFO] - Epoch 256: duration loss = 0.289 | prior loss = 1.206 | diffusion loss = 0.155

[2026-07-12 12:53:04,477][root][INFO] - Epoch 257: duration loss = 0.289 | prior loss = 1.206 | diffusion loss = 0.157

[2026-07-12 12:54:38,681][root][INFO] - Epoch 258: duration loss = 0.290 | prior loss = 1.206 | diffusion loss = 0.159

[2026-07-12 12:56:13,126][root][INFO] - Epoch 259: duration loss = 0.289 | prior loss = 1.206 | diffusion loss = 0.155

[2026-07-12 12:57:47,432][root][INFO] - Epoch 260: duration loss = 0.289 | prior loss = 1.206 | diffusion loss = 0.156

[2026-07-12 12:59:21,730][root][INFO] - Epoch 261: duration loss = 0.289 | prior loss = 1.206 | diffusion loss = 0.157

[2026-07-12 13:00:55,819][root][INFO] - Epoch 262: duration loss = 0.290 | prior loss = 1.206 | diffusion loss = 0.158

[2026-07-12 13:02:30,430][root][INFO] - Epoch 263: duration loss = 0.290 | prior loss = 1.206 | diffusion loss = 0.156

[2026-07-12 13:04:04,585][root][INFO] - Epoch 264: duration loss = 0.289 | prior loss = 1.206 | diffusion loss = 0.157

[2026-07-12 13:05:38,677][root][INFO] - Epoch 265: duration loss = 0.290 | prior loss = 1.206 | diffusion loss = 0.158

[2026-07-12 13:07:13,291][root][INFO] - Epoch 266: duration loss = 0.290 | prior loss = 1.206 | diffusion loss = 0.156

[2026-07-12 13:08:47,654][root][INFO] - Epoch 267: duration loss = 0.290 | prior loss = 1.206 | diffusion loss = 0.156

[2026-07-12 13:10:22,043][root][INFO] - Epoch 268: duration loss = 0.290 | prior loss = 1.206 | diffusion loss = 0.160

[2026-07-12 13:11:55,982][root][INFO] - Epoch 269: duration loss = 0.289 | prior loss = 1.207 | diffusion loss = 0.155

[2026-07-12 13:13:29,902][root][INFO] - Epoch 270: duration loss = 0.290 | prior loss = 1.206 | diffusion loss = 0.156

[2026-07-12 13:15:04,161][root][INFO] - Epoch 271: duration loss = 0.290 | prior loss = 1.206 | diffusion loss = 0.158

[2026-07-12 13:16:38,663][root][INFO] - Epoch 272: duration loss = 0.289 | prior loss = 1.206 | diffusion loss = 0.156

[2026-07-12 13:18:12,944][root][INFO] - Epoch 273: duration loss = 0.290 | prior loss = 1.206 | diffusion loss = 0.156

[2026-07-12 13:19:47,686][root][INFO] - Epoch 274: duration loss = 0.290 | prior loss = 1.206 | diffusion loss = 0.154

[2026-07-12 13:21:21,954][root][INFO] - Epoch 275: duration loss = 0.289 | prior loss = 1.206 | diffusion loss = 0.156

[2026-07-12 13:22:55,947][root][INFO] - Epoch 276: duration loss = 0.289 | prior loss = 1.206 | diffusion loss = 0.157

[2026-07-12 13:24:30,559][root][INFO] - Epoch 277: duration loss = 0.289 | prior loss = 1.206 | diffusion loss = 0.155

[2026-07-12 13:26:05,033][root][INFO] - Epoch 278: duration loss = 0.289 | prior loss = 1.206 | diffusion loss = 0.154

[2026-07-12 13:27:39,521][root][INFO] - Epoch 279: duration loss = 0.289 | prior loss = 1.206 | diffusion loss = 0.156

[2026-07-12 13:29:13,699][root][INFO] - Epoch 280: duration loss = 0.290 | prior loss = 1.206 | diffusion loss = 0.157

[2026-07-12 13:30:48,370][root][INFO] - Epoch 281: duration loss = 0.290 | prior loss = 1.206 | diffusion loss = 0.156

[2026-07-12 13:32:22,691][root][INFO] - Epoch 282: duration loss = 0.289 | prior loss = 1.206 | diffusion loss = 0.156

[2026-07-12 13:33:56,783][root][INFO] - Epoch 283: duration loss = 0.289 | prior loss = 1.206 | diffusion loss = 0.154

[2026-07-12 13:35:30,975][root][INFO] - Epoch 284: duration loss = 0.290 | prior loss = 1.206 | diffusion loss = 0.155

[2026-07-12 13:37:05,450][root][INFO] - Epoch 285: duration loss = 0.289 | prior loss = 1.206 | diffusion loss = 0.153

[2026-07-12 13:38:39,782][root][INFO] - Epoch 286: duration loss = 0.289 | prior loss = 1.206 | diffusion loss = 0.157

[2026-07-12 13:40:14,416][root][INFO] - Epoch 287: duration loss = 0.289 | prior loss = 1.206 | diffusion loss = 0.154

[2026-07-12 13:41:49,122][root][INFO] - Epoch 288: duration loss = 0.290 | prior loss = 1.206 | diffusion loss = 0.156

[2026-07-12 13:43:23,552][root][INFO] - Epoch 289: duration loss = 0.289 | prior loss = 1.206 | diffusion loss = 0.155

[2026-07-12 13:44:57,650][root][INFO] - Epoch 290: duration loss = 0.290 | prior loss = 1.206 | diffusion loss = 0.152

[2026-07-12 13:46:31,816][root][INFO] - Epoch 291: duration loss = 0.289 | prior loss = 1.206 | diffusion loss = 0.154

[2026-07-12 13:48:06,388][root][INFO] - Epoch 292: duration loss = 0.289 | prior loss = 1.206 | diffusion loss = 0.152

[2026-07-12 13:49:40,779][root][INFO] - Epoch 293: duration loss = 0.289 | prior loss = 1.206 | diffusion loss = 0.155

[2026-07-12 13:51:15,312][root][INFO] - Epoch 294: duration loss = 0.290 | prior loss = 1.206 | diffusion loss = 0.154

[2026-07-12 13:52:49,482][root][INFO] - Epoch 295: duration loss = 0.289 | prior loss = 1.206 | diffusion loss = 0.154

[2026-07-12 13:54:24,197][root][INFO] - Epoch 296: duration loss = 0.290 | prior loss = 1.206 | diffusion loss = 0.157

[2026-07-12 13:55:59,086][root][INFO] - Epoch 297: duration loss = 0.290 | prior loss = 1.206 | diffusion loss = 0.153

[2026-07-12 13:57:34,077][root][INFO] - Epoch 298: duration loss = 0.289 | prior loss = 1.206 | diffusion loss = 0.156

[2026-07-12 13:59:07,845][root][INFO] - Epoch 299: duration loss = 0.289 | prior loss = 1.206 | diffusion loss = 0.153

[2026-07-12 14:00:42,134][root][INFO] - Epoch 300: duration loss = 0.290 | prior loss = 1.206 | diffusion loss = 0.155

[2026-07-12 14:02:16,937][root][INFO] - Epoch 301: duration loss = 0.289 | prior loss = 1.206 | diffusion loss = 0.151

[2026-07-12 14:03:51,300][root][INFO] - Epoch 302: duration loss = 0.290 | prior loss = 1.206 | diffusion loss = 0.156

[2026-07-12 14:05:25,710][root][INFO] - Epoch 303: duration loss = 0.289 | prior loss = 1.206 | diffusion loss = 0.153

[2026-07-12 14:07:00,009][root][INFO] - Epoch 304: duration loss = 0.289 | prior loss = 1.206 | diffusion loss = 0.155

[2026-07-12 14:08:34,604][root][INFO] - Epoch 305: duration loss = 0.289 | prior loss = 1.206 | diffusion loss = 0.154

[2026-07-12 14:10:08,708][root][INFO] - Epoch 306: duration loss = 0.289 | prior loss = 1.207 | diffusion loss = 0.151

[2026-07-12 14:11:43,330][root][INFO] - Epoch 307: duration loss = 0.289 | prior loss = 1.206 | diffusion loss = 0.154

[2026-07-12 14:13:17,655][root][INFO] - Epoch 308: duration loss = 0.290 | prior loss = 1.206 | diffusion loss = 0.155

[2026-07-12 14:14:52,031][root][INFO] - Epoch 309: duration loss = 0.289 | prior loss = 1.206 | diffusion loss = 0.155

[2026-07-12 14:16:26,521][root][INFO] - Epoch 310: duration loss = 0.289 | prior loss = 1.206 | diffusion loss = 0.155

[2026-07-12 14:18:01,413][root][INFO] - Epoch 311: duration loss = 0.289 | prior loss = 1.206 | diffusion loss = 0.154

[2026-07-12 14:19:36,415][root][INFO] - Epoch 312: duration loss = 0.289 | prior loss = 1.206 | diffusion loss = 0.153

[2026-07-12 14:21:10,961][root][INFO] - Epoch 313: duration loss = 0.290 | prior loss = 1.206 | diffusion loss = 0.154

[2026-07-12 14:22:45,559][root][INFO] - Epoch 314: duration loss = 0.289 | prior loss = 1.206 | diffusion loss = 0.153

[2026-07-12 14:24:20,047][root][INFO] - Epoch 315: duration loss = 0.289 | prior loss = 1.206 | diffusion loss = 0.154

[2026-07-12 14:25:54,479][root][INFO] - Epoch 316: duration loss = 0.289 | prior loss = 1.206 | diffusion loss = 0.154

[2026-07-12 14:27:29,403][root][INFO] - Epoch 317: duration loss = 0.290 | prior loss = 1.206 | diffusion loss = 0.154

[2026-07-12 14:29:03,654][root][INFO] - Epoch 318: duration loss = 0.290 | prior loss = 1.206 | diffusion loss = 0.156

[2026-07-12 14:30:37,886][root][INFO] - Epoch 319: duration loss = 0.289 | prior loss = 1.206 | diffusion loss = 0.153

[2026-07-12 14:32:12,050][root][INFO] - Epoch 320: duration loss = 0.290 | prior loss = 1.206 | diffusion loss = 0.152

[2026-07-12 14:33:47,194][root][INFO] - Epoch 321: duration loss = 0.289 | prior loss = 1.206 | diffusion loss = 0.154

[2026-07-12 14:35:21,483][root][INFO] - Epoch 322: duration loss = 0.289 | prior loss = 1.206 | diffusion loss = 0.153

[2026-07-12 14:36:55,485][root][INFO] - Epoch 323: duration loss = 0.289 | prior loss = 1.206 | diffusion loss = 0.152

[2026-07-12 14:38:29,536][root][INFO] - Epoch 324: duration loss = 0.290 | prior loss = 1.206 | diffusion loss = 0.151

[2026-07-12 14:40:03,485][root][INFO] - Epoch 325: duration loss = 0.289 | prior loss = 1.206 | diffusion loss = 0.152

[2026-07-12 14:41:38,025][root][INFO] - Epoch 326: duration loss = 0.289 | prior loss = 1.206 | diffusion loss = 0.152

[2026-07-12 14:43:12,602][root][INFO] - Epoch 327: duration loss = 0.289 | prior loss = 1.206 | diffusion loss = 0.155

[2026-07-12 14:44:47,119][root][INFO] - Epoch 328: duration loss = 0.289 | prior loss = 1.207 | diffusion loss = 0.152

[2026-07-12 14:46:21,138][root][INFO] - Epoch 329: duration loss = 0.289 | prior loss = 1.206 | diffusion loss = 0.153

[2026-07-12 14:47:55,773][root][INFO] - Epoch 330: duration loss = 0.289 | prior loss = 1.206 | diffusion loss = 0.155

[2026-07-12 14:49:29,920][root][INFO] - Epoch 331: duration loss = 0.290 | prior loss = 1.206 | diffusion loss = 0.151

[2026-07-12 14:51:04,522][root][INFO] - Epoch 332: duration loss = 0.290 | prior loss = 1.206 | diffusion loss = 0.153

[2026-07-12 14:52:38,846][root][INFO] - Epoch 333: duration loss = 0.290 | prior loss = 1.206 | diffusion loss = 0.151

[2026-07-12 14:54:13,517][root][INFO] - Epoch 334: duration loss = 0.290 | prior loss = 1.205 | diffusion loss = 0.152

[2026-07-12 14:55:47,946][root][INFO] - Epoch 335: duration loss = 0.290 | prior loss = 1.206 | diffusion loss = 0.152

[2026-07-12 14:57:22,508][root][INFO] - Epoch 336: duration loss = 0.290 | prior loss = 1.206 | diffusion loss = 0.153

[2026-07-12 14:58:56,868][root][INFO] - Epoch 337: duration loss = 0.289 | prior loss = 1.206 | diffusion loss = 0.151

[2026-07-12 15:00:31,587][root][INFO] - Epoch 338: duration loss = 0.289 | prior loss = 1.206 | diffusion loss = 0.150

[2026-07-12 15:02:06,480][root][INFO] - Epoch 339: duration loss = 0.289 | prior loss = 1.206 | diffusion loss = 0.153

[2026-07-12 15:03:41,106][root][INFO] - Epoch 340: duration loss = 0.290 | prior loss = 1.206 | diffusion loss = 0.152

[2026-07-12 15:05:15,120][root][INFO] - Epoch 341: duration loss = 0.289 | prior loss = 1.206 | diffusion loss = 0.152

[2026-07-12 15:06:49,340][root][INFO] - Epoch 342: duration loss = 0.290 | prior loss = 1.206 | diffusion loss = 0.153

[2026-07-12 15:08:23,950][root][INFO] - Epoch 343: duration loss = 0.289 | prior loss = 1.206 | diffusion loss = 0.153

[2026-07-12 15:09:58,526][root][INFO] - Epoch 344: duration loss = 0.289 | prior loss = 1.206 | diffusion loss = 0.154

[2026-07-12 15:11:32,451][root][INFO] - Epoch 345: duration loss = 0.289 | prior loss = 1.206 | diffusion loss = 0.152

[2026-07-12 15:13:06,748][root][INFO] - Epoch 346: duration loss = 0.289 | prior loss = 1.206 | diffusion loss = 0.152

[2026-07-12 15:14:41,084][root][INFO] - Epoch 347: duration loss = 0.290 | prior loss = 1.206 | diffusion loss = 0.152

[2026-07-12 15:16:15,641][root][INFO] - Epoch 348: duration loss = 0.289 | prior loss = 1.206 | diffusion loss = 0.150

[2026-07-12 15:17:50,170][root][INFO] - Epoch 349: duration loss = 0.289 | prior loss = 1.206 | diffusion loss = 0.154

[2026-07-12 15:19:24,057][root][INFO] - Epoch 350: duration loss = 0.289 | prior loss = 1.206 | diffusion loss = 0.151

[2026-07-12 15:20:58,280][root][INFO] - Epoch 351: duration loss = 0.289 | prior loss = 1.206 | diffusion loss = 0.149

[2026-07-12 15:22:32,456][root][INFO] - Epoch 352: duration loss = 0.290 | prior loss = 1.206 | diffusion loss = 0.149

[2026-07-12 15:24:06,893][root][INFO] - Epoch 353: duration loss = 0.289 | prior loss = 1.206 | diffusion loss = 0.151

[2026-07-12 15:25:40,910][root][INFO] - Epoch 354: duration loss = 0.289 | prior loss = 1.206 | diffusion loss = 0.151

[2026-07-12 15:27:15,337][root][INFO] - Epoch 355: duration loss = 0.289 | prior loss = 1.206 | diffusion loss = 0.152

[2026-07-12 15:28:49,355][root][INFO] - Epoch 356: duration loss = 0.290 | prior loss = 1.206 | diffusion loss = 0.154

[2026-07-12 15:30:23,816][root][INFO] - Epoch 357: duration loss = 0.289 | prior loss = 1.206 | diffusion loss = 0.153

[2026-07-12 15:31:58,139][root][INFO] - Epoch 358: duration loss = 0.289 | prior loss = 1.206 | diffusion loss = 0.151

[2026-07-12 15:33:32,626][root][INFO] - Epoch 359: duration loss = 0.289 | prior loss = 1.206 | diffusion loss = 0.151

[2026-07-12 15:35:06,931][root][INFO] - Epoch 360: duration loss = 0.289 | prior loss = 1.206 | diffusion loss = 0.152

[2026-07-12 15:36:40,980][root][INFO] - Epoch 361: duration loss = 0.290 | prior loss = 1.206 | diffusion loss = 0.150

[2026-07-12 15:38:15,909][root][INFO] - Epoch 362: duration loss = 0.289 | prior loss = 1.206 | diffusion loss = 0.153

[2026-07-12 15:39:50,619][root][INFO] - Epoch 363: duration loss = 0.290 | prior loss = 1.206 | diffusion loss = 0.151

[2026-07-12 15:41:25,167][root][INFO] - Epoch 364: duration loss = 0.289 | prior loss = 1.206 | diffusion loss = 0.148

[2026-07-12 15:42:59,476][root][INFO] - Epoch 365: duration loss = 0.289 | prior loss = 1.206 | diffusion loss = 0.151

[2026-07-12 15:44:33,613][root][INFO] - Epoch 366: duration loss = 0.290 | prior loss = 1.206 | diffusion loss = 0.151

[2026-07-12 15:46:08,303][root][INFO] - Epoch 367: duration loss = 0.289 | prior loss = 1.206 | diffusion loss = 0.152

[2026-07-12 15:47:42,598][root][INFO] - Epoch 368: duration loss = 0.290 | prior loss = 1.206 | diffusion loss = 0.150

[2026-07-12 15:49:16,917][root][INFO] - Epoch 369: duration loss = 0.289 | prior loss = 1.206 | diffusion loss = 0.154

[2026-07-12 15:50:51,543][root][INFO] - Epoch 370: duration loss = 0.289 | prior loss = 1.206 | diffusion loss = 0.150

[2026-07-12 15:52:25,757][root][INFO] - Epoch 371: duration loss = 0.289 | prior loss = 1.206 | diffusion loss = 0.150

[2026-07-12 15:54:00,430][root][INFO] - Epoch 372: duration loss = 0.290 | prior loss = 1.206 | diffusion loss = 0.149

[2026-07-12 15:55:34,816][root][INFO] - Epoch 373: duration loss = 0.289 | prior loss = 1.207 | diffusion loss = 0.151

[2026-07-12 15:57:08,916][root][INFO] - Epoch 374: duration loss = 0.289 | prior loss = 1.206 | diffusion loss = 0.151

[2026-07-12 15:58:43,639][root][INFO] - Epoch 375: duration loss = 0.289 | prior loss = 1.206 | diffusion loss = 0.152

[2026-07-12 16:00:18,201][root][INFO] - Epoch 376: duration loss = 0.289 | prior loss = 1.206 | diffusion loss = 0.150

[2026-07-12 16:01:52,333][root][INFO] - Epoch 377: duration loss = 0.290 | prior loss = 1.206 | diffusion loss = 0.150

[2026-07-12 16:03:26,819][root][INFO] - Epoch 378: duration loss = 0.290 | prior loss = 1.205 | diffusion loss = 0.151

[2026-07-12 16:05:00,905][root][INFO] - Epoch 379: duration loss = 0.289 | prior loss = 1.206 | diffusion loss = 0.153

[2026-07-12 16:06:35,548][root][INFO] - Epoch 380: duration loss = 0.289 | prior loss = 1.206 | diffusion loss = 0.152

[2026-07-12 16:08:10,356][root][INFO] - Epoch 381: duration loss = 0.289 | prior loss = 1.206 | diffusion loss = 0.154

[2026-07-12 16:09:44,845][root][INFO] - Epoch 382: duration loss = 0.289 | prior loss = 1.206 | diffusion loss = 0.150

[2026-07-12 16:11:19,363][root][INFO] - Epoch 383: duration loss = 0.290 | prior loss = 1.206 | diffusion loss = 0.151

[2026-07-12 16:12:53,486][root][INFO] - Epoch 384: duration loss = 0.289 | prior loss = 1.206 | diffusion loss = 0.149

[2026-07-12 16:14:27,915][root][INFO] - Epoch 385: duration loss = 0.289 | prior loss = 1.206 | diffusion loss = 0.150

[2026-07-12 16:16:02,283][root][INFO] - Epoch 386: duration loss = 0.290 | prior loss = 1.206 | diffusion loss = 0.150

[2026-07-12 16:17:35,822][root][INFO] - Epoch 387: duration loss = 0.290 | prior loss = 1.206 | diffusion loss = 0.149

[2026-07-12 16:19:09,921][root][INFO] - Epoch 388: duration loss = 0.290 | prior loss = 1.206 | diffusion loss = 0.150

[2026-07-12 16:20:44,563][root][INFO] - Epoch 389: duration loss = 0.289 | prior loss = 1.206 | diffusion loss = 0.149

[2026-07-12 16:22:19,410][root][INFO] - Epoch 390: duration loss = 0.289 | prior loss = 1.206 | diffusion loss = 0.150

[2026-07-12 16:23:53,655][root][INFO] - Epoch 391: duration loss = 0.289 | prior loss = 1.207 | diffusion loss = 0.150

[2026-07-12 16:25:28,108][root][INFO] - Epoch 392: duration loss = 0.289 | prior loss = 1.206 | diffusion loss = 0.150

[2026-07-12 16:27:02,139][root][INFO] - Epoch 393: duration loss = 0.289 | prior loss = 1.206 | diffusion loss = 0.151

[2026-07-12 16:28:36,368][root][INFO] - Epoch 394: duration loss = 0.289 | prior loss = 1.206 | diffusion loss = 0.147

[2026-07-12 16:30:10,421][root][INFO] - Epoch 395: duration loss = 0.290 | prior loss = 1.206 | diffusion loss = 0.148

[2026-07-12 16:31:44,612][root][INFO] - Epoch 396: duration loss = 0.289 | prior loss = 1.206 | diffusion loss = 0.150

[2026-07-12 16:33:18,852][root][INFO] - Epoch 397: duration loss = 0.290 | prior loss = 1.206 | diffusion loss = 0.149

[2026-07-12 16:34:53,428][root][INFO] - Epoch 398: duration loss = 0.289 | prior loss = 1.206 | diffusion loss = 0.151

[2026-07-12 16:36:27,352][root][INFO] - Epoch 399: duration loss = 0.289 | prior loss = 1.206 | diffusion loss = 0.150

[2026-07-12 16:38:01,702][root][INFO] - Epoch 400: duration loss = 0.289 | prior loss = 1.206 | diffusion loss = 0.151

[2026-07-12 16:39:35,729][root][INFO] - Epoch 401: duration loss = 0.289 | prior loss = 1.206 | diffusion loss = 0.150

[2026-07-12 16:41:10,569][root][INFO] - Epoch 402: duration loss = 0.290 | prior loss = 1.206 | diffusion loss = 0.150

[2026-07-12 16:42:44,681][root][INFO] - Epoch 403: duration loss = 0.289 | prior loss = 1.206 | diffusion loss = 0.151

[2026-07-12 16:44:19,045][root][INFO] - Epoch 404: duration loss = 0.289 | prior loss = 1.206 | diffusion loss = 0.152

[2026-07-12 16:45:53,381][root][INFO] - Epoch 405: duration loss = 0.290 | prior loss = 1.206 | diffusion loss = 0.148

[2026-07-12 16:47:27,691][root][INFO] - Epoch 406: duration loss = 0.290 | prior loss = 1.206 | diffusion loss = 0.149

[2026-07-12 16:49:02,668][root][INFO] - Epoch 407: duration loss = 0.290 | prior loss = 1.206 | diffusion loss = 0.151

[2026-07-12 16:50:36,806][root][INFO] - Epoch 408: duration loss = 0.289 | prior loss = 1.206 | diffusion loss = 0.148

[2026-07-12 16:52:11,108][root][INFO] - Epoch 409: duration loss = 0.289 | prior loss = 1.206 | diffusion loss = 0.147

[2026-07-12 16:53:45,178][root][INFO] - Epoch 410: duration loss = 0.289 | prior loss = 1.206 | diffusion loss = 0.150

[2026-07-12 16:55:19,571][root][INFO] - Epoch 411: duration loss = 0.289 | prior loss = 1.206 | diffusion loss = 0.148

[2026-07-12 16:56:53,668][root][INFO] - Epoch 412: duration loss = 0.290 | prior loss = 1.206 | diffusion loss = 0.150

[2026-07-12 16:58:28,724][root][INFO] - Epoch 413: duration loss = 0.290 | prior loss = 1.206 | diffusion loss = 0.149

[2026-07-12 17:00:03,440][root][INFO] - Epoch 414: duration loss = 0.289 | prior loss = 1.206 | diffusion loss = 0.149

[2026-07-12 17:01:37,909][root][INFO] - Epoch 415: duration loss = 0.289 | prior loss = 1.206 | diffusion loss = 0.149

[2026-07-12 17:03:12,171][root][INFO] - Epoch 416: duration loss = 0.289 | prior loss = 1.205 | diffusion loss = 0.148

[2026-07-12 17:04:46,183][root][INFO] - Epoch 417: duration loss = 0.290 | prior loss = 1.206 | diffusion loss = 0.150

[2026-07-12 17:06:20,536][root][INFO] - Epoch 418: duration loss = 0.289 | prior loss = 1.206 | diffusion loss = 0.148

[2026-07-12 17:07:55,341][root][INFO] - Epoch 419: duration loss = 0.290 | prior loss = 1.206 | diffusion loss = 0.150

[2026-07-12 17:09:29,290][root][INFO] - Epoch 420: duration loss = 0.290 | prior loss = 1.206 | diffusion loss = 0.150

[2026-07-12 17:11:03,321][root][INFO] - Epoch 421: duration loss = 0.289 | prior loss = 1.206 | diffusion loss = 0.150

[2026-07-12 17:12:38,041][root][INFO] - Epoch 422: duration loss = 0.289 | prior loss = 1.207 | diffusion loss = 0.149

[2026-07-12 17:14:12,417][root][INFO] - Epoch 423: duration loss = 0.289 | prior loss = 1.206 | diffusion loss = 0.149

[2026-07-12 17:15:46,741][root][INFO] - Epoch 424: duration loss = 0.289 | prior loss = 1.206 | diffusion loss = 0.149

[2026-07-12 17:17:20,897][root][INFO] - Epoch 425: duration loss = 0.290 | prior loss = 1.206 | diffusion loss = 0.146

[2026-07-12 17:18:55,098][root][INFO] - Epoch 426: duration loss = 0.290 | prior loss = 1.206 | diffusion loss = 0.148

[2026-07-12 17:20:29,316][root][INFO] - Epoch 427: duration loss = 0.289 | prior loss = 1.206 | diffusion loss = 0.149

[2026-07-12 17:22:04,047][root][INFO] - Epoch 428: duration loss = 0.289 | prior loss = 1.206 | diffusion loss = 0.149

[2026-07-12 17:23:38,306][root][INFO] - Epoch 429: duration loss = 0.289 | prior loss = 1.205 | diffusion loss = 0.149

[2026-07-12 17:25:12,739][root][INFO] - Epoch 430: duration loss = 0.289 | prior loss = 1.206 | diffusion loss = 0.149

[2026-07-12 17:26:46,783][root][INFO] - Epoch 431: duration loss = 0.289 | prior loss = 1.206 | diffusion loss = 0.148

[2026-07-12 17:28:21,316][root][INFO] - Epoch 432: duration loss = 0.290 | prior loss = 1.206 | diffusion loss = 0.150

[2026-07-12 17:29:55,002][root][INFO] - Epoch 433: duration loss = 0.289 | prior loss = 1.206 | diffusion loss = 0.149

[2026-07-12 17:31:29,758][root][INFO] - Epoch 434: duration loss = 0.289 | prior loss = 1.206 | diffusion loss = 0.146

[2026-07-12 17:33:03,943][root][INFO] - Epoch 435: duration loss = 0.289 | prior loss = 1.206 | diffusion loss = 0.149

[2026-07-12 17:34:38,516][root][INFO] - Epoch 436: duration loss = 0.290 | prior loss = 1.206 | diffusion loss = 0.147

[2026-07-12 17:36:13,186][root][INFO] - Epoch 437: duration loss = 0.289 | prior loss = 1.206 | diffusion loss = 0.149

[2026-07-12 17:37:47,593][root][INFO] - Epoch 438: duration loss = 0.289 | prior loss = 1.206 | diffusion loss = 0.150

[2026-07-12 17:39:22,009][root][INFO] - Epoch 439: duration loss = 0.289 | prior loss = 1.206 | diffusion loss = 0.146

[2026-07-12 17:40:56,395][root][INFO] - Epoch 440: duration loss = 0.290 | prior loss = 1.206 | diffusion loss = 0.149

[2026-07-12 17:42:31,131][root][INFO] - Epoch 441: duration loss = 0.290 | prior loss = 1.206 | diffusion loss = 0.149

[2026-07-12 17:44:05,741][root][INFO] - Epoch 442: duration loss = 0.290 | prior loss = 1.206 | diffusion loss = 0.149

[2026-07-12 17:45:39,748][root][INFO] - Epoch 443: duration loss = 0.290 | prior loss = 1.206 | diffusion loss = 0.147

[2026-07-12 17:47:13,831][root][INFO] - Epoch 444: duration loss = 0.289 | prior loss = 1.206 | diffusion loss = 0.149

[2026-07-12 17:48:48,010][root][INFO] - Epoch 445: duration loss = 0.289 | prior loss = 1.206 | diffusion loss = 0.146

[2026-07-12 17:50:22,080][root][INFO] - Epoch 446: duration loss = 0.289 | prior loss = 1.206 | diffusion loss = 0.149

[2026-07-12 17:51:56,889][root][INFO] - Epoch 447: duration loss = 0.290 | prior loss = 1.206 | diffusion loss = 0.147

[2026-07-12 17:53:31,292][root][INFO] - Epoch 448: duration loss = 0.289 | prior loss = 1.206 | diffusion loss = 0.148

[2026-07-12 17:55:05,331][root][INFO] - Epoch 449: duration loss = 0.289 | prior loss = 1.206 | diffusion loss = 0.147

[2026-07-12 17:56:39,661][root][INFO] - Epoch 450: duration loss = 0.290 | prior loss = 1.206 | diffusion loss = 0.148

[2026-07-12 17:58:14,292][root][INFO] - Epoch 451: duration loss = 0.289 | prior loss = 1.206 | diffusion loss = 0.148

[2026-07-12 17:59:48,891][root][INFO] - Epoch 452: duration loss = 0.289 | prior loss = 1.206 | diffusion loss = 0.150

[2026-07-12 18:01:22,854][root][INFO] - Epoch 453: duration loss = 0.290 | prior loss = 1.206 | diffusion loss = 0.148

[2026-07-12 18:02:57,430][root][INFO] - Epoch 454: duration loss = 0.290 | prior loss = 1.206 | diffusion loss = 0.146

[2026-07-12 18:04:32,035][root][INFO] - Epoch 455: duration loss = 0.289 | prior loss = 1.206 | diffusion loss = 0.147

[2026-07-12 18:06:06,331][root][INFO] - Epoch 456: duration loss = 0.289 | prior loss = 1.206 | diffusion loss = 0.149

[2026-07-12 18:07:40,359][root][INFO] - Epoch 457: duration loss = 0.289 | prior loss = 1.206 | diffusion loss = 0.151

[2026-07-12 18:09:14,386][root][INFO] - Epoch 458: duration loss = 0.289 | prior loss = 1.206 | diffusion loss = 0.146

[2026-07-12 18:10:49,139][root][INFO] - Epoch 459: duration loss = 0.289 | prior loss = 1.207 | diffusion loss = 0.149

[2026-07-12 18:12:24,106][root][INFO] - Epoch 460: duration loss = 0.289 | prior loss = 1.206 | diffusion loss = 0.147

[2026-07-12 18:13:58,264][root][INFO] - Epoch 461: duration loss = 0.289 | prior loss = 1.206 | diffusion loss = 0.149

[2026-07-12 18:15:32,264][root][INFO] - Epoch 462: duration loss = 0.289 | prior loss = 1.206 | diffusion loss = 0.148

[2026-07-12 18:17:06,529][root][INFO] - Epoch 463: duration loss = 0.289 | prior loss = 1.206 | diffusion loss = 0.148

[2026-07-12 18:18:41,435][root][INFO] - Epoch 464: duration loss = 0.289 | prior loss = 1.206 | diffusion loss = 0.146

[2026-07-12 18:20:15,994][root][INFO] - Epoch 465: duration loss = 0.290 | prior loss = 1.206 | diffusion loss = 0.147

[2026-07-12 18:21:50,311][root][INFO] - Epoch 466: duration loss = 0.289 | prior loss = 1.206 | diffusion loss = 0.149

[2026-07-12 18:23:24,781][root][INFO] - Epoch 467: duration loss = 0.289 | prior loss = 1.206 | diffusion loss = 0.148

[2026-07-12 18:24:58,989][root][INFO] - Epoch 468: duration loss = 0.290 | prior loss = 1.206 | diffusion loss = 0.148

[2026-07-12 18:26:33,499][root][INFO] - Epoch 469: duration loss = 0.289 | prior loss = 1.206 | diffusion loss = 0.148

[2026-07-12 18:28:07,409][root][INFO] - Epoch 470: duration loss = 0.289 | prior loss = 1.206 | diffusion loss = 0.150

[2026-07-12 18:29:41,731][root][INFO] - Epoch 471: duration loss = 0.290 | prior loss = 1.206 | diffusion loss = 0.149

[2026-07-12 18:31:16,374][root][INFO] - Epoch 472: duration loss = 0.290 | prior loss = 1.206 | diffusion loss = 0.149

[2026-07-12 18:32:50,458][root][INFO] - Epoch 473: duration loss = 0.289 | prior loss = 1.206 | diffusion loss = 0.149

[2026-07-12 18:34:24,863][root][INFO] - Epoch 474: duration loss = 0.289 | prior loss = 1.207 | diffusion loss = 0.147

[2026-07-12 18:35:59,610][root][INFO] - Epoch 475: duration loss = 0.289 | prior loss = 1.206 | diffusion loss = 0.146

[2026-07-12 18:37:34,114][root][INFO] - Epoch 476: duration loss = 0.290 | prior loss = 1.206 | diffusion loss = 0.148

[2026-07-12 18:39:08,768][root][INFO] - Epoch 477: duration loss = 0.289 | prior loss = 1.206 | diffusion loss = 0.149

[2026-07-12 18:40:43,358][root][INFO] - Epoch 478: duration loss = 0.290 | prior loss = 1.206 | diffusion loss = 0.146

[2026-07-12 18:42:17,669][root][INFO] - Epoch 479: duration loss = 0.289 | prior loss = 1.206 | diffusion loss = 0.150

[2026-07-12 18:43:51,579][root][INFO] - Epoch 480: duration loss = 0.289 | prior loss = 1.206 | diffusion loss = 0.148

[2026-07-12 18:45:25,970][root][INFO] - Epoch 481: duration loss = 0.289 | prior loss = 1.206 | diffusion loss = 0.145

[2026-07-12 18:47:00,628][root][INFO] - Epoch 482: duration loss = 0.289 | prior loss = 1.206 | diffusion loss = 0.147

[2026-07-12 18:48:35,388][root][INFO] - Epoch 483: duration loss = 0.289 | prior loss = 1.206 | diffusion loss = 0.148

[2026-07-12 18:50:09,923][root][INFO] - Epoch 484: duration loss = 0.289 | prior loss = 1.206 | diffusion loss = 0.146

[2026-07-12 18:51:44,154][root][INFO] - Epoch 485: duration loss = 0.289 | prior loss = 1.206 | diffusion loss = 0.148

[2026-07-12 18:53:18,445][root][INFO] - Epoch 486: duration loss = 0.290 | prior loss = 1.206 | diffusion loss = 0.149

[2026-07-12 18:54:53,206][root][INFO] - Epoch 487: duration loss = 0.289 | prior loss = 1.206 | diffusion loss = 0.147

[2026-07-12 18:56:27,966][root][INFO] - Epoch 488: duration loss = 0.289 | prior loss = 1.206 | diffusion loss = 0.145

[2026-07-12 18:58:02,182][root][INFO] - Epoch 489: duration loss = 0.290 | prior loss = 1.206 | diffusion loss = 0.145

[2026-07-12 18:59:36,280][root][INFO] - Epoch 490: duration loss = 0.289 | prior loss = 1.206 | diffusion loss = 0.149

[2026-07-12 19:01:10,536][root][INFO] - Epoch 491: duration loss = 0.290 | prior loss = 1.206 | diffusion loss = 0.145

[2026-07-12 19:02:44,868][root][INFO] - Epoch 492: duration loss = 0.289 | prior loss = 1.206 | diffusion loss = 0.145

[2026-07-12 19:04:19,633][root][INFO] - Epoch 493: duration loss = 0.289 | prior loss = 1.206 | diffusion loss = 0.147

[2026-07-12 19:05:54,233][root][INFO] - Epoch 494: duration loss = 0.289 | prior loss = 1.206 | diffusion loss = 0.145

[2026-07-12 19:07:28,313][root][INFO] - Epoch 495: duration loss = 0.289 | prior loss = 1.206 | diffusion loss = 0.147

[2026-07-12 19:09:02,811][root][INFO] - Epoch 496: duration loss = 0.290 | prior loss = 1.206 | diffusion loss = 0.149

[2026-07-12 19:10:37,695][root][INFO] - Epoch 497: duration loss = 0.290 | prior loss = 1.206 | diffusion loss = 0.147

[2026-07-12 19:12:11,860][root][INFO] - Epoch 498: duration loss = 0.289 | prior loss = 1.206 | diffusion loss = 0.147

[2026-07-12 19:13:46,678][root][INFO] - Epoch 499: duration loss = 0.289 | prior loss = 1.206 | diffusion loss = 0.147

[2026-07-12 19:15:28,478][root][INFO] - Epoch 500: duration loss = 0.286 | prior loss = 1.204 | diffusion loss = 0.147

[2026-07-12 19:17:14,101][root][INFO] - Epoch 501: duration loss = 0.284 | prior loss = 1.202 | diffusion loss = 0.147

[2026-07-12 19:18:56,239][root][INFO] - Epoch 502: duration loss = 0.283 | prior loss = 1.202 | diffusion loss = 0.145

[2026-07-12 19:20:38,322][root][INFO] - Epoch 503: duration loss = 0.283 | prior loss = 1.201 | diffusion loss = 0.145

[2026-07-12 19:22:20,565][root][INFO] - Epoch 504: duration loss = 0.282 | prior loss = 1.201 | diffusion loss = 0.146

[2026-07-12 19:24:03,436][root][INFO] - Epoch 505: duration loss = 0.282 | prior loss = 1.201 | diffusion loss = 0.146

[2026-07-12 19:25:45,098][root][INFO] - Epoch 506: duration loss = 0.282 | prior loss = 1.201 | diffusion loss = 0.146

[2026-07-12 19:27:27,074][root][INFO] - Epoch 507: duration loss = 0.282 | prior loss = 1.201 | diffusion loss = 0.145

[2026-07-12 19:29:11,793][root][INFO] - Epoch 508: duration loss = 0.282 | prior loss = 1.200 | diffusion loss = 0.144

[2026-07-12 19:30:54,094][root][INFO] - Epoch 509: duration loss = 0.281 | prior loss = 1.200 | diffusion loss = 0.148

[2026-07-12 19:32:36,131][root][INFO] - Epoch 510: duration loss = 0.281 | prior loss = 1.200 | diffusion loss = 0.146

[2026-07-12 19:34:23,786][root][INFO] - Epoch 511: duration loss = 0.281 | prior loss = 1.200 | diffusion loss = 0.143

[2026-07-12 19:36:06,691][root][INFO] - Epoch 512: duration loss = 0.281 | prior loss = 1.200 | diffusion loss = 0.144

[2026-07-12 19:37:49,790][root][INFO] - Epoch 513: duration loss = 0.281 | prior loss = 1.199 | diffusion loss = 0.143

[2026-07-12 19:39:31,767][root][INFO] - Epoch 514: duration loss = 0.281 | prior loss = 1.199 | diffusion loss = 0.144

[2026-07-12 19:41:18,750][root][INFO] - Epoch 515: duration loss = 0.281 | prior loss = 1.199 | diffusion loss = 0.142

[2026-07-12 19:43:01,314][root][INFO] - Epoch 516: duration loss = 0.281 | prior loss = 1.199 | diffusion loss = 0.143

[2026-07-12 19:44:43,608][root][INFO] - Epoch 517: duration loss = 0.280 | prior loss = 1.200 | diffusion loss = 0.143

[2026-07-12 19:46:26,161][root][INFO] - Epoch 518: duration loss = 0.280 | prior loss = 1.198 | diffusion loss = 0.145

[2026-07-12 19:48:12,953][root][INFO] - Epoch 519: duration loss = 0.280 | prior loss = 1.199 | diffusion loss = 0.143

[2026-07-12 19:49:55,890][root][INFO] - Epoch 520: duration loss = 0.280 | prior loss = 1.199 | diffusion loss = 0.143

[2026-07-12 19:51:39,440][root][INFO] - Epoch 521: duration loss = 0.280 | prior loss = 1.198 | diffusion loss = 0.143

[2026-07-12 19:53:21,838][root][INFO] - Epoch 522: duration loss = 0.280 | prior loss = 1.199 | diffusion loss = 0.142

[2026-07-12 19:55:09,381][root][INFO] - Epoch 523: duration loss = 0.280 | prior loss = 1.198 | diffusion loss = 0.143

[2026-07-12 19:56:53,339][root][INFO] - Epoch 524: duration loss = 0.280 | prior loss = 1.198 | diffusion loss = 0.145

[2026-07-12 19:58:36,803][root][INFO] - Epoch 525: duration loss = 0.280 | prior loss = 1.199 | diffusion loss = 0.142

[2026-07-12 20:00:24,722][root][INFO] - Epoch 526: duration loss = 0.279 | prior loss = 1.198 | diffusion loss = 0.145

[2026-07-12 20:02:07,596][root][INFO] - Epoch 527: duration loss = 0.280 | prior loss = 1.198 | diffusion loss = 0.141

[2026-07-12 20:03:50,104][root][INFO] - Epoch 528: duration loss = 0.279 | prior loss = 1.198 | diffusion loss = 0.144

[2026-07-12 20:05:33,395][root][INFO] - Epoch 529: duration loss = 0.280 | prior loss = 1.198 | diffusion loss = 0.141

[2026-07-12 20:07:16,544][root][INFO] - Epoch 530: duration loss = 0.280 | prior loss = 1.198 | diffusion loss = 0.142

[2026-07-12 20:09:00,517][root][INFO] - Epoch 531: duration loss = 0.279 | prior loss = 1.198 | diffusion loss = 0.143

[2026-07-12 20:10:43,551][root][INFO] - Epoch 532: duration loss = 0.279 | prior loss = 1.198 | diffusion loss = 0.142

[2026-07-12 20:12:26,616][root][INFO] - Epoch 533: duration loss = 0.279 | prior loss = 1.198 | diffusion loss = 0.143

[2026-07-12 20:14:10,420][root][INFO] - Epoch 534: duration loss = 0.279 | prior loss = 1.198 | diffusion loss = 0.144

[2026-07-12 20:15:53,131][root][INFO] - Epoch 535: duration loss = 0.279 | prior loss = 1.198 | diffusion loss = 0.146

[2026-07-12 20:17:36,383][root][INFO] - Epoch 536: duration loss = 0.279 | prior loss = 1.198 | diffusion loss = 0.142

[2026-07-12 20:19:20,952][root][INFO] - Epoch 537: duration loss = 0.279 | prior loss = 1.198 | diffusion loss = 0.143

[2026-07-12 20:21:04,565][root][INFO] - Epoch 538: duration loss = 0.279 | prior loss = 1.198 | diffusion loss = 0.142

[2026-07-12 20:22:49,076][root][INFO] - Epoch 539: duration loss = 0.279 | prior loss = 1.197 | diffusion loss = 0.140

[2026-07-12 20:24:32,317][root][INFO] - Epoch 540: duration loss = 0.279 | prior loss = 1.198 | diffusion loss = 0.142

[2026-07-12 20:26:15,902][root][INFO] - Epoch 541: duration loss = 0.279 | prior loss = 1.198 | diffusion loss = 0.142

[2026-07-12 20:28:00,288][root][INFO] - Epoch 542: duration loss = 0.279 | prior loss = 1.197 | diffusion loss = 0.142

[2026-07-12 20:29:45,332][root][INFO] - Epoch 543: duration loss = 0.279 | prior loss = 1.197 | diffusion loss = 0.141

[2026-07-12 20:31:31,293][root][INFO] - Epoch 544: duration loss = 0.279 | prior loss = 1.198 | diffusion loss = 0.139

[2026-07-12 20:33:15,753][root][INFO] - Epoch 545: duration loss = 0.278 | prior loss = 1.197 | diffusion loss = 0.142

[2026-07-12 20:34:58,505][root][INFO] - Epoch 546: duration loss = 0.279 | prior loss = 1.198 | diffusion loss = 0.142

[2026-07-12 20:36:42,859][root][INFO] - Epoch 547: duration loss = 0.279 | prior loss = 1.197 | diffusion loss = 0.142

[2026-07-12 20:38:26,305][root][INFO] - Epoch 548: duration loss = 0.279 | prior loss = 1.197 | diffusion loss = 0.142

[2026-07-12 20:40:10,672][root][INFO] - Epoch 549: duration loss = 0.279 | prior loss = 1.197 | diffusion loss = 0.144

[2026-07-12 20:41:55,242][root][INFO] - Epoch 550: duration loss = 0.279 | prior loss = 1.197 | diffusion loss = 0.143

[2026-07-12 20:43:39,935][root][INFO] - Epoch 551: duration loss = 0.279 | prior loss = 1.197 | diffusion loss = 0.140

[2026-07-12 20:45:29,166][root][INFO] - Epoch 552: duration loss = 0.279 | prior loss = 1.197 | diffusion loss = 0.142

[2026-07-12 20:47:13,185][root][INFO] - Epoch 553: duration loss = 0.278 | prior loss = 1.197 | diffusion loss = 0.143

[2026-07-12 20:48:57,330][root][INFO] - Epoch 554: duration loss = 0.279 | prior loss = 1.197 | diffusion loss = 0.142

[2026-07-12 20:50:42,747][root][INFO] - Epoch 555: duration loss = 0.279 | prior loss = 1.197 | diffusion loss = 0.142

[2026-07-12 20:52:28,150][root][INFO] - Epoch 556: duration loss = 0.279 | prior loss = 1.197 | diffusion loss = 0.140

[2026-07-12 20:54:13,365][root][INFO] - Epoch 557: duration loss = 0.279 | prior loss = 1.197 | diffusion loss = 0.141

[2026-07-12 20:55:58,444][root][INFO] - Epoch 558: duration loss = 0.278 | prior loss = 1.197 | diffusion loss = 0.143

[2026-07-12 20:57:43,561][root][INFO] - Epoch 559: duration loss = 0.279 | prior loss = 1.197 | diffusion loss = 0.142

[2026-07-12 20:59:29,629][root][INFO] - Epoch 560: duration loss = 0.279 | prior loss = 1.197 | diffusion loss = 0.142

[2026-07-12 21:01:15,338][root][INFO] - Epoch 561: duration loss = 0.278 | prior loss = 1.197 | diffusion loss = 0.141

[2026-07-12 21:03:00,057][root][INFO] - Epoch 562: duration loss = 0.279 | prior loss = 1.197 | diffusion loss = 0.142

[2026-07-12 21:04:45,868][root][INFO] - Epoch 563: duration loss = 0.279 | prior loss = 1.197 | diffusion loss = 0.140

[2026-07-12 21:06:30,869][root][INFO] - Epoch 564: duration loss = 0.278 | prior loss = 1.197 | diffusion loss = 0.141

[2026-07-12 21:08:16,419][root][INFO] - Epoch 565: duration loss = 0.278 | prior loss = 1.197 | diffusion loss = 0.142

[2026-07-12 21:09:58,048][root][INFO] - Epoch 566: duration loss = 0.279 | prior loss = 1.197 | diffusion loss = 0.143

[2026-07-12 21:11:44,144][root][INFO] - Epoch 567: duration loss = 0.278 | prior loss = 1.197 | diffusion loss = 0.141

[2026-07-12 21:13:29,958][root][INFO] - Epoch 568: duration loss = 0.278 | prior loss = 1.197 | diffusion loss = 0.140

[2026-07-12 21:15:14,052][root][INFO] - Epoch 569: duration loss = 0.278 | prior loss = 1.197 | diffusion loss = 0.138

[2026-07-12 21:16:59,569][root][INFO] - Epoch 570: duration loss = 0.278 | prior loss = 1.197 | diffusion loss = 0.139

[2026-07-12 21:18:44,377][root][INFO] - Epoch 571: duration loss = 0.278 | prior loss = 1.197 | diffusion loss = 0.141

[2026-07-12 21:20:30,811][root][INFO] - Epoch 572: duration loss = 0.278 | prior loss = 1.196 | diffusion loss = 0.140

[2026-07-12 21:22:16,133][root][INFO] - Epoch 573: duration loss = 0.278 | prior loss = 1.196 | diffusion loss = 0.139

[2026-07-12 21:24:01,353][root][INFO] - Epoch 574: duration loss = 0.278 | prior loss = 1.197 | diffusion loss = 0.140

[2026-07-12 21:25:46,433][root][INFO] - Epoch 575: duration loss = 0.278 | prior loss = 1.197 | diffusion loss = 0.140

[2026-07-12 21:27:32,914][root][INFO] - Epoch 576: duration loss = 0.278 | prior loss = 1.197 | diffusion loss = 0.137

[2026-07-12 21:29:18,482][root][INFO] - Epoch 577: duration loss = 0.278 | prior loss = 1.197 | diffusion loss = 0.140

[2026-07-12 21:31:03,423][root][INFO] - Epoch 578: duration loss = 0.278 | prior loss = 1.197 | diffusion loss = 0.140

[2026-07-12 21:32:49,912][root][INFO] - Epoch 579: duration loss = 0.278 | prior loss = 1.197 | diffusion loss = 0.140

[2026-07-12 21:34:36,228][root][INFO] - Epoch 580: duration loss = 0.278 | prior loss = 1.197 | diffusion loss = 0.141

[2026-07-12 21:36:21,560][root][INFO] - Epoch 581: duration loss = 0.278 | prior loss = 1.196 | diffusion loss = 0.141

[2026-07-12 21:38:06,365][root][INFO] - Epoch 582: duration loss = 0.278 | prior loss = 1.197 | diffusion loss = 0.142

[2026-07-12 21:39:52,185][root][INFO] - Epoch 583: duration loss = 0.278 | prior loss = 1.196 | diffusion loss = 0.140

[2026-07-12 21:41:38,468][root][INFO] - Epoch 584: duration loss = 0.278 | prior loss = 1.197 | diffusion loss = 0.140

[2026-07-12 21:43:23,590][root][INFO] - Epoch 585: duration loss = 0.278 | prior loss = 1.196 | diffusion loss = 0.140

[2026-07-12 21:45:08,953][root][INFO] - Epoch 586: duration loss = 0.278 | prior loss = 1.196 | diffusion loss = 0.139

[2026-07-12 21:46:54,767][root][INFO] - Epoch 587: duration loss = 0.278 | prior loss = 1.196 | diffusion loss = 0.139

[2026-07-12 21:48:41,570][root][INFO] - Epoch 588: duration loss = 0.278 | prior loss = 1.197 | diffusion loss = 0.141

[2026-07-12 21:50:25,832][root][INFO] - Epoch 589: duration loss = 0.278 | prior loss = 1.197 | diffusion loss = 0.140

[2026-07-12 21:52:11,750][root][INFO] - Epoch 590: duration loss = 0.278 | prior loss = 1.197 | diffusion loss = 0.139

[2026-07-12 21:53:57,767][root][INFO] - Epoch 591: duration loss = 0.278 | prior loss = 1.196 | diffusion loss = 0.142

[2026-07-12 21:55:43,538][root][INFO] - Epoch 592: duration loss = 0.278 | prior loss = 1.196 | diffusion loss = 0.138

[2026-07-12 21:57:30,024][root][INFO] - Epoch 593: duration loss = 0.278 | prior loss = 1.196 | diffusion loss = 0.140

[2026-07-12 21:59:12,285][root][INFO] - Epoch 594: duration loss = 0.278 | prior loss = 1.196 | diffusion loss = 0.140

[2026-07-12 22:00:57,916][root][INFO] - Epoch 595: duration loss = 0.278 | prior loss = 1.196 | diffusion loss = 0.138

[2026-07-12 22:02:44,974][root][INFO] - Epoch 596: duration loss = 0.278 | prior loss = 1.197 | diffusion loss = 0.140

[2026-07-12 22:04:29,316][root][INFO] - Epoch 597: duration loss = 0.278 | prior loss = 1.195 | diffusion loss = 0.140

[2026-07-12 22:06:15,270][root][INFO] - Epoch 598: duration loss = 0.278 | prior loss = 1.196 | diffusion loss = 0.140

[2026-07-12 22:08:01,683][root][INFO] - Epoch 599: duration loss = 0.277 | prior loss = 1.196 | diffusion loss = 0.140

