[2026-07-11 13:52:32,749][root][INFO] - Initializing logger...
[2026-07-11 13:52:32,752][root][INFO] - Initializing data loaders...
[2026-07-11 13:52:33,703][root][INFO] - Initializing model...
[2026-07-11 13:52:34,291][root][INFO] - Number of encoder parameters = 7.20m
[2026-07-11 13:52:34,300][root][INFO] - Number of decoder parameters = 7.49m
[2026-07-11 13:52:34,694][root][INFO] - Initializing optimizer...
[2026-07-11 13:52:35,387][root][INFO] - Start training...
[2026-07-11 13:54:12,294][root][INFO] - Epoch 1: duration loss = 0.289 | prior loss = 1.206 | diffusion loss = 7.777

[2026-07-11 13:55:49,091][root][INFO] - Epoch 2: duration loss = 0.289 | prior loss = 1.206 | diffusion loss = 2.744

[2026-07-11 13:57:25,904][root][INFO] - Epoch 3: duration loss = 0.289 | prior loss = 1.206 | diffusion loss = 0.593

[2026-07-11 13:59:01,311][root][INFO] - Epoch 4: duration loss = 0.289 | prior loss = 1.206 | diffusion loss = 0.242

[2026-07-11 14:00:36,769][root][INFO] - Epoch 5: duration loss = 0.289 | prior loss = 1.206 | diffusion loss = 0.217

[2026-07-11 14:02:11,178][root][INFO] - Epoch 6: duration loss = 0.289 | prior loss = 1.206 | diffusion loss = 0.202

[2026-07-11 14:03:48,139][root][INFO] - Epoch 7: duration loss = 0.290 | prior loss = 1.206 | diffusion loss = 0.190

[2026-07-11 14:05:22,410][root][INFO] - Epoch 8: duration loss = 0.290 | prior loss = 1.206 | diffusion loss = 0.188

[2026-07-11 14:06:58,960][root][INFO] - Epoch 9: duration loss = 0.290 | prior loss = 1.206 | diffusion loss = 0.185

[2026-07-11 14:08:35,507][root][INFO] - Epoch 10: duration loss = 0.289 | prior loss = 1.206 | diffusion loss = 0.179

[2026-07-11 14:10:12,833][root][INFO] - Epoch 11: duration loss = 0.289 | prior loss = 1.206 | diffusion loss = 0.177

[2026-07-11 14:11:50,692][root][INFO] - Epoch 12: duration loss = 0.290 | prior loss = 1.206 | diffusion loss = 0.173

[2026-07-11 14:13:27,507][root][INFO] - Epoch 13: duration loss = 0.290 | prior loss = 1.206 | diffusion loss = 0.172

[2026-07-11 14:15:04,364][root][INFO] - Epoch 14: duration loss = 0.290 | prior loss = 1.206 | diffusion loss = 0.170

[2026-07-11 14:16:40,559][root][INFO] - Epoch 15: duration loss = 0.289 | prior loss = 1.206 | diffusion loss = 0.168

[2026-07-11 14:18:16,984][root][INFO] - Epoch 16: duration loss = 0.289 | prior loss = 1.206 | diffusion loss = 0.168

[2026-07-11 14:19:53,577][root][INFO] - Epoch 17: duration loss = 0.289 | prior loss = 1.205 | diffusion loss = 0.164

[2026-07-11 14:21:29,845][root][INFO] - Epoch 18: duration loss = 0.290 | prior loss = 1.206 | diffusion loss = 0.161

[2026-07-11 14:23:05,827][root][INFO] - Epoch 19: duration loss = 0.290 | prior loss = 1.206 | diffusion loss = 0.162

[2026-07-11 14:24:40,455][root][INFO] - Epoch 20: duration loss = 0.290 | prior loss = 1.206 | diffusion loss = 0.162

[2026-07-11 14:26:14,448][root][INFO] - Epoch 21: duration loss = 0.290 | prior loss = 1.206 | diffusion loss = 0.158

[2026-07-11 14:27:47,575][root][INFO] - Epoch 22: duration loss = 0.289 | prior loss = 1.206 | diffusion loss = 0.160

[2026-07-11 14:29:21,375][root][INFO] - Epoch 23: duration loss = 0.290 | prior loss = 1.206 | diffusion loss = 0.157

[2026-07-11 14:30:57,133][root][INFO] - Epoch 24: duration loss = 0.289 | prior loss = 1.206 | diffusion loss = 0.159

[2026-07-11 14:32:33,761][root][INFO] - Epoch 25: duration loss = 0.290 | prior loss = 1.206 | diffusion loss = 0.155

[2026-07-11 14:34:08,579][root][INFO] - Epoch 26: duration loss = 0.290 | prior loss = 1.206 | diffusion loss = 0.155

[2026-07-11 14:35:43,376][root][INFO] - Epoch 27: duration loss = 0.289 | prior loss = 1.206 | diffusion loss = 0.156

[2026-07-11 14:37:18,893][root][INFO] - Epoch 28: duration loss = 0.289 | prior loss = 1.206 | diffusion loss = 0.152

[2026-07-11 14:38:55,471][root][INFO] - Epoch 29: duration loss = 0.289 | prior loss = 1.205 | diffusion loss = 0.154

[2026-07-11 14:40:31,572][root][INFO] - Epoch 30: duration loss = 0.289 | prior loss = 1.206 | diffusion loss = 0.154

[2026-07-11 14:42:08,464][root][INFO] - Epoch 31: duration loss = 0.289 | prior loss = 1.206 | diffusion loss = 0.153

[2026-07-11 14:43:46,382][root][INFO] - Epoch 32: duration loss = 0.289 | prior loss = 1.206 | diffusion loss = 0.152

[2026-07-11 14:45:22,083][root][INFO] - Epoch 33: duration loss = 0.289 | prior loss = 1.206 | diffusion loss = 0.151

[2026-07-11 14:46:56,586][root][INFO] - Epoch 34: duration loss = 0.289 | prior loss = 1.206 | diffusion loss = 0.153

[2026-07-11 14:48:32,151][root][INFO] - Epoch 35: duration loss = 0.290 | prior loss = 1.206 | diffusion loss = 0.149

[2026-07-11 14:50:07,559][root][INFO] - Epoch 36: duration loss = 0.290 | prior loss = 1.206 | diffusion loss = 0.148

[2026-07-11 14:51:45,248][root][INFO] - Epoch 37: duration loss = 0.289 | prior loss = 1.206 | diffusion loss = 0.148

[2026-07-11 14:53:27,280][root][INFO] - Epoch 38: duration loss = 0.289 | prior loss = 1.206 | diffusion loss = 0.151

[2026-07-11 14:55:04,023][root][INFO] - Epoch 39: duration loss = 0.289 | prior loss = 1.206 | diffusion loss = 0.150

[2026-07-11 14:56:39,450][root][INFO] - Epoch 40: duration loss = 0.290 | prior loss = 1.206 | diffusion loss = 0.149

[2026-07-11 14:58:13,693][root][INFO] - Epoch 41: duration loss = 0.289 | prior loss = 1.206 | diffusion loss = 0.148

[2026-07-11 14:59:50,600][root][INFO] - Epoch 42: duration loss = 0.290 | prior loss = 1.206 | diffusion loss = 0.145

[2026-07-11 15:01:26,911][root][INFO] - Epoch 43: duration loss = 0.289 | prior loss = 1.206 | diffusion loss = 0.147

[2026-07-11 15:03:03,011][root][INFO] - Epoch 44: duration loss = 0.289 | prior loss = 1.206 | diffusion loss = 0.146

[2026-07-11 15:04:40,978][root][INFO] - Epoch 45: duration loss = 0.289 | prior loss = 1.206 | diffusion loss = 0.146

[2026-07-11 15:06:16,814][root][INFO] - Epoch 46: duration loss = 0.289 | prior loss = 1.206 | diffusion loss = 0.147

[2026-07-11 15:07:53,839][root][INFO] - Epoch 47: duration loss = 0.289 | prior loss = 1.206 | diffusion loss = 0.145

[2026-07-11 15:09:30,323][root][INFO] - Epoch 48: duration loss = 0.289 | prior loss = 1.206 | diffusion loss = 0.147

[2026-07-11 15:11:12,447][root][INFO] - Epoch 49: duration loss = 0.290 | prior loss = 1.206 | diffusion loss = 0.144

[2026-07-11 15:12:51,179][root][INFO] - Epoch 50: duration loss = 0.289 | prior loss = 1.206 | diffusion loss = 0.145

[2026-07-11 15:14:29,610][root][INFO] - Epoch 51: duration loss = 0.289 | prior loss = 1.206 | diffusion loss = 0.143

[2026-07-11 15:16:08,236][root][INFO] - Epoch 52: duration loss = 0.290 | prior loss = 1.206 | diffusion loss = 0.143

[2026-07-11 15:17:48,963][root][INFO] - Epoch 53: duration loss = 0.289 | prior loss = 1.206 | diffusion loss = 0.144

[2026-07-11 15:19:28,072][root][INFO] - Epoch 54: duration loss = 0.289 | prior loss = 1.206 | diffusion loss = 0.141

[2026-07-11 15:21:05,675][root][INFO] - Epoch 55: duration loss = 0.290 | prior loss = 1.206 | diffusion loss = 0.143

[2026-07-11 15:22:43,003][root][INFO] - Epoch 56: duration loss = 0.289 | prior loss = 1.206 | diffusion loss = 0.143

[2026-07-11 15:24:18,950][root][INFO] - Epoch 57: duration loss = 0.289 | prior loss = 1.206 | diffusion loss = 0.142

[2026-07-11 15:25:56,754][root][INFO] - Epoch 58: duration loss = 0.289 | prior loss = 1.206 | diffusion loss = 0.144

[2026-07-11 15:27:33,474][root][INFO] - Epoch 59: duration loss = 0.290 | prior loss = 1.206 | diffusion loss = 0.141

[2026-07-11 15:29:10,702][root][INFO] - Epoch 60: duration loss = 0.290 | prior loss = 1.206 | diffusion loss = 0.143

[2026-07-11 15:30:49,725][root][INFO] - Epoch 61: duration loss = 0.290 | prior loss = 1.206 | diffusion loss = 0.141

[2026-07-11 15:32:29,223][root][INFO] - Epoch 62: duration loss = 0.289 | prior loss = 1.206 | diffusion loss = 0.143

[2026-07-11 15:34:06,253][root][INFO] - Epoch 63: duration loss = 0.289 | prior loss = 1.206 | diffusion loss = 0.141

[2026-07-11 15:35:44,831][root][INFO] - Epoch 64: duration loss = 0.290 | prior loss = 1.206 | diffusion loss = 0.143

[2026-07-11 15:37:21,869][root][INFO] - Epoch 65: duration loss = 0.289 | prior loss = 1.206 | diffusion loss = 0.141

[2026-07-11 15:38:57,101][root][INFO] - Epoch 66: duration loss = 0.290 | prior loss = 1.206 | diffusion loss = 0.142

[2026-07-11 15:40:35,327][root][INFO] - Epoch 67: duration loss = 0.289 | prior loss = 1.206 | diffusion loss = 0.143

[2026-07-11 15:42:13,031][root][INFO] - Epoch 68: duration loss = 0.290 | prior loss = 1.206 | diffusion loss = 0.142

[2026-07-11 15:43:52,846][root][INFO] - Epoch 69: duration loss = 0.289 | prior loss = 1.206 | diffusion loss = 0.140

[2026-07-11 15:45:32,587][root][INFO] - Epoch 70: duration loss = 0.289 | prior loss = 1.206 | diffusion loss = 0.140

[2026-07-11 15:47:15,803][root][INFO] - Epoch 71: duration loss = 0.290 | prior loss = 1.206 | diffusion loss = 0.142

[2026-07-11 15:48:53,806][root][INFO] - Epoch 72: duration loss = 0.289 | prior loss = 1.206 | diffusion loss = 0.140

[2026-07-11 15:50:29,554][root][INFO] - Epoch 73: duration loss = 0.290 | prior loss = 1.206 | diffusion loss = 0.140

[2026-07-11 15:52:07,973][root][INFO] - Epoch 74: duration loss = 0.289 | prior loss = 1.206 | diffusion loss = 0.139

[2026-07-11 15:53:51,336][root][INFO] - Epoch 75: duration loss = 0.289 | prior loss = 1.206 | diffusion loss = 0.140

[2026-07-11 15:55:34,836][root][INFO] - Epoch 76: duration loss = 0.289 | prior loss = 1.206 | diffusion loss = 0.139

[2026-07-11 15:57:17,927][root][INFO] - Epoch 77: duration loss = 0.289 | prior loss = 1.206 | diffusion loss = 0.139

[2026-07-11 15:58:57,777][root][INFO] - Epoch 78: duration loss = 0.290 | prior loss = 1.206 | diffusion loss = 0.138

[2026-07-11 16:00:36,896][root][INFO] - Epoch 79: duration loss = 0.289 | prior loss = 1.206 | diffusion loss = 0.139

[2026-07-11 16:02:15,859][root][INFO] - Epoch 80: duration loss = 0.290 | prior loss = 1.206 | diffusion loss = 0.139

[2026-07-11 16:03:53,875][root][INFO] - Epoch 81: duration loss = 0.289 | prior loss = 1.206 | diffusion loss = 0.137

[2026-07-11 16:05:30,987][root][INFO] - Epoch 82: duration loss = 0.290 | prior loss = 1.206 | diffusion loss = 0.138

[2026-07-11 16:07:08,506][root][INFO] - Epoch 83: duration loss = 0.289 | prior loss = 1.206 | diffusion loss = 0.140

[2026-07-11 16:08:48,526][root][INFO] - Epoch 84: duration loss = 0.290 | prior loss = 1.206 | diffusion loss = 0.140

[2026-07-11 16:10:27,749][root][INFO] - Epoch 85: duration loss = 0.289 | prior loss = 1.206 | diffusion loss = 0.138

[2026-07-11 16:12:08,050][root][INFO] - Epoch 86: duration loss = 0.289 | prior loss = 1.206 | diffusion loss = 0.139

[2026-07-11 16:14:05,497][root][INFO] - Epoch 87: duration loss = 0.290 | prior loss = 1.206 | diffusion loss = 0.140

[2026-07-11 16:15:50,839][root][INFO] - Epoch 88: duration loss = 0.290 | prior loss = 1.206 | diffusion loss = 0.139

[2026-07-11 16:17:31,387][root][INFO] - Epoch 89: duration loss = 0.289 | prior loss = 1.206 | diffusion loss = 0.136

[2026-07-11 16:19:11,531][root][INFO] - Epoch 90: duration loss = 0.289 | prior loss = 1.206 | diffusion loss = 0.138

[2026-07-11 16:20:49,283][root][INFO] - Epoch 91: duration loss = 0.289 | prior loss = 1.206 | diffusion loss = 0.137

[2026-07-11 16:22:28,668][root][INFO] - Epoch 92: duration loss = 0.289 | prior loss = 1.206 | diffusion loss = 0.138

[2026-07-11 16:24:10,122][root][INFO] - Epoch 93: duration loss = 0.289 | prior loss = 1.206 | diffusion loss = 0.136

[2026-07-11 16:25:48,233][root][INFO] - Epoch 94: duration loss = 0.290 | prior loss = 1.206 | diffusion loss = 0.134

[2026-07-11 16:27:31,986][root][INFO] - Epoch 95: duration loss = 0.290 | prior loss = 1.206 | diffusion loss = 0.135

[2026-07-11 16:29:14,796][root][INFO] - Epoch 96: duration loss = 0.290 | prior loss = 1.206 | diffusion loss = 0.137

[2026-07-11 16:30:55,405][root][INFO] - Epoch 97: duration loss = 0.289 | prior loss = 1.206 | diffusion loss = 0.138

[2026-07-11 16:32:37,217][root][INFO] - Epoch 98: duration loss = 0.289 | prior loss = 1.206 | diffusion loss = 0.135

[2026-07-11 16:34:12,898][root][INFO] - Epoch 99: duration loss = 0.289 | prior loss = 1.206 | diffusion loss = 0.137

[2026-07-11 16:35:53,056][root][INFO] - Epoch 100: duration loss = 0.290 | prior loss = 1.206 | diffusion loss = 0.138

[2026-07-11 16:37:33,688][root][INFO] - Epoch 101: duration loss = 0.289 | prior loss = 1.206 | diffusion loss = 0.137

[2026-07-11 16:39:15,438][root][INFO] - Epoch 102: duration loss = 0.289 | prior loss = 1.206 | diffusion loss = 0.138

[2026-07-11 16:40:52,428][root][INFO] - Epoch 103: duration loss = 0.289 | prior loss = 1.206 | diffusion loss = 0.136

[2026-07-11 16:42:32,542][root][INFO] - Epoch 104: duration loss = 0.290 | prior loss = 1.206 | diffusion loss = 0.137

[2026-07-11 16:44:07,013][root][INFO] - Epoch 105: duration loss = 0.289 | prior loss = 1.206 | diffusion loss = 0.135

[2026-07-11 16:45:43,025][root][INFO] - Epoch 106: duration loss = 0.289 | prior loss = 1.206 | diffusion loss = 0.132

[2026-07-11 16:47:17,762][root][INFO] - Epoch 107: duration loss = 0.289 | prior loss = 1.206 | diffusion loss = 0.135

[2026-07-11 16:48:52,413][root][INFO] - Epoch 108: duration loss = 0.289 | prior loss = 1.206 | diffusion loss = 0.136

[2026-07-11 16:50:27,758][root][INFO] - Epoch 109: duration loss = 0.290 | prior loss = 1.206 | diffusion loss = 0.135

[2026-07-11 16:52:03,204][root][INFO] - Epoch 110: duration loss = 0.290 | prior loss = 1.206 | diffusion loss = 0.134

[2026-07-11 16:53:38,857][root][INFO] - Epoch 111: duration loss = 0.290 | prior loss = 1.206 | diffusion loss = 0.131

[2026-07-11 16:55:26,544][root][INFO] - Epoch 112: duration loss = 0.289 | prior loss = 1.206 | diffusion loss = 0.135

[2026-07-11 16:57:08,502][root][INFO] - Epoch 113: duration loss = 0.290 | prior loss = 1.206 | diffusion loss = 0.132

[2026-07-11 16:58:56,054][root][INFO] - Epoch 114: duration loss = 0.289 | prior loss = 1.206 | diffusion loss = 0.136

[2026-07-11 17:00:41,884][root][INFO] - Epoch 115: duration loss = 0.289 | prior loss = 1.206 | diffusion loss = 0.135

[2026-07-11 17:02:21,995][root][INFO] - Epoch 116: duration loss = 0.290 | prior loss = 1.206 | diffusion loss = 0.135

[2026-07-11 17:04:03,027][root][INFO] - Epoch 117: duration loss = 0.289 | prior loss = 1.206 | diffusion loss = 0.134

[2026-07-11 17:05:43,447][root][INFO] - Epoch 118: duration loss = 0.289 | prior loss = 1.206 | diffusion loss = 0.133

[2026-07-11 17:07:25,432][root][INFO] - Epoch 119: duration loss = 0.290 | prior loss = 1.206 | diffusion loss = 0.133

[2026-07-11 17:09:05,830][root][INFO] - Epoch 120: duration loss = 0.290 | prior loss = 1.206 | diffusion loss = 0.133

[2026-07-11 17:10:45,260][root][INFO] - Epoch 121: duration loss = 0.289 | prior loss = 1.206 | diffusion loss = 0.136

[2026-07-11 17:12:22,957][root][INFO] - Epoch 122: duration loss = 0.290 | prior loss = 1.206 | diffusion loss = 0.133

[2026-07-11 17:14:01,124][root][INFO] - Epoch 123: duration loss = 0.290 | prior loss = 1.206 | diffusion loss = 0.132

[2026-07-11 17:15:41,474][root][INFO] - Epoch 124: duration loss = 0.289 | prior loss = 1.206 | diffusion loss = 0.132

[2026-07-11 17:17:18,440][root][INFO] - Epoch 125: duration loss = 0.289 | prior loss = 1.206 | diffusion loss = 0.135

[2026-07-11 17:18:56,019][root][INFO] - Epoch 126: duration loss = 0.289 | prior loss = 1.206 | diffusion loss = 0.133

[2026-07-11 17:20:33,721][root][INFO] - Epoch 127: duration loss = 0.289 | prior loss = 1.206 | diffusion loss = 0.135

[2026-07-11 17:22:11,482][root][INFO] - Epoch 128: duration loss = 0.289 | prior loss = 1.206 | diffusion loss = 0.135

[2026-07-11 17:23:47,105][root][INFO] - Epoch 129: duration loss = 0.289 | prior loss = 1.206 | diffusion loss = 0.135

[2026-07-11 17:25:23,087][root][INFO] - Epoch 130: duration loss = 0.289 | prior loss = 1.206 | diffusion loss = 0.136

[2026-07-11 17:26:57,429][root][INFO] - Epoch 131: duration loss = 0.289 | prior loss = 1.206 | diffusion loss = 0.132

[2026-07-11 17:28:32,392][root][INFO] - Epoch 132: duration loss = 0.290 | prior loss = 1.206 | diffusion loss = 0.132

[2026-07-11 17:30:06,504][root][INFO] - Epoch 133: duration loss = 0.289 | prior loss = 1.206 | diffusion loss = 0.131

[2026-07-11 17:31:41,833][root][INFO] - Epoch 134: duration loss = 0.290 | prior loss = 1.206 | diffusion loss = 0.132

[2026-07-11 17:33:16,257][root][INFO] - Epoch 135: duration loss = 0.289 | prior loss = 1.206 | diffusion loss = 0.132

[2026-07-11 17:34:55,196][root][INFO] - Epoch 136: duration loss = 0.290 | prior loss = 1.206 | diffusion loss = 0.133

[2026-07-11 17:36:34,864][root][INFO] - Epoch 137: duration loss = 0.289 | prior loss = 1.206 | diffusion loss = 0.132

[2026-07-11 17:38:14,787][root][INFO] - Epoch 138: duration loss = 0.289 | prior loss = 1.206 | diffusion loss = 0.133

[2026-07-11 17:39:54,201][root][INFO] - Epoch 139: duration loss = 0.290 | prior loss = 1.206 | diffusion loss = 0.131

[2026-07-11 17:41:31,013][root][INFO] - Epoch 140: duration loss = 0.290 | prior loss = 1.206 | diffusion loss = 0.133

[2026-07-11 17:43:09,936][root][INFO] - Epoch 141: duration loss = 0.289 | prior loss = 1.206 | diffusion loss = 0.135

[2026-07-11 17:44:49,503][root][INFO] - Epoch 142: duration loss = 0.289 | prior loss = 1.206 | diffusion loss = 0.131

[2026-07-11 17:46:54,900][root][INFO] - Epoch 143: duration loss = 0.289 | prior loss = 1.206 | diffusion loss = 0.134

[2026-07-11 17:49:35,777][root][INFO] - Epoch 144: duration loss = 0.289 | prior loss = 1.206 | diffusion loss = 0.132

[2026-07-11 17:51:49,928][root][INFO] - Epoch 145: duration loss = 0.289 | prior loss = 1.206 | diffusion loss = 0.131

[2026-07-11 17:53:35,450][root][INFO] - Epoch 146: duration loss = 0.290 | prior loss = 1.206 | diffusion loss = 0.133

[2026-07-11 17:55:21,719][root][INFO] - Epoch 147: duration loss = 0.290 | prior loss = 1.206 | diffusion loss = 0.132

[2026-07-11 17:57:05,453][root][INFO] - Epoch 148: duration loss = 0.289 | prior loss = 1.206 | diffusion loss = 0.132

[2026-07-11 17:58:44,744][root][INFO] - Epoch 149: duration loss = 0.290 | prior loss = 1.206 | diffusion loss = 0.130

[2026-07-11 18:00:24,369][root][INFO] - Epoch 150: duration loss = 0.290 | prior loss = 1.206 | diffusion loss = 0.131

[2026-07-11 18:02:00,006][root][INFO] - Epoch 151: duration loss = 0.289 | prior loss = 1.206 | diffusion loss = 0.130

[2026-07-11 18:03:33,878][root][INFO] - Epoch 152: duration loss = 0.289 | prior loss = 1.206 | diffusion loss = 0.133

[2026-07-11 18:05:08,257][root][INFO] - Epoch 153: duration loss = 0.289 | prior loss = 1.206 | diffusion loss = 0.130

[2026-07-11 18:06:43,340][root][INFO] - Epoch 154: duration loss = 0.289 | prior loss = 1.206 | diffusion loss = 0.129

[2026-07-11 18:08:17,707][root][INFO] - Epoch 155: duration loss = 0.289 | prior loss = 1.206 | diffusion loss = 0.128

[2026-07-11 18:09:53,037][root][INFO] - Epoch 156: duration loss = 0.289 | prior loss = 1.205 | diffusion loss = 0.130

[2026-07-11 18:11:27,867][root][INFO] - Epoch 157: duration loss = 0.290 | prior loss = 1.206 | diffusion loss = 0.131

[2026-07-11 18:13:03,273][root][INFO] - Epoch 158: duration loss = 0.289 | prior loss = 1.206 | diffusion loss = 0.131

[2026-07-11 18:14:41,340][root][INFO] - Epoch 159: duration loss = 0.290 | prior loss = 1.206 | diffusion loss = 0.129

[2026-07-11 18:16:23,740][root][INFO] - Epoch 160: duration loss = 0.290 | prior loss = 1.206 | diffusion loss = 0.130

[2026-07-11 18:18:01,643][root][INFO] - Epoch 161: duration loss = 0.290 | prior loss = 1.207 | diffusion loss = 0.130

[2026-07-11 18:19:41,304][root][INFO] - Epoch 162: duration loss = 0.289 | prior loss = 1.206 | diffusion loss = 0.129

[2026-07-11 18:21:20,752][root][INFO] - Epoch 163: duration loss = 0.290 | prior loss = 1.206 | diffusion loss = 0.131

[2026-07-11 18:23:00,152][root][INFO] - Epoch 164: duration loss = 0.290 | prior loss = 1.206 | diffusion loss = 0.128

[2026-07-11 18:24:39,960][root][INFO] - Epoch 165: duration loss = 0.289 | prior loss = 1.207 | diffusion loss = 0.132

[2026-07-11 18:26:18,743][root][INFO] - Epoch 166: duration loss = 0.289 | prior loss = 1.206 | diffusion loss = 0.133

[2026-07-11 18:27:57,928][root][INFO] - Epoch 167: duration loss = 0.289 | prior loss = 1.206 | diffusion loss = 0.132

[2026-07-11 18:29:35,848][root][INFO] - Epoch 168: duration loss = 0.289 | prior loss = 1.206 | diffusion loss = 0.129

[2026-07-11 18:31:17,663][root][INFO] - Epoch 169: duration loss = 0.289 | prior loss = 1.206 | diffusion loss = 0.133

[2026-07-11 18:32:48,415][root][INFO] - Epoch 170: duration loss = 0.289 | prior loss = 1.206 | diffusion loss = 0.131

[2026-07-11 18:34:18,704][root][INFO] - Epoch 171: duration loss = 0.289 | prior loss = 1.206 | diffusion loss = 0.129

[2026-07-11 18:35:48,434][root][INFO] - Epoch 172: duration loss = 0.289 | prior loss = 1.206 | diffusion loss = 0.129

[2026-07-11 18:37:17,201][root][INFO] - Epoch 173: duration loss = 0.290 | prior loss = 1.206 | diffusion loss = 0.131

[2026-07-11 18:38:46,756][root][INFO] - Epoch 174: duration loss = 0.289 | prior loss = 1.206 | diffusion loss = 0.131

[2026-07-11 18:40:16,789][root][INFO] - Epoch 175: duration loss = 0.290 | prior loss = 1.206 | diffusion loss = 0.132

[2026-07-11 18:41:45,064][root][INFO] - Epoch 176: duration loss = 0.289 | prior loss = 1.206 | diffusion loss = 0.131

[2026-07-11 18:43:13,413][root][INFO] - Epoch 177: duration loss = 0.289 | prior loss = 1.206 | diffusion loss = 0.128

[2026-07-11 18:44:43,102][root][INFO] - Epoch 178: duration loss = 0.289 | prior loss = 1.206 | diffusion loss = 0.131

[2026-07-11 18:46:13,537][root][INFO] - Epoch 179: duration loss = 0.289 | prior loss = 1.206 | diffusion loss = 0.130

[2026-07-11 18:47:42,216][root][INFO] - Epoch 180: duration loss = 0.290 | prior loss = 1.206 | diffusion loss = 0.129

[2026-07-11 18:49:12,272][root][INFO] - Epoch 181: duration loss = 0.289 | prior loss = 1.206 | diffusion loss = 0.130

[2026-07-11 18:50:41,908][root][INFO] - Epoch 182: duration loss = 0.290 | prior loss = 1.206 | diffusion loss = 0.129

[2026-07-11 18:52:11,135][root][INFO] - Epoch 183: duration loss = 0.289 | prior loss = 1.206 | diffusion loss = 0.128

[2026-07-11 18:53:40,659][root][INFO] - Epoch 184: duration loss = 0.290 | prior loss = 1.206 | diffusion loss = 0.130

[2026-07-11 18:55:10,099][root][INFO] - Epoch 185: duration loss = 0.289 | prior loss = 1.206 | diffusion loss = 0.128

[2026-07-11 18:56:39,249][root][INFO] - Epoch 186: duration loss = 0.289 | prior loss = 1.206 | diffusion loss = 0.129

[2026-07-11 18:58:07,946][root][INFO] - Epoch 187: duration loss = 0.289 | prior loss = 1.207 | diffusion loss = 0.129

[2026-07-11 18:59:37,197][root][INFO] - Epoch 188: duration loss = 0.289 | prior loss = 1.205 | diffusion loss = 0.129

[2026-07-11 19:01:05,679][root][INFO] - Epoch 189: duration loss = 0.289 | prior loss = 1.206 | diffusion loss = 0.128

[2026-07-11 19:02:33,115][root][INFO] - Epoch 190: duration loss = 0.289 | prior loss = 1.206 | diffusion loss = 0.130

[2026-07-11 19:04:03,359][root][INFO] - Epoch 191: duration loss = 0.290 | prior loss = 1.206 | diffusion loss = 0.126

[2026-07-11 19:05:32,969][root][INFO] - Epoch 192: duration loss = 0.289 | prior loss = 1.206 | diffusion loss = 0.129

[2026-07-11 19:07:02,526][root][INFO] - Epoch 193: duration loss = 0.289 | prior loss = 1.206 | diffusion loss = 0.129

[2026-07-11 19:08:33,240][root][INFO] - Epoch 194: duration loss = 0.289 | prior loss = 1.206 | diffusion loss = 0.129

[2026-07-11 19:10:03,310][root][INFO] - Epoch 195: duration loss = 0.289 | prior loss = 1.206 | diffusion loss = 0.128

[2026-07-11 19:11:33,521][root][INFO] - Epoch 196: duration loss = 0.289 | prior loss = 1.206 | diffusion loss = 0.130

[2026-07-11 19:13:01,726][root][INFO] - Epoch 197: duration loss = 0.289 | prior loss = 1.206 | diffusion loss = 0.129

[2026-07-11 19:14:33,339][root][INFO] - Epoch 198: duration loss = 0.289 | prior loss = 1.207 | diffusion loss = 0.125

[2026-07-11 19:16:03,660][root][INFO] - Epoch 199: duration loss = 0.290 | prior loss = 1.206 | diffusion loss = 0.128

[2026-07-11 19:17:33,736][root][INFO] - Epoch 200: duration loss = 0.289 | prior loss = 1.206 | diffusion loss = 0.131

[2026-07-11 19:19:03,063][root][INFO] - Epoch 201: duration loss = 0.290 | prior loss = 1.206 | diffusion loss = 0.127

[2026-07-11 19:20:32,433][root][INFO] - Epoch 202: duration loss = 0.289 | prior loss = 1.206 | diffusion loss = 0.128

[2026-07-11 19:22:02,538][root][INFO] - Epoch 203: duration loss = 0.289 | prior loss = 1.206 | diffusion loss = 0.131

[2026-07-11 19:23:32,340][root][INFO] - Epoch 204: duration loss = 0.289 | prior loss = 1.206 | diffusion loss = 0.124

[2026-07-11 19:24:59,173][root][INFO] - Epoch 205: duration loss = 0.289 | prior loss = 1.206 | diffusion loss = 0.127

[2026-07-11 19:26:28,052][root][INFO] - Epoch 206: duration loss = 0.289 | prior loss = 1.206 | diffusion loss = 0.130

[2026-07-11 19:27:56,835][root][INFO] - Epoch 207: duration loss = 0.289 | prior loss = 1.206 | diffusion loss = 0.128

[2026-07-11 19:29:26,751][root][INFO] - Epoch 208: duration loss = 0.289 | prior loss = 1.206 | diffusion loss = 0.129

[2026-07-11 19:30:54,989][root][INFO] - Epoch 209: duration loss = 0.289 | prior loss = 1.206 | diffusion loss = 0.128

[2026-07-11 19:32:24,321][root][INFO] - Epoch 210: duration loss = 0.289 | prior loss = 1.206 | diffusion loss = 0.127

[2026-07-11 19:33:54,096][root][INFO] - Epoch 211: duration loss = 0.289 | prior loss = 1.206 | diffusion loss = 0.128

[2026-07-11 19:35:23,027][root][INFO] - Epoch 212: duration loss = 0.289 | prior loss = 1.206 | diffusion loss = 0.125

[2026-07-11 19:36:53,306][root][INFO] - Epoch 213: duration loss = 0.290 | prior loss = 1.206 | diffusion loss = 0.128

[2026-07-11 19:38:23,100][root][INFO] - Epoch 214: duration loss = 0.289 | prior loss = 1.206 | diffusion loss = 0.128

[2026-07-11 19:39:53,190][root][INFO] - Epoch 215: duration loss = 0.290 | prior loss = 1.206 | diffusion loss = 0.126

[2026-07-11 19:41:22,698][root][INFO] - Epoch 216: duration loss = 0.289 | prior loss = 1.206 | diffusion loss = 0.127

[2026-07-11 19:42:51,885][root][INFO] - Epoch 217: duration loss = 0.289 | prior loss = 1.206 | diffusion loss = 0.127

[2026-07-11 19:44:21,629][root][INFO] - Epoch 218: duration loss = 0.289 | prior loss = 1.206 | diffusion loss = 0.126

[2026-07-11 19:45:50,941][root][INFO] - Epoch 219: duration loss = 0.289 | prior loss = 1.206 | diffusion loss = 0.125

[2026-07-11 19:47:19,769][root][INFO] - Epoch 220: duration loss = 0.290 | prior loss = 1.206 | diffusion loss = 0.127

[2026-07-11 19:48:49,514][root][INFO] - Epoch 221: duration loss = 0.289 | prior loss = 1.206 | diffusion loss = 0.129

[2026-07-11 19:50:19,425][root][INFO] - Epoch 222: duration loss = 0.290 | prior loss = 1.206 | diffusion loss = 0.127

[2026-07-11 19:51:50,068][root][INFO] - Epoch 223: duration loss = 0.289 | prior loss = 1.206 | diffusion loss = 0.129

[2026-07-11 19:53:19,205][root][INFO] - Epoch 224: duration loss = 0.290 | prior loss = 1.206 | diffusion loss = 0.129

[2026-07-11 19:54:49,054][root][INFO] - Epoch 225: duration loss = 0.290 | prior loss = 1.206 | diffusion loss = 0.129

[2026-07-11 19:56:18,198][root][INFO] - Epoch 226: duration loss = 0.289 | prior loss = 1.206 | diffusion loss = 0.127

[2026-07-11 19:57:47,573][root][INFO] - Epoch 227: duration loss = 0.289 | prior loss = 1.206 | diffusion loss = 0.128

[2026-07-11 19:59:17,058][root][INFO] - Epoch 228: duration loss = 0.290 | prior loss = 1.206 | diffusion loss = 0.125

[2026-07-11 20:00:47,924][root][INFO] - Epoch 229: duration loss = 0.290 | prior loss = 1.206 | diffusion loss = 0.126

[2026-07-11 20:02:16,379][root][INFO] - Epoch 230: duration loss = 0.289 | prior loss = 1.206 | diffusion loss = 0.129

[2026-07-11 20:03:54,494][root][INFO] - Epoch 231: duration loss = 0.289 | prior loss = 1.206 | diffusion loss = 0.125

[2026-07-11 20:05:24,486][root][INFO] - Epoch 232: duration loss = 0.290 | prior loss = 1.206 | diffusion loss = 0.126

[2026-07-11 20:06:53,179][root][INFO] - Epoch 233: duration loss = 0.289 | prior loss = 1.206 | diffusion loss = 0.128

[2026-07-11 20:08:23,632][root][INFO] - Epoch 234: duration loss = 0.289 | prior loss = 1.206 | diffusion loss = 0.127

[2026-07-11 20:09:51,922][root][INFO] - Epoch 235: duration loss = 0.290 | prior loss = 1.206 | diffusion loss = 0.128

[2026-07-11 20:11:21,327][root][INFO] - Epoch 236: duration loss = 0.290 | prior loss = 1.206 | diffusion loss = 0.127

[2026-07-11 20:12:50,595][root][INFO] - Epoch 237: duration loss = 0.290 | prior loss = 1.206 | diffusion loss = 0.126

[2026-07-11 20:14:19,760][root][INFO] - Epoch 238: duration loss = 0.290 | prior loss = 1.206 | diffusion loss = 0.124

[2026-07-11 20:15:49,180][root][INFO] - Epoch 239: duration loss = 0.290 | prior loss = 1.206 | diffusion loss = 0.126

[2026-07-11 20:17:18,432][root][INFO] - Epoch 240: duration loss = 0.289 | prior loss = 1.206 | diffusion loss = 0.128

[2026-07-11 20:18:48,037][root][INFO] - Epoch 241: duration loss = 0.289 | prior loss = 1.206 | diffusion loss = 0.127

[2026-07-11 20:20:16,220][root][INFO] - Epoch 242: duration loss = 0.290 | prior loss = 1.206 | diffusion loss = 0.127

[2026-07-11 20:21:45,483][root][INFO] - Epoch 243: duration loss = 0.289 | prior loss = 1.206 | diffusion loss = 0.125

[2026-07-11 20:23:15,424][root][INFO] - Epoch 244: duration loss = 0.289 | prior loss = 1.206 | diffusion loss = 0.125

[2026-07-11 20:24:44,894][root][INFO] - Epoch 245: duration loss = 0.289 | prior loss = 1.206 | diffusion loss = 0.127

[2026-07-11 20:26:14,349][root][INFO] - Epoch 246: duration loss = 0.289 | prior loss = 1.206 | diffusion loss = 0.128

[2026-07-11 20:27:43,698][root][INFO] - Epoch 247: duration loss = 0.289 | prior loss = 1.206 | diffusion loss = 0.127

[2026-07-11 20:29:13,208][root][INFO] - Epoch 248: duration loss = 0.290 | prior loss = 1.206 | diffusion loss = 0.126

[2026-07-11 20:30:42,531][root][INFO] - Epoch 249: duration loss = 0.290 | prior loss = 1.206 | diffusion loss = 0.125

[2026-07-11 20:32:11,161][root][INFO] - Epoch 250: duration loss = 0.289 | prior loss = 1.206 | diffusion loss = 0.126

[2026-07-11 20:33:40,736][root][INFO] - Epoch 251: duration loss = 0.289 | prior loss = 1.206 | diffusion loss = 0.127

[2026-07-11 20:35:01,655][root][INFO] - Epoch 252: duration loss = 0.290 | prior loss = 1.206 | diffusion loss = 0.127

[2026-07-11 20:36:23,550][root][INFO] - Epoch 253: duration loss = 0.289 | prior loss = 1.206 | diffusion loss = 0.127

[2026-07-11 20:37:43,997][root][INFO] - Epoch 254: duration loss = 0.290 | prior loss = 1.206 | diffusion loss = 0.127

[2026-07-11 20:39:11,403][root][INFO] - Epoch 255: duration loss = 0.289 | prior loss = 1.206 | diffusion loss = 0.126

[2026-07-11 20:40:38,317][root][INFO] - Epoch 256: duration loss = 0.289 | prior loss = 1.206 | diffusion loss = 0.126

[2026-07-11 20:42:06,953][root][INFO] - Epoch 257: duration loss = 0.290 | prior loss = 1.206 | diffusion loss = 0.126

[2026-07-11 20:43:36,413][root][INFO] - Epoch 258: duration loss = 0.290 | prior loss = 1.206 | diffusion loss = 0.126

[2026-07-11 20:45:06,030][root][INFO] - Epoch 259: duration loss = 0.290 | prior loss = 1.206 | diffusion loss = 0.127

[2026-07-11 20:46:33,594][root][INFO] - Epoch 260: duration loss = 0.290 | prior loss = 1.206 | diffusion loss = 0.125

[2026-07-11 20:48:01,628][root][INFO] - Epoch 261: duration loss = 0.290 | prior loss = 1.206 | diffusion loss = 0.126

[2026-07-11 20:49:31,143][root][INFO] - Epoch 262: duration loss = 0.289 | prior loss = 1.206 | diffusion loss = 0.124

[2026-07-11 20:50:58,500][root][INFO] - Epoch 263: duration loss = 0.290 | prior loss = 1.206 | diffusion loss = 0.126

[2026-07-11 20:52:26,246][root][INFO] - Epoch 264: duration loss = 0.289 | prior loss = 1.206 | diffusion loss = 0.125

[2026-07-11 20:53:55,517][root][INFO] - Epoch 265: duration loss = 0.290 | prior loss = 1.206 | diffusion loss = 0.125

[2026-07-11 20:55:24,657][root][INFO] - Epoch 266: duration loss = 0.290 | prior loss = 1.206 | diffusion loss = 0.125

[2026-07-11 20:56:54,237][root][INFO] - Epoch 267: duration loss = 0.289 | prior loss = 1.206 | diffusion loss = 0.126

[2026-07-11 20:58:20,258][root][INFO] - Epoch 268: duration loss = 0.290 | prior loss = 1.206 | diffusion loss = 0.125

[2026-07-11 20:59:48,956][root][INFO] - Epoch 269: duration loss = 0.289 | prior loss = 1.206 | diffusion loss = 0.127

[2026-07-11 21:01:17,751][root][INFO] - Epoch 270: duration loss = 0.289 | prior loss = 1.206 | diffusion loss = 0.126

[2026-07-11 21:02:46,259][root][INFO] - Epoch 271: duration loss = 0.289 | prior loss = 1.206 | diffusion loss = 0.124

[2026-07-11 21:04:15,695][root][INFO] - Epoch 272: duration loss = 0.290 | prior loss = 1.206 | diffusion loss = 0.125

[2026-07-11 21:05:43,096][root][INFO] - Epoch 273: duration loss = 0.290 | prior loss = 1.206 | diffusion loss = 0.125

[2026-07-11 21:07:11,708][root][INFO] - Epoch 274: duration loss = 0.289 | prior loss = 1.206 | diffusion loss = 0.124

[2026-07-11 21:08:40,974][root][INFO] - Epoch 275: duration loss = 0.289 | prior loss = 1.206 | diffusion loss = 0.126

[2026-07-11 21:10:10,448][root][INFO] - Epoch 276: duration loss = 0.289 | prior loss = 1.206 | diffusion loss = 0.124

[2026-07-11 21:11:39,695][root][INFO] - Epoch 277: duration loss = 0.289 | prior loss = 1.206 | diffusion loss = 0.126

[2026-07-11 21:13:07,816][root][INFO] - Epoch 278: duration loss = 0.289 | prior loss = 1.206 | diffusion loss = 0.125

[2026-07-11 21:14:34,462][root][INFO] - Epoch 279: duration loss = 0.290 | prior loss = 1.206 | diffusion loss = 0.126

[2026-07-11 21:16:04,055][root][INFO] - Epoch 280: duration loss = 0.289 | prior loss = 1.206 | diffusion loss = 0.126

[2026-07-11 21:17:33,465][root][INFO] - Epoch 281: duration loss = 0.290 | prior loss = 1.206 | diffusion loss = 0.124

[2026-07-11 21:19:00,617][root][INFO] - Epoch 282: duration loss = 0.289 | prior loss = 1.206 | diffusion loss = 0.125

[2026-07-11 21:20:30,290][root][INFO] - Epoch 283: duration loss = 0.290 | prior loss = 1.206 | diffusion loss = 0.125

[2026-07-11 21:21:58,384][root][INFO] - Epoch 284: duration loss = 0.289 | prior loss = 1.206 | diffusion loss = 0.124

[2026-07-11 21:23:27,337][root][INFO] - Epoch 285: duration loss = 0.289 | prior loss = 1.206 | diffusion loss = 0.125

[2026-07-11 21:24:55,333][root][INFO] - Epoch 286: duration loss = 0.290 | prior loss = 1.206 | diffusion loss = 0.125

[2026-07-11 21:26:23,132][root][INFO] - Epoch 287: duration loss = 0.290 | prior loss = 1.206 | diffusion loss = 0.124

[2026-07-11 21:27:51,939][root][INFO] - Epoch 288: duration loss = 0.289 | prior loss = 1.206 | diffusion loss = 0.125

[2026-07-11 21:29:20,655][root][INFO] - Epoch 289: duration loss = 0.289 | prior loss = 1.206 | diffusion loss = 0.125

[2026-07-11 21:30:48,284][root][INFO] - Epoch 290: duration loss = 0.289 | prior loss = 1.206 | diffusion loss = 0.124

[2026-07-11 21:32:16,761][root][INFO] - Epoch 291: duration loss = 0.289 | prior loss = 1.206 | diffusion loss = 0.125

[2026-07-11 21:33:46,454][root][INFO] - Epoch 292: duration loss = 0.289 | prior loss = 1.206 | diffusion loss = 0.126

[2026-07-11 21:35:16,002][root][INFO] - Epoch 293: duration loss = 0.289 | prior loss = 1.206 | diffusion loss = 0.124

[2026-07-11 21:36:45,121][root][INFO] - Epoch 294: duration loss = 0.289 | prior loss = 1.206 | diffusion loss = 0.125

[2026-07-11 21:38:13,882][root][INFO] - Epoch 295: duration loss = 0.289 | prior loss = 1.206 | diffusion loss = 0.124

[2026-07-11 21:39:43,336][root][INFO] - Epoch 296: duration loss = 0.289 | prior loss = 1.206 | diffusion loss = 0.125

[2026-07-11 21:41:11,334][root][INFO] - Epoch 297: duration loss = 0.290 | prior loss = 1.206 | diffusion loss = 0.124

[2026-07-11 21:42:40,513][root][INFO] - Epoch 298: duration loss = 0.289 | prior loss = 1.206 | diffusion loss = 0.125

[2026-07-11 21:44:09,514][root][INFO] - Epoch 299: duration loss = 0.289 | prior loss = 1.206 | diffusion loss = 0.125

[2026-07-11 21:45:40,553][root][INFO] - Epoch 300: duration loss = 0.289 | prior loss = 1.206 | diffusion loss = 0.125

[2026-07-11 21:47:12,607][root][INFO] - Epoch 301: duration loss = 0.289 | prior loss = 1.206 | diffusion loss = 0.122

[2026-07-11 21:48:44,555][root][INFO] - Epoch 302: duration loss = 0.289 | prior loss = 1.206 | diffusion loss = 0.121

[2026-07-11 21:50:18,154][root][INFO] - Epoch 303: duration loss = 0.290 | prior loss = 1.206 | diffusion loss = 0.123

[2026-07-11 21:51:50,484][root][INFO] - Epoch 304: duration loss = 0.289 | prior loss = 1.206 | diffusion loss = 0.125

[2026-07-11 21:53:23,996][root][INFO] - Epoch 305: duration loss = 0.290 | prior loss = 1.206 | diffusion loss = 0.123

[2026-07-11 21:54:56,959][root][INFO] - Epoch 306: duration loss = 0.290 | prior loss = 1.207 | diffusion loss = 0.124

[2026-07-11 21:56:29,447][root][INFO] - Epoch 307: duration loss = 0.290 | prior loss = 1.206 | diffusion loss = 0.122

[2026-07-11 21:58:02,890][root][INFO] - Epoch 308: duration loss = 0.290 | prior loss = 1.206 | diffusion loss = 0.124

[2026-07-11 21:59:36,465][root][INFO] - Epoch 309: duration loss = 0.289 | prior loss = 1.206 | diffusion loss = 0.122

[2026-07-11 22:01:10,145][root][INFO] - Epoch 310: duration loss = 0.289 | prior loss = 1.206 | diffusion loss = 0.124

[2026-07-11 22:02:43,452][root][INFO] - Epoch 311: duration loss = 0.289 | prior loss = 1.206 | diffusion loss = 0.123

[2026-07-11 22:04:16,366][root][INFO] - Epoch 312: duration loss = 0.290 | prior loss = 1.206 | diffusion loss = 0.123

[2026-07-11 22:05:49,363][root][INFO] - Epoch 313: duration loss = 0.290 | prior loss = 1.206 | diffusion loss = 0.123

[2026-07-11 22:07:20,067][root][INFO] - Epoch 314: duration loss = 0.289 | prior loss = 1.207 | diffusion loss = 0.126

[2026-07-11 22:08:52,017][root][INFO] - Epoch 315: duration loss = 0.289 | prior loss = 1.206 | diffusion loss = 0.125

[2026-07-11 22:10:25,970][root][INFO] - Epoch 316: duration loss = 0.290 | prior loss = 1.205 | diffusion loss = 0.123

[2026-07-11 22:12:00,466][root][INFO] - Epoch 317: duration loss = 0.289 | prior loss = 1.206 | diffusion loss = 0.122

[2026-07-11 22:13:33,118][root][INFO] - Epoch 318: duration loss = 0.290 | prior loss = 1.206 | diffusion loss = 0.123

[2026-07-11 22:15:06,575][root][INFO] - Epoch 319: duration loss = 0.289 | prior loss = 1.205 | diffusion loss = 0.122

[2026-07-11 22:16:38,650][root][INFO] - Epoch 320: duration loss = 0.289 | prior loss = 1.206 | diffusion loss = 0.122

[2026-07-11 22:18:10,948][root][INFO] - Epoch 321: duration loss = 0.290 | prior loss = 1.206 | diffusion loss = 0.123

[2026-07-11 22:19:44,200][root][INFO] - Epoch 322: duration loss = 0.289 | prior loss = 1.206 | diffusion loss = 0.123

[2026-07-11 22:21:16,697][root][INFO] - Epoch 323: duration loss = 0.289 | prior loss = 1.206 | diffusion loss = 0.124

[2026-07-11 22:22:49,514][root][INFO] - Epoch 324: duration loss = 0.290 | prior loss = 1.206 | diffusion loss = 0.123

[2026-07-11 22:24:22,524][root][INFO] - Epoch 325: duration loss = 0.290 | prior loss = 1.206 | diffusion loss = 0.124

[2026-07-11 22:25:55,390][root][INFO] - Epoch 326: duration loss = 0.290 | prior loss = 1.206 | diffusion loss = 0.122

[2026-07-11 22:27:28,918][root][INFO] - Epoch 327: duration loss = 0.289 | prior loss = 1.206 | diffusion loss = 0.124

[2026-07-11 22:29:01,544][root][INFO] - Epoch 328: duration loss = 0.290 | prior loss = 1.207 | diffusion loss = 0.125

[2026-07-11 22:30:35,190][root][INFO] - Epoch 329: duration loss = 0.290 | prior loss = 1.206 | diffusion loss = 0.123

[2026-07-11 22:32:07,797][root][INFO] - Epoch 330: duration loss = 0.289 | prior loss = 1.206 | diffusion loss = 0.123

[2026-07-11 22:33:40,534][root][INFO] - Epoch 331: duration loss = 0.289 | prior loss = 1.206 | diffusion loss = 0.124

[2026-07-11 22:35:14,045][root][INFO] - Epoch 332: duration loss = 0.289 | prior loss = 1.206 | diffusion loss = 0.122

[2026-07-11 22:36:46,849][root][INFO] - Epoch 333: duration loss = 0.290 | prior loss = 1.206 | diffusion loss = 0.121

[2026-07-11 22:38:17,685][root][INFO] - Epoch 334: duration loss = 0.289 | prior loss = 1.205 | diffusion loss = 0.123

[2026-07-11 22:39:48,897][root][INFO] - Epoch 335: duration loss = 0.289 | prior loss = 1.206 | diffusion loss = 0.126

[2026-07-11 22:41:21,746][root][INFO] - Epoch 336: duration loss = 0.290 | prior loss = 1.206 | diffusion loss = 0.123

[2026-07-11 22:42:52,566][root][INFO] - Epoch 337: duration loss = 0.289 | prior loss = 1.206 | diffusion loss = 0.126

[2026-07-11 22:44:24,264][root][INFO] - Epoch 338: duration loss = 0.290 | prior loss = 1.206 | diffusion loss = 0.123

[2026-07-11 22:45:56,713][root][INFO] - Epoch 339: duration loss = 0.289 | prior loss = 1.206 | diffusion loss = 0.122

[2026-07-11 22:47:28,746][root][INFO] - Epoch 340: duration loss = 0.289 | prior loss = 1.206 | diffusion loss = 0.124

[2026-07-11 22:49:00,620][root][INFO] - Epoch 341: duration loss = 0.290 | prior loss = 1.206 | diffusion loss = 0.124

[2026-07-11 22:50:31,977][root][INFO] - Epoch 342: duration loss = 0.289 | prior loss = 1.206 | diffusion loss = 0.123

[2026-07-11 22:52:04,371][root][INFO] - Epoch 343: duration loss = 0.289 | prior loss = 1.206 | diffusion loss = 0.124

[2026-07-11 22:53:35,557][root][INFO] - Epoch 344: duration loss = 0.290 | prior loss = 1.206 | diffusion loss = 0.121

[2026-07-11 22:55:06,425][root][INFO] - Epoch 345: duration loss = 0.290 | prior loss = 1.206 | diffusion loss = 0.122

[2026-07-11 22:56:37,666][root][INFO] - Epoch 346: duration loss = 0.289 | prior loss = 1.206 | diffusion loss = 0.123

[2026-07-11 22:58:08,248][root][INFO] - Epoch 347: duration loss = 0.289 | prior loss = 1.206 | diffusion loss = 0.124

[2026-07-11 22:59:39,604][root][INFO] - Epoch 348: duration loss = 0.290 | prior loss = 1.206 | diffusion loss = 0.123

[2026-07-11 23:01:10,276][root][INFO] - Epoch 349: duration loss = 0.289 | prior loss = 1.206 | diffusion loss = 0.122

[2026-07-11 23:02:40,911][root][INFO] - Epoch 350: duration loss = 0.289 | prior loss = 1.206 | diffusion loss = 0.122

[2026-07-11 23:04:12,597][root][INFO] - Epoch 351: duration loss = 0.289 | prior loss = 1.206 | diffusion loss = 0.123

[2026-07-11 23:05:43,202][root][INFO] - Epoch 352: duration loss = 0.289 | prior loss = 1.206 | diffusion loss = 0.123

[2026-07-11 23:07:14,606][root][INFO] - Epoch 353: duration loss = 0.290 | prior loss = 1.206 | diffusion loss = 0.123

[2026-07-11 23:08:45,675][root][INFO] - Epoch 354: duration loss = 0.289 | prior loss = 1.206 | diffusion loss = 0.123

[2026-07-11 23:10:16,429][root][INFO] - Epoch 355: duration loss = 0.289 | prior loss = 1.206 | diffusion loss = 0.121

[2026-07-11 23:11:47,630][root][INFO] - Epoch 356: duration loss = 0.289 | prior loss = 1.206 | diffusion loss = 0.122

[2026-07-11 23:13:19,297][root][INFO] - Epoch 357: duration loss = 0.289 | prior loss = 1.206 | diffusion loss = 0.123

[2026-07-11 23:14:49,424][root][INFO] - Epoch 358: duration loss = 0.290 | prior loss = 1.206 | diffusion loss = 0.121

[2026-07-11 23:16:20,695][root][INFO] - Epoch 359: duration loss = 0.289 | prior loss = 1.206 | diffusion loss = 0.122

[2026-07-11 23:17:52,560][root][INFO] - Epoch 360: duration loss = 0.289 | prior loss = 1.206 | diffusion loss = 0.121

[2026-07-11 23:19:22,249][root][INFO] - Epoch 361: duration loss = 0.290 | prior loss = 1.207 | diffusion loss = 0.122

[2026-07-11 23:20:53,195][root][INFO] - Epoch 362: duration loss = 0.289 | prior loss = 1.206 | diffusion loss = 0.120

[2026-07-11 23:22:22,614][root][INFO] - Epoch 363: duration loss = 0.289 | prior loss = 1.206 | diffusion loss = 0.119

[2026-07-11 23:23:53,435][root][INFO] - Epoch 364: duration loss = 0.289 | prior loss = 1.206 | diffusion loss = 0.124

[2026-07-11 23:25:23,936][root][INFO] - Epoch 365: duration loss = 0.290 | prior loss = 1.206 | diffusion loss = 0.122

[2026-07-11 23:26:53,684][root][INFO] - Epoch 366: duration loss = 0.289 | prior loss = 1.206 | diffusion loss = 0.122

[2026-07-11 23:28:23,654][root][INFO] - Epoch 367: duration loss = 0.290 | prior loss = 1.206 | diffusion loss = 0.123

[2026-07-11 23:29:52,391][root][INFO] - Epoch 368: duration loss = 0.289 | prior loss = 1.206 | diffusion loss = 0.122

[2026-07-11 23:31:21,642][root][INFO] - Epoch 369: duration loss = 0.289 | prior loss = 1.206 | diffusion loss = 0.120

[2026-07-11 23:32:50,390][root][INFO] - Epoch 370: duration loss = 0.290 | prior loss = 1.206 | diffusion loss = 0.123

[2026-07-11 23:34:19,548][root][INFO] - Epoch 371: duration loss = 0.290 | prior loss = 1.206 | diffusion loss = 0.123

[2026-07-11 23:35:48,696][root][INFO] - Epoch 372: duration loss = 0.290 | prior loss = 1.206 | diffusion loss = 0.121

[2026-07-11 23:37:18,733][root][INFO] - Epoch 373: duration loss = 0.289 | prior loss = 1.206 | diffusion loss = 0.121

[2026-07-11 23:38:47,690][root][INFO] - Epoch 374: duration loss = 0.289 | prior loss = 1.206 | diffusion loss = 0.122

[2026-07-11 23:40:18,516][root][INFO] - Epoch 375: duration loss = 0.290 | prior loss = 1.206 | diffusion loss = 0.123

[2026-07-11 23:41:48,499][root][INFO] - Epoch 376: duration loss = 0.289 | prior loss = 1.206 | diffusion loss = 0.122

[2026-07-11 23:43:15,481][root][INFO] - Epoch 377: duration loss = 0.289 | prior loss = 1.206 | diffusion loss = 0.124

[2026-07-11 23:44:45,770][root][INFO] - Epoch 378: duration loss = 0.289 | prior loss = 1.206 | diffusion loss = 0.119

[2026-07-11 23:46:14,125][root][INFO] - Epoch 379: duration loss = 0.289 | prior loss = 1.206 | diffusion loss = 0.125

[2026-07-11 23:47:44,055][root][INFO] - Epoch 380: duration loss = 0.289 | prior loss = 1.206 | diffusion loss = 0.121

[2026-07-11 23:49:12,060][root][INFO] - Epoch 381: duration loss = 0.289 | prior loss = 1.206 | diffusion loss = 0.124

[2026-07-11 23:50:40,775][root][INFO] - Epoch 382: duration loss = 0.289 | prior loss = 1.206 | diffusion loss = 0.121

[2026-07-11 23:52:10,466][root][INFO] - Epoch 383: duration loss = 0.289 | prior loss = 1.207 | diffusion loss = 0.122

[2026-07-11 23:53:41,055][root][INFO] - Epoch 384: duration loss = 0.289 | prior loss = 1.206 | diffusion loss = 0.124

[2026-07-11 23:55:10,348][root][INFO] - Epoch 385: duration loss = 0.289 | prior loss = 1.206 | diffusion loss = 0.122

[2026-07-11 23:56:39,140][root][INFO] - Epoch 386: duration loss = 0.290 | prior loss = 1.206 | diffusion loss = 0.120

[2026-07-11 23:58:09,045][root][INFO] - Epoch 387: duration loss = 0.289 | prior loss = 1.206 | diffusion loss = 0.123

[2026-07-11 23:59:39,008][root][INFO] - Epoch 388: duration loss = 0.289 | prior loss = 1.206 | diffusion loss = 0.121

[2026-07-12 00:01:09,779][root][INFO] - Epoch 389: duration loss = 0.290 | prior loss = 1.206 | diffusion loss = 0.123

[2026-07-12 00:02:40,008][root][INFO] - Epoch 390: duration loss = 0.289 | prior loss = 1.206 | diffusion loss = 0.123

[2026-07-12 00:04:09,308][root][INFO] - Epoch 391: duration loss = 0.290 | prior loss = 1.206 | diffusion loss = 0.122

[2026-07-12 00:05:38,008][root][INFO] - Epoch 392: duration loss = 0.289 | prior loss = 1.206 | diffusion loss = 0.122

[2026-07-12 00:07:07,422][root][INFO] - Epoch 393: duration loss = 0.290 | prior loss = 1.206 | diffusion loss = 0.121

[2026-07-12 00:08:35,474][root][INFO] - Epoch 394: duration loss = 0.289 | prior loss = 1.206 | diffusion loss = 0.121

[2026-07-12 00:10:05,664][root][INFO] - Epoch 395: duration loss = 0.290 | prior loss = 1.206 | diffusion loss = 0.123

[2026-07-12 00:11:34,631][root][INFO] - Epoch 396: duration loss = 0.289 | prior loss = 1.206 | diffusion loss = 0.122

[2026-07-12 00:13:03,625][root][INFO] - Epoch 397: duration loss = 0.290 | prior loss = 1.206 | diffusion loss = 0.120

[2026-07-12 00:14:32,537][root][INFO] - Epoch 398: duration loss = 0.289 | prior loss = 1.206 | diffusion loss = 0.122

[2026-07-12 00:16:03,066][root][INFO] - Epoch 399: duration loss = 0.289 | prior loss = 1.207 | diffusion loss = 0.122

[2026-07-12 00:17:31,959][root][INFO] - Epoch 400: duration loss = 0.289 | prior loss = 1.206 | diffusion loss = 0.121

[2026-07-12 00:19:01,380][root][INFO] - Epoch 401: duration loss = 0.289 | prior loss = 1.206 | diffusion loss = 0.122

[2026-07-12 00:20:31,633][root][INFO] - Epoch 402: duration loss = 0.290 | prior loss = 1.206 | diffusion loss = 0.123

[2026-07-12 00:22:00,480][root][INFO] - Epoch 403: duration loss = 0.289 | prior loss = 1.206 | diffusion loss = 0.121

[2026-07-12 00:23:30,941][root][INFO] - Epoch 404: duration loss = 0.289 | prior loss = 1.206 | diffusion loss = 0.120

[2026-07-12 00:24:58,021][root][INFO] - Epoch 405: duration loss = 0.289 | prior loss = 1.206 | diffusion loss = 0.121

[2026-07-12 00:26:27,014][root][INFO] - Epoch 406: duration loss = 0.289 | prior loss = 1.206 | diffusion loss = 0.120

[2026-07-12 00:27:56,593][root][INFO] - Epoch 407: duration loss = 0.289 | prior loss = 1.206 | diffusion loss = 0.123

[2026-07-12 00:29:25,893][root][INFO] - Epoch 408: duration loss = 0.290 | prior loss = 1.206 | diffusion loss = 0.120

[2026-07-12 00:30:55,533][root][INFO] - Epoch 409: duration loss = 0.289 | prior loss = 1.206 | diffusion loss = 0.121

[2026-07-12 00:32:22,750][root][INFO] - Epoch 410: duration loss = 0.289 | prior loss = 1.206 | diffusion loss = 0.123

[2026-07-12 00:33:53,652][root][INFO] - Epoch 411: duration loss = 0.290 | prior loss = 1.206 | diffusion loss = 0.122

[2026-07-12 00:35:23,731][root][INFO] - Epoch 412: duration loss = 0.289 | prior loss = 1.206 | diffusion loss = 0.122

[2026-07-12 00:36:52,280][root][INFO] - Epoch 413: duration loss = 0.290 | prior loss = 1.206 | diffusion loss = 0.121

[2026-07-12 00:38:21,676][root][INFO] - Epoch 414: duration loss = 0.289 | prior loss = 1.206 | diffusion loss = 0.124

[2026-07-12 00:39:50,281][root][INFO] - Epoch 415: duration loss = 0.290 | prior loss = 1.206 | diffusion loss = 0.122

[2026-07-12 00:41:20,274][root][INFO] - Epoch 416: duration loss = 0.290 | prior loss = 1.206 | diffusion loss = 0.121

[2026-07-12 00:42:50,076][root][INFO] - Epoch 417: duration loss = 0.289 | prior loss = 1.206 | diffusion loss = 0.124

[2026-07-12 00:44:20,129][root][INFO] - Epoch 418: duration loss = 0.290 | prior loss = 1.206 | diffusion loss = 0.122

[2026-07-12 00:45:50,718][root][INFO] - Epoch 419: duration loss = 0.290 | prior loss = 1.206 | diffusion loss = 0.121

[2026-07-12 00:47:21,023][root][INFO] - Epoch 420: duration loss = 0.290 | prior loss = 1.206 | diffusion loss = 0.122

[2026-07-12 00:48:50,283][root][INFO] - Epoch 421: duration loss = 0.289 | prior loss = 1.206 | diffusion loss = 0.120

[2026-07-12 00:50:19,244][root][INFO] - Epoch 422: duration loss = 0.289 | prior loss = 1.206 | diffusion loss = 0.121

[2026-07-12 00:51:47,568][root][INFO] - Epoch 423: duration loss = 0.289 | prior loss = 1.206 | diffusion loss = 0.122

[2026-07-12 00:53:16,063][root][INFO] - Epoch 424: duration loss = 0.289 | prior loss = 1.206 | diffusion loss = 0.120

[2026-07-12 00:54:44,759][root][INFO] - Epoch 425: duration loss = 0.289 | prior loss = 1.206 | diffusion loss = 0.123

[2026-07-12 00:56:15,170][root][INFO] - Epoch 426: duration loss = 0.290 | prior loss = 1.206 | diffusion loss = 0.122

[2026-07-12 00:57:45,061][root][INFO] - Epoch 427: duration loss = 0.289 | prior loss = 1.206 | diffusion loss = 0.119

[2026-07-12 00:59:14,069][root][INFO] - Epoch 428: duration loss = 0.289 | prior loss = 1.206 | diffusion loss = 0.123

[2026-07-12 01:00:43,190][root][INFO] - Epoch 429: duration loss = 0.289 | prior loss = 1.206 | diffusion loss = 0.122

[2026-07-12 01:02:12,067][root][INFO] - Epoch 430: duration loss = 0.289 | prior loss = 1.206 | diffusion loss = 0.121

[2026-07-12 01:03:39,734][root][INFO] - Epoch 431: duration loss = 0.289 | prior loss = 1.206 | diffusion loss = 0.120

[2026-07-12 01:05:07,219][root][INFO] - Epoch 432: duration loss = 0.289 | prior loss = 1.206 | diffusion loss = 0.120

[2026-07-12 01:06:36,888][root][INFO] - Epoch 433: duration loss = 0.289 | prior loss = 1.206 | diffusion loss = 0.120

[2026-07-12 01:08:06,809][root][INFO] - Epoch 434: duration loss = 0.289 | prior loss = 1.206 | diffusion loss = 0.122

[2026-07-12 01:09:36,548][root][INFO] - Epoch 435: duration loss = 0.289 | prior loss = 1.206 | diffusion loss = 0.121

[2026-07-12 01:11:05,522][root][INFO] - Epoch 436: duration loss = 0.290 | prior loss = 1.206 | diffusion loss = 0.120

[2026-07-12 01:12:34,795][root][INFO] - Epoch 437: duration loss = 0.290 | prior loss = 1.206 | diffusion loss = 0.121

[2026-07-12 01:14:04,732][root][INFO] - Epoch 438: duration loss = 0.290 | prior loss = 1.206 | diffusion loss = 0.121

[2026-07-12 01:15:33,449][root][INFO] - Epoch 439: duration loss = 0.290 | prior loss = 1.206 | diffusion loss = 0.123

[2026-07-12 01:17:00,918][root][INFO] - Epoch 440: duration loss = 0.290 | prior loss = 1.206 | diffusion loss = 0.120

[2026-07-12 01:18:30,205][root][INFO] - Epoch 441: duration loss = 0.289 | prior loss = 1.206 | diffusion loss = 0.120

[2026-07-12 01:19:59,125][root][INFO] - Epoch 442: duration loss = 0.289 | prior loss = 1.206 | diffusion loss = 0.122

[2026-07-12 01:21:27,991][root][INFO] - Epoch 443: duration loss = 0.289 | prior loss = 1.206 | diffusion loss = 0.119

[2026-07-12 01:22:56,533][root][INFO] - Epoch 444: duration loss = 0.289 | prior loss = 1.206 | diffusion loss = 0.121

[2026-07-12 01:24:25,681][root][INFO] - Epoch 445: duration loss = 0.289 | prior loss = 1.206 | diffusion loss = 0.121

[2026-07-12 01:25:53,954][root][INFO] - Epoch 446: duration loss = 0.289 | prior loss = 1.206 | diffusion loss = 0.120

[2026-07-12 01:27:23,256][root][INFO] - Epoch 447: duration loss = 0.289 | prior loss = 1.206 | diffusion loss = 0.121

[2026-07-12 01:28:51,962][root][INFO] - Epoch 448: duration loss = 0.289 | prior loss = 1.206 | diffusion loss = 0.119

[2026-07-12 01:30:20,277][root][INFO] - Epoch 449: duration loss = 0.290 | prior loss = 1.206 | diffusion loss = 0.120

[2026-07-12 01:31:49,306][root][INFO] - Epoch 450: duration loss = 0.290 | prior loss = 1.206 | diffusion loss = 0.119

[2026-07-12 01:33:17,567][root][INFO] - Epoch 451: duration loss = 0.289 | prior loss = 1.206 | diffusion loss = 0.119

[2026-07-12 01:34:47,586][root][INFO] - Epoch 452: duration loss = 0.289 | prior loss = 1.206 | diffusion loss = 0.119

[2026-07-12 01:36:17,536][root][INFO] - Epoch 453: duration loss = 0.289 | prior loss = 1.206 | diffusion loss = 0.123

[2026-07-12 01:37:47,578][root][INFO] - Epoch 454: duration loss = 0.289 | prior loss = 1.206 | diffusion loss = 0.121

[2026-07-12 01:39:17,971][root][INFO] - Epoch 455: duration loss = 0.289 | prior loss = 1.206 | diffusion loss = 0.119

[2026-07-12 01:40:48,068][root][INFO] - Epoch 456: duration loss = 0.290 | prior loss = 1.206 | diffusion loss = 0.121

[2026-07-12 01:42:18,441][root][INFO] - Epoch 457: duration loss = 0.289 | prior loss = 1.206 | diffusion loss = 0.121

[2026-07-12 01:43:48,365][root][INFO] - Epoch 458: duration loss = 0.290 | prior loss = 1.206 | diffusion loss = 0.121

[2026-07-12 01:45:17,572][root][INFO] - Epoch 459: duration loss = 0.289 | prior loss = 1.206 | diffusion loss = 0.121

[2026-07-12 01:46:47,498][root][INFO] - Epoch 460: duration loss = 0.289 | prior loss = 1.206 | diffusion loss = 0.120

[2026-07-12 01:48:17,348][root][INFO] - Epoch 461: duration loss = 0.289 | prior loss = 1.206 | diffusion loss = 0.119

[2026-07-12 01:49:46,273][root][INFO] - Epoch 462: duration loss = 0.290 | prior loss = 1.206 | diffusion loss = 0.119

[2026-07-12 01:51:14,085][root][INFO] - Epoch 463: duration loss = 0.289 | prior loss = 1.206 | diffusion loss = 0.120

[2026-07-12 01:52:41,206][root][INFO] - Epoch 464: duration loss = 0.289 | prior loss = 1.206 | diffusion loss = 0.120

[2026-07-12 01:54:09,986][root][INFO] - Epoch 465: duration loss = 0.289 | prior loss = 1.206 | diffusion loss = 0.121

[2026-07-12 01:55:38,507][root][INFO] - Epoch 466: duration loss = 0.289 | prior loss = 1.207 | diffusion loss = 0.121

[2026-07-12 01:57:06,595][root][INFO] - Epoch 467: duration loss = 0.289 | prior loss = 1.206 | diffusion loss = 0.119

[2026-07-12 01:58:36,255][root][INFO] - Epoch 468: duration loss = 0.289 | prior loss = 1.206 | diffusion loss = 0.121

[2026-07-12 02:00:05,810][root][INFO] - Epoch 469: duration loss = 0.289 | prior loss = 1.206 | diffusion loss = 0.122

[2026-07-12 02:01:35,172][root][INFO] - Epoch 470: duration loss = 0.289 | prior loss = 1.206 | diffusion loss = 0.118

[2026-07-12 02:03:04,102][root][INFO] - Epoch 471: duration loss = 0.290 | prior loss = 1.206 | diffusion loss = 0.120

[2026-07-12 02:04:34,437][root][INFO] - Epoch 472: duration loss = 0.289 | prior loss = 1.206 | diffusion loss = 0.121

[2026-07-12 02:06:04,283][root][INFO] - Epoch 473: duration loss = 0.290 | prior loss = 1.206 | diffusion loss = 0.121

[2026-07-12 02:07:34,582][root][INFO] - Epoch 474: duration loss = 0.289 | prior loss = 1.206 | diffusion loss = 0.121

[2026-07-12 02:09:04,400][root][INFO] - Epoch 475: duration loss = 0.290 | prior loss = 1.206 | diffusion loss = 0.121

[2026-07-12 02:10:32,996][root][INFO] - Epoch 476: duration loss = 0.289 | prior loss = 1.206 | diffusion loss = 0.121

[2026-07-12 02:12:01,699][root][INFO] - Epoch 477: duration loss = 0.289 | prior loss = 1.206 | diffusion loss = 0.120

[2026-07-12 02:13:31,605][root][INFO] - Epoch 478: duration loss = 0.289 | prior loss = 1.206 | diffusion loss = 0.119

[2026-07-12 02:15:01,566][root][INFO] - Epoch 479: duration loss = 0.290 | prior loss = 1.206 | diffusion loss = 0.119

[2026-07-12 02:16:31,331][root][INFO] - Epoch 480: duration loss = 0.290 | prior loss = 1.206 | diffusion loss = 0.119

[2026-07-12 02:17:59,787][root][INFO] - Epoch 481: duration loss = 0.290 | prior loss = 1.206 | diffusion loss = 0.121

[2026-07-12 02:19:29,611][root][INFO] - Epoch 482: duration loss = 0.290 | prior loss = 1.206 | diffusion loss = 0.119

[2026-07-12 02:20:58,671][root][INFO] - Epoch 483: duration loss = 0.289 | prior loss = 1.206 | diffusion loss = 0.121

[2026-07-12 02:22:27,018][root][INFO] - Epoch 484: duration loss = 0.289 | prior loss = 1.206 | diffusion loss = 0.119

[2026-07-12 02:23:56,557][root][INFO] - Epoch 485: duration loss = 0.290 | prior loss = 1.206 | diffusion loss = 0.120

[2026-07-12 02:25:26,253][root][INFO] - Epoch 486: duration loss = 0.289 | prior loss = 1.206 | diffusion loss = 0.120

[2026-07-12 02:26:55,339][root][INFO] - Epoch 487: duration loss = 0.289 | prior loss = 1.206 | diffusion loss = 0.121

[2026-07-12 02:28:23,929][root][INFO] - Epoch 488: duration loss = 0.290 | prior loss = 1.206 | diffusion loss = 0.119

[2026-07-12 02:29:53,264][root][INFO] - Epoch 489: duration loss = 0.289 | prior loss = 1.206 | diffusion loss = 0.121

[2026-07-12 02:31:22,509][root][INFO] - Epoch 490: duration loss = 0.290 | prior loss = 1.206 | diffusion loss = 0.120

[2026-07-12 02:32:52,713][root][INFO] - Epoch 491: duration loss = 0.289 | prior loss = 1.206 | diffusion loss = 0.119

[2026-07-12 02:34:21,395][root][INFO] - Epoch 492: duration loss = 0.289 | prior loss = 1.205 | diffusion loss = 0.120

[2026-07-12 02:35:52,077][root][INFO] - Epoch 493: duration loss = 0.289 | prior loss = 1.206 | diffusion loss = 0.119

[2026-07-12 02:37:21,431][root][INFO] - Epoch 494: duration loss = 0.289 | prior loss = 1.206 | diffusion loss = 0.120

[2026-07-12 02:38:51,075][root][INFO] - Epoch 495: duration loss = 0.290 | prior loss = 1.205 | diffusion loss = 0.119

[2026-07-12 02:40:18,305][root][INFO] - Epoch 496: duration loss = 0.289 | prior loss = 1.206 | diffusion loss = 0.119

[2026-07-12 02:41:47,938][root][INFO] - Epoch 497: duration loss = 0.289 | prior loss = 1.206 | diffusion loss = 0.119

[2026-07-12 02:43:16,614][root][INFO] - Epoch 498: duration loss = 0.289 | prior loss = 1.206 | diffusion loss = 0.120

[2026-07-12 02:44:45,240][root][INFO] - Epoch 499: duration loss = 0.289 | prior loss = 1.206 | diffusion loss = 0.119

[2026-07-12 02:46:24,650][root][INFO] - Epoch 500: duration loss = 0.287 | prior loss = 1.204 | diffusion loss = 0.120

[2026-07-12 02:48:05,521][root][INFO] - Epoch 501: duration loss = 0.284 | prior loss = 1.202 | diffusion loss = 0.120

[2026-07-12 02:49:45,146][root][INFO] - Epoch 502: duration loss = 0.284 | prior loss = 1.202 | diffusion loss = 0.118

[2026-07-12 02:51:25,035][root][INFO] - Epoch 503: duration loss = 0.283 | prior loss = 1.201 | diffusion loss = 0.120

[2026-07-12 02:53:04,629][root][INFO] - Epoch 504: duration loss = 0.283 | prior loss = 1.201 | diffusion loss = 0.120

[2026-07-12 02:54:44,658][root][INFO] - Epoch 505: duration loss = 0.282 | prior loss = 1.200 | diffusion loss = 0.118

[2026-07-12 02:56:24,265][root][INFO] - Epoch 506: duration loss = 0.282 | prior loss = 1.200 | diffusion loss = 0.120

[2026-07-12 02:58:04,750][root][INFO] - Epoch 507: duration loss = 0.282 | prior loss = 1.200 | diffusion loss = 0.117

[2026-07-12 02:59:43,837][root][INFO] - Epoch 508: duration loss = 0.282 | prior loss = 1.200 | diffusion loss = 0.117

[2026-07-12 03:01:23,937][root][INFO] - Epoch 509: duration loss = 0.282 | prior loss = 1.200 | diffusion loss = 0.119

[2026-07-12 03:03:04,596][root][INFO] - Epoch 510: duration loss = 0.282 | prior loss = 1.200 | diffusion loss = 0.118

[2026-07-12 03:04:43,797][root][INFO] - Epoch 511: duration loss = 0.281 | prior loss = 1.199 | diffusion loss = 0.118

[2026-07-12 03:06:23,974][root][INFO] - Epoch 512: duration loss = 0.281 | prior loss = 1.199 | diffusion loss = 0.116

[2026-07-12 03:08:03,036][root][INFO] - Epoch 513: duration loss = 0.281 | prior loss = 1.199 | diffusion loss = 0.117

[2026-07-12 03:09:42,559][root][INFO] - Epoch 514: duration loss = 0.280 | prior loss = 1.199 | diffusion loss = 0.119

[2026-07-12 03:11:22,343][root][INFO] - Epoch 515: duration loss = 0.281 | prior loss = 1.199 | diffusion loss = 0.119

[2026-07-12 03:13:02,988][root][INFO] - Epoch 516: duration loss = 0.281 | prior loss = 1.199 | diffusion loss = 0.116

[2026-07-12 03:14:41,967][root][INFO] - Epoch 517: duration loss = 0.281 | prior loss = 1.200 | diffusion loss = 0.117

[2026-07-12 03:16:21,930][root][INFO] - Epoch 518: duration loss = 0.281 | prior loss = 1.198 | diffusion loss = 0.117

[2026-07-12 03:18:01,618][root][INFO] - Epoch 519: duration loss = 0.280 | prior loss = 1.199 | diffusion loss = 0.119

[2026-07-12 03:19:41,031][root][INFO] - Epoch 520: duration loss = 0.281 | prior loss = 1.198 | diffusion loss = 0.117

[2026-07-12 03:21:20,763][root][INFO] - Epoch 521: duration loss = 0.280 | prior loss = 1.198 | diffusion loss = 0.117

[2026-07-12 03:23:00,748][root][INFO] - Epoch 522: duration loss = 0.280 | prior loss = 1.198 | diffusion loss = 0.117

[2026-07-12 03:24:41,026][root][INFO] - Epoch 523: duration loss = 0.280 | prior loss = 1.198 | diffusion loss = 0.116

[2026-07-12 03:26:22,068][root][INFO] - Epoch 524: duration loss = 0.280 | prior loss = 1.198 | diffusion loss = 0.117

[2026-07-12 03:28:02,607][root][INFO] - Epoch 525: duration loss = 0.280 | prior loss = 1.198 | diffusion loss = 0.117

[2026-07-12 03:29:42,580][root][INFO] - Epoch 526: duration loss = 0.280 | prior loss = 1.198 | diffusion loss = 0.116

[2026-07-12 03:31:22,291][root][INFO] - Epoch 527: duration loss = 0.280 | prior loss = 1.198 | diffusion loss = 0.117

[2026-07-12 03:33:01,884][root][INFO] - Epoch 528: duration loss = 0.279 | prior loss = 1.198 | diffusion loss = 0.117

[2026-07-12 03:34:42,141][root][INFO] - Epoch 529: duration loss = 0.280 | prior loss = 1.198 | diffusion loss = 0.116

[2026-07-12 03:36:22,779][root][INFO] - Epoch 530: duration loss = 0.280 | prior loss = 1.198 | diffusion loss = 0.118

[2026-07-12 03:38:04,152][root][INFO] - Epoch 531: duration loss = 0.280 | prior loss = 1.198 | diffusion loss = 0.116

[2026-07-12 03:39:44,495][root][INFO] - Epoch 532: duration loss = 0.279 | prior loss = 1.198 | diffusion loss = 0.116

[2026-07-12 03:41:23,813][root][INFO] - Epoch 533: duration loss = 0.280 | prior loss = 1.198 | diffusion loss = 0.117

[2026-07-12 03:43:03,799][root][INFO] - Epoch 534: duration loss = 0.280 | prior loss = 1.198 | diffusion loss = 0.119

[2026-07-12 03:44:44,124][root][INFO] - Epoch 535: duration loss = 0.280 | prior loss = 1.198 | diffusion loss = 0.118

[2026-07-12 03:46:24,165][root][INFO] - Epoch 536: duration loss = 0.279 | prior loss = 1.197 | diffusion loss = 0.115

[2026-07-12 03:48:03,989][root][INFO] - Epoch 537: duration loss = 0.279 | prior loss = 1.197 | diffusion loss = 0.116

[2026-07-12 03:49:43,796][root][INFO] - Epoch 538: duration loss = 0.280 | prior loss = 1.197 | diffusion loss = 0.119

[2026-07-12 03:51:22,748][root][INFO] - Epoch 539: duration loss = 0.280 | prior loss = 1.197 | diffusion loss = 0.117

[2026-07-12 03:53:01,530][root][INFO] - Epoch 540: duration loss = 0.279 | prior loss = 1.197 | diffusion loss = 0.117

[2026-07-12 03:54:41,234][root][INFO] - Epoch 541: duration loss = 0.278 | prior loss = 1.198 | diffusion loss = 0.117

[2026-07-12 03:56:20,693][root][INFO] - Epoch 542: duration loss = 0.279 | prior loss = 1.197 | diffusion loss = 0.117

[2026-07-12 03:57:59,741][root][INFO] - Epoch 543: duration loss = 0.280 | prior loss = 1.197 | diffusion loss = 0.118

[2026-07-12 03:59:38,809][root][INFO] - Epoch 544: duration loss = 0.279 | prior loss = 1.197 | diffusion loss = 0.118

[2026-07-12 04:01:18,627][root][INFO] - Epoch 545: duration loss = 0.279 | prior loss = 1.197 | diffusion loss = 0.118

[2026-07-12 04:02:58,121][root][INFO] - Epoch 546: duration loss = 0.280 | prior loss = 1.197 | diffusion loss = 0.117

[2026-07-12 04:04:37,610][root][INFO] - Epoch 547: duration loss = 0.279 | prior loss = 1.197 | diffusion loss = 0.116

[2026-07-12 04:06:17,456][root][INFO] - Epoch 548: duration loss = 0.279 | prior loss = 1.197 | diffusion loss = 0.117

[2026-07-12 04:07:56,701][root][INFO] - Epoch 549: duration loss = 0.279 | prior loss = 1.197 | diffusion loss = 0.116

[2026-07-12 04:09:36,673][root][INFO] - Epoch 550: duration loss = 0.279 | prior loss = 1.197 | diffusion loss = 0.116

[2026-07-12 04:11:17,689][root][INFO] - Epoch 551: duration loss = 0.279 | prior loss = 1.197 | diffusion loss = 0.117

[2026-07-12 04:12:57,207][root][INFO] - Epoch 552: duration loss = 0.279 | prior loss = 1.197 | diffusion loss = 0.115

[2026-07-12 04:14:36,635][root][INFO] - Epoch 553: duration loss = 0.279 | prior loss = 1.197 | diffusion loss = 0.117

[2026-07-12 04:16:16,790][root][INFO] - Epoch 554: duration loss = 0.278 | prior loss = 1.197 | diffusion loss = 0.115

[2026-07-12 04:17:56,567][root][INFO] - Epoch 555: duration loss = 0.278 | prior loss = 1.197 | diffusion loss = 0.116

[2026-07-12 04:19:37,213][root][INFO] - Epoch 556: duration loss = 0.279 | prior loss = 1.196 | diffusion loss = 0.119

[2026-07-12 04:21:17,768][root][INFO] - Epoch 557: duration loss = 0.279 | prior loss = 1.196 | diffusion loss = 0.116

[2026-07-12 04:22:57,400][root][INFO] - Epoch 558: duration loss = 0.278 | prior loss = 1.196 | diffusion loss = 0.116

[2026-07-12 04:24:36,973][root][INFO] - Epoch 559: duration loss = 0.279 | prior loss = 1.196 | diffusion loss = 0.117

[2026-07-12 04:26:17,197][root][INFO] - Epoch 560: duration loss = 0.278 | prior loss = 1.197 | diffusion loss = 0.115

[2026-07-12 04:27:58,239][root][INFO] - Epoch 561: duration loss = 0.278 | prior loss = 1.196 | diffusion loss = 0.114

[2026-07-12 04:29:38,734][root][INFO] - Epoch 562: duration loss = 0.278 | prior loss = 1.196 | diffusion loss = 0.117

[2026-07-12 04:31:19,466][root][INFO] - Epoch 563: duration loss = 0.279 | prior loss = 1.196 | diffusion loss = 0.116

[2026-07-12 04:33:00,238][root][INFO] - Epoch 564: duration loss = 0.279 | prior loss = 1.196 | diffusion loss = 0.115

[2026-07-12 04:34:40,983][root][INFO] - Epoch 565: duration loss = 0.278 | prior loss = 1.196 | diffusion loss = 0.116

[2026-07-12 04:36:21,435][root][INFO] - Epoch 566: duration loss = 0.278 | prior loss = 1.197 | diffusion loss = 0.115

[2026-07-12 04:38:01,910][root][INFO] - Epoch 567: duration loss = 0.278 | prior loss = 1.196 | diffusion loss = 0.117

[2026-07-12 04:39:42,807][root][INFO] - Epoch 568: duration loss = 0.278 | prior loss = 1.197 | diffusion loss = 0.116

[2026-07-12 04:41:23,015][root][INFO] - Epoch 569: duration loss = 0.278 | prior loss = 1.197 | diffusion loss = 0.117

[2026-07-12 04:43:03,198][root][INFO] - Epoch 570: duration loss = 0.278 | prior loss = 1.196 | diffusion loss = 0.115

[2026-07-12 04:44:43,556][root][INFO] - Epoch 571: duration loss = 0.278 | prior loss = 1.197 | diffusion loss = 0.115

[2026-07-12 04:46:24,486][root][INFO] - Epoch 572: duration loss = 0.278 | prior loss = 1.196 | diffusion loss = 0.115

[2026-07-12 04:48:04,947][root][INFO] - Epoch 573: duration loss = 0.278 | prior loss = 1.196 | diffusion loss = 0.115

[2026-07-12 04:49:45,392][root][INFO] - Epoch 574: duration loss = 0.279 | prior loss = 1.196 | diffusion loss = 0.115

[2026-07-12 04:51:25,281][root][INFO] - Epoch 575: duration loss = 0.278 | prior loss = 1.197 | diffusion loss = 0.114

[2026-07-12 04:53:05,702][root][INFO] - Epoch 576: duration loss = 0.278 | prior loss = 1.196 | diffusion loss = 0.118

[2026-07-12 04:54:46,167][root][INFO] - Epoch 577: duration loss = 0.278 | prior loss = 1.196 | diffusion loss = 0.117

[2026-07-12 04:56:27,494][root][INFO] - Epoch 578: duration loss = 0.278 | prior loss = 1.196 | diffusion loss = 0.118

[2026-07-12 04:58:08,494][root][INFO] - Epoch 579: duration loss = 0.278 | prior loss = 1.197 | diffusion loss = 0.116

[2026-07-12 04:59:49,305][root][INFO] - Epoch 580: duration loss = 0.278 | prior loss = 1.196 | diffusion loss = 0.118

[2026-07-12 05:01:31,366][root][INFO] - Epoch 581: duration loss = 0.278 | prior loss = 1.196 | diffusion loss = 0.114

[2026-07-12 05:03:12,013][root][INFO] - Epoch 582: duration loss = 0.278 | prior loss = 1.196 | diffusion loss = 0.116

[2026-07-12 05:04:53,614][root][INFO] - Epoch 583: duration loss = 0.278 | prior loss = 1.196 | diffusion loss = 0.118

[2026-07-12 05:06:33,869][root][INFO] - Epoch 584: duration loss = 0.278 | prior loss = 1.196 | diffusion loss = 0.115

[2026-07-12 05:08:14,019][root][INFO] - Epoch 585: duration loss = 0.278 | prior loss = 1.196 | diffusion loss = 0.117

[2026-07-12 05:09:55,283][root][INFO] - Epoch 586: duration loss = 0.278 | prior loss = 1.196 | diffusion loss = 0.115

[2026-07-12 05:11:36,089][root][INFO] - Epoch 587: duration loss = 0.278 | prior loss = 1.196 | diffusion loss = 0.118

[2026-07-12 05:13:16,435][root][INFO] - Epoch 588: duration loss = 0.278 | prior loss = 1.196 | diffusion loss = 0.118

[2026-07-12 05:14:56,277][root][INFO] - Epoch 589: duration loss = 0.277 | prior loss = 1.196 | diffusion loss = 0.116

[2026-07-12 05:16:36,753][root][INFO] - Epoch 590: duration loss = 0.277 | prior loss = 1.196 | diffusion loss = 0.115

[2026-07-12 05:18:17,463][root][INFO] - Epoch 591: duration loss = 0.278 | prior loss = 1.196 | diffusion loss = 0.114

[2026-07-12 05:19:58,155][root][INFO] - Epoch 592: duration loss = 0.278 | prior loss = 1.196 | diffusion loss = 0.115

[2026-07-12 05:21:39,495][root][INFO] - Epoch 593: duration loss = 0.278 | prior loss = 1.196 | diffusion loss = 0.117

[2026-07-12 05:23:19,953][root][INFO] - Epoch 594: duration loss = 0.278 | prior loss = 1.196 | diffusion loss = 0.116

[2026-07-12 05:25:01,169][root][INFO] - Epoch 595: duration loss = 0.278 | prior loss = 1.195 | diffusion loss = 0.116

[2026-07-12 05:26:42,163][root][INFO] - Epoch 596: duration loss = 0.277 | prior loss = 1.196 | diffusion loss = 0.115

[2026-07-12 05:28:22,406][root][INFO] - Epoch 597: duration loss = 0.278 | prior loss = 1.195 | diffusion loss = 0.117

[2026-07-12 05:30:03,061][root][INFO] - Epoch 598: duration loss = 0.278 | prior loss = 1.196 | diffusion loss = 0.116

[2026-07-12 05:31:43,867][root][INFO] - Epoch 599: duration loss = 0.277 | prior loss = 1.195 | diffusion loss = 0.114

