[2026-08-01 01:25:29,245][root][INFO] - Initializing logger...
[2026-08-01 01:25:29,248][root][INFO] - Initializing data loaders...
[2026-08-01 01:25:30,137][root][INFO] - Initializing model...
[2026-08-01 01:25:30,706][root][INFO] - Number of encoder parameters = 7.20m
[2026-08-01 01:25:30,715][root][INFO] - Number of decoder parameters = 7.63m
[2026-08-01 01:25:31,075][root][INFO] - Initializing optimizer...
[2026-08-01 01:25:33,765][root][INFO] - Start training...
[2026-08-01 01:28:30,120][root][INFO] - Epoch 1: duration loss = 0.289 | prior loss = 1.206 | diffusion loss = 7.511

[2026-08-01 01:30:09,998][root][INFO] - Epoch 2: duration loss = 0.290 | prior loss = 1.206 | diffusion loss = 2.612

[2026-08-01 01:31:48,255][root][INFO] - Epoch 3: duration loss = 0.290 | prior loss = 1.206 | diffusion loss = 0.524

[2026-08-01 01:33:29,076][root][INFO] - Epoch 4: duration loss = 0.289 | prior loss = 1.206 | diffusion loss = 0.195

[2026-08-01 01:35:10,528][root][INFO] - Epoch 5: duration loss = 0.290 | prior loss = 1.206 | diffusion loss = 0.171

[2026-08-01 01:36:50,051][root][INFO] - Epoch 6: duration loss = 0.289 | prior loss = 1.206 | diffusion loss = 0.160

[2026-08-01 01:38:29,580][root][INFO] - Epoch 7: duration loss = 0.290 | prior loss = 1.206 | diffusion loss = 0.156

[2026-08-01 01:40:11,712][root][INFO] - Epoch 8: duration loss = 0.289 | prior loss = 1.206 | diffusion loss = 0.151

[2026-08-01 01:41:53,883][root][INFO] - Epoch 9: duration loss = 0.289 | prior loss = 1.206 | diffusion loss = 0.148

[2026-08-01 01:43:36,392][root][INFO] - Epoch 10: duration loss = 0.289 | prior loss = 1.206 | diffusion loss = 0.146

[2026-08-01 01:45:18,092][root][INFO] - Epoch 11: duration loss = 0.289 | prior loss = 1.206 | diffusion loss = 0.145

[2026-08-01 01:47:00,279][root][INFO] - Epoch 12: duration loss = 0.289 | prior loss = 1.206 | diffusion loss = 0.143

[2026-08-01 01:48:40,605][root][INFO] - Epoch 13: duration loss = 0.290 | prior loss = 1.206 | diffusion loss = 0.139

[2026-08-01 01:50:23,472][root][INFO] - Epoch 14: duration loss = 0.290 | prior loss = 1.206 | diffusion loss = 0.139

[2026-08-01 01:52:04,106][root][INFO] - Epoch 15: duration loss = 0.289 | prior loss = 1.206 | diffusion loss = 0.139

[2026-08-01 01:53:46,274][root][INFO] - Epoch 16: duration loss = 0.289 | prior loss = 1.206 | diffusion loss = 0.138

[2026-08-01 01:55:28,613][root][INFO] - Epoch 17: duration loss = 0.289 | prior loss = 1.205 | diffusion loss = 0.138

[2026-08-01 01:57:10,905][root][INFO] - Epoch 18: duration loss = 0.289 | prior loss = 1.206 | diffusion loss = 0.138

[2026-08-01 01:58:53,189][root][INFO] - Epoch 19: duration loss = 0.289 | prior loss = 1.206 | diffusion loss = 0.136

[2026-08-01 02:00:34,455][root][INFO] - Epoch 20: duration loss = 0.290 | prior loss = 1.206 | diffusion loss = 0.137

[2026-08-01 02:02:16,875][root][INFO] - Epoch 21: duration loss = 0.289 | prior loss = 1.206 | diffusion loss = 0.136

[2026-08-01 02:03:59,564][root][INFO] - Epoch 22: duration loss = 0.290 | prior loss = 1.206 | diffusion loss = 0.135

[2026-08-01 02:05:41,998][root][INFO] - Epoch 23: duration loss = 0.289 | prior loss = 1.206 | diffusion loss = 0.135

[2026-08-01 02:07:25,226][root][INFO] - Epoch 24: duration loss = 0.289 | prior loss = 1.206 | diffusion loss = 0.134

[2026-08-01 02:09:07,336][root][INFO] - Epoch 25: duration loss = 0.289 | prior loss = 1.206 | diffusion loss = 0.134

[2026-08-01 02:10:49,874][root][INFO] - Epoch 26: duration loss = 0.289 | prior loss = 1.205 | diffusion loss = 0.131

[2026-08-01 02:12:31,354][root][INFO] - Epoch 27: duration loss = 0.290 | prior loss = 1.206 | diffusion loss = 0.132

[2026-08-01 02:14:13,395][root][INFO] - Epoch 28: duration loss = 0.289 | prior loss = 1.206 | diffusion loss = 0.131

[2026-08-01 02:15:53,924][root][INFO] - Epoch 29: duration loss = 0.289 | prior loss = 1.206 | diffusion loss = 0.131

[2026-08-01 02:17:33,864][root][INFO] - Epoch 30: duration loss = 0.289 | prior loss = 1.206 | diffusion loss = 0.130

[2026-08-01 02:19:15,319][root][INFO] - Epoch 31: duration loss = 0.290 | prior loss = 1.206 | diffusion loss = 0.129

[2026-08-01 02:20:58,438][root][INFO] - Epoch 32: duration loss = 0.289 | prior loss = 1.206 | diffusion loss = 0.131

[2026-08-01 02:22:39,550][root][INFO] - Epoch 33: duration loss = 0.289 | prior loss = 1.206 | diffusion loss = 0.131

[2026-08-01 02:24:22,343][root][INFO] - Epoch 34: duration loss = 0.289 | prior loss = 1.206 | diffusion loss = 0.131

[2026-08-01 02:26:04,297][root][INFO] - Epoch 35: duration loss = 0.290 | prior loss = 1.206 | diffusion loss = 0.129

[2026-08-01 02:27:46,008][root][INFO] - Epoch 36: duration loss = 0.289 | prior loss = 1.206 | diffusion loss = 0.131

[2026-08-01 02:29:28,615][root][INFO] - Epoch 37: duration loss = 0.289 | prior loss = 1.206 | diffusion loss = 0.130

[2026-08-01 02:31:09,060][root][INFO] - Epoch 38: duration loss = 0.290 | prior loss = 1.206 | diffusion loss = 0.128

[2026-08-01 02:32:50,466][root][INFO] - Epoch 39: duration loss = 0.289 | prior loss = 1.206 | diffusion loss = 0.129

[2026-08-01 02:34:30,985][root][INFO] - Epoch 40: duration loss = 0.290 | prior loss = 1.206 | diffusion loss = 0.128

[2026-08-01 02:36:13,140][root][INFO] - Epoch 41: duration loss = 0.289 | prior loss = 1.206 | diffusion loss = 0.129

[2026-08-01 02:37:54,135][root][INFO] - Epoch 42: duration loss = 0.289 | prior loss = 1.206 | diffusion loss = 0.127

[2026-08-01 02:39:34,542][root][INFO] - Epoch 43: duration loss = 0.289 | prior loss = 1.206 | diffusion loss = 0.129

[2026-08-01 02:41:16,103][root][INFO] - Epoch 44: duration loss = 0.289 | prior loss = 1.206 | diffusion loss = 0.126

[2026-08-01 02:42:55,841][root][INFO] - Epoch 45: duration loss = 0.290 | prior loss = 1.206 | diffusion loss = 0.127

[2026-08-01 02:44:37,913][root][INFO] - Epoch 46: duration loss = 0.290 | prior loss = 1.206 | diffusion loss = 0.126

[2026-08-01 02:46:20,421][root][INFO] - Epoch 47: duration loss = 0.290 | prior loss = 1.206 | diffusion loss = 0.128

[2026-08-01 02:48:02,611][root][INFO] - Epoch 48: duration loss = 0.290 | prior loss = 1.206 | diffusion loss = 0.126

[2026-08-01 02:49:47,420][root][INFO] - Epoch 49: duration loss = 0.289 | prior loss = 1.206 | diffusion loss = 0.127

[2026-08-01 02:51:29,919][root][INFO] - Epoch 50: duration loss = 0.289 | prior loss = 1.206 | diffusion loss = 0.127

[2026-08-01 02:53:11,840][root][INFO] - Epoch 51: duration loss = 0.289 | prior loss = 1.206 | diffusion loss = 0.126

[2026-08-01 02:54:54,261][root][INFO] - Epoch 52: duration loss = 0.289 | prior loss = 1.206 | diffusion loss = 0.127

[2026-08-01 02:56:36,861][root][INFO] - Epoch 53: duration loss = 0.290 | prior loss = 1.206 | diffusion loss = 0.128

[2026-08-01 02:58:19,222][root][INFO] - Epoch 54: duration loss = 0.290 | prior loss = 1.206 | diffusion loss = 0.125

[2026-08-01 03:00:00,382][root][INFO] - Epoch 55: duration loss = 0.289 | prior loss = 1.206 | diffusion loss = 0.125

[2026-08-01 03:01:38,761][root][INFO] - Epoch 56: duration loss = 0.290 | prior loss = 1.206 | diffusion loss = 0.125

[2026-08-01 03:03:18,762][root][INFO] - Epoch 57: duration loss = 0.290 | prior loss = 1.206 | diffusion loss = 0.126

[2026-08-01 03:05:01,574][root][INFO] - Epoch 58: duration loss = 0.289 | prior loss = 1.206 | diffusion loss = 0.125

[2026-08-01 03:06:45,200][root][INFO] - Epoch 59: duration loss = 0.290 | prior loss = 1.206 | diffusion loss = 0.125

[2026-08-01 03:08:27,303][root][INFO] - Epoch 60: duration loss = 0.289 | prior loss = 1.206 | diffusion loss = 0.124

[2026-08-01 03:10:05,778][root][INFO] - Epoch 61: duration loss = 0.289 | prior loss = 1.206 | diffusion loss = 0.123

[2026-08-01 03:11:49,413][root][INFO] - Epoch 62: duration loss = 0.289 | prior loss = 1.206 | diffusion loss = 0.125

[2026-08-01 03:13:28,205][root][INFO] - Epoch 63: duration loss = 0.289 | prior loss = 1.206 | diffusion loss = 0.125

[2026-08-01 03:15:09,818][root][INFO] - Epoch 64: duration loss = 0.289 | prior loss = 1.206 | diffusion loss = 0.124

[2026-08-01 03:16:49,915][root][INFO] - Epoch 65: duration loss = 0.289 | prior loss = 1.206 | diffusion loss = 0.124

[2026-08-01 03:18:32,066][root][INFO] - Epoch 66: duration loss = 0.289 | prior loss = 1.206 | diffusion loss = 0.126

[2026-08-01 03:20:14,480][root][INFO] - Epoch 67: duration loss = 0.290 | prior loss = 1.206 | diffusion loss = 0.124

[2026-08-01 03:21:54,977][root][INFO] - Epoch 68: duration loss = 0.289 | prior loss = 1.206 | diffusion loss = 0.123

[2026-08-01 03:23:35,843][root][INFO] - Epoch 69: duration loss = 0.289 | prior loss = 1.206 | diffusion loss = 0.123

[2026-08-01 03:25:18,406][root][INFO] - Epoch 70: duration loss = 0.289 | prior loss = 1.206 | diffusion loss = 0.124

[2026-08-01 03:27:00,373][root][INFO] - Epoch 71: duration loss = 0.290 | prior loss = 1.206 | diffusion loss = 0.124

[2026-08-01 03:28:39,145][root][INFO] - Epoch 72: duration loss = 0.289 | prior loss = 1.206 | diffusion loss = 0.123

[2026-08-01 03:30:17,473][root][INFO] - Epoch 73: duration loss = 0.289 | prior loss = 1.206 | diffusion loss = 0.123

[2026-08-01 03:31:57,348][root][INFO] - Epoch 74: duration loss = 0.290 | prior loss = 1.206 | diffusion loss = 0.123

[2026-08-01 03:33:39,002][root][INFO] - Epoch 75: duration loss = 0.289 | prior loss = 1.206 | diffusion loss = 0.123

[2026-08-01 03:35:19,972][root][INFO] - Epoch 76: duration loss = 0.290 | prior loss = 1.206 | diffusion loss = 0.123

[2026-08-01 03:37:01,324][root][INFO] - Epoch 77: duration loss = 0.290 | prior loss = 1.206 | diffusion loss = 0.124

[2026-08-01 03:38:42,770][root][INFO] - Epoch 78: duration loss = 0.289 | prior loss = 1.206 | diffusion loss = 0.124

[2026-08-01 03:40:25,489][root][INFO] - Epoch 79: duration loss = 0.289 | prior loss = 1.206 | diffusion loss = 0.122

[2026-08-01 03:42:07,191][root][INFO] - Epoch 80: duration loss = 0.290 | prior loss = 1.206 | diffusion loss = 0.122

[2026-08-01 03:43:46,611][root][INFO] - Epoch 81: duration loss = 0.289 | prior loss = 1.206 | diffusion loss = 0.122

[2026-08-01 03:45:24,452][root][INFO] - Epoch 82: duration loss = 0.290 | prior loss = 1.206 | diffusion loss = 0.124

[2026-08-01 03:47:05,875][root][INFO] - Epoch 83: duration loss = 0.290 | prior loss = 1.206 | diffusion loss = 0.121

[2026-08-01 03:48:45,920][root][INFO] - Epoch 84: duration loss = 0.289 | prior loss = 1.206 | diffusion loss = 0.122

[2026-08-01 03:50:27,690][root][INFO] - Epoch 85: duration loss = 0.290 | prior loss = 1.206 | diffusion loss = 0.123

[2026-08-01 03:52:08,358][root][INFO] - Epoch 86: duration loss = 0.289 | prior loss = 1.206 | diffusion loss = 0.121

[2026-08-01 03:53:53,386][root][INFO] - Epoch 87: duration loss = 0.290 | prior loss = 1.206 | diffusion loss = 0.123

[2026-08-01 03:55:35,576][root][INFO] - Epoch 88: duration loss = 0.289 | prior loss = 1.206 | diffusion loss = 0.124

[2026-08-01 03:57:17,470][root][INFO] - Epoch 89: duration loss = 0.289 | prior loss = 1.206 | diffusion loss = 0.122

[2026-08-01 03:59:01,009][root][INFO] - Epoch 90: duration loss = 0.289 | prior loss = 1.206 | diffusion loss = 0.121

[2026-08-01 04:00:42,968][root][INFO] - Epoch 91: duration loss = 0.290 | prior loss = 1.206 | diffusion loss = 0.123

[2026-08-01 04:02:24,753][root][INFO] - Epoch 92: duration loss = 0.290 | prior loss = 1.206 | diffusion loss = 0.122

[2026-08-01 04:04:07,959][root][INFO] - Epoch 93: duration loss = 0.289 | prior loss = 1.206 | diffusion loss = 0.122

[2026-08-01 04:05:49,932][root][INFO] - Epoch 94: duration loss = 0.289 | prior loss = 1.206 | diffusion loss = 0.122

[2026-08-01 04:07:32,308][root][INFO] - Epoch 95: duration loss = 0.290 | prior loss = 1.206 | diffusion loss = 0.122

[2026-08-01 04:09:15,742][root][INFO] - Epoch 96: duration loss = 0.290 | prior loss = 1.206 | diffusion loss = 0.122

[2026-08-01 04:10:59,417][root][INFO] - Epoch 97: duration loss = 0.290 | prior loss = 1.206 | diffusion loss = 0.121

[2026-08-01 04:12:41,143][root][INFO] - Epoch 98: duration loss = 0.289 | prior loss = 1.206 | diffusion loss = 0.122

[2026-08-01 04:14:22,235][root][INFO] - Epoch 99: duration loss = 0.290 | prior loss = 1.207 | diffusion loss = 0.122

[2026-08-01 04:16:04,722][root][INFO] - Epoch 100: duration loss = 0.290 | prior loss = 1.206 | diffusion loss = 0.121

[2026-08-01 04:17:46,087][root][INFO] - Epoch 101: duration loss = 0.289 | prior loss = 1.206 | diffusion loss = 0.123

[2026-08-01 04:19:27,870][root][INFO] - Epoch 102: duration loss = 0.290 | prior loss = 1.206 | diffusion loss = 0.121

[2026-08-01 04:21:09,855][root][INFO] - Epoch 103: duration loss = 0.289 | prior loss = 1.206 | diffusion loss = 0.121

[2026-08-01 04:22:51,592][root][INFO] - Epoch 104: duration loss = 0.289 | prior loss = 1.206 | diffusion loss = 0.122

[2026-08-01 04:24:33,398][root][INFO] - Epoch 105: duration loss = 0.289 | prior loss = 1.206 | diffusion loss = 0.120

[2026-08-01 04:26:15,174][root][INFO] - Epoch 106: duration loss = 0.290 | prior loss = 1.206 | diffusion loss = 0.121

[2026-08-01 04:27:56,759][root][INFO] - Epoch 107: duration loss = 0.289 | prior loss = 1.206 | diffusion loss = 0.122

[2026-08-01 04:29:38,928][root][INFO] - Epoch 108: duration loss = 0.289 | prior loss = 1.206 | diffusion loss = 0.120

[2026-08-01 04:31:19,291][root][INFO] - Epoch 109: duration loss = 0.289 | prior loss = 1.206 | diffusion loss = 0.119

[2026-08-01 04:32:59,949][root][INFO] - Epoch 110: duration loss = 0.289 | prior loss = 1.206 | diffusion loss = 0.120

[2026-08-01 04:34:43,860][root][INFO] - Epoch 111: duration loss = 0.289 | prior loss = 1.206 | diffusion loss = 0.122

[2026-08-01 04:36:24,752][root][INFO] - Epoch 112: duration loss = 0.289 | prior loss = 1.206 | diffusion loss = 0.121

[2026-08-01 04:38:05,449][root][INFO] - Epoch 113: duration loss = 0.289 | prior loss = 1.206 | diffusion loss = 0.119

[2026-08-01 04:39:46,744][root][INFO] - Epoch 114: duration loss = 0.289 | prior loss = 1.206 | diffusion loss = 0.121

[2026-08-01 04:41:28,469][root][INFO] - Epoch 115: duration loss = 0.289 | prior loss = 1.206 | diffusion loss = 0.121

[2026-08-01 04:43:09,118][root][INFO] - Epoch 116: duration loss = 0.289 | prior loss = 1.206 | diffusion loss = 0.120

[2026-08-01 04:44:49,792][root][INFO] - Epoch 117: duration loss = 0.289 | prior loss = 1.206 | diffusion loss = 0.121

[2026-08-01 04:46:31,814][root][INFO] - Epoch 118: duration loss = 0.290 | prior loss = 1.206 | diffusion loss = 0.120

[2026-08-01 04:48:13,207][root][INFO] - Epoch 119: duration loss = 0.289 | prior loss = 1.206 | diffusion loss = 0.120

[2026-08-01 04:49:54,489][root][INFO] - Epoch 120: duration loss = 0.290 | prior loss = 1.206 | diffusion loss = 0.120

[2026-08-01 04:51:34,722][root][INFO] - Epoch 121: duration loss = 0.290 | prior loss = 1.206 | diffusion loss = 0.119

[2026-08-01 04:53:14,781][root][INFO] - Epoch 122: duration loss = 0.289 | prior loss = 1.206 | diffusion loss = 0.121

[2026-08-01 04:54:56,096][root][INFO] - Epoch 123: duration loss = 0.289 | prior loss = 1.206 | diffusion loss = 0.121

[2026-08-01 04:56:37,229][root][INFO] - Epoch 124: duration loss = 0.289 | prior loss = 1.206 | diffusion loss = 0.120

[2026-08-01 04:58:18,583][root][INFO] - Epoch 125: duration loss = 0.289 | prior loss = 1.206 | diffusion loss = 0.120

[2026-08-01 04:59:58,624][root][INFO] - Epoch 126: duration loss = 0.290 | prior loss = 1.206 | diffusion loss = 0.121

[2026-08-01 05:01:40,615][root][INFO] - Epoch 127: duration loss = 0.289 | prior loss = 1.206 | diffusion loss = 0.119

[2026-08-01 05:03:22,105][root][INFO] - Epoch 128: duration loss = 0.289 | prior loss = 1.206 | diffusion loss = 0.119

[2026-08-01 05:05:05,136][root][INFO] - Epoch 129: duration loss = 0.290 | prior loss = 1.206 | diffusion loss = 0.120

[2026-08-01 05:06:46,408][root][INFO] - Epoch 130: duration loss = 0.289 | prior loss = 1.206 | diffusion loss = 0.119

[2026-08-01 05:08:29,507][root][INFO] - Epoch 131: duration loss = 0.289 | prior loss = 1.206 | diffusion loss = 0.121

[2026-08-01 05:10:10,900][root][INFO] - Epoch 132: duration loss = 0.289 | prior loss = 1.206 | diffusion loss = 0.121

[2026-08-01 05:11:52,868][root][INFO] - Epoch 133: duration loss = 0.289 | prior loss = 1.206 | diffusion loss = 0.120

[2026-08-01 05:13:34,673][root][INFO] - Epoch 134: duration loss = 0.290 | prior loss = 1.206 | diffusion loss = 0.121

[2026-08-01 05:15:17,201][root][INFO] - Epoch 135: duration loss = 0.289 | prior loss = 1.206 | diffusion loss = 0.120

[2026-08-01 05:16:58,182][root][INFO] - Epoch 136: duration loss = 0.289 | prior loss = 1.206 | diffusion loss = 0.119

[2026-08-01 05:18:39,292][root][INFO] - Epoch 137: duration loss = 0.289 | prior loss = 1.206 | diffusion loss = 0.120

[2026-08-01 05:20:20,462][root][INFO] - Epoch 138: duration loss = 0.290 | prior loss = 1.206 | diffusion loss = 0.120

[2026-08-01 05:22:02,905][root][INFO] - Epoch 139: duration loss = 0.289 | prior loss = 1.206 | diffusion loss = 0.118

[2026-08-01 05:23:45,065][root][INFO] - Epoch 140: duration loss = 0.289 | prior loss = 1.206 | diffusion loss = 0.120

[2026-08-01 05:25:26,146][root][INFO] - Epoch 141: duration loss = 0.290 | prior loss = 1.206 | diffusion loss = 0.119

[2026-08-01 05:27:09,107][root][INFO] - Epoch 142: duration loss = 0.290 | prior loss = 1.206 | diffusion loss = 0.119

[2026-08-01 05:28:51,791][root][INFO] - Epoch 143: duration loss = 0.290 | prior loss = 1.206 | diffusion loss = 0.121

[2026-08-01 05:30:35,057][root][INFO] - Epoch 144: duration loss = 0.290 | prior loss = 1.206 | diffusion loss = 0.119

[2026-08-01 05:32:16,443][root][INFO] - Epoch 145: duration loss = 0.289 | prior loss = 1.206 | diffusion loss = 0.119

[2026-08-01 05:34:00,155][root][INFO] - Epoch 146: duration loss = 0.289 | prior loss = 1.206 | diffusion loss = 0.117

[2026-08-01 05:35:42,890][root][INFO] - Epoch 147: duration loss = 0.289 | prior loss = 1.206 | diffusion loss = 0.119

[2026-08-01 05:37:24,831][root][INFO] - Epoch 148: duration loss = 0.289 | prior loss = 1.206 | diffusion loss = 0.118

[2026-08-01 05:39:07,236][root][INFO] - Epoch 149: duration loss = 0.290 | prior loss = 1.206 | diffusion loss = 0.120

[2026-08-01 05:40:48,812][root][INFO] - Epoch 150: duration loss = 0.290 | prior loss = 1.206 | diffusion loss = 0.118

[2026-08-01 05:42:29,019][root][INFO] - Epoch 151: duration loss = 0.289 | prior loss = 1.206 | diffusion loss = 0.117

[2026-08-01 05:44:10,159][root][INFO] - Epoch 152: duration loss = 0.290 | prior loss = 1.206 | diffusion loss = 0.118

[2026-08-01 05:45:50,901][root][INFO] - Epoch 153: duration loss = 0.289 | prior loss = 1.206 | diffusion loss = 0.119

[2026-08-01 05:47:32,138][root][INFO] - Epoch 154: duration loss = 0.290 | prior loss = 1.206 | diffusion loss = 0.119

[2026-08-01 05:49:14,655][root][INFO] - Epoch 155: duration loss = 0.289 | prior loss = 1.206 | diffusion loss = 0.118

[2026-08-01 05:50:57,117][root][INFO] - Epoch 156: duration loss = 0.289 | prior loss = 1.205 | diffusion loss = 0.120

[2026-08-01 05:52:39,807][root][INFO] - Epoch 157: duration loss = 0.289 | prior loss = 1.206 | diffusion loss = 0.119

[2026-08-01 05:54:19,661][root][INFO] - Epoch 158: duration loss = 0.289 | prior loss = 1.206 | diffusion loss = 0.118

[2026-08-01 05:56:00,417][root][INFO] - Epoch 159: duration loss = 0.289 | prior loss = 1.206 | diffusion loss = 0.118

[2026-08-01 05:57:42,091][root][INFO] - Epoch 160: duration loss = 0.290 | prior loss = 1.206 | diffusion loss = 0.119

[2026-08-01 05:59:22,592][root][INFO] - Epoch 161: duration loss = 0.290 | prior loss = 1.206 | diffusion loss = 0.120

[2026-08-01 06:01:04,192][root][INFO] - Epoch 162: duration loss = 0.289 | prior loss = 1.206 | diffusion loss = 0.118

[2026-08-01 06:02:47,997][root][INFO] - Epoch 163: duration loss = 0.289 | prior loss = 1.206 | diffusion loss = 0.119

[2026-08-01 06:04:30,458][root][INFO] - Epoch 164: duration loss = 0.290 | prior loss = 1.206 | diffusion loss = 0.118

[2026-08-01 06:06:11,706][root][INFO] - Epoch 165: duration loss = 0.289 | prior loss = 1.206 | diffusion loss = 0.118

[2026-08-01 06:07:50,508][root][INFO] - Epoch 166: duration loss = 0.290 | prior loss = 1.206 | diffusion loss = 0.120

[2026-08-01 06:09:32,342][root][INFO] - Epoch 167: duration loss = 0.289 | prior loss = 1.206 | diffusion loss = 0.117

[2026-08-01 06:11:14,732][root][INFO] - Epoch 168: duration loss = 0.289 | prior loss = 1.206 | diffusion loss = 0.118

[2026-08-01 06:12:55,951][root][INFO] - Epoch 169: duration loss = 0.289 | prior loss = 1.206 | diffusion loss = 0.116

[2026-08-01 06:14:37,304][root][INFO] - Epoch 170: duration loss = 0.290 | prior loss = 1.206 | diffusion loss = 0.117

[2026-08-01 06:16:19,898][root][INFO] - Epoch 171: duration loss = 0.290 | prior loss = 1.206 | diffusion loss = 0.118

[2026-08-01 06:18:01,785][root][INFO] - Epoch 172: duration loss = 0.290 | prior loss = 1.206 | diffusion loss = 0.118

[2026-08-01 06:19:44,394][root][INFO] - Epoch 173: duration loss = 0.289 | prior loss = 1.206 | diffusion loss = 0.119

[2026-08-01 06:21:26,892][root][INFO] - Epoch 174: duration loss = 0.290 | prior loss = 1.206 | diffusion loss = 0.118

[2026-08-01 06:23:09,289][root][INFO] - Epoch 175: duration loss = 0.289 | prior loss = 1.206 | diffusion loss = 0.117

[2026-08-01 06:24:53,200][root][INFO] - Epoch 176: duration loss = 0.289 | prior loss = 1.206 | diffusion loss = 0.117

[2026-08-01 06:26:34,486][root][INFO] - Epoch 177: duration loss = 0.289 | prior loss = 1.206 | diffusion loss = 0.118

[2026-08-01 06:28:15,991][root][INFO] - Epoch 178: duration loss = 0.289 | prior loss = 1.206 | diffusion loss = 0.118

[2026-08-01 06:29:58,014][root][INFO] - Epoch 179: duration loss = 0.289 | prior loss = 1.206 | diffusion loss = 0.118

[2026-08-01 06:31:38,979][root][INFO] - Epoch 180: duration loss = 0.289 | prior loss = 1.206 | diffusion loss = 0.119

[2026-08-01 06:33:20,846][root][INFO] - Epoch 181: duration loss = 0.289 | prior loss = 1.206 | diffusion loss = 0.118

[2026-08-01 06:35:03,406][root][INFO] - Epoch 182: duration loss = 0.290 | prior loss = 1.206 | diffusion loss = 0.118

[2026-08-01 06:36:45,170][root][INFO] - Epoch 183: duration loss = 0.289 | prior loss = 1.206 | diffusion loss = 0.117

[2026-08-01 06:38:26,469][root][INFO] - Epoch 184: duration loss = 0.290 | prior loss = 1.206 | diffusion loss = 0.117

[2026-08-01 06:40:10,517][root][INFO] - Epoch 185: duration loss = 0.289 | prior loss = 1.206 | diffusion loss = 0.116

[2026-08-01 06:41:51,706][root][INFO] - Epoch 186: duration loss = 0.290 | prior loss = 1.206 | diffusion loss = 0.118

[2026-08-01 06:43:34,040][root][INFO] - Epoch 187: duration loss = 0.289 | prior loss = 1.206 | diffusion loss = 0.117

[2026-08-01 06:45:14,771][root][INFO] - Epoch 188: duration loss = 0.289 | prior loss = 1.205 | diffusion loss = 0.118

[2026-08-01 06:46:55,763][root][INFO] - Epoch 189: duration loss = 0.289 | prior loss = 1.206 | diffusion loss = 0.118

[2026-08-01 06:48:37,924][root][INFO] - Epoch 190: duration loss = 0.290 | prior loss = 1.206 | diffusion loss = 0.117

[2026-08-01 06:50:17,678][root][INFO] - Epoch 191: duration loss = 0.289 | prior loss = 1.206 | diffusion loss = 0.119

[2026-08-01 06:51:59,538][root][INFO] - Epoch 192: duration loss = 0.289 | prior loss = 1.206 | diffusion loss = 0.118

[2026-08-01 06:53:40,985][root][INFO] - Epoch 193: duration loss = 0.289 | prior loss = 1.206 | diffusion loss = 0.119

[2026-08-01 06:55:23,126][root][INFO] - Epoch 194: duration loss = 0.290 | prior loss = 1.206 | diffusion loss = 0.118

[2026-08-01 06:57:04,877][root][INFO] - Epoch 195: duration loss = 0.290 | prior loss = 1.206 | diffusion loss = 0.117

[2026-08-01 06:58:47,096][root][INFO] - Epoch 196: duration loss = 0.289 | prior loss = 1.206 | diffusion loss = 0.117

[2026-08-01 07:00:30,432][root][INFO] - Epoch 197: duration loss = 0.289 | prior loss = 1.206 | diffusion loss = 0.116

[2026-08-01 07:02:11,610][root][INFO] - Epoch 198: duration loss = 0.290 | prior loss = 1.207 | diffusion loss = 0.118

[2026-08-01 07:03:52,246][root][INFO] - Epoch 199: duration loss = 0.289 | prior loss = 1.206 | diffusion loss = 0.118

[2026-08-01 07:05:35,606][root][INFO] - Epoch 200: duration loss = 0.289 | prior loss = 1.206 | diffusion loss = 0.118

[2026-08-01 07:07:19,063][root][INFO] - Epoch 201: duration loss = 0.289 | prior loss = 1.206 | diffusion loss = 0.118

[2026-08-01 07:09:02,298][root][INFO] - Epoch 202: duration loss = 0.290 | prior loss = 1.206 | diffusion loss = 0.118

[2026-08-01 07:10:45,145][root][INFO] - Epoch 203: duration loss = 0.290 | prior loss = 1.206 | diffusion loss = 0.116

[2026-08-01 07:12:27,772][root][INFO] - Epoch 204: duration loss = 0.289 | prior loss = 1.206 | diffusion loss = 0.119

[2026-08-01 07:14:09,817][root][INFO] - Epoch 205: duration loss = 0.290 | prior loss = 1.206 | diffusion loss = 0.117

[2026-08-01 07:15:52,915][root][INFO] - Epoch 206: duration loss = 0.290 | prior loss = 1.206 | diffusion loss = 0.117

[2026-08-01 07:17:35,890][root][INFO] - Epoch 207: duration loss = 0.289 | prior loss = 1.206 | diffusion loss = 0.118

[2026-08-01 07:19:20,673][root][INFO] - Epoch 208: duration loss = 0.289 | prior loss = 1.206 | diffusion loss = 0.118

[2026-08-01 07:21:03,448][root][INFO] - Epoch 209: duration loss = 0.289 | prior loss = 1.206 | diffusion loss = 0.117

[2026-08-01 07:22:47,550][root][INFO] - Epoch 210: duration loss = 0.290 | prior loss = 1.206 | diffusion loss = 0.116

[2026-08-01 07:24:30,552][root][INFO] - Epoch 211: duration loss = 0.289 | prior loss = 1.206 | diffusion loss = 0.117

[2026-08-01 07:26:13,662][root][INFO] - Epoch 212: duration loss = 0.290 | prior loss = 1.207 | diffusion loss = 0.118

[2026-08-01 07:27:55,871][root][INFO] - Epoch 213: duration loss = 0.289 | prior loss = 1.206 | diffusion loss = 0.118

[2026-08-01 07:29:38,902][root][INFO] - Epoch 214: duration loss = 0.290 | prior loss = 1.206 | diffusion loss = 0.118

[2026-08-01 07:31:22,394][root][INFO] - Epoch 215: duration loss = 0.289 | prior loss = 1.206 | diffusion loss = 0.117

[2026-08-01 07:33:05,552][root][INFO] - Epoch 216: duration loss = 0.289 | prior loss = 1.206 | diffusion loss = 0.118

[2026-08-01 07:34:48,708][root][INFO] - Epoch 217: duration loss = 0.290 | prior loss = 1.206 | diffusion loss = 0.116

[2026-08-01 07:36:32,123][root][INFO] - Epoch 218: duration loss = 0.289 | prior loss = 1.207 | diffusion loss = 0.118

[2026-08-01 07:38:15,473][root][INFO] - Epoch 219: duration loss = 0.289 | prior loss = 1.206 | diffusion loss = 0.117

[2026-08-01 07:39:58,405][root][INFO] - Epoch 220: duration loss = 0.289 | prior loss = 1.206 | diffusion loss = 0.117

[2026-08-01 07:41:43,048][root][INFO] - Epoch 221: duration loss = 0.290 | prior loss = 1.206 | diffusion loss = 0.117

[2026-08-01 07:43:26,165][root][INFO] - Epoch 222: duration loss = 0.289 | prior loss = 1.206 | diffusion loss = 0.117

[2026-08-01 07:45:10,293][root][INFO] - Epoch 223: duration loss = 0.290 | prior loss = 1.206 | diffusion loss = 0.118

[2026-08-01 07:46:53,793][root][INFO] - Epoch 224: duration loss = 0.289 | prior loss = 1.206 | diffusion loss = 0.116

[2026-08-01 07:48:37,406][root][INFO] - Epoch 225: duration loss = 0.289 | prior loss = 1.206 | diffusion loss = 0.117

[2026-08-01 07:50:21,461][root][INFO] - Epoch 226: duration loss = 0.290 | prior loss = 1.206 | diffusion loss = 0.115

[2026-08-01 07:52:04,748][root][INFO] - Epoch 227: duration loss = 0.289 | prior loss = 1.206 | diffusion loss = 0.117

[2026-08-01 07:53:46,946][root][INFO] - Epoch 228: duration loss = 0.289 | prior loss = 1.206 | diffusion loss = 0.117

[2026-08-01 07:55:29,525][root][INFO] - Epoch 229: duration loss = 0.289 | prior loss = 1.206 | diffusion loss = 0.117

[2026-08-01 07:57:13,036][root][INFO] - Epoch 230: duration loss = 0.289 | prior loss = 1.206 | diffusion loss = 0.117

[2026-08-01 07:58:55,531][root][INFO] - Epoch 231: duration loss = 0.289 | prior loss = 1.206 | diffusion loss = 0.117

[2026-08-01 08:00:40,068][root][INFO] - Epoch 232: duration loss = 0.289 | prior loss = 1.206 | diffusion loss = 0.115

[2026-08-01 08:02:23,744][root][INFO] - Epoch 233: duration loss = 0.289 | prior loss = 1.206 | diffusion loss = 0.117

[2026-08-01 08:04:07,322][root][INFO] - Epoch 234: duration loss = 0.289 | prior loss = 1.206 | diffusion loss = 0.116

[2026-08-01 08:05:48,710][root][INFO] - Epoch 235: duration loss = 0.290 | prior loss = 1.206 | diffusion loss = 0.115

[2026-08-01 08:07:30,957][root][INFO] - Epoch 236: duration loss = 0.289 | prior loss = 1.206 | diffusion loss = 0.117

[2026-08-01 08:09:13,347][root][INFO] - Epoch 237: duration loss = 0.290 | prior loss = 1.206 | diffusion loss = 0.117

[2026-08-01 08:10:56,172][root][INFO] - Epoch 238: duration loss = 0.290 | prior loss = 1.206 | diffusion loss = 0.117

[2026-08-01 08:12:38,416][root][INFO] - Epoch 239: duration loss = 0.289 | prior loss = 1.206 | diffusion loss = 0.118

[2026-08-01 08:14:19,247][root][INFO] - Epoch 240: duration loss = 0.290 | prior loss = 1.206 | diffusion loss = 0.116

[2026-08-01 08:16:02,057][root][INFO] - Epoch 241: duration loss = 0.289 | prior loss = 1.206 | diffusion loss = 0.117

[2026-08-01 08:17:45,620][root][INFO] - Epoch 242: duration loss = 0.289 | prior loss = 1.206 | diffusion loss = 0.116

[2026-08-01 08:19:28,189][root][INFO] - Epoch 243: duration loss = 0.290 | prior loss = 1.206 | diffusion loss = 0.116

[2026-08-01 08:21:11,408][root][INFO] - Epoch 244: duration loss = 0.289 | prior loss = 1.206 | diffusion loss = 0.117

[2026-08-01 08:22:55,190][root][INFO] - Epoch 245: duration loss = 0.289 | prior loss = 1.206 | diffusion loss = 0.116

[2026-08-01 08:24:36,455][root][INFO] - Epoch 246: duration loss = 0.289 | prior loss = 1.206 | diffusion loss = 0.116

[2026-08-01 08:26:19,487][root][INFO] - Epoch 247: duration loss = 0.289 | prior loss = 1.206 | diffusion loss = 0.117

[2026-08-01 08:28:03,087][root][INFO] - Epoch 248: duration loss = 0.289 | prior loss = 1.206 | diffusion loss = 0.118

[2026-08-01 08:29:45,820][root][INFO] - Epoch 249: duration loss = 0.289 | prior loss = 1.206 | diffusion loss = 0.116

[2026-08-01 08:31:27,446][root][INFO] - Epoch 250: duration loss = 0.289 | prior loss = 1.206 | diffusion loss = 0.116

[2026-08-01 08:33:11,911][root][INFO] - Epoch 251: duration loss = 0.289 | prior loss = 1.206 | diffusion loss = 0.116

[2026-08-01 08:34:55,341][root][INFO] - Epoch 252: duration loss = 0.289 | prior loss = 1.206 | diffusion loss = 0.116

[2026-08-01 08:36:38,915][root][INFO] - Epoch 253: duration loss = 0.289 | prior loss = 1.206 | diffusion loss = 0.118

[2026-08-01 08:38:22,125][root][INFO] - Epoch 254: duration loss = 0.289 | prior loss = 1.206 | diffusion loss = 0.116

[2026-08-01 08:40:05,317][root][INFO] - Epoch 255: duration loss = 0.289 | prior loss = 1.206 | diffusion loss = 0.116

[2026-08-01 08:41:50,365][root][INFO] - Epoch 256: duration loss = 0.289 | prior loss = 1.206 | diffusion loss = 0.115

[2026-08-01 08:43:34,875][root][INFO] - Epoch 257: duration loss = 0.289 | prior loss = 1.206 | diffusion loss = 0.115

[2026-08-01 08:45:18,140][root][INFO] - Epoch 258: duration loss = 0.290 | prior loss = 1.206 | diffusion loss = 0.118

[2026-08-01 08:47:03,350][root][INFO] - Epoch 259: duration loss = 0.290 | prior loss = 1.206 | diffusion loss = 0.117

[2026-08-01 08:48:46,275][root][INFO] - Epoch 260: duration loss = 0.289 | prior loss = 1.206 | diffusion loss = 0.117

[2026-08-01 08:50:29,966][root][INFO] - Epoch 261: duration loss = 0.289 | prior loss = 1.206 | diffusion loss = 0.117

[2026-08-01 08:52:12,988][root][INFO] - Epoch 262: duration loss = 0.289 | prior loss = 1.206 | diffusion loss = 0.116

[2026-08-01 08:53:55,458][root][INFO] - Epoch 263: duration loss = 0.289 | prior loss = 1.206 | diffusion loss = 0.117

[2026-08-01 08:55:39,815][root][INFO] - Epoch 264: duration loss = 0.289 | prior loss = 1.206 | diffusion loss = 0.119

[2026-08-01 08:57:23,679][root][INFO] - Epoch 265: duration loss = 0.289 | prior loss = 1.206 | diffusion loss = 0.115

[2026-08-01 08:59:06,696][root][INFO] - Epoch 266: duration loss = 0.290 | prior loss = 1.206 | diffusion loss = 0.116

[2026-08-01 09:00:50,841][root][INFO] - Epoch 267: duration loss = 0.290 | prior loss = 1.206 | diffusion loss = 0.117

[2026-08-01 09:02:33,126][root][INFO] - Epoch 268: duration loss = 0.290 | prior loss = 1.206 | diffusion loss = 0.115

[2026-08-01 09:04:15,900][root][INFO] - Epoch 269: duration loss = 0.290 | prior loss = 1.207 | diffusion loss = 0.115

[2026-08-01 09:05:59,359][root][INFO] - Epoch 270: duration loss = 0.290 | prior loss = 1.206 | diffusion loss = 0.115

[2026-08-01 09:07:42,354][root][INFO] - Epoch 271: duration loss = 0.290 | prior loss = 1.206 | diffusion loss = 0.115

[2026-08-01 09:09:23,991][root][INFO] - Epoch 272: duration loss = 0.289 | prior loss = 1.206 | diffusion loss = 0.115

[2026-08-01 09:11:05,716][root][INFO] - Epoch 273: duration loss = 0.289 | prior loss = 1.206 | diffusion loss = 0.116

[2026-08-01 09:12:48,124][root][INFO] - Epoch 274: duration loss = 0.289 | prior loss = 1.206 | diffusion loss = 0.116

[2026-08-01 09:14:30,621][root][INFO] - Epoch 275: duration loss = 0.289 | prior loss = 1.206 | diffusion loss = 0.117

[2026-08-01 09:16:12,978][root][INFO] - Epoch 276: duration loss = 0.289 | prior loss = 1.206 | diffusion loss = 0.115

[2026-08-01 09:17:54,326][root][INFO] - Epoch 277: duration loss = 0.289 | prior loss = 1.206 | diffusion loss = 0.117

[2026-08-01 09:19:37,304][root][INFO] - Epoch 278: duration loss = 0.289 | prior loss = 1.206 | diffusion loss = 0.116

[2026-08-01 09:21:21,397][root][INFO] - Epoch 279: duration loss = 0.289 | prior loss = 1.206 | diffusion loss = 0.115

[2026-08-01 09:23:03,044][root][INFO] - Epoch 280: duration loss = 0.289 | prior loss = 1.206 | diffusion loss = 0.118

[2026-08-01 09:24:45,355][root][INFO] - Epoch 281: duration loss = 0.289 | prior loss = 1.206 | diffusion loss = 0.118

[2026-08-01 09:26:27,689][root][INFO] - Epoch 282: duration loss = 0.290 | prior loss = 1.206 | diffusion loss = 0.115

[2026-08-01 09:28:10,148][root][INFO] - Epoch 283: duration loss = 0.289 | prior loss = 1.206 | diffusion loss = 0.114

[2026-08-01 09:29:53,728][root][INFO] - Epoch 284: duration loss = 0.290 | prior loss = 1.206 | diffusion loss = 0.116

[2026-08-01 09:31:37,463][root][INFO] - Epoch 285: duration loss = 0.289 | prior loss = 1.206 | diffusion loss = 0.116

[2026-08-01 09:33:20,273][root][INFO] - Epoch 286: duration loss = 0.289 | prior loss = 1.206 | diffusion loss = 0.115

[2026-08-01 09:35:01,038][root][INFO] - Epoch 287: duration loss = 0.290 | prior loss = 1.206 | diffusion loss = 0.118

[2026-08-01 09:36:42,394][root][INFO] - Epoch 288: duration loss = 0.290 | prior loss = 1.206 | diffusion loss = 0.115

[2026-08-01 09:38:24,349][root][INFO] - Epoch 289: duration loss = 0.289 | prior loss = 1.206 | diffusion loss = 0.115

[2026-08-01 09:40:07,028][root][INFO] - Epoch 290: duration loss = 0.290 | prior loss = 1.206 | diffusion loss = 0.116

[2026-08-01 09:41:49,442][root][INFO] - Epoch 291: duration loss = 0.289 | prior loss = 1.206 | diffusion loss = 0.115

[2026-08-01 09:43:33,387][root][INFO] - Epoch 292: duration loss = 0.289 | prior loss = 1.206 | diffusion loss = 0.116

[2026-08-01 09:45:15,588][root][INFO] - Epoch 293: duration loss = 0.290 | prior loss = 1.206 | diffusion loss = 0.115

[2026-08-01 09:46:57,955][root][INFO] - Epoch 294: duration loss = 0.290 | prior loss = 1.206 | diffusion loss = 0.116

[2026-08-01 09:48:43,091][root][INFO] - Epoch 295: duration loss = 0.289 | prior loss = 1.206 | diffusion loss = 0.115

[2026-08-01 09:50:24,889][root][INFO] - Epoch 296: duration loss = 0.289 | prior loss = 1.206 | diffusion loss = 0.115

[2026-08-01 09:52:06,033][root][INFO] - Epoch 297: duration loss = 0.289 | prior loss = 1.206 | diffusion loss = 0.115

[2026-08-01 09:53:50,085][root][INFO] - Epoch 298: duration loss = 0.289 | prior loss = 1.206 | diffusion loss = 0.116

[2026-08-01 09:55:33,034][root][INFO] - Epoch 299: duration loss = 0.289 | prior loss = 1.206 | diffusion loss = 0.117

[2026-08-01 09:57:14,809][root][INFO] - Epoch 300: duration loss = 0.289 | prior loss = 1.206 | diffusion loss = 0.116

[2026-08-01 09:58:55,928][root][INFO] - Epoch 301: duration loss = 0.290 | prior loss = 1.206 | diffusion loss = 0.115

[2026-08-01 10:00:38,973][root][INFO] - Epoch 302: duration loss = 0.289 | prior loss = 1.206 | diffusion loss = 0.115

[2026-08-01 10:02:20,022][root][INFO] - Epoch 303: duration loss = 0.289 | prior loss = 1.206 | diffusion loss = 0.115

[2026-08-01 10:04:02,582][root][INFO] - Epoch 304: duration loss = 0.289 | prior loss = 1.206 | diffusion loss = 0.115

[2026-08-01 10:05:46,638][root][INFO] - Epoch 305: duration loss = 0.290 | prior loss = 1.206 | diffusion loss = 0.115

[2026-08-01 10:07:29,874][root][INFO] - Epoch 306: duration loss = 0.290 | prior loss = 1.206 | diffusion loss = 0.116

[2026-08-01 10:09:13,058][root][INFO] - Epoch 307: duration loss = 0.290 | prior loss = 1.206 | diffusion loss = 0.115

[2026-08-01 10:10:54,973][root][INFO] - Epoch 308: duration loss = 0.289 | prior loss = 1.206 | diffusion loss = 0.117

[2026-08-01 10:12:38,102][root][INFO] - Epoch 309: duration loss = 0.289 | prior loss = 1.206 | diffusion loss = 0.116

[2026-08-01 10:14:20,387][root][INFO] - Epoch 310: duration loss = 0.289 | prior loss = 1.206 | diffusion loss = 0.115

[2026-08-01 10:16:03,354][root][INFO] - Epoch 311: duration loss = 0.290 | prior loss = 1.206 | diffusion loss = 0.115

[2026-08-01 10:17:45,951][root][INFO] - Epoch 312: duration loss = 0.290 | prior loss = 1.206 | diffusion loss = 0.114

[2026-08-01 10:19:28,276][root][INFO] - Epoch 313: duration loss = 0.290 | prior loss = 1.206 | diffusion loss = 0.115

[2026-08-01 10:21:11,699][root][INFO] - Epoch 314: duration loss = 0.289 | prior loss = 1.206 | diffusion loss = 0.115

[2026-08-01 10:22:55,803][root][INFO] - Epoch 315: duration loss = 0.289 | prior loss = 1.206 | diffusion loss = 0.116

[2026-08-01 10:24:38,100][root][INFO] - Epoch 316: duration loss = 0.290 | prior loss = 1.206 | diffusion loss = 0.115

[2026-08-01 10:26:21,336][root][INFO] - Epoch 317: duration loss = 0.289 | prior loss = 1.206 | diffusion loss = 0.114

[2026-08-01 10:28:05,135][root][INFO] - Epoch 318: duration loss = 0.289 | prior loss = 1.206 | diffusion loss = 0.116

[2026-08-01 10:29:48,683][root][INFO] - Epoch 319: duration loss = 0.290 | prior loss = 1.206 | diffusion loss = 0.116

[2026-08-01 10:31:32,496][root][INFO] - Epoch 320: duration loss = 0.290 | prior loss = 1.206 | diffusion loss = 0.116

[2026-08-01 10:33:16,044][root][INFO] - Epoch 321: duration loss = 0.290 | prior loss = 1.206 | diffusion loss = 0.115

[2026-08-01 10:34:59,216][root][INFO] - Epoch 322: duration loss = 0.290 | prior loss = 1.206 | diffusion loss = 0.115

[2026-08-01 10:36:42,654][root][INFO] - Epoch 323: duration loss = 0.289 | prior loss = 1.206 | diffusion loss = 0.117

[2026-08-01 10:38:26,259][root][INFO] - Epoch 324: duration loss = 0.289 | prior loss = 1.206 | diffusion loss = 0.116

[2026-08-01 10:40:09,633][root][INFO] - Epoch 325: duration loss = 0.290 | prior loss = 1.206 | diffusion loss = 0.116

[2026-08-01 10:41:53,378][root][INFO] - Epoch 326: duration loss = 0.289 | prior loss = 1.206 | diffusion loss = 0.117

[2026-08-01 10:43:37,213][root][INFO] - Epoch 327: duration loss = 0.289 | prior loss = 1.206 | diffusion loss = 0.114

[2026-08-01 10:45:19,983][root][INFO] - Epoch 328: duration loss = 0.289 | prior loss = 1.207 | diffusion loss = 0.115

[2026-08-01 10:47:04,473][root][INFO] - Epoch 329: duration loss = 0.289 | prior loss = 1.206 | diffusion loss = 0.116

[2026-08-01 10:48:48,493][root][INFO] - Epoch 330: duration loss = 0.289 | prior loss = 1.206 | diffusion loss = 0.115

[2026-08-01 10:50:30,570][root][INFO] - Epoch 331: duration loss = 0.290 | prior loss = 1.206 | diffusion loss = 0.114

[2026-08-01 10:52:15,282][root][INFO] - Epoch 332: duration loss = 0.290 | prior loss = 1.206 | diffusion loss = 0.115

[2026-08-01 10:53:58,588][root][INFO] - Epoch 333: duration loss = 0.289 | prior loss = 1.206 | diffusion loss = 0.116

[2026-08-01 10:55:42,996][root][INFO] - Epoch 334: duration loss = 0.289 | prior loss = 1.205 | diffusion loss = 0.116

[2026-08-01 10:57:27,968][root][INFO] - Epoch 335: duration loss = 0.289 | prior loss = 1.206 | diffusion loss = 0.116

[2026-08-01 10:59:11,168][root][INFO] - Epoch 336: duration loss = 0.289 | prior loss = 1.206 | diffusion loss = 0.115

[2026-08-01 11:00:53,988][root][INFO] - Epoch 337: duration loss = 0.289 | prior loss = 1.206 | diffusion loss = 0.114

[2026-08-01 11:02:36,946][root][INFO] - Epoch 338: duration loss = 0.289 | prior loss = 1.206 | diffusion loss = 0.115

[2026-08-01 11:04:21,586][root][INFO] - Epoch 339: duration loss = 0.289 | prior loss = 1.206 | diffusion loss = 0.115

[2026-08-01 11:06:05,475][root][INFO] - Epoch 340: duration loss = 0.290 | prior loss = 1.206 | diffusion loss = 0.115

[2026-08-01 11:07:47,358][root][INFO] - Epoch 341: duration loss = 0.289 | prior loss = 1.206 | diffusion loss = 0.115

[2026-08-01 11:09:32,685][root][INFO] - Epoch 342: duration loss = 0.289 | prior loss = 1.206 | diffusion loss = 0.115

[2026-08-01 11:11:15,493][root][INFO] - Epoch 343: duration loss = 0.290 | prior loss = 1.207 | diffusion loss = 0.115

[2026-08-01 11:12:58,506][root][INFO] - Epoch 344: duration loss = 0.289 | prior loss = 1.206 | diffusion loss = 0.115

[2026-08-01 11:14:41,211][root][INFO] - Epoch 345: duration loss = 0.289 | prior loss = 1.206 | diffusion loss = 0.115

[2026-08-01 11:16:25,469][root][INFO] - Epoch 346: duration loss = 0.290 | prior loss = 1.206 | diffusion loss = 0.115

[2026-08-01 11:18:09,341][root][INFO] - Epoch 347: duration loss = 0.289 | prior loss = 1.206 | diffusion loss = 0.114

[2026-08-01 11:19:51,337][root][INFO] - Epoch 348: duration loss = 0.289 | prior loss = 1.206 | diffusion loss = 0.113

[2026-08-01 11:21:34,873][root][INFO] - Epoch 349: duration loss = 0.289 | prior loss = 1.206 | diffusion loss = 0.114

[2026-08-01 11:23:20,186][root][INFO] - Epoch 350: duration loss = 0.290 | prior loss = 1.206 | diffusion loss = 0.115

[2026-08-01 11:25:01,869][root][INFO] - Epoch 351: duration loss = 0.289 | prior loss = 1.206 | diffusion loss = 0.115

[2026-08-01 11:26:43,209][root][INFO] - Epoch 352: duration loss = 0.290 | prior loss = 1.205 | diffusion loss = 0.115

[2026-08-01 11:28:28,335][root][INFO] - Epoch 353: duration loss = 0.290 | prior loss = 1.206 | diffusion loss = 0.114

[2026-08-01 11:30:11,485][root][INFO] - Epoch 354: duration loss = 0.290 | prior loss = 1.206 | diffusion loss = 0.114

[2026-08-01 11:31:55,131][root][INFO] - Epoch 355: duration loss = 0.289 | prior loss = 1.206 | diffusion loss = 0.115

[2026-08-01 11:33:37,573][root][INFO] - Epoch 356: duration loss = 0.289 | prior loss = 1.206 | diffusion loss = 0.115

[2026-08-01 11:35:18,878][root][INFO] - Epoch 357: duration loss = 0.289 | prior loss = 1.206 | diffusion loss = 0.115

[2026-08-01 11:37:02,238][root][INFO] - Epoch 358: duration loss = 0.289 | prior loss = 1.206 | diffusion loss = 0.115

[2026-08-01 11:38:45,167][root][INFO] - Epoch 359: duration loss = 0.290 | prior loss = 1.206 | diffusion loss = 0.114

[2026-08-01 11:40:29,451][root][INFO] - Epoch 360: duration loss = 0.289 | prior loss = 1.206 | diffusion loss = 0.115

[2026-08-01 11:42:12,313][root][INFO] - Epoch 361: duration loss = 0.289 | prior loss = 1.207 | diffusion loss = 0.114

[2026-08-01 11:43:55,169][root][INFO] - Epoch 362: duration loss = 0.289 | prior loss = 1.206 | diffusion loss = 0.114

[2026-08-01 11:45:37,441][root][INFO] - Epoch 363: duration loss = 0.289 | prior loss = 1.206 | diffusion loss = 0.116

[2026-08-01 11:47:21,969][root][INFO] - Epoch 364: duration loss = 0.289 | prior loss = 1.206 | diffusion loss = 0.116

[2026-08-01 11:49:04,540][root][INFO] - Epoch 365: duration loss = 0.289 | prior loss = 1.206 | diffusion loss = 0.115

[2026-08-01 11:50:47,407][root][INFO] - Epoch 366: duration loss = 0.290 | prior loss = 1.206 | diffusion loss = 0.114

[2026-08-01 11:52:30,358][root][INFO] - Epoch 367: duration loss = 0.290 | prior loss = 1.206 | diffusion loss = 0.115

[2026-08-01 11:54:12,003][root][INFO] - Epoch 368: duration loss = 0.289 | prior loss = 1.206 | diffusion loss = 0.116

[2026-08-01 11:55:54,602][root][INFO] - Epoch 369: duration loss = 0.289 | prior loss = 1.206 | diffusion loss = 0.116

[2026-08-01 11:57:36,437][root][INFO] - Epoch 370: duration loss = 0.290 | prior loss = 1.206 | diffusion loss = 0.115

[2026-08-01 11:59:18,088][root][INFO] - Epoch 371: duration loss = 0.289 | prior loss = 1.206 | diffusion loss = 0.113

[2026-08-01 12:01:00,612][root][INFO] - Epoch 372: duration loss = 0.289 | prior loss = 1.206 | diffusion loss = 0.114

[2026-08-01 12:02:43,397][root][INFO] - Epoch 373: duration loss = 0.289 | prior loss = 1.206 | diffusion loss = 0.114

[2026-08-01 12:04:26,190][root][INFO] - Epoch 374: duration loss = 0.289 | prior loss = 1.206 | diffusion loss = 0.114

[2026-08-01 12:06:07,601][root][INFO] - Epoch 375: duration loss = 0.290 | prior loss = 1.206 | diffusion loss = 0.116

[2026-08-01 12:07:52,896][root][INFO] - Epoch 376: duration loss = 0.289 | prior loss = 1.206 | diffusion loss = 0.116

[2026-08-01 12:09:36,294][root][INFO] - Epoch 377: duration loss = 0.289 | prior loss = 1.206 | diffusion loss = 0.115

[2026-08-01 12:11:19,474][root][INFO] - Epoch 378: duration loss = 0.290 | prior loss = 1.206 | diffusion loss = 0.114

[2026-08-01 12:13:02,338][root][INFO] - Epoch 379: duration loss = 0.290 | prior loss = 1.206 | diffusion loss = 0.115

[2026-08-01 12:14:45,385][root][INFO] - Epoch 380: duration loss = 0.290 | prior loss = 1.206 | diffusion loss = 0.115

[2026-08-01 12:16:29,596][root][INFO] - Epoch 381: duration loss = 0.290 | prior loss = 1.206 | diffusion loss = 0.114

[2026-08-01 12:18:13,240][root][INFO] - Epoch 382: duration loss = 0.289 | prior loss = 1.206 | diffusion loss = 0.114

[2026-08-01 12:19:57,380][root][INFO] - Epoch 383: duration loss = 0.289 | prior loss = 1.206 | diffusion loss = 0.115

[2026-08-01 12:21:42,945][root][INFO] - Epoch 384: duration loss = 0.289 | prior loss = 1.206 | diffusion loss = 0.116

[2026-08-01 12:23:27,655][root][INFO] - Epoch 385: duration loss = 0.289 | prior loss = 1.206 | diffusion loss = 0.115

[2026-08-01 12:25:12,072][root][INFO] - Epoch 386: duration loss = 0.290 | prior loss = 1.206 | diffusion loss = 0.115

[2026-08-01 12:26:58,784][root][INFO] - Epoch 387: duration loss = 0.289 | prior loss = 1.206 | diffusion loss = 0.115

[2026-08-01 12:28:43,654][root][INFO] - Epoch 388: duration loss = 0.289 | prior loss = 1.206 | diffusion loss = 0.115

[2026-08-01 12:30:30,323][root][INFO] - Epoch 389: duration loss = 0.289 | prior loss = 1.206 | diffusion loss = 0.114

[2026-08-01 12:32:14,912][root][INFO] - Epoch 390: duration loss = 0.289 | prior loss = 1.206 | diffusion loss = 0.114

[2026-08-01 12:33:58,485][root][INFO] - Epoch 391: duration loss = 0.289 | prior loss = 1.206 | diffusion loss = 0.115

[2026-08-01 12:35:44,174][root][INFO] - Epoch 392: duration loss = 0.289 | prior loss = 1.206 | diffusion loss = 0.115

[2026-08-01 12:37:28,725][root][INFO] - Epoch 393: duration loss = 0.289 | prior loss = 1.206 | diffusion loss = 0.114

[2026-08-01 12:39:13,451][root][INFO] - Epoch 394: duration loss = 0.289 | prior loss = 1.206 | diffusion loss = 0.115

[2026-08-01 12:40:57,330][root][INFO] - Epoch 395: duration loss = 0.289 | prior loss = 1.206 | diffusion loss = 0.114

[2026-08-01 12:42:42,101][root][INFO] - Epoch 396: duration loss = 0.289 | prior loss = 1.206 | diffusion loss = 0.115

[2026-08-01 12:44:26,480][root][INFO] - Epoch 397: duration loss = 0.290 | prior loss = 1.206 | diffusion loss = 0.113

[2026-08-01 12:46:10,342][root][INFO] - Epoch 398: duration loss = 0.290 | prior loss = 1.206 | diffusion loss = 0.115

[2026-08-01 12:47:55,593][root][INFO] - Epoch 399: duration loss = 0.290 | prior loss = 1.207 | diffusion loss = 0.114

[2026-08-01 12:49:43,141][root][INFO] - Epoch 400: duration loss = 0.289 | prior loss = 1.206 | diffusion loss = 0.113

[2026-08-01 12:51:28,062][root][INFO] - Epoch 401: duration loss = 0.290 | prior loss = 1.206 | diffusion loss = 0.113

[2026-08-01 12:53:15,546][root][INFO] - Epoch 402: duration loss = 0.289 | prior loss = 1.206 | diffusion loss = 0.114

[2026-08-01 12:55:00,601][root][INFO] - Epoch 403: duration loss = 0.290 | prior loss = 1.206 | diffusion loss = 0.113

[2026-08-01 12:56:44,498][root][INFO] - Epoch 404: duration loss = 0.290 | prior loss = 1.206 | diffusion loss = 0.115

[2026-08-01 12:58:28,359][root][INFO] - Epoch 405: duration loss = 0.290 | prior loss = 1.206 | diffusion loss = 0.113

[2026-08-01 13:00:11,541][root][INFO] - Epoch 406: duration loss = 0.289 | prior loss = 1.206 | diffusion loss = 0.114

[2026-08-01 13:01:55,803][root][INFO] - Epoch 407: duration loss = 0.289 | prior loss = 1.206 | diffusion loss = 0.115

[2026-08-01 13:03:41,248][root][INFO] - Epoch 408: duration loss = 0.290 | prior loss = 1.206 | diffusion loss = 0.114

[2026-08-01 13:05:25,266][root][INFO] - Epoch 409: duration loss = 0.290 | prior loss = 1.206 | diffusion loss = 0.115

[2026-08-01 13:07:06,842][root][INFO] - Epoch 410: duration loss = 0.290 | prior loss = 1.206 | diffusion loss = 0.113

[2026-08-01 13:08:49,746][root][INFO] - Epoch 411: duration loss = 0.290 | prior loss = 1.206 | diffusion loss = 0.114

[2026-08-01 13:10:31,797][root][INFO] - Epoch 412: duration loss = 0.290 | prior loss = 1.206 | diffusion loss = 0.114

[2026-08-01 13:12:14,446][root][INFO] - Epoch 413: duration loss = 0.289 | prior loss = 1.206 | diffusion loss = 0.114

[2026-08-01 13:13:57,473][root][INFO] - Epoch 414: duration loss = 0.290 | prior loss = 1.206 | diffusion loss = 0.114

[2026-08-01 13:15:41,149][root][INFO] - Epoch 415: duration loss = 0.289 | prior loss = 1.206 | diffusion loss = 0.114

[2026-08-01 13:17:23,218][root][INFO] - Epoch 416: duration loss = 0.289 | prior loss = 1.205 | diffusion loss = 0.113

[2026-08-01 13:19:04,401][root][INFO] - Epoch 417: duration loss = 0.290 | prior loss = 1.205 | diffusion loss = 0.115

[2026-08-01 13:20:46,692][root][INFO] - Epoch 418: duration loss = 0.290 | prior loss = 1.206 | diffusion loss = 0.115

[2026-08-01 13:22:31,888][root][INFO] - Epoch 419: duration loss = 0.289 | prior loss = 1.206 | diffusion loss = 0.115

[2026-08-01 13:24:14,117][root][INFO] - Epoch 420: duration loss = 0.290 | prior loss = 1.206 | diffusion loss = 0.114

[2026-08-01 13:25:56,443][root][INFO] - Epoch 421: duration loss = 0.289 | prior loss = 1.206 | diffusion loss = 0.115

[2026-08-01 13:27:37,782][root][INFO] - Epoch 422: duration loss = 0.289 | prior loss = 1.206 | diffusion loss = 0.114

[2026-08-01 13:29:18,375][root][INFO] - Epoch 423: duration loss = 0.289 | prior loss = 1.206 | diffusion loss = 0.114

[2026-08-01 13:31:00,152][root][INFO] - Epoch 424: duration loss = 0.290 | prior loss = 1.206 | diffusion loss = 0.114

[2026-08-01 13:32:40,664][root][INFO] - Epoch 425: duration loss = 0.289 | prior loss = 1.206 | diffusion loss = 0.114

[2026-08-01 13:34:22,327][root][INFO] - Epoch 426: duration loss = 0.289 | prior loss = 1.206 | diffusion loss = 0.114

[2026-08-01 13:36:04,694][root][INFO] - Epoch 427: duration loss = 0.289 | prior loss = 1.206 | diffusion loss = 0.114

[2026-08-01 13:37:45,944][root][INFO] - Epoch 428: duration loss = 0.289 | prior loss = 1.206 | diffusion loss = 0.113

[2026-08-01 13:39:29,488][root][INFO] - Epoch 429: duration loss = 0.289 | prior loss = 1.206 | diffusion loss = 0.115

[2026-08-01 13:41:10,498][root][INFO] - Epoch 430: duration loss = 0.290 | prior loss = 1.206 | diffusion loss = 0.115

[2026-08-01 13:42:54,275][root][INFO] - Epoch 431: duration loss = 0.289 | prior loss = 1.206 | diffusion loss = 0.114

[2026-08-01 13:44:36,453][root][INFO] - Epoch 432: duration loss = 0.289 | prior loss = 1.206 | diffusion loss = 0.115

[2026-08-01 13:46:19,255][root][INFO] - Epoch 433: duration loss = 0.289 | prior loss = 1.206 | diffusion loss = 0.114

[2026-08-01 13:48:00,265][root][INFO] - Epoch 434: duration loss = 0.290 | prior loss = 1.206 | diffusion loss = 0.115

[2026-08-01 13:49:41,956][root][INFO] - Epoch 435: duration loss = 0.289 | prior loss = 1.206 | diffusion loss = 0.113

[2026-08-01 13:51:23,191][root][INFO] - Epoch 436: duration loss = 0.290 | prior loss = 1.206 | diffusion loss = 0.115

[2026-08-01 13:53:06,902][root][INFO] - Epoch 437: duration loss = 0.290 | prior loss = 1.206 | diffusion loss = 0.115

[2026-08-01 13:54:50,850][root][INFO] - Epoch 438: duration loss = 0.289 | prior loss = 1.206 | diffusion loss = 0.115

[2026-08-01 13:56:32,395][root][INFO] - Epoch 439: duration loss = 0.289 | prior loss = 1.206 | diffusion loss = 0.114

[2026-08-01 13:58:15,068][root][INFO] - Epoch 440: duration loss = 0.289 | prior loss = 1.206 | diffusion loss = 0.114

[2026-08-01 13:59:58,466][root][INFO] - Epoch 441: duration loss = 0.290 | prior loss = 1.206 | diffusion loss = 0.114

[2026-08-01 14:01:41,481][root][INFO] - Epoch 442: duration loss = 0.289 | prior loss = 1.206 | diffusion loss = 0.114

[2026-08-01 14:03:24,612][root][INFO] - Epoch 443: duration loss = 0.290 | prior loss = 1.206 | diffusion loss = 0.113

[2026-08-01 14:05:07,377][root][INFO] - Epoch 444: duration loss = 0.290 | prior loss = 1.206 | diffusion loss = 0.115

[2026-08-01 14:06:50,218][root][INFO] - Epoch 445: duration loss = 0.290 | prior loss = 1.206 | diffusion loss = 0.116

[2026-08-01 14:08:33,290][root][INFO] - Epoch 446: duration loss = 0.289 | prior loss = 1.206 | diffusion loss = 0.114

[2026-08-01 14:10:16,608][root][INFO] - Epoch 447: duration loss = 0.289 | prior loss = 1.206 | diffusion loss = 0.114

[2026-08-01 14:11:59,952][root][INFO] - Epoch 448: duration loss = 0.289 | prior loss = 1.206 | diffusion loss = 0.113

[2026-08-01 14:13:45,871][root][INFO] - Epoch 449: duration loss = 0.289 | prior loss = 1.206 | diffusion loss = 0.115

[2026-08-01 14:15:30,130][root][INFO] - Epoch 450: duration loss = 0.289 | prior loss = 1.206 | diffusion loss = 0.114

[2026-08-01 14:17:13,044][root][INFO] - Epoch 451: duration loss = 0.289 | prior loss = 1.206 | diffusion loss = 0.113

[2026-08-01 14:18:54,620][root][INFO] - Epoch 452: duration loss = 0.290 | prior loss = 1.206 | diffusion loss = 0.114

[2026-08-01 14:20:39,933][root][INFO] - Epoch 453: duration loss = 0.290 | prior loss = 1.206 | diffusion loss = 0.114

[2026-08-01 14:22:25,556][root][INFO] - Epoch 454: duration loss = 0.290 | prior loss = 1.206 | diffusion loss = 0.114

[2026-08-01 14:24:10,127][root][INFO] - Epoch 455: duration loss = 0.289 | prior loss = 1.206 | diffusion loss = 0.115

[2026-08-01 14:25:55,138][root][INFO] - Epoch 456: duration loss = 0.289 | prior loss = 1.206 | diffusion loss = 0.114

[2026-08-01 14:27:38,061][root][INFO] - Epoch 457: duration loss = 0.289 | prior loss = 1.206 | diffusion loss = 0.113

[2026-08-01 14:29:22,176][root][INFO] - Epoch 458: duration loss = 0.290 | prior loss = 1.206 | diffusion loss = 0.113

[2026-08-01 14:31:06,218][root][INFO] - Epoch 459: duration loss = 0.289 | prior loss = 1.206 | diffusion loss = 0.114

[2026-08-01 14:32:51,165][root][INFO] - Epoch 460: duration loss = 0.290 | prior loss = 1.206 | diffusion loss = 0.115

[2026-08-01 14:34:34,305][root][INFO] - Epoch 461: duration loss = 0.290 | prior loss = 1.207 | diffusion loss = 0.113

[2026-08-01 14:36:18,157][root][INFO] - Epoch 462: duration loss = 0.290 | prior loss = 1.206 | diffusion loss = 0.115

[2026-08-01 14:38:03,061][root][INFO] - Epoch 463: duration loss = 0.289 | prior loss = 1.206 | diffusion loss = 0.114

[2026-08-01 14:39:46,361][root][INFO] - Epoch 464: duration loss = 0.290 | prior loss = 1.206 | diffusion loss = 0.114

[2026-08-01 14:41:31,991][root][INFO] - Epoch 465: duration loss = 0.290 | prior loss = 1.206 | diffusion loss = 0.115

[2026-08-01 14:43:13,599][root][INFO] - Epoch 466: duration loss = 0.290 | prior loss = 1.206 | diffusion loss = 0.114

[2026-08-01 14:44:55,836][root][INFO] - Epoch 467: duration loss = 0.290 | prior loss = 1.206 | diffusion loss = 0.114

[2026-08-01 14:46:36,877][root][INFO] - Epoch 468: duration loss = 0.289 | prior loss = 1.206 | diffusion loss = 0.114

[2026-08-01 14:48:18,974][root][INFO] - Epoch 469: duration loss = 0.290 | prior loss = 1.206 | diffusion loss = 0.114

[2026-08-01 14:50:02,972][root][INFO] - Epoch 470: duration loss = 0.289 | prior loss = 1.206 | diffusion loss = 0.112

[2026-08-01 14:51:46,133][root][INFO] - Epoch 471: duration loss = 0.289 | prior loss = 1.206 | diffusion loss = 0.114

[2026-08-01 14:53:30,696][root][INFO] - Epoch 472: duration loss = 0.290 | prior loss = 1.206 | diffusion loss = 0.114

[2026-08-01 14:55:14,202][root][INFO] - Epoch 473: duration loss = 0.289 | prior loss = 1.206 | diffusion loss = 0.114

[2026-08-01 14:56:57,729][root][INFO] - Epoch 474: duration loss = 0.289 | prior loss = 1.206 | diffusion loss = 0.114

[2026-08-01 14:58:40,595][root][INFO] - Epoch 475: duration loss = 0.289 | prior loss = 1.207 | diffusion loss = 0.115

[2026-08-01 15:00:22,703][root][INFO] - Epoch 476: duration loss = 0.289 | prior loss = 1.206 | diffusion loss = 0.113

[2026-08-01 15:02:06,898][root][INFO] - Epoch 477: duration loss = 0.289 | prior loss = 1.206 | diffusion loss = 0.115

[2026-08-01 15:03:50,691][root][INFO] - Epoch 478: duration loss = 0.290 | prior loss = 1.206 | diffusion loss = 0.114

[2026-08-01 15:05:35,061][root][INFO] - Epoch 479: duration loss = 0.289 | prior loss = 1.206 | diffusion loss = 0.114

[2026-08-01 15:07:18,316][root][INFO] - Epoch 480: duration loss = 0.289 | prior loss = 1.206 | diffusion loss = 0.113

[2026-08-01 15:09:01,262][root][INFO] - Epoch 481: duration loss = 0.289 | prior loss = 1.206 | diffusion loss = 0.113

[2026-08-01 15:10:46,134][root][INFO] - Epoch 482: duration loss = 0.290 | prior loss = 1.206 | diffusion loss = 0.115

[2026-08-01 15:12:30,077][root][INFO] - Epoch 483: duration loss = 0.289 | prior loss = 1.206 | diffusion loss = 0.114

[2026-08-01 15:14:12,995][root][INFO] - Epoch 484: duration loss = 0.289 | prior loss = 1.205 | diffusion loss = 0.112

[2026-08-01 15:15:56,988][root][INFO] - Epoch 485: duration loss = 0.289 | prior loss = 1.206 | diffusion loss = 0.114

[2026-08-01 15:17:40,908][root][INFO] - Epoch 486: duration loss = 0.290 | prior loss = 1.206 | diffusion loss = 0.113

[2026-08-01 15:19:23,657][root][INFO] - Epoch 487: duration loss = 0.289 | prior loss = 1.206 | diffusion loss = 0.115

[2026-08-01 15:21:06,882][root][INFO] - Epoch 488: duration loss = 0.289 | prior loss = 1.206 | diffusion loss = 0.113

[2026-08-01 15:22:50,397][root][INFO] - Epoch 489: duration loss = 0.290 | prior loss = 1.206 | diffusion loss = 0.113

[2026-08-01 15:24:33,683][root][INFO] - Epoch 490: duration loss = 0.289 | prior loss = 1.206 | diffusion loss = 0.114

[2026-08-01 15:26:16,642][root][INFO] - Epoch 491: duration loss = 0.290 | prior loss = 1.206 | diffusion loss = 0.113

[2026-08-01 15:27:59,657][root][INFO] - Epoch 492: duration loss = 0.289 | prior loss = 1.206 | diffusion loss = 0.113

[2026-08-01 15:29:41,316][root][INFO] - Epoch 493: duration loss = 0.290 | prior loss = 1.206 | diffusion loss = 0.114

[2026-08-01 15:31:24,186][root][INFO] - Epoch 494: duration loss = 0.289 | prior loss = 1.206 | diffusion loss = 0.113

[2026-08-01 15:33:06,983][root][INFO] - Epoch 495: duration loss = 0.289 | prior loss = 1.206 | diffusion loss = 0.114

[2026-08-01 15:34:49,857][root][INFO] - Epoch 496: duration loss = 0.289 | prior loss = 1.206 | diffusion loss = 0.113

[2026-08-01 15:36:32,268][root][INFO] - Epoch 497: duration loss = 0.289 | prior loss = 1.206 | diffusion loss = 0.115

[2026-08-01 15:38:15,159][root][INFO] - Epoch 498: duration loss = 0.289 | prior loss = 1.206 | diffusion loss = 0.114

[2026-08-01 15:39:58,402][root][INFO] - Epoch 499: duration loss = 0.289 | prior loss = 1.206 | diffusion loss = 0.114

[2026-08-01 15:41:49,547][root][INFO] - Epoch 500: duration loss = 0.286 | prior loss = 1.203 | diffusion loss = 0.115

[2026-08-01 15:43:40,742][root][INFO] - Epoch 501: duration loss = 0.285 | prior loss = 1.202 | diffusion loss = 0.113

[2026-08-01 15:45:33,164][root][INFO] - Epoch 502: duration loss = 0.283 | prior loss = 1.201 | diffusion loss = 0.111

[2026-08-01 15:47:25,228][root][INFO] - Epoch 503: duration loss = 0.283 | prior loss = 1.201 | diffusion loss = 0.112

[2026-08-01 15:49:17,470][root][INFO] - Epoch 504: duration loss = 0.283 | prior loss = 1.200 | diffusion loss = 0.113

[2026-08-01 15:51:09,582][root][INFO] - Epoch 505: duration loss = 0.282 | prior loss = 1.200 | diffusion loss = 0.113

[2026-08-01 15:52:59,872][root][INFO] - Epoch 506: duration loss = 0.282 | prior loss = 1.200 | diffusion loss = 0.114

[2026-08-01 15:54:49,548][root][INFO] - Epoch 507: duration loss = 0.282 | prior loss = 1.199 | diffusion loss = 0.115

[2026-08-01 15:56:48,057][root][INFO] - Epoch 508: duration loss = 0.281 | prior loss = 1.199 | diffusion loss = 0.114

[2026-08-01 15:58:38,196][root][INFO] - Epoch 509: duration loss = 0.281 | prior loss = 1.199 | diffusion loss = 0.113

[2026-08-01 16:00:27,385][root][INFO] - Epoch 510: duration loss = 0.281 | prior loss = 1.199 | diffusion loss = 0.113

[2026-08-01 16:02:19,508][root][INFO] - Epoch 511: duration loss = 0.280 | prior loss = 1.199 | diffusion loss = 0.113

[2026-08-01 16:04:11,874][root][INFO] - Epoch 512: duration loss = 0.280 | prior loss = 1.198 | diffusion loss = 0.113

[2026-08-01 16:06:03,933][root][INFO] - Epoch 513: duration loss = 0.280 | prior loss = 1.198 | diffusion loss = 0.113

[2026-08-01 16:07:56,699][root][INFO] - Epoch 514: duration loss = 0.280 | prior loss = 1.198 | diffusion loss = 0.113

[2026-08-01 16:09:50,342][root][INFO] - Epoch 515: duration loss = 0.280 | prior loss = 1.198 | diffusion loss = 0.113

[2026-08-01 16:11:41,150][root][INFO] - Epoch 516: duration loss = 0.280 | prior loss = 1.198 | diffusion loss = 0.114

[2026-08-01 16:13:32,328][root][INFO] - Epoch 517: duration loss = 0.280 | prior loss = 1.198 | diffusion loss = 0.113

[2026-08-01 16:15:22,079][root][INFO] - Epoch 518: duration loss = 0.280 | prior loss = 1.197 | diffusion loss = 0.114

[2026-08-01 16:17:12,138][root][INFO] - Epoch 519: duration loss = 0.280 | prior loss = 1.198 | diffusion loss = 0.113

[2026-08-01 16:19:02,043][root][INFO] - Epoch 520: duration loss = 0.279 | prior loss = 1.197 | diffusion loss = 0.113

[2026-08-01 16:20:51,519][root][INFO] - Epoch 521: duration loss = 0.280 | prior loss = 1.197 | diffusion loss = 0.114

[2026-08-01 16:22:41,664][root][INFO] - Epoch 522: duration loss = 0.279 | prior loss = 1.197 | diffusion loss = 0.112

[2026-08-01 16:24:31,814][root][INFO] - Epoch 523: duration loss = 0.279 | prior loss = 1.197 | diffusion loss = 0.112

[2026-08-01 16:26:21,818][root][INFO] - Epoch 524: duration loss = 0.279 | prior loss = 1.197 | diffusion loss = 0.111

[2026-08-01 16:28:12,248][root][INFO] - Epoch 525: duration loss = 0.279 | prior loss = 1.197 | diffusion loss = 0.112

[2026-08-01 16:30:04,514][root][INFO] - Epoch 526: duration loss = 0.279 | prior loss = 1.197 | diffusion loss = 0.114

[2026-08-01 16:31:57,434][root][INFO] - Epoch 527: duration loss = 0.279 | prior loss = 1.197 | diffusion loss = 0.113

[2026-08-01 16:33:51,228][root][INFO] - Epoch 528: duration loss = 0.278 | prior loss = 1.197 | diffusion loss = 0.111

[2026-08-01 16:35:43,169][root][INFO] - Epoch 529: duration loss = 0.278 | prior loss = 1.196 | diffusion loss = 0.112

[2026-08-01 16:37:36,642][root][INFO] - Epoch 530: duration loss = 0.279 | prior loss = 1.197 | diffusion loss = 0.114

[2026-08-01 16:39:30,504][root][INFO] - Epoch 531: duration loss = 0.278 | prior loss = 1.197 | diffusion loss = 0.113

[2026-08-01 16:41:23,671][root][INFO] - Epoch 532: duration loss = 0.279 | prior loss = 1.197 | diffusion loss = 0.112

[2026-08-01 16:43:17,336][root][INFO] - Epoch 533: duration loss = 0.278 | prior loss = 1.197 | diffusion loss = 0.111

[2026-08-01 16:45:10,054][root][INFO] - Epoch 534: duration loss = 0.279 | prior loss = 1.197 | diffusion loss = 0.112

[2026-08-01 16:47:04,034][root][INFO] - Epoch 535: duration loss = 0.278 | prior loss = 1.196 | diffusion loss = 0.112

[2026-08-01 16:48:57,549][root][INFO] - Epoch 536: duration loss = 0.278 | prior loss = 1.196 | diffusion loss = 0.113

[2026-08-01 16:50:50,833][root][INFO] - Epoch 537: duration loss = 0.278 | prior loss = 1.196 | diffusion loss = 0.114

[2026-08-01 16:52:43,888][root][INFO] - Epoch 538: duration loss = 0.278 | prior loss = 1.196 | diffusion loss = 0.113

[2026-08-01 16:54:36,007][root][INFO] - Epoch 539: duration loss = 0.278 | prior loss = 1.196 | diffusion loss = 0.112

[2026-08-01 16:56:29,417][root][INFO] - Epoch 540: duration loss = 0.278 | prior loss = 1.196 | diffusion loss = 0.112

[2026-08-01 16:58:20,551][root][INFO] - Epoch 541: duration loss = 0.277 | prior loss = 1.196 | diffusion loss = 0.112

[2026-08-01 17:00:12,551][root][INFO] - Epoch 542: duration loss = 0.278 | prior loss = 1.196 | diffusion loss = 0.112

[2026-08-01 17:02:05,352][root][INFO] - Epoch 543: duration loss = 0.277 | prior loss = 1.196 | diffusion loss = 0.112

[2026-08-01 17:03:57,758][root][INFO] - Epoch 544: duration loss = 0.278 | prior loss = 1.196 | diffusion loss = 0.112

[2026-08-01 17:05:51,032][root][INFO] - Epoch 545: duration loss = 0.278 | prior loss = 1.196 | diffusion loss = 0.112

[2026-08-01 17:07:42,796][root][INFO] - Epoch 546: duration loss = 0.277 | prior loss = 1.196 | diffusion loss = 0.112

[2026-08-01 17:09:34,986][root][INFO] - Epoch 547: duration loss = 0.277 | prior loss = 1.196 | diffusion loss = 0.112

[2026-08-01 17:11:30,791][root][INFO] - Epoch 548: duration loss = 0.277 | prior loss = 1.195 | diffusion loss = 0.112

[2026-08-01 17:13:22,585][root][INFO] - Epoch 549: duration loss = 0.277 | prior loss = 1.196 | diffusion loss = 0.113

[2026-08-01 17:15:11,926][root][INFO] - Epoch 550: duration loss = 0.277 | prior loss = 1.195 | diffusion loss = 0.113

[2026-08-01 17:17:04,905][root][INFO] - Epoch 551: duration loss = 0.278 | prior loss = 1.195 | diffusion loss = 0.114

[2026-08-01 17:18:57,016][root][INFO] - Epoch 552: duration loss = 0.277 | prior loss = 1.195 | diffusion loss = 0.114

[2026-08-01 17:20:49,087][root][INFO] - Epoch 553: duration loss = 0.277 | prior loss = 1.196 | diffusion loss = 0.112

[2026-08-01 17:22:42,168][root][INFO] - Epoch 554: duration loss = 0.277 | prior loss = 1.195 | diffusion loss = 0.112

[2026-08-01 17:24:34,826][root][INFO] - Epoch 555: duration loss = 0.276 | prior loss = 1.196 | diffusion loss = 0.112

[2026-08-01 17:26:25,636][root][INFO] - Epoch 556: duration loss = 0.277 | prior loss = 1.195 | diffusion loss = 0.112

[2026-08-01 17:28:15,307][root][INFO] - Epoch 557: duration loss = 0.277 | prior loss = 1.195 | diffusion loss = 0.114

[2026-08-01 17:30:05,433][root][INFO] - Epoch 558: duration loss = 0.276 | prior loss = 1.195 | diffusion loss = 0.113

[2026-08-01 17:31:55,716][root][INFO] - Epoch 559: duration loss = 0.277 | prior loss = 1.195 | diffusion loss = 0.113

[2026-08-01 17:33:45,257][root][INFO] - Epoch 560: duration loss = 0.276 | prior loss = 1.195 | diffusion loss = 0.112

[2026-08-01 17:35:37,357][root][INFO] - Epoch 561: duration loss = 0.276 | prior loss = 1.195 | diffusion loss = 0.112

[2026-08-01 17:37:29,741][root][INFO] - Epoch 562: duration loss = 0.276 | prior loss = 1.195 | diffusion loss = 0.113

[2026-08-01 17:39:23,261][root][INFO] - Epoch 563: duration loss = 0.276 | prior loss = 1.195 | diffusion loss = 0.113

[2026-08-01 17:41:15,828][root][INFO] - Epoch 564: duration loss = 0.277 | prior loss = 1.195 | diffusion loss = 0.112

[2026-08-01 17:43:07,526][root][INFO] - Epoch 565: duration loss = 0.276 | prior loss = 1.195 | diffusion loss = 0.112

[2026-08-01 17:44:59,033][root][INFO] - Epoch 566: duration loss = 0.277 | prior loss = 1.195 | diffusion loss = 0.113

[2026-08-01 17:46:50,773][root][INFO] - Epoch 567: duration loss = 0.276 | prior loss = 1.195 | diffusion loss = 0.111

[2026-08-01 17:48:43,122][root][INFO] - Epoch 568: duration loss = 0.276 | prior loss = 1.195 | diffusion loss = 0.112

[2026-08-01 17:50:34,729][root][INFO] - Epoch 569: duration loss = 0.276 | prior loss = 1.195 | diffusion loss = 0.111

[2026-08-01 17:52:26,645][root][INFO] - Epoch 570: duration loss = 0.276 | prior loss = 1.195 | diffusion loss = 0.112

[2026-08-01 17:54:16,966][root][INFO] - Epoch 571: duration loss = 0.276 | prior loss = 1.195 | diffusion loss = 0.114

[2026-08-01 17:56:07,045][root][INFO] - Epoch 572: duration loss = 0.276 | prior loss = 1.195 | diffusion loss = 0.110

[2026-08-01 17:57:56,163][root][INFO] - Epoch 573: duration loss = 0.276 | prior loss = 1.195 | diffusion loss = 0.112

[2026-08-01 17:59:46,108][root][INFO] - Epoch 574: duration loss = 0.276 | prior loss = 1.195 | diffusion loss = 0.112

[2026-08-01 18:01:36,512][root][INFO] - Epoch 575: duration loss = 0.276 | prior loss = 1.195 | diffusion loss = 0.112

[2026-08-01 18:03:29,874][root][INFO] - Epoch 576: duration loss = 0.276 | prior loss = 1.195 | diffusion loss = 0.112

[2026-08-01 18:05:22,669][root][INFO] - Epoch 577: duration loss = 0.276 | prior loss = 1.195 | diffusion loss = 0.112

[2026-08-01 18:07:15,118][root][INFO] - Epoch 578: duration loss = 0.276 | prior loss = 1.195 | diffusion loss = 0.112

[2026-08-01 18:09:07,819][root][INFO] - Epoch 579: duration loss = 0.276 | prior loss = 1.195 | diffusion loss = 0.112

[2026-08-01 18:11:00,345][root][INFO] - Epoch 580: duration loss = 0.276 | prior loss = 1.195 | diffusion loss = 0.112

[2026-08-01 18:12:50,773][root][INFO] - Epoch 581: duration loss = 0.276 | prior loss = 1.195 | diffusion loss = 0.112

[2026-08-01 18:14:41,291][root][INFO] - Epoch 582: duration loss = 0.276 | prior loss = 1.195 | diffusion loss = 0.113

[2026-08-01 18:16:32,771][root][INFO] - Epoch 583: duration loss = 0.276 | prior loss = 1.194 | diffusion loss = 0.112

[2026-08-01 18:18:21,766][root][INFO] - Epoch 584: duration loss = 0.275 | prior loss = 1.195 | diffusion loss = 0.111

[2026-08-01 18:20:12,425][root][INFO] - Epoch 585: duration loss = 0.276 | prior loss = 1.194 | diffusion loss = 0.112

[2026-08-01 18:22:07,033][root][INFO] - Epoch 586: duration loss = 0.276 | prior loss = 1.194 | diffusion loss = 0.113

[2026-08-01 18:24:07,465][root][INFO] - Epoch 587: duration loss = 0.276 | prior loss = 1.195 | diffusion loss = 0.112

[2026-08-01 18:26:00,207][root][INFO] - Epoch 588: duration loss = 0.276 | prior loss = 1.195 | diffusion loss = 0.111

[2026-08-01 18:27:52,698][root][INFO] - Epoch 589: duration loss = 0.276 | prior loss = 1.195 | diffusion loss = 0.113

[2026-08-01 18:29:46,331][root][INFO] - Epoch 590: duration loss = 0.275 | prior loss = 1.195 | diffusion loss = 0.111

[2026-08-01 18:31:39,342][root][INFO] - Epoch 591: duration loss = 0.276 | prior loss = 1.194 | diffusion loss = 0.113

[2026-08-01 18:33:33,823][root][INFO] - Epoch 592: duration loss = 0.276 | prior loss = 1.194 | diffusion loss = 0.113

[2026-08-01 18:35:27,455][root][INFO] - Epoch 593: duration loss = 0.275 | prior loss = 1.194 | diffusion loss = 0.113

[2026-08-01 18:37:21,253][root][INFO] - Epoch 594: duration loss = 0.276 | prior loss = 1.194 | diffusion loss = 0.112

[2026-08-01 18:39:14,478][root][INFO] - Epoch 595: duration loss = 0.276 | prior loss = 1.194 | diffusion loss = 0.113

[2026-08-01 18:41:09,810][root][INFO] - Epoch 596: duration loss = 0.275 | prior loss = 1.195 | diffusion loss = 0.113

[2026-08-01 18:43:04,097][root][INFO] - Epoch 597: duration loss = 0.276 | prior loss = 1.194 | diffusion loss = 0.112

[2026-08-01 18:44:58,854][root][INFO] - Epoch 598: duration loss = 0.276 | prior loss = 1.194 | diffusion loss = 0.112

[2026-08-01 18:46:52,572][root][INFO] - Epoch 599: duration loss = 0.275 | prior loss = 1.194 | diffusion loss = 0.112

