[2026-07-12 22:08:01,861][root][INFO] - Initializing logger...
[2026-07-12 22:08:01,864][root][INFO] - Initializing data loaders...
[2026-07-12 22:08:02,786][root][INFO] - Initializing model...
[2026-07-12 22:08:02,891][root][INFO] - Number of encoder parameters = 7.20m
[2026-07-12 22:08:02,898][root][INFO] - Number of decoder parameters = 7.49m
[2026-07-12 22:08:03,392][root][INFO] - Initializing optimizer...
[2026-07-12 22:08:03,394][root][INFO] - Start training...
[2026-07-12 22:09:43,092][root][INFO] - Epoch 1: duration loss = 0.289 | prior loss = 1.206 | diffusion loss = 7.856

[2026-07-12 22:11:21,359][root][INFO] - Epoch 2: duration loss = 0.289 | prior loss = 1.206 | diffusion loss = 2.837

[2026-07-12 22:12:59,376][root][INFO] - Epoch 3: duration loss = 0.290 | prior loss = 1.206 | diffusion loss = 0.704

[2026-07-12 22:14:38,633][root][INFO] - Epoch 4: duration loss = 0.289 | prior loss = 1.206 | diffusion loss = 0.339

[2026-07-12 22:16:17,839][root][INFO] - Epoch 5: duration loss = 0.290 | prior loss = 1.206 | diffusion loss = 0.304

[2026-07-12 22:17:56,439][root][INFO] - Epoch 6: duration loss = 0.290 | prior loss = 1.206 | diffusion loss = 0.290

[2026-07-12 22:19:32,785][root][INFO] - Epoch 7: duration loss = 0.289 | prior loss = 1.206 | diffusion loss = 0.283

[2026-07-12 22:21:12,643][root][INFO] - Epoch 8: duration loss = 0.290 | prior loss = 1.206 | diffusion loss = 0.278

[2026-07-12 22:22:52,160][root][INFO] - Epoch 9: duration loss = 0.289 | prior loss = 1.206 | diffusion loss = 0.269

[2026-07-12 22:24:32,026][root][INFO] - Epoch 10: duration loss = 0.289 | prior loss = 1.206 | diffusion loss = 0.272

[2026-07-12 22:26:10,519][root][INFO] - Epoch 11: duration loss = 0.290 | prior loss = 1.206 | diffusion loss = 0.268

[2026-07-12 22:27:50,747][root][INFO] - Epoch 12: duration loss = 0.290 | prior loss = 1.206 | diffusion loss = 0.265

[2026-07-12 22:29:29,763][root][INFO] - Epoch 13: duration loss = 0.289 | prior loss = 1.206 | diffusion loss = 0.262

[2026-07-12 22:31:09,029][root][INFO] - Epoch 14: duration loss = 0.290 | prior loss = 1.206 | diffusion loss = 0.267

[2026-07-12 22:32:48,932][root][INFO] - Epoch 15: duration loss = 0.289 | prior loss = 1.206 | diffusion loss = 0.260

[2026-07-12 22:34:28,191][root][INFO] - Epoch 16: duration loss = 0.289 | prior loss = 1.206 | diffusion loss = 0.260

[2026-07-12 22:36:13,317][root][INFO] - Epoch 17: duration loss = 0.289 | prior loss = 1.205 | diffusion loss = 0.253

[2026-07-12 22:37:51,341][root][INFO] - Epoch 18: duration loss = 0.289 | prior loss = 1.206 | diffusion loss = 0.253

[2026-07-12 22:39:28,099][root][INFO] - Epoch 19: duration loss = 0.290 | prior loss = 1.206 | diffusion loss = 0.256

[2026-07-12 22:41:06,067][root][INFO] - Epoch 20: duration loss = 0.290 | prior loss = 1.207 | diffusion loss = 0.251

[2026-07-12 22:42:43,049][root][INFO] - Epoch 21: duration loss = 0.289 | prior loss = 1.206 | diffusion loss = 0.250

[2026-07-12 22:44:21,172][root][INFO] - Epoch 22: duration loss = 0.289 | prior loss = 1.206 | diffusion loss = 0.251

[2026-07-12 22:45:58,342][root][INFO] - Epoch 23: duration loss = 0.289 | prior loss = 1.206 | diffusion loss = 0.246

[2026-07-12 22:47:36,447][root][INFO] - Epoch 24: duration loss = 0.289 | prior loss = 1.206 | diffusion loss = 0.248

[2026-07-12 22:49:13,433][root][INFO] - Epoch 25: duration loss = 0.289 | prior loss = 1.206 | diffusion loss = 0.249

[2026-07-12 22:50:51,026][root][INFO] - Epoch 26: duration loss = 0.289 | prior loss = 1.205 | diffusion loss = 0.242

[2026-07-12 22:52:27,963][root][INFO] - Epoch 27: duration loss = 0.289 | prior loss = 1.206 | diffusion loss = 0.243

[2026-07-12 22:54:05,960][root][INFO] - Epoch 28: duration loss = 0.289 | prior loss = 1.206 | diffusion loss = 0.244

[2026-07-12 22:55:44,681][root][INFO] - Epoch 29: duration loss = 0.289 | prior loss = 1.206 | diffusion loss = 0.242

[2026-07-12 22:57:21,265][root][INFO] - Epoch 30: duration loss = 0.290 | prior loss = 1.206 | diffusion loss = 0.241

[2026-07-12 22:58:59,675][root][INFO] - Epoch 31: duration loss = 0.289 | prior loss = 1.206 | diffusion loss = 0.241

[2026-07-12 23:00:37,463][root][INFO] - Epoch 32: duration loss = 0.289 | prior loss = 1.206 | diffusion loss = 0.238

[2026-07-12 23:02:16,837][root][INFO] - Epoch 33: duration loss = 0.289 | prior loss = 1.206 | diffusion loss = 0.240

[2026-07-12 23:03:54,583][root][INFO] - Epoch 34: duration loss = 0.289 | prior loss = 1.206 | diffusion loss = 0.240

[2026-07-12 23:05:32,420][root][INFO] - Epoch 35: duration loss = 0.289 | prior loss = 1.206 | diffusion loss = 0.242

[2026-07-12 23:07:10,875][root][INFO] - Epoch 36: duration loss = 0.289 | prior loss = 1.206 | diffusion loss = 0.238

[2026-07-12 23:08:48,923][root][INFO] - Epoch 37: duration loss = 0.289 | prior loss = 1.206 | diffusion loss = 0.236

[2026-07-12 23:10:26,824][root][INFO] - Epoch 38: duration loss = 0.289 | prior loss = 1.206 | diffusion loss = 0.237

[2026-07-12 23:12:05,513][root][INFO] - Epoch 39: duration loss = 0.289 | prior loss = 1.206 | diffusion loss = 0.235

[2026-07-12 23:13:45,278][root][INFO] - Epoch 40: duration loss = 0.289 | prior loss = 1.206 | diffusion loss = 0.233

[2026-07-12 23:15:23,512][root][INFO] - Epoch 41: duration loss = 0.289 | prior loss = 1.206 | diffusion loss = 0.234

[2026-07-12 23:17:02,097][root][INFO] - Epoch 42: duration loss = 0.289 | prior loss = 1.206 | diffusion loss = 0.236

[2026-07-12 23:18:40,170][root][INFO] - Epoch 43: duration loss = 0.290 | prior loss = 1.206 | diffusion loss = 0.232

[2026-07-12 23:20:18,766][root][INFO] - Epoch 44: duration loss = 0.289 | prior loss = 1.206 | diffusion loss = 0.229

[2026-07-12 23:21:57,485][root][INFO] - Epoch 45: duration loss = 0.289 | prior loss = 1.206 | diffusion loss = 0.233

[2026-07-12 23:23:36,091][root][INFO] - Epoch 46: duration loss = 0.289 | prior loss = 1.206 | diffusion loss = 0.232

[2026-07-12 23:25:15,150][root][INFO] - Epoch 47: duration loss = 0.289 | prior loss = 1.206 | diffusion loss = 0.234

[2026-07-12 23:26:53,707][root][INFO] - Epoch 48: duration loss = 0.289 | prior loss = 1.206 | diffusion loss = 0.228

[2026-07-12 23:28:33,416][root][INFO] - Epoch 49: duration loss = 0.289 | prior loss = 1.206 | diffusion loss = 0.228

[2026-07-12 23:30:11,882][root][INFO] - Epoch 50: duration loss = 0.289 | prior loss = 1.206 | diffusion loss = 0.229

[2026-07-12 23:31:49,792][root][INFO] - Epoch 51: duration loss = 0.290 | prior loss = 1.206 | diffusion loss = 0.228

[2026-07-12 23:33:28,475][root][INFO] - Epoch 52: duration loss = 0.290 | prior loss = 1.206 | diffusion loss = 0.228

[2026-07-12 23:35:07,754][root][INFO] - Epoch 53: duration loss = 0.289 | prior loss = 1.206 | diffusion loss = 0.227

[2026-07-12 23:36:46,479][root][INFO] - Epoch 54: duration loss = 0.289 | prior loss = 1.206 | diffusion loss = 0.228

[2026-07-12 23:38:25,278][root][INFO] - Epoch 55: duration loss = 0.289 | prior loss = 1.206 | diffusion loss = 0.226

[2026-07-12 23:40:04,932][root][INFO] - Epoch 56: duration loss = 0.290 | prior loss = 1.206 | diffusion loss = 0.228

[2026-07-12 23:41:44,647][root][INFO] - Epoch 57: duration loss = 0.289 | prior loss = 1.206 | diffusion loss = 0.224

[2026-07-12 23:43:23,220][root][INFO] - Epoch 58: duration loss = 0.290 | prior loss = 1.206 | diffusion loss = 0.226

[2026-07-12 23:45:01,883][root][INFO] - Epoch 59: duration loss = 0.290 | prior loss = 1.206 | diffusion loss = 0.223

[2026-07-12 23:46:39,462][root][INFO] - Epoch 60: duration loss = 0.290 | prior loss = 1.206 | diffusion loss = 0.226

[2026-07-12 23:48:18,031][root][INFO] - Epoch 61: duration loss = 0.289 | prior loss = 1.206 | diffusion loss = 0.221

[2026-07-12 23:49:57,304][root][INFO] - Epoch 62: duration loss = 0.289 | prior loss = 1.206 | diffusion loss = 0.223

[2026-07-12 23:51:36,696][root][INFO] - Epoch 63: duration loss = 0.289 | prior loss = 1.206 | diffusion loss = 0.226

[2026-07-12 23:53:14,615][root][INFO] - Epoch 64: duration loss = 0.289 | prior loss = 1.206 | diffusion loss = 0.221

[2026-07-12 23:54:55,352][root][INFO] - Epoch 65: duration loss = 0.289 | prior loss = 1.206 | diffusion loss = 0.223

[2026-07-12 23:56:33,702][root][INFO] - Epoch 66: duration loss = 0.289 | prior loss = 1.206 | diffusion loss = 0.224

[2026-07-12 23:58:13,212][root][INFO] - Epoch 67: duration loss = 0.290 | prior loss = 1.206 | diffusion loss = 0.224

[2026-07-12 23:59:51,467][root][INFO] - Epoch 68: duration loss = 0.289 | prior loss = 1.206 | diffusion loss = 0.222

[2026-07-13 00:01:30,188][root][INFO] - Epoch 69: duration loss = 0.289 | prior loss = 1.206 | diffusion loss = 0.223

[2026-07-13 00:03:09,497][root][INFO] - Epoch 70: duration loss = 0.289 | prior loss = 1.206 | diffusion loss = 0.223

[2026-07-13 00:04:48,563][root][INFO] - Epoch 71: duration loss = 0.290 | prior loss = 1.206 | diffusion loss = 0.221

[2026-07-13 00:06:26,439][root][INFO] - Epoch 72: duration loss = 0.289 | prior loss = 1.206 | diffusion loss = 0.220

[2026-07-13 00:08:05,771][root][INFO] - Epoch 73: duration loss = 0.290 | prior loss = 1.206 | diffusion loss = 0.223

[2026-07-13 00:09:44,551][root][INFO] - Epoch 74: duration loss = 0.290 | prior loss = 1.206 | diffusion loss = 0.223

[2026-07-13 00:11:23,337][root][INFO] - Epoch 75: duration loss = 0.289 | prior loss = 1.206 | diffusion loss = 0.222

[2026-07-13 00:13:03,463][root][INFO] - Epoch 76: duration loss = 0.290 | prior loss = 1.206 | diffusion loss = 0.218

[2026-07-13 00:14:41,261][root][INFO] - Epoch 77: duration loss = 0.289 | prior loss = 1.206 | diffusion loss = 0.218

[2026-07-13 00:16:21,090][root][INFO] - Epoch 78: duration loss = 0.290 | prior loss = 1.207 | diffusion loss = 0.218

[2026-07-13 00:17:59,489][root][INFO] - Epoch 79: duration loss = 0.290 | prior loss = 1.206 | diffusion loss = 0.217

[2026-07-13 00:19:39,146][root][INFO] - Epoch 80: duration loss = 0.289 | prior loss = 1.206 | diffusion loss = 0.219

[2026-07-13 00:21:17,171][root][INFO] - Epoch 81: duration loss = 0.290 | prior loss = 1.206 | diffusion loss = 0.222

[2026-07-13 00:22:56,305][root][INFO] - Epoch 82: duration loss = 0.289 | prior loss = 1.206 | diffusion loss = 0.216

[2026-07-13 00:24:36,054][root][INFO] - Epoch 83: duration loss = 0.290 | prior loss = 1.206 | diffusion loss = 0.219

[2026-07-13 00:26:16,451][root][INFO] - Epoch 84: duration loss = 0.289 | prior loss = 1.206 | diffusion loss = 0.218

[2026-07-13 00:27:54,315][root][INFO] - Epoch 85: duration loss = 0.290 | prior loss = 1.206 | diffusion loss = 0.216

[2026-07-13 00:29:34,128][root][INFO] - Epoch 86: duration loss = 0.289 | prior loss = 1.206 | diffusion loss = 0.217

[2026-07-13 00:31:13,286][root][INFO] - Epoch 87: duration loss = 0.289 | prior loss = 1.206 | diffusion loss = 0.218

[2026-07-13 00:32:56,055][root][INFO] - Epoch 88: duration loss = 0.290 | prior loss = 1.206 | diffusion loss = 0.216

[2026-07-13 00:34:35,549][root][INFO] - Epoch 89: duration loss = 0.290 | prior loss = 1.206 | diffusion loss = 0.215

[2026-07-13 00:36:12,016][root][INFO] - Epoch 90: duration loss = 0.289 | prior loss = 1.206 | diffusion loss = 0.218

[2026-07-13 00:37:49,613][root][INFO] - Epoch 91: duration loss = 0.289 | prior loss = 1.206 | diffusion loss = 0.215

[2026-07-13 00:39:27,210][root][INFO] - Epoch 92: duration loss = 0.289 | prior loss = 1.206 | diffusion loss = 0.217

[2026-07-13 00:41:03,969][root][INFO] - Epoch 93: duration loss = 0.290 | prior loss = 1.206 | diffusion loss = 0.218

[2026-07-13 00:42:40,854][root][INFO] - Epoch 94: duration loss = 0.290 | prior loss = 1.206 | diffusion loss = 0.220

[2026-07-13 00:44:21,158][root][INFO] - Epoch 95: duration loss = 0.289 | prior loss = 1.206 | diffusion loss = 0.216

[2026-07-13 00:45:58,660][root][INFO] - Epoch 96: duration loss = 0.290 | prior loss = 1.206 | diffusion loss = 0.214

[2026-07-13 00:47:36,641][root][INFO] - Epoch 97: duration loss = 0.289 | prior loss = 1.206 | diffusion loss = 0.216

[2026-07-13 00:49:14,309][root][INFO] - Epoch 98: duration loss = 0.289 | prior loss = 1.206 | diffusion loss = 0.213

[2026-07-13 00:50:51,720][root][INFO] - Epoch 99: duration loss = 0.289 | prior loss = 1.206 | diffusion loss = 0.215

[2026-07-13 00:52:28,946][root][INFO] - Epoch 100: duration loss = 0.289 | prior loss = 1.206 | diffusion loss = 0.214

[2026-07-13 00:54:06,924][root][INFO] - Epoch 101: duration loss = 0.289 | prior loss = 1.206 | diffusion loss = 0.210

[2026-07-13 00:55:44,319][root][INFO] - Epoch 102: duration loss = 0.290 | prior loss = 1.206 | diffusion loss = 0.213

[2026-07-13 00:57:22,195][root][INFO] - Epoch 103: duration loss = 0.290 | prior loss = 1.206 | diffusion loss = 0.216

[2026-07-13 00:58:59,856][root][INFO] - Epoch 104: duration loss = 0.290 | prior loss = 1.206 | diffusion loss = 0.215

[2026-07-13 01:00:38,327][root][INFO] - Epoch 105: duration loss = 0.289 | prior loss = 1.206 | diffusion loss = 0.212

[2026-07-13 01:02:15,435][root][INFO] - Epoch 106: duration loss = 0.289 | prior loss = 1.206 | diffusion loss = 0.211

[2026-07-13 01:03:54,671][root][INFO] - Epoch 107: duration loss = 0.290 | prior loss = 1.206 | diffusion loss = 0.213

[2026-07-13 01:05:33,493][root][INFO] - Epoch 108: duration loss = 0.289 | prior loss = 1.206 | diffusion loss = 0.215

[2026-07-13 01:07:12,325][root][INFO] - Epoch 109: duration loss = 0.289 | prior loss = 1.206 | diffusion loss = 0.214

[2026-07-13 01:08:50,101][root][INFO] - Epoch 110: duration loss = 0.289 | prior loss = 1.206 | diffusion loss = 0.213

[2026-07-13 01:10:27,486][root][INFO] - Epoch 111: duration loss = 0.289 | prior loss = 1.206 | diffusion loss = 0.208

[2026-07-13 01:12:06,717][root][INFO] - Epoch 112: duration loss = 0.289 | prior loss = 1.206 | diffusion loss = 0.211

[2026-07-13 01:13:45,031][root][INFO] - Epoch 113: duration loss = 0.289 | prior loss = 1.206 | diffusion loss = 0.210

[2026-07-13 01:15:24,171][root][INFO] - Epoch 114: duration loss = 0.289 | prior loss = 1.206 | diffusion loss = 0.210

[2026-07-13 01:17:03,489][root][INFO] - Epoch 115: duration loss = 0.289 | prior loss = 1.206 | diffusion loss = 0.212

[2026-07-13 01:18:42,102][root][INFO] - Epoch 116: duration loss = 0.290 | prior loss = 1.206 | diffusion loss = 0.215

[2026-07-13 01:20:20,212][root][INFO] - Epoch 117: duration loss = 0.290 | prior loss = 1.206 | diffusion loss = 0.209

[2026-07-13 01:21:58,223][root][INFO] - Epoch 118: duration loss = 0.289 | prior loss = 1.206 | diffusion loss = 0.212

[2026-07-13 01:23:36,701][root][INFO] - Epoch 119: duration loss = 0.289 | prior loss = 1.206 | diffusion loss = 0.211

[2026-07-13 01:25:15,501][root][INFO] - Epoch 120: duration loss = 0.290 | prior loss = 1.206 | diffusion loss = 0.210

[2026-07-13 01:26:54,469][root][INFO] - Epoch 121: duration loss = 0.290 | prior loss = 1.206 | diffusion loss = 0.211

[2026-07-13 01:28:32,232][root][INFO] - Epoch 122: duration loss = 0.290 | prior loss = 1.206 | diffusion loss = 0.211

[2026-07-13 01:30:11,000][root][INFO] - Epoch 123: duration loss = 0.289 | prior loss = 1.206 | diffusion loss = 0.209

[2026-07-13 01:31:51,137][root][INFO] - Epoch 124: duration loss = 0.289 | prior loss = 1.206 | diffusion loss = 0.211

[2026-07-13 01:33:30,728][root][INFO] - Epoch 125: duration loss = 0.289 | prior loss = 1.206 | diffusion loss = 0.208

[2026-07-13 01:35:09,057][root][INFO] - Epoch 126: duration loss = 0.290 | prior loss = 1.206 | diffusion loss = 0.209

[2026-07-13 01:36:48,543][root][INFO] - Epoch 127: duration loss = 0.290 | prior loss = 1.206 | diffusion loss = 0.208

[2026-07-13 01:38:27,361][root][INFO] - Epoch 128: duration loss = 0.289 | prior loss = 1.206 | diffusion loss = 0.211

[2026-07-13 01:40:06,959][root][INFO] - Epoch 129: duration loss = 0.289 | prior loss = 1.206 | diffusion loss = 0.213

[2026-07-13 01:41:45,006][root][INFO] - Epoch 130: duration loss = 0.289 | prior loss = 1.206 | diffusion loss = 0.210

[2026-07-13 01:43:22,917][root][INFO] - Epoch 131: duration loss = 0.289 | prior loss = 1.206 | diffusion loss = 0.210

[2026-07-13 01:45:02,150][root][INFO] - Epoch 132: duration loss = 0.290 | prior loss = 1.206 | diffusion loss = 0.208

[2026-07-13 01:46:40,863][root][INFO] - Epoch 133: duration loss = 0.289 | prior loss = 1.206 | diffusion loss = 0.209

[2026-07-13 01:48:19,665][root][INFO] - Epoch 134: duration loss = 0.289 | prior loss = 1.206 | diffusion loss = 0.206

[2026-07-13 01:49:59,556][root][INFO] - Epoch 135: duration loss = 0.289 | prior loss = 1.206 | diffusion loss = 0.208

[2026-07-13 01:51:38,578][root][INFO] - Epoch 136: duration loss = 0.290 | prior loss = 1.206 | diffusion loss = 0.212

[2026-07-13 01:53:17,419][root][INFO] - Epoch 137: duration loss = 0.289 | prior loss = 1.206 | diffusion loss = 0.209

[2026-07-13 01:54:56,835][root][INFO] - Epoch 138: duration loss = 0.289 | prior loss = 1.206 | diffusion loss = 0.208

[2026-07-13 01:56:35,686][root][INFO] - Epoch 139: duration loss = 0.290 | prior loss = 1.206 | diffusion loss = 0.210

[2026-07-13 01:58:15,133][root][INFO] - Epoch 140: duration loss = 0.290 | prior loss = 1.206 | diffusion loss = 0.206

[2026-07-13 01:59:54,938][root][INFO] - Epoch 141: duration loss = 0.290 | prior loss = 1.206 | diffusion loss = 0.209

[2026-07-13 02:01:33,452][root][INFO] - Epoch 142: duration loss = 0.290 | prior loss = 1.206 | diffusion loss = 0.205

[2026-07-13 02:03:12,502][root][INFO] - Epoch 143: duration loss = 0.289 | prior loss = 1.206 | diffusion loss = 0.205

[2026-07-13 02:04:51,218][root][INFO] - Epoch 144: duration loss = 0.289 | prior loss = 1.206 | diffusion loss = 0.209

[2026-07-13 02:06:30,207][root][INFO] - Epoch 145: duration loss = 0.290 | prior loss = 1.206 | diffusion loss = 0.206

[2026-07-13 02:08:08,269][root][INFO] - Epoch 146: duration loss = 0.289 | prior loss = 1.206 | diffusion loss = 0.208

[2026-07-13 02:09:45,770][root][INFO] - Epoch 147: duration loss = 0.289 | prior loss = 1.206 | diffusion loss = 0.207

[2026-07-13 02:11:24,947][root][INFO] - Epoch 148: duration loss = 0.289 | prior loss = 1.206 | diffusion loss = 0.210

[2026-07-13 02:13:03,698][root][INFO] - Epoch 149: duration loss = 0.289 | prior loss = 1.206 | diffusion loss = 0.209

[2026-07-13 02:14:41,054][root][INFO] - Epoch 150: duration loss = 0.289 | prior loss = 1.206 | diffusion loss = 0.207

[2026-07-13 02:16:19,437][root][INFO] - Epoch 151: duration loss = 0.290 | prior loss = 1.206 | diffusion loss = 0.206

[2026-07-13 02:17:58,295][root][INFO] - Epoch 152: duration loss = 0.290 | prior loss = 1.206 | diffusion loss = 0.207

[2026-07-13 02:19:37,728][root][INFO] - Epoch 153: duration loss = 0.289 | prior loss = 1.206 | diffusion loss = 0.206

[2026-07-13 02:21:15,730][root][INFO] - Epoch 154: duration loss = 0.290 | prior loss = 1.206 | diffusion loss = 0.204

[2026-07-13 02:22:54,749][root][INFO] - Epoch 155: duration loss = 0.289 | prior loss = 1.206 | diffusion loss = 0.208

[2026-07-13 02:24:33,480][root][INFO] - Epoch 156: duration loss = 0.289 | prior loss = 1.206 | diffusion loss = 0.207

[2026-07-13 02:26:12,664][root][INFO] - Epoch 157: duration loss = 0.289 | prior loss = 1.205 | diffusion loss = 0.203

[2026-07-13 02:27:50,776][root][INFO] - Epoch 158: duration loss = 0.289 | prior loss = 1.206 | diffusion loss = 0.205

[2026-07-13 02:29:29,631][root][INFO] - Epoch 159: duration loss = 0.289 | prior loss = 1.206 | diffusion loss = 0.206

[2026-07-13 02:31:04,898][root][INFO] - Epoch 160: duration loss = 0.289 | prior loss = 1.206 | diffusion loss = 0.206

[2026-07-13 02:32:39,824][root][INFO] - Epoch 161: duration loss = 0.289 | prior loss = 1.206 | diffusion loss = 0.208

[2026-07-13 02:34:13,742][root][INFO] - Epoch 162: duration loss = 0.289 | prior loss = 1.206 | diffusion loss = 0.206

[2026-07-13 02:35:48,432][root][INFO] - Epoch 163: duration loss = 0.289 | prior loss = 1.205 | diffusion loss = 0.205

[2026-07-13 02:37:24,596][root][INFO] - Epoch 164: duration loss = 0.289 | prior loss = 1.206 | diffusion loss = 0.204

[2026-07-13 02:39:00,338][root][INFO] - Epoch 165: duration loss = 0.290 | prior loss = 1.206 | diffusion loss = 0.206

[2026-07-13 02:40:35,095][root][INFO] - Epoch 166: duration loss = 0.289 | prior loss = 1.206 | diffusion loss = 0.201

[2026-07-13 02:42:10,170][root][INFO] - Epoch 167: duration loss = 0.289 | prior loss = 1.206 | diffusion loss = 0.204

[2026-07-13 02:43:45,402][root][INFO] - Epoch 168: duration loss = 0.289 | prior loss = 1.206 | diffusion loss = 0.204

[2026-07-13 02:45:21,787][root][INFO] - Epoch 169: duration loss = 0.289 | prior loss = 1.206 | diffusion loss = 0.205

[2026-07-13 02:46:55,988][root][INFO] - Epoch 170: duration loss = 0.289 | prior loss = 1.207 | diffusion loss = 0.204

[2026-07-13 02:48:31,304][root][INFO] - Epoch 171: duration loss = 0.289 | prior loss = 1.206 | diffusion loss = 0.203

[2026-07-13 02:50:07,192][root][INFO] - Epoch 172: duration loss = 0.289 | prior loss = 1.206 | diffusion loss = 0.204

[2026-07-13 02:51:42,785][root][INFO] - Epoch 173: duration loss = 0.289 | prior loss = 1.206 | diffusion loss = 0.205

[2026-07-13 02:53:17,482][root][INFO] - Epoch 174: duration loss = 0.289 | prior loss = 1.206 | diffusion loss = 0.204

[2026-07-13 02:54:53,774][root][INFO] - Epoch 175: duration loss = 0.289 | prior loss = 1.206 | diffusion loss = 0.203

[2026-07-13 02:56:29,955][root][INFO] - Epoch 176: duration loss = 0.289 | prior loss = 1.206 | diffusion loss = 0.205

[2026-07-13 02:58:06,257][root][INFO] - Epoch 177: duration loss = 0.290 | prior loss = 1.206 | diffusion loss = 0.207

[2026-07-13 02:59:40,902][root][INFO] - Epoch 178: duration loss = 0.289 | prior loss = 1.206 | diffusion loss = 0.203

[2026-07-13 03:01:16,484][root][INFO] - Epoch 179: duration loss = 0.290 | prior loss = 1.206 | diffusion loss = 0.203

[2026-07-13 03:02:51,709][root][INFO] - Epoch 180: duration loss = 0.289 | prior loss = 1.206 | diffusion loss = 0.202

[2026-07-13 03:04:27,916][root][INFO] - Epoch 181: duration loss = 0.289 | prior loss = 1.206 | diffusion loss = 0.200

[2026-07-13 03:06:03,053][root][INFO] - Epoch 182: duration loss = 0.289 | prior loss = 1.206 | diffusion loss = 0.199

[2026-07-13 03:07:41,394][root][INFO] - Epoch 183: duration loss = 0.290 | prior loss = 1.206 | diffusion loss = 0.201

[2026-07-13 03:09:18,624][root][INFO] - Epoch 184: duration loss = 0.290 | prior loss = 1.206 | diffusion loss = 0.200

[2026-07-13 03:10:55,113][root][INFO] - Epoch 185: duration loss = 0.289 | prior loss = 1.206 | diffusion loss = 0.204

[2026-07-13 03:12:30,777][root][INFO] - Epoch 186: duration loss = 0.289 | prior loss = 1.206 | diffusion loss = 0.201

[2026-07-13 03:14:07,869][root][INFO] - Epoch 187: duration loss = 0.289 | prior loss = 1.206 | diffusion loss = 0.202

[2026-07-13 03:15:44,147][root][INFO] - Epoch 188: duration loss = 0.289 | prior loss = 1.206 | diffusion loss = 0.202

[2026-07-13 03:17:21,080][root][INFO] - Epoch 189: duration loss = 0.290 | prior loss = 1.206 | diffusion loss = 0.201

[2026-07-13 03:18:57,368][root][INFO] - Epoch 190: duration loss = 0.289 | prior loss = 1.206 | diffusion loss = 0.202

[2026-07-13 03:20:36,398][root][INFO] - Epoch 191: duration loss = 0.290 | prior loss = 1.206 | diffusion loss = 0.201

[2026-07-13 03:22:13,281][root][INFO] - Epoch 192: duration loss = 0.289 | prior loss = 1.206 | diffusion loss = 0.201

[2026-07-13 03:23:50,110][root][INFO] - Epoch 193: duration loss = 0.289 | prior loss = 1.206 | diffusion loss = 0.201

[2026-07-13 03:25:25,242][root][INFO] - Epoch 194: duration loss = 0.289 | prior loss = 1.206 | diffusion loss = 0.200

[2026-07-13 03:27:02,464][root][INFO] - Epoch 195: duration loss = 0.289 | prior loss = 1.206 | diffusion loss = 0.201

[2026-07-13 03:28:40,419][root][INFO] - Epoch 196: duration loss = 0.289 | prior loss = 1.206 | diffusion loss = 0.199

[2026-07-13 03:30:18,201][root][INFO] - Epoch 197: duration loss = 0.289 | prior loss = 1.206 | diffusion loss = 0.203

[2026-07-13 03:31:56,272][root][INFO] - Epoch 198: duration loss = 0.289 | prior loss = 1.207 | diffusion loss = 0.199

[2026-07-13 03:33:35,939][root][INFO] - Epoch 199: duration loss = 0.289 | prior loss = 1.206 | diffusion loss = 0.199

[2026-07-13 03:35:14,753][root][INFO] - Epoch 200: duration loss = 0.290 | prior loss = 1.206 | diffusion loss = 0.204

[2026-07-13 03:36:53,491][root][INFO] - Epoch 201: duration loss = 0.289 | prior loss = 1.206 | diffusion loss = 0.202

[2026-07-13 03:38:30,147][root][INFO] - Epoch 202: duration loss = 0.289 | prior loss = 1.206 | diffusion loss = 0.199

[2026-07-13 03:40:08,749][root][INFO] - Epoch 203: duration loss = 0.289 | prior loss = 1.206 | diffusion loss = 0.202

[2026-07-13 03:41:47,023][root][INFO] - Epoch 204: duration loss = 0.289 | prior loss = 1.206 | diffusion loss = 0.201

[2026-07-13 03:43:25,183][root][INFO] - Epoch 205: duration loss = 0.290 | prior loss = 1.206 | diffusion loss = 0.201

[2026-07-13 03:45:02,409][root][INFO] - Epoch 206: duration loss = 0.289 | prior loss = 1.206 | diffusion loss = 0.201

[2026-07-13 03:46:40,145][root][INFO] - Epoch 207: duration loss = 0.290 | prior loss = 1.206 | diffusion loss = 0.201

[2026-07-13 03:48:18,202][root][INFO] - Epoch 208: duration loss = 0.289 | prior loss = 1.206 | diffusion loss = 0.202

[2026-07-13 03:49:56,235][root][INFO] - Epoch 209: duration loss = 0.289 | prior loss = 1.206 | diffusion loss = 0.201

[2026-07-13 03:51:34,895][root][INFO] - Epoch 210: duration loss = 0.289 | prior loss = 1.206 | diffusion loss = 0.202

[2026-07-13 03:53:14,805][root][INFO] - Epoch 211: duration loss = 0.290 | prior loss = 1.206 | diffusion loss = 0.199

[2026-07-13 03:54:53,336][root][INFO] - Epoch 212: duration loss = 0.289 | prior loss = 1.206 | diffusion loss = 0.198

[2026-07-13 03:56:31,625][root][INFO] - Epoch 213: duration loss = 0.290 | prior loss = 1.206 | diffusion loss = 0.201

[2026-07-13 03:58:09,903][root][INFO] - Epoch 214: duration loss = 0.290 | prior loss = 1.207 | diffusion loss = 0.201

[2026-07-13 03:59:49,146][root][INFO] - Epoch 215: duration loss = 0.289 | prior loss = 1.206 | diffusion loss = 0.198

[2026-07-13 04:01:27,670][root][INFO] - Epoch 216: duration loss = 0.289 | prior loss = 1.206 | diffusion loss = 0.199

[2026-07-13 04:03:06,996][root][INFO] - Epoch 217: duration loss = 0.289 | prior loss = 1.206 | diffusion loss = 0.200

[2026-07-13 04:04:44,674][root][INFO] - Epoch 218: duration loss = 0.289 | prior loss = 1.206 | diffusion loss = 0.200

[2026-07-13 04:06:23,541][root][INFO] - Epoch 219: duration loss = 0.290 | prior loss = 1.206 | diffusion loss = 0.199

[2026-07-13 04:08:02,968][root][INFO] - Epoch 220: duration loss = 0.289 | prior loss = 1.206 | diffusion loss = 0.200

[2026-07-13 04:09:41,154][root][INFO] - Epoch 221: duration loss = 0.290 | prior loss = 1.206 | diffusion loss = 0.197

[2026-07-13 04:11:20,541][root][INFO] - Epoch 222: duration loss = 0.289 | prior loss = 1.206 | diffusion loss = 0.197

[2026-07-13 04:12:59,373][root][INFO] - Epoch 223: duration loss = 0.290 | prior loss = 1.206 | diffusion loss = 0.197

[2026-07-13 04:14:37,851][root][INFO] - Epoch 224: duration loss = 0.289 | prior loss = 1.206 | diffusion loss = 0.200

[2026-07-13 04:16:16,259][root][INFO] - Epoch 225: duration loss = 0.290 | prior loss = 1.206 | diffusion loss = 0.200

[2026-07-13 04:17:53,946][root][INFO] - Epoch 226: duration loss = 0.289 | prior loss = 1.206 | diffusion loss = 0.198

[2026-07-13 04:19:33,122][root][INFO] - Epoch 227: duration loss = 0.290 | prior loss = 1.206 | diffusion loss = 0.198

[2026-07-13 04:21:12,430][root][INFO] - Epoch 228: duration loss = 0.289 | prior loss = 1.206 | diffusion loss = 0.201

[2026-07-13 04:22:51,467][root][INFO] - Epoch 229: duration loss = 0.289 | prior loss = 1.206 | diffusion loss = 0.198

[2026-07-13 04:24:30,682][root][INFO] - Epoch 230: duration loss = 0.289 | prior loss = 1.206 | diffusion loss = 0.199

[2026-07-13 04:26:10,156][root][INFO] - Epoch 231: duration loss = 0.289 | prior loss = 1.206 | diffusion loss = 0.200

[2026-07-13 04:27:49,415][root][INFO] - Epoch 232: duration loss = 0.289 | prior loss = 1.206 | diffusion loss = 0.197

[2026-07-13 04:29:27,974][root][INFO] - Epoch 233: duration loss = 0.289 | prior loss = 1.206 | diffusion loss = 0.196

[2026-07-13 04:31:06,557][root][INFO] - Epoch 234: duration loss = 0.289 | prior loss = 1.206 | diffusion loss = 0.198

[2026-07-13 04:32:47,451][root][INFO] - Epoch 235: duration loss = 0.290 | prior loss = 1.206 | diffusion loss = 0.198

[2026-07-13 04:34:26,001][root][INFO] - Epoch 236: duration loss = 0.289 | prior loss = 1.206 | diffusion loss = 0.200

[2026-07-13 04:36:05,250][root][INFO] - Epoch 237: duration loss = 0.289 | prior loss = 1.206 | diffusion loss = 0.197

[2026-07-13 04:37:43,935][root][INFO] - Epoch 238: duration loss = 0.289 | prior loss = 1.206 | diffusion loss = 0.199

[2026-07-13 04:39:21,558][root][INFO] - Epoch 239: duration loss = 0.289 | prior loss = 1.206 | diffusion loss = 0.194

[2026-07-13 04:40:59,911][root][INFO] - Epoch 240: duration loss = 0.290 | prior loss = 1.206 | diffusion loss = 0.201

[2026-07-13 04:42:38,813][root][INFO] - Epoch 241: duration loss = 0.289 | prior loss = 1.206 | diffusion loss = 0.200

[2026-07-13 04:44:16,955][root][INFO] - Epoch 242: duration loss = 0.289 | prior loss = 1.206 | diffusion loss = 0.196

[2026-07-13 04:45:56,665][root][INFO] - Epoch 243: duration loss = 0.289 | prior loss = 1.206 | diffusion loss = 0.200

[2026-07-13 04:47:34,187][root][INFO] - Epoch 244: duration loss = 0.289 | prior loss = 1.206 | diffusion loss = 0.197

[2026-07-13 04:49:13,382][root][INFO] - Epoch 245: duration loss = 0.290 | prior loss = 1.206 | diffusion loss = 0.198

[2026-07-13 04:50:52,587][root][INFO] - Epoch 246: duration loss = 0.289 | prior loss = 1.206 | diffusion loss = 0.198

[2026-07-13 04:52:31,937][root][INFO] - Epoch 247: duration loss = 0.290 | prior loss = 1.206 | diffusion loss = 0.197

[2026-07-13 04:54:10,890][root][INFO] - Epoch 248: duration loss = 0.289 | prior loss = 1.206 | diffusion loss = 0.199

[2026-07-13 04:55:48,883][root][INFO] - Epoch 249: duration loss = 0.289 | prior loss = 1.206 | diffusion loss = 0.200

[2026-07-13 04:57:27,794][root][INFO] - Epoch 250: duration loss = 0.290 | prior loss = 1.206 | diffusion loss = 0.199

[2026-07-13 04:59:06,693][root][INFO] - Epoch 251: duration loss = 0.289 | prior loss = 1.206 | diffusion loss = 0.197

[2026-07-13 05:00:45,711][root][INFO] - Epoch 252: duration loss = 0.289 | prior loss = 1.206 | diffusion loss = 0.200

[2026-07-13 05:02:25,887][root][INFO] - Epoch 253: duration loss = 0.289 | prior loss = 1.206 | diffusion loss = 0.195

[2026-07-13 05:04:04,103][root][INFO] - Epoch 254: duration loss = 0.290 | prior loss = 1.206 | diffusion loss = 0.195

[2026-07-13 05:05:43,328][root][INFO] - Epoch 255: duration loss = 0.289 | prior loss = 1.206 | diffusion loss = 0.198

[2026-07-13 05:07:22,253][root][INFO] - Epoch 256: duration loss = 0.289 | prior loss = 1.206 | diffusion loss = 0.195

[2026-07-13 05:09:01,539][root][INFO] - Epoch 257: duration loss = 0.289 | prior loss = 1.206 | diffusion loss = 0.197

[2026-07-13 05:10:39,142][root][INFO] - Epoch 258: duration loss = 0.290 | prior loss = 1.206 | diffusion loss = 0.199

[2026-07-13 05:12:18,120][root][INFO] - Epoch 259: duration loss = 0.289 | prior loss = 1.206 | diffusion loss = 0.194

[2026-07-13 05:13:57,054][root][INFO] - Epoch 260: duration loss = 0.289 | prior loss = 1.206 | diffusion loss = 0.196

[2026-07-13 05:15:36,183][root][INFO] - Epoch 261: duration loss = 0.289 | prior loss = 1.206 | diffusion loss = 0.197

[2026-07-13 05:17:15,368][root][INFO] - Epoch 262: duration loss = 0.290 | prior loss = 1.206 | diffusion loss = 0.197

[2026-07-13 05:18:54,921][root][INFO] - Epoch 263: duration loss = 0.290 | prior loss = 1.206 | diffusion loss = 0.195

[2026-07-13 05:20:33,809][root][INFO] - Epoch 264: duration loss = 0.289 | prior loss = 1.206 | diffusion loss = 0.198

[2026-07-13 05:22:13,218][root][INFO] - Epoch 265: duration loss = 0.290 | prior loss = 1.206 | diffusion loss = 0.198

[2026-07-13 05:23:50,024][root][INFO] - Epoch 266: duration loss = 0.290 | prior loss = 1.206 | diffusion loss = 0.196

[2026-07-13 05:25:29,051][root][INFO] - Epoch 267: duration loss = 0.290 | prior loss = 1.206 | diffusion loss = 0.196

[2026-07-13 05:27:07,411][root][INFO] - Epoch 268: duration loss = 0.290 | prior loss = 1.206 | diffusion loss = 0.200

[2026-07-13 05:28:46,779][root][INFO] - Epoch 269: duration loss = 0.289 | prior loss = 1.207 | diffusion loss = 0.194

[2026-07-13 05:30:26,500][root][INFO] - Epoch 270: duration loss = 0.290 | prior loss = 1.206 | diffusion loss = 0.196

[2026-07-13 05:32:03,911][root][INFO] - Epoch 271: duration loss = 0.290 | prior loss = 1.206 | diffusion loss = 0.198

[2026-07-13 05:33:43,585][root][INFO] - Epoch 272: duration loss = 0.289 | prior loss = 1.206 | diffusion loss = 0.197

[2026-07-13 05:35:23,131][root][INFO] - Epoch 273: duration loss = 0.290 | prior loss = 1.206 | diffusion loss = 0.196

[2026-07-13 05:37:01,304][root][INFO] - Epoch 274: duration loss = 0.290 | prior loss = 1.206 | diffusion loss = 0.194

[2026-07-13 05:38:41,343][root][INFO] - Epoch 275: duration loss = 0.289 | prior loss = 1.206 | diffusion loss = 0.195

[2026-07-13 05:40:21,180][root][INFO] - Epoch 276: duration loss = 0.289 | prior loss = 1.206 | diffusion loss = 0.197

[2026-07-13 05:42:00,127][root][INFO] - Epoch 277: duration loss = 0.289 | prior loss = 1.206 | diffusion loss = 0.194

[2026-07-13 05:43:40,488][root][INFO] - Epoch 278: duration loss = 0.289 | prior loss = 1.206 | diffusion loss = 0.194

[2026-07-13 05:45:20,905][root][INFO] - Epoch 279: duration loss = 0.289 | prior loss = 1.206 | diffusion loss = 0.196

[2026-07-13 05:47:00,067][root][INFO] - Epoch 280: duration loss = 0.290 | prior loss = 1.206 | diffusion loss = 0.197

[2026-07-13 05:48:39,839][root][INFO] - Epoch 281: duration loss = 0.290 | prior loss = 1.206 | diffusion loss = 0.197

[2026-07-13 05:50:16,268][root][INFO] - Epoch 282: duration loss = 0.289 | prior loss = 1.206 | diffusion loss = 0.197

[2026-07-13 05:51:56,000][root][INFO] - Epoch 283: duration loss = 0.289 | prior loss = 1.206 | diffusion loss = 0.194

[2026-07-13 05:53:35,212][root][INFO] - Epoch 284: duration loss = 0.290 | prior loss = 1.206 | diffusion loss = 0.194

[2026-07-13 05:55:14,303][root][INFO] - Epoch 285: duration loss = 0.289 | prior loss = 1.206 | diffusion loss = 0.193

[2026-07-13 05:56:53,078][root][INFO] - Epoch 286: duration loss = 0.289 | prior loss = 1.206 | diffusion loss = 0.196

[2026-07-13 05:58:32,288][root][INFO] - Epoch 287: duration loss = 0.289 | prior loss = 1.206 | diffusion loss = 0.193

[2026-07-13 06:00:11,393][root][INFO] - Epoch 288: duration loss = 0.290 | prior loss = 1.206 | diffusion loss = 0.196

[2026-07-13 06:01:50,306][root][INFO] - Epoch 289: duration loss = 0.289 | prior loss = 1.206 | diffusion loss = 0.196

[2026-07-13 06:03:28,803][root][INFO] - Epoch 290: duration loss = 0.290 | prior loss = 1.206 | diffusion loss = 0.192

[2026-07-13 06:05:08,523][root][INFO] - Epoch 291: duration loss = 0.289 | prior loss = 1.206 | diffusion loss = 0.194

[2026-07-13 06:06:46,850][root][INFO] - Epoch 292: duration loss = 0.289 | prior loss = 1.206 | diffusion loss = 0.192

[2026-07-13 06:08:25,927][root][INFO] - Epoch 293: duration loss = 0.289 | prior loss = 1.206 | diffusion loss = 0.194

[2026-07-13 06:10:04,374][root][INFO] - Epoch 294: duration loss = 0.290 | prior loss = 1.206 | diffusion loss = 0.193

[2026-07-13 06:11:45,585][root][INFO] - Epoch 295: duration loss = 0.289 | prior loss = 1.206 | diffusion loss = 0.193

[2026-07-13 06:13:24,244][root][INFO] - Epoch 296: duration loss = 0.290 | prior loss = 1.206 | diffusion loss = 0.196

[2026-07-13 06:15:03,834][root][INFO] - Epoch 297: duration loss = 0.290 | prior loss = 1.206 | diffusion loss = 0.193

[2026-07-13 06:16:41,318][root][INFO] - Epoch 298: duration loss = 0.289 | prior loss = 1.206 | diffusion loss = 0.196

[2026-07-13 06:18:20,519][root][INFO] - Epoch 299: duration loss = 0.289 | prior loss = 1.206 | diffusion loss = 0.193

[2026-07-13 06:19:59,574][root][INFO] - Epoch 300: duration loss = 0.290 | prior loss = 1.206 | diffusion loss = 0.195

[2026-07-13 06:21:40,673][root][INFO] - Epoch 301: duration loss = 0.289 | prior loss = 1.206 | diffusion loss = 0.191

[2026-07-13 06:23:21,383][root][INFO] - Epoch 302: duration loss = 0.290 | prior loss = 1.206 | diffusion loss = 0.196

[2026-07-13 06:25:01,975][root][INFO] - Epoch 303: duration loss = 0.289 | prior loss = 1.206 | diffusion loss = 0.192

[2026-07-13 06:26:41,833][root][INFO] - Epoch 304: duration loss = 0.289 | prior loss = 1.206 | diffusion loss = 0.195

[2026-07-13 06:28:20,706][root][INFO] - Epoch 305: duration loss = 0.289 | prior loss = 1.206 | diffusion loss = 0.193

[2026-07-13 06:30:01,050][root][INFO] - Epoch 306: duration loss = 0.289 | prior loss = 1.207 | diffusion loss = 0.191

[2026-07-13 06:31:41,228][root][INFO] - Epoch 307: duration loss = 0.289 | prior loss = 1.206 | diffusion loss = 0.194

[2026-07-13 06:33:20,972][root][INFO] - Epoch 308: duration loss = 0.290 | prior loss = 1.206 | diffusion loss = 0.194

[2026-07-13 06:35:00,449][root][INFO] - Epoch 309: duration loss = 0.289 | prior loss = 1.206 | diffusion loss = 0.195

[2026-07-13 06:36:40,320][root][INFO] - Epoch 310: duration loss = 0.289 | prior loss = 1.206 | diffusion loss = 0.194

[2026-07-13 06:38:21,419][root][INFO] - Epoch 311: duration loss = 0.289 | prior loss = 1.206 | diffusion loss = 0.193

[2026-07-13 06:40:01,251][root][INFO] - Epoch 312: duration loss = 0.289 | prior loss = 1.206 | diffusion loss = 0.192

[2026-07-13 06:41:41,335][root][INFO] - Epoch 313: duration loss = 0.290 | prior loss = 1.206 | diffusion loss = 0.193

[2026-07-13 06:43:21,985][root][INFO] - Epoch 314: duration loss = 0.289 | prior loss = 1.206 | diffusion loss = 0.192

[2026-07-13 06:45:02,598][root][INFO] - Epoch 315: duration loss = 0.289 | prior loss = 1.206 | diffusion loss = 0.194

[2026-07-13 06:46:43,015][root][INFO] - Epoch 316: duration loss = 0.289 | prior loss = 1.206 | diffusion loss = 0.194

[2026-07-13 06:48:23,184][root][INFO] - Epoch 317: duration loss = 0.290 | prior loss = 1.206 | diffusion loss = 0.193

[2026-07-13 06:50:04,229][root][INFO] - Epoch 318: duration loss = 0.290 | prior loss = 1.206 | diffusion loss = 0.197

[2026-07-13 06:51:43,999][root][INFO] - Epoch 319: duration loss = 0.289 | prior loss = 1.206 | diffusion loss = 0.193

[2026-07-13 06:53:25,234][root][INFO] - Epoch 320: duration loss = 0.290 | prior loss = 1.206 | diffusion loss = 0.192

[2026-07-13 06:55:05,753][root][INFO] - Epoch 321: duration loss = 0.289 | prior loss = 1.206 | diffusion loss = 0.194

[2026-07-13 06:56:45,949][root][INFO] - Epoch 322: duration loss = 0.289 | prior loss = 1.206 | diffusion loss = 0.193

[2026-07-13 06:58:26,324][root][INFO] - Epoch 323: duration loss = 0.289 | prior loss = 1.206 | diffusion loss = 0.191

[2026-07-13 07:00:07,157][root][INFO] - Epoch 324: duration loss = 0.290 | prior loss = 1.206 | diffusion loss = 0.191

[2026-07-13 07:01:48,327][root][INFO] - Epoch 325: duration loss = 0.289 | prior loss = 1.206 | diffusion loss = 0.191

[2026-07-13 07:03:29,147][root][INFO] - Epoch 326: duration loss = 0.289 | prior loss = 1.206 | diffusion loss = 0.192

[2026-07-13 07:05:09,468][root][INFO] - Epoch 327: duration loss = 0.289 | prior loss = 1.206 | diffusion loss = 0.195

[2026-07-13 07:06:48,799][root][INFO] - Epoch 328: duration loss = 0.289 | prior loss = 1.207 | diffusion loss = 0.192

[2026-07-13 07:08:29,097][root][INFO] - Epoch 329: duration loss = 0.289 | prior loss = 1.206 | diffusion loss = 0.193

[2026-07-13 07:10:10,652][root][INFO] - Epoch 330: duration loss = 0.289 | prior loss = 1.206 | diffusion loss = 0.195

[2026-07-13 07:11:51,415][root][INFO] - Epoch 331: duration loss = 0.290 | prior loss = 1.206 | diffusion loss = 0.191

[2026-07-13 07:13:30,962][root][INFO] - Epoch 332: duration loss = 0.290 | prior loss = 1.206 | diffusion loss = 0.192

[2026-07-13 07:15:11,484][root][INFO] - Epoch 333: duration loss = 0.290 | prior loss = 1.206 | diffusion loss = 0.190

[2026-07-13 07:16:52,731][root][INFO] - Epoch 334: duration loss = 0.290 | prior loss = 1.205 | diffusion loss = 0.191

[2026-07-13 07:18:33,318][root][INFO] - Epoch 335: duration loss = 0.290 | prior loss = 1.206 | diffusion loss = 0.192

[2026-07-13 07:20:11,289][root][INFO] - Epoch 336: duration loss = 0.290 | prior loss = 1.206 | diffusion loss = 0.192

[2026-07-13 07:21:50,544][root][INFO] - Epoch 337: duration loss = 0.289 | prior loss = 1.206 | diffusion loss = 0.190

[2026-07-13 07:23:30,518][root][INFO] - Epoch 338: duration loss = 0.289 | prior loss = 1.206 | diffusion loss = 0.189

[2026-07-13 07:25:09,429][root][INFO] - Epoch 339: duration loss = 0.289 | prior loss = 1.206 | diffusion loss = 0.192

[2026-07-13 07:26:47,517][root][INFO] - Epoch 340: duration loss = 0.290 | prior loss = 1.206 | diffusion loss = 0.191

[2026-07-13 07:28:27,073][root][INFO] - Epoch 341: duration loss = 0.289 | prior loss = 1.206 | diffusion loss = 0.190

[2026-07-13 07:30:05,688][root][INFO] - Epoch 342: duration loss = 0.290 | prior loss = 1.206 | diffusion loss = 0.192

[2026-07-13 07:31:43,411][root][INFO] - Epoch 343: duration loss = 0.289 | prior loss = 1.206 | diffusion loss = 0.192

[2026-07-13 07:33:21,674][root][INFO] - Epoch 344: duration loss = 0.289 | prior loss = 1.206 | diffusion loss = 0.194

[2026-07-13 07:35:01,021][root][INFO] - Epoch 345: duration loss = 0.289 | prior loss = 1.206 | diffusion loss = 0.191

[2026-07-13 07:36:39,323][root][INFO] - Epoch 346: duration loss = 0.289 | prior loss = 1.206 | diffusion loss = 0.192

[2026-07-13 07:38:16,929][root][INFO] - Epoch 347: duration loss = 0.290 | prior loss = 1.206 | diffusion loss = 0.192

[2026-07-13 07:39:56,786][root][INFO] - Epoch 348: duration loss = 0.289 | prior loss = 1.206 | diffusion loss = 0.190

[2026-07-13 07:41:34,769][root][INFO] - Epoch 349: duration loss = 0.289 | prior loss = 1.206 | diffusion loss = 0.194

[2026-07-13 07:43:13,825][root][INFO] - Epoch 350: duration loss = 0.289 | prior loss = 1.206 | diffusion loss = 0.191

[2026-07-13 07:44:52,645][root][INFO] - Epoch 351: duration loss = 0.289 | prior loss = 1.206 | diffusion loss = 0.188

[2026-07-13 07:46:31,600][root][INFO] - Epoch 352: duration loss = 0.290 | prior loss = 1.206 | diffusion loss = 0.188

[2026-07-13 07:48:11,253][root][INFO] - Epoch 353: duration loss = 0.289 | prior loss = 1.206 | diffusion loss = 0.190

[2026-07-13 07:49:50,201][root][INFO] - Epoch 354: duration loss = 0.289 | prior loss = 1.206 | diffusion loss = 0.191

[2026-07-13 07:51:29,799][root][INFO] - Epoch 355: duration loss = 0.289 | prior loss = 1.206 | diffusion loss = 0.192

[2026-07-13 07:53:09,024][root][INFO] - Epoch 356: duration loss = 0.290 | prior loss = 1.206 | diffusion loss = 0.193

[2026-07-13 07:54:47,274][root][INFO] - Epoch 357: duration loss = 0.289 | prior loss = 1.206 | diffusion loss = 0.193

[2026-07-13 07:56:26,006][root][INFO] - Epoch 358: duration loss = 0.289 | prior loss = 1.206 | diffusion loss = 0.190

[2026-07-13 07:58:03,809][root][INFO] - Epoch 359: duration loss = 0.289 | prior loss = 1.206 | diffusion loss = 0.190

[2026-07-13 07:59:42,455][root][INFO] - Epoch 360: duration loss = 0.289 | prior loss = 1.206 | diffusion loss = 0.192

[2026-07-13 08:01:20,826][root][INFO] - Epoch 361: duration loss = 0.290 | prior loss = 1.206 | diffusion loss = 0.190

[2026-07-13 08:02:59,624][root][INFO] - Epoch 362: duration loss = 0.289 | prior loss = 1.206 | diffusion loss = 0.193

[2026-07-13 08:04:37,569][root][INFO] - Epoch 363: duration loss = 0.290 | prior loss = 1.206 | diffusion loss = 0.191

[2026-07-13 08:06:16,960][root][INFO] - Epoch 364: duration loss = 0.289 | prior loss = 1.206 | diffusion loss = 0.187

[2026-07-13 08:07:55,881][root][INFO] - Epoch 365: duration loss = 0.289 | prior loss = 1.206 | diffusion loss = 0.191

[2026-07-13 08:09:35,811][root][INFO] - Epoch 366: duration loss = 0.290 | prior loss = 1.206 | diffusion loss = 0.190

[2026-07-13 08:11:12,958][root][INFO] - Epoch 367: duration loss = 0.289 | prior loss = 1.206 | diffusion loss = 0.192

[2026-07-13 08:12:51,865][root][INFO] - Epoch 368: duration loss = 0.290 | prior loss = 1.206 | diffusion loss = 0.189

[2026-07-13 08:14:30,345][root][INFO] - Epoch 369: duration loss = 0.289 | prior loss = 1.206 | diffusion loss = 0.195

[2026-07-13 08:16:09,293][root][INFO] - Epoch 370: duration loss = 0.289 | prior loss = 1.206 | diffusion loss = 0.189

[2026-07-13 08:17:48,448][root][INFO] - Epoch 371: duration loss = 0.289 | prior loss = 1.206 | diffusion loss = 0.188

[2026-07-13 08:19:28,609][root][INFO] - Epoch 372: duration loss = 0.290 | prior loss = 1.206 | diffusion loss = 0.188

[2026-07-13 08:21:07,679][root][INFO] - Epoch 373: duration loss = 0.289 | prior loss = 1.207 | diffusion loss = 0.191

[2026-07-13 08:22:46,048][root][INFO] - Epoch 374: duration loss = 0.289 | prior loss = 1.206 | diffusion loss = 0.190

[2026-07-13 08:24:24,472][root][INFO] - Epoch 375: duration loss = 0.289 | prior loss = 1.206 | diffusion loss = 0.191

[2026-07-13 08:26:04,596][root][INFO] - Epoch 376: duration loss = 0.289 | prior loss = 1.206 | diffusion loss = 0.190

[2026-07-13 08:27:43,505][root][INFO] - Epoch 377: duration loss = 0.290 | prior loss = 1.206 | diffusion loss = 0.189

[2026-07-13 08:29:22,393][root][INFO] - Epoch 378: duration loss = 0.290 | prior loss = 1.205 | diffusion loss = 0.190

[2026-07-13 08:31:00,210][root][INFO] - Epoch 379: duration loss = 0.289 | prior loss = 1.206 | diffusion loss = 0.193

[2026-07-13 08:32:41,157][root][INFO] - Epoch 380: duration loss = 0.289 | prior loss = 1.206 | diffusion loss = 0.192

[2026-07-13 08:34:18,990][root][INFO] - Epoch 381: duration loss = 0.289 | prior loss = 1.206 | diffusion loss = 0.193

[2026-07-13 08:35:57,094][root][INFO] - Epoch 382: duration loss = 0.289 | prior loss = 1.206 | diffusion loss = 0.189

[2026-07-13 08:37:34,256][root][INFO] - Epoch 383: duration loss = 0.290 | prior loss = 1.206 | diffusion loss = 0.191

[2026-07-13 08:39:12,995][root][INFO] - Epoch 384: duration loss = 0.289 | prior loss = 1.206 | diffusion loss = 0.189

[2026-07-13 08:40:51,792][root][INFO] - Epoch 385: duration loss = 0.289 | prior loss = 1.206 | diffusion loss = 0.189

[2026-07-13 08:42:31,252][root][INFO] - Epoch 386: duration loss = 0.290 | prior loss = 1.206 | diffusion loss = 0.190

[2026-07-13 08:44:08,477][root][INFO] - Epoch 387: duration loss = 0.290 | prior loss = 1.206 | diffusion loss = 0.188

[2026-07-13 08:45:47,184][root][INFO] - Epoch 388: duration loss = 0.290 | prior loss = 1.206 | diffusion loss = 0.189

[2026-07-13 08:47:25,774][root][INFO] - Epoch 389: duration loss = 0.289 | prior loss = 1.206 | diffusion loss = 0.188

[2026-07-13 08:49:04,254][root][INFO] - Epoch 390: duration loss = 0.289 | prior loss = 1.206 | diffusion loss = 0.190

[2026-07-13 08:50:43,087][root][INFO] - Epoch 391: duration loss = 0.289 | prior loss = 1.207 | diffusion loss = 0.189

[2026-07-13 08:52:21,678][root][INFO] - Epoch 392: duration loss = 0.289 | prior loss = 1.206 | diffusion loss = 0.189

[2026-07-13 08:53:59,870][root][INFO] - Epoch 393: duration loss = 0.289 | prior loss = 1.206 | diffusion loss = 0.191

[2026-07-13 08:55:37,322][root][INFO] - Epoch 394: duration loss = 0.289 | prior loss = 1.206 | diffusion loss = 0.186

[2026-07-13 08:57:16,257][root][INFO] - Epoch 395: duration loss = 0.290 | prior loss = 1.206 | diffusion loss = 0.187

[2026-07-13 08:58:55,663][root][INFO] - Epoch 396: duration loss = 0.289 | prior loss = 1.206 | diffusion loss = 0.189

[2026-07-13 09:00:34,511][root][INFO] - Epoch 397: duration loss = 0.290 | prior loss = 1.206 | diffusion loss = 0.190

[2026-07-13 09:02:12,777][root][INFO] - Epoch 398: duration loss = 0.289 | prior loss = 1.206 | diffusion loss = 0.191

[2026-07-13 09:03:51,453][root][INFO] - Epoch 399: duration loss = 0.289 | prior loss = 1.206 | diffusion loss = 0.189

[2026-07-13 09:05:30,779][root][INFO] - Epoch 400: duration loss = 0.289 | prior loss = 1.206 | diffusion loss = 0.191

[2026-07-13 09:07:10,565][root][INFO] - Epoch 401: duration loss = 0.289 | prior loss = 1.206 | diffusion loss = 0.190

[2026-07-13 09:08:49,255][root][INFO] - Epoch 402: duration loss = 0.290 | prior loss = 1.206 | diffusion loss = 0.190

[2026-07-13 09:10:27,409][root][INFO] - Epoch 403: duration loss = 0.289 | prior loss = 1.206 | diffusion loss = 0.190

[2026-07-13 09:12:06,159][root][INFO] - Epoch 404: duration loss = 0.289 | prior loss = 1.206 | diffusion loss = 0.192

[2026-07-13 09:13:44,603][root][INFO] - Epoch 405: duration loss = 0.290 | prior loss = 1.206 | diffusion loss = 0.187

[2026-07-13 09:15:23,604][root][INFO] - Epoch 406: duration loss = 0.290 | prior loss = 1.206 | diffusion loss = 0.189

[2026-07-13 09:17:01,827][root][INFO] - Epoch 407: duration loss = 0.290 | prior loss = 1.206 | diffusion loss = 0.190

[2026-07-13 09:18:42,107][root][INFO] - Epoch 408: duration loss = 0.289 | prior loss = 1.206 | diffusion loss = 0.187

[2026-07-13 09:20:20,620][root][INFO] - Epoch 409: duration loss = 0.289 | prior loss = 1.206 | diffusion loss = 0.186

[2026-07-13 09:21:59,459][root][INFO] - Epoch 410: duration loss = 0.289 | prior loss = 1.206 | diffusion loss = 0.190

[2026-07-13 09:23:38,233][root][INFO] - Epoch 411: duration loss = 0.289 | prior loss = 1.206 | diffusion loss = 0.188

[2026-07-13 09:25:16,076][root][INFO] - Epoch 412: duration loss = 0.290 | prior loss = 1.206 | diffusion loss = 0.190

[2026-07-13 09:26:54,847][root][INFO] - Epoch 413: duration loss = 0.290 | prior loss = 1.206 | diffusion loss = 0.189

[2026-07-13 09:28:33,602][root][INFO] - Epoch 414: duration loss = 0.289 | prior loss = 1.206 | diffusion loss = 0.188

[2026-07-13 09:30:12,149][root][INFO] - Epoch 415: duration loss = 0.289 | prior loss = 1.206 | diffusion loss = 0.188

[2026-07-13 09:31:51,794][root][INFO] - Epoch 416: duration loss = 0.289 | prior loss = 1.205 | diffusion loss = 0.187

[2026-07-13 09:33:31,102][root][INFO] - Epoch 417: duration loss = 0.290 | prior loss = 1.206 | diffusion loss = 0.189

[2026-07-13 09:35:09,513][root][INFO] - Epoch 418: duration loss = 0.289 | prior loss = 1.206 | diffusion loss = 0.187

[2026-07-13 09:36:46,412][root][INFO] - Epoch 419: duration loss = 0.290 | prior loss = 1.206 | diffusion loss = 0.189

[2026-07-13 09:38:24,916][root][INFO] - Epoch 420: duration loss = 0.290 | prior loss = 1.206 | diffusion loss = 0.189

[2026-07-13 09:40:04,495][root][INFO] - Epoch 421: duration loss = 0.289 | prior loss = 1.206 | diffusion loss = 0.189

[2026-07-13 09:41:43,220][root][INFO] - Epoch 422: duration loss = 0.289 | prior loss = 1.207 | diffusion loss = 0.188

[2026-07-13 09:43:22,424][root][INFO] - Epoch 423: duration loss = 0.289 | prior loss = 1.206 | diffusion loss = 0.188

[2026-07-13 09:45:00,802][root][INFO] - Epoch 424: duration loss = 0.289 | prior loss = 1.206 | diffusion loss = 0.188

[2026-07-13 09:46:39,782][root][INFO] - Epoch 425: duration loss = 0.290 | prior loss = 1.206 | diffusion loss = 0.185

[2026-07-13 09:48:19,939][root][INFO] - Epoch 426: duration loss = 0.290 | prior loss = 1.206 | diffusion loss = 0.187

[2026-07-13 09:49:57,266][root][INFO] - Epoch 427: duration loss = 0.289 | prior loss = 1.206 | diffusion loss = 0.189

[2026-07-13 09:51:35,315][root][INFO] - Epoch 428: duration loss = 0.289 | prior loss = 1.206 | diffusion loss = 0.188

[2026-07-13 09:53:14,342][root][INFO] - Epoch 429: duration loss = 0.289 | prior loss = 1.205 | diffusion loss = 0.189

[2026-07-13 09:54:53,656][root][INFO] - Epoch 430: duration loss = 0.289 | prior loss = 1.206 | diffusion loss = 0.188

[2026-07-13 09:56:31,561][root][INFO] - Epoch 431: duration loss = 0.289 | prior loss = 1.206 | diffusion loss = 0.186

[2026-07-13 09:58:11,063][root][INFO] - Epoch 432: duration loss = 0.290 | prior loss = 1.206 | diffusion loss = 0.190

[2026-07-13 09:59:50,213][root][INFO] - Epoch 433: duration loss = 0.289 | prior loss = 1.206 | diffusion loss = 0.188

[2026-07-13 10:01:29,560][root][INFO] - Epoch 434: duration loss = 0.289 | prior loss = 1.206 | diffusion loss = 0.186

[2026-07-13 10:03:07,837][root][INFO] - Epoch 435: duration loss = 0.289 | prior loss = 1.206 | diffusion loss = 0.189

[2026-07-13 10:04:47,445][root][INFO] - Epoch 436: duration loss = 0.290 | prior loss = 1.206 | diffusion loss = 0.186

[2026-07-13 10:06:27,019][root][INFO] - Epoch 437: duration loss = 0.289 | prior loss = 1.206 | diffusion loss = 0.188

[2026-07-13 10:08:06,281][root][INFO] - Epoch 438: duration loss = 0.289 | prior loss = 1.206 | diffusion loss = 0.190

[2026-07-13 10:09:44,791][root][INFO] - Epoch 439: duration loss = 0.289 | prior loss = 1.206 | diffusion loss = 0.184

[2026-07-13 10:11:24,480][root][INFO] - Epoch 440: duration loss = 0.290 | prior loss = 1.206 | diffusion loss = 0.188

[2026-07-13 10:13:03,916][root][INFO] - Epoch 441: duration loss = 0.290 | prior loss = 1.206 | diffusion loss = 0.188

[2026-07-13 10:14:42,667][root][INFO] - Epoch 442: duration loss = 0.290 | prior loss = 1.206 | diffusion loss = 0.188

[2026-07-13 10:16:20,899][root][INFO] - Epoch 443: duration loss = 0.290 | prior loss = 1.206 | diffusion loss = 0.186

[2026-07-13 10:18:00,138][root][INFO] - Epoch 444: duration loss = 0.289 | prior loss = 1.206 | diffusion loss = 0.188

[2026-07-13 10:19:40,417][root][INFO] - Epoch 445: duration loss = 0.289 | prior loss = 1.206 | diffusion loss = 0.185

[2026-07-13 10:21:20,582][root][INFO] - Epoch 446: duration loss = 0.289 | prior loss = 1.206 | diffusion loss = 0.188

[2026-07-13 10:23:01,205][root][INFO] - Epoch 447: duration loss = 0.290 | prior loss = 1.206 | diffusion loss = 0.187

[2026-07-13 10:25:01,335][root][INFO] - Epoch 448: duration loss = 0.289 | prior loss = 1.206 | diffusion loss = 0.187

[2026-07-13 10:26:42,029][root][INFO] - Epoch 449: duration loss = 0.289 | prior loss = 1.206 | diffusion loss = 0.187

[2026-07-13 10:28:23,043][root][INFO] - Epoch 450: duration loss = 0.290 | prior loss = 1.206 | diffusion loss = 0.187

[2026-07-13 10:30:02,934][root][INFO] - Epoch 451: duration loss = 0.289 | prior loss = 1.206 | diffusion loss = 0.187

[2026-07-13 10:31:43,247][root][INFO] - Epoch 452: duration loss = 0.289 | prior loss = 1.206 | diffusion loss = 0.189

[2026-07-13 10:33:20,381][root][INFO] - Epoch 453: duration loss = 0.290 | prior loss = 1.206 | diffusion loss = 0.188

[2026-07-13 10:35:00,505][root][INFO] - Epoch 454: duration loss = 0.290 | prior loss = 1.206 | diffusion loss = 0.185

[2026-07-13 10:36:40,824][root][INFO] - Epoch 455: duration loss = 0.289 | prior loss = 1.206 | diffusion loss = 0.186

[2026-07-13 10:38:19,894][root][INFO] - Epoch 456: duration loss = 0.289 | prior loss = 1.206 | diffusion loss = 0.188

[2026-07-13 10:39:59,371][root][INFO] - Epoch 457: duration loss = 0.289 | prior loss = 1.206 | diffusion loss = 0.191

[2026-07-13 10:41:39,357][root][INFO] - Epoch 458: duration loss = 0.289 | prior loss = 1.206 | diffusion loss = 0.185

[2026-07-13 10:43:20,028][root][INFO] - Epoch 459: duration loss = 0.289 | prior loss = 1.207 | diffusion loss = 0.189

[2026-07-13 10:44:59,485][root][INFO] - Epoch 460: duration loss = 0.289 | prior loss = 1.206 | diffusion loss = 0.187

[2026-07-13 10:46:39,513][root][INFO] - Epoch 461: duration loss = 0.289 | prior loss = 1.206 | diffusion loss = 0.188

[2026-07-13 10:48:19,329][root][INFO] - Epoch 462: duration loss = 0.289 | prior loss = 1.206 | diffusion loss = 0.188

[2026-07-13 10:49:59,519][root][INFO] - Epoch 463: duration loss = 0.289 | prior loss = 1.206 | diffusion loss = 0.187

[2026-07-13 10:51:38,742][root][INFO] - Epoch 464: duration loss = 0.289 | prior loss = 1.206 | diffusion loss = 0.185

[2026-07-13 10:53:25,180][root][INFO] - Epoch 465: duration loss = 0.290 | prior loss = 1.206 | diffusion loss = 0.185

[2026-07-13 10:55:08,978][root][INFO] - Epoch 466: duration loss = 0.289 | prior loss = 1.206 | diffusion loss = 0.189

[2026-07-13 10:56:49,652][root][INFO] - Epoch 467: duration loss = 0.289 | prior loss = 1.206 | diffusion loss = 0.188

[2026-07-13 10:58:29,713][root][INFO] - Epoch 468: duration loss = 0.290 | prior loss = 1.206 | diffusion loss = 0.188

[2026-07-13 11:00:09,347][root][INFO] - Epoch 469: duration loss = 0.289 | prior loss = 1.206 | diffusion loss = 0.188

[2026-07-13 11:01:49,013][root][INFO] - Epoch 470: duration loss = 0.289 | prior loss = 1.206 | diffusion loss = 0.189

[2026-07-13 11:03:28,010][root][INFO] - Epoch 471: duration loss = 0.290 | prior loss = 1.206 | diffusion loss = 0.188

[2026-07-13 11:05:07,919][root][INFO] - Epoch 472: duration loss = 0.290 | prior loss = 1.206 | diffusion loss = 0.189

[2026-07-13 11:06:48,016][root][INFO] - Epoch 473: duration loss = 0.289 | prior loss = 1.206 | diffusion loss = 0.189

[2026-07-13 11:08:27,269][root][INFO] - Epoch 474: duration loss = 0.289 | prior loss = 1.207 | diffusion loss = 0.186

[2026-07-13 11:10:07,766][root][INFO] - Epoch 475: duration loss = 0.289 | prior loss = 1.206 | diffusion loss = 0.185

[2026-07-13 11:11:45,198][root][INFO] - Epoch 476: duration loss = 0.290 | prior loss = 1.206 | diffusion loss = 0.187

[2026-07-13 11:13:24,995][root][INFO] - Epoch 477: duration loss = 0.289 | prior loss = 1.206 | diffusion loss = 0.188

[2026-07-13 11:15:04,962][root][INFO] - Epoch 478: duration loss = 0.290 | prior loss = 1.206 | diffusion loss = 0.186

[2026-07-13 11:16:43,817][root][INFO] - Epoch 479: duration loss = 0.289 | prior loss = 1.206 | diffusion loss = 0.190

[2026-07-13 11:18:24,824][root][INFO] - Epoch 480: duration loss = 0.289 | prior loss = 1.206 | diffusion loss = 0.188

[2026-07-13 11:20:04,005][root][INFO] - Epoch 481: duration loss = 0.289 | prior loss = 1.206 | diffusion loss = 0.184

[2026-07-13 11:21:43,762][root][INFO] - Epoch 482: duration loss = 0.289 | prior loss = 1.206 | diffusion loss = 0.186

[2026-07-13 11:23:24,439][root][INFO] - Epoch 483: duration loss = 0.289 | prior loss = 1.206 | diffusion loss = 0.187

[2026-07-13 11:25:05,152][root][INFO] - Epoch 484: duration loss = 0.289 | prior loss = 1.206 | diffusion loss = 0.185

[2026-07-13 11:26:44,707][root][INFO] - Epoch 485: duration loss = 0.289 | prior loss = 1.206 | diffusion loss = 0.188

[2026-07-13 11:28:24,404][root][INFO] - Epoch 486: duration loss = 0.290 | prior loss = 1.206 | diffusion loss = 0.188

[2026-07-13 11:30:06,268][root][INFO] - Epoch 487: duration loss = 0.289 | prior loss = 1.206 | diffusion loss = 0.186

[2026-07-13 11:31:47,169][root][INFO] - Epoch 488: duration loss = 0.289 | prior loss = 1.206 | diffusion loss = 0.184

[2026-07-13 11:33:28,462][root][INFO] - Epoch 489: duration loss = 0.290 | prior loss = 1.206 | diffusion loss = 0.183

[2026-07-13 11:35:08,551][root][INFO] - Epoch 490: duration loss = 0.289 | prior loss = 1.206 | diffusion loss = 0.188

[2026-07-13 11:36:48,677][root][INFO] - Epoch 491: duration loss = 0.290 | prior loss = 1.206 | diffusion loss = 0.185

[2026-07-13 11:38:28,116][root][INFO] - Epoch 492: duration loss = 0.289 | prior loss = 1.206 | diffusion loss = 0.184

[2026-07-13 11:40:08,228][root][INFO] - Epoch 493: duration loss = 0.289 | prior loss = 1.206 | diffusion loss = 0.186

[2026-07-13 11:41:47,696][root][INFO] - Epoch 494: duration loss = 0.289 | prior loss = 1.206 | diffusion loss = 0.183

[2026-07-13 11:43:27,571][root][INFO] - Epoch 495: duration loss = 0.289 | prior loss = 1.206 | diffusion loss = 0.187

[2026-07-13 11:45:07,910][root][INFO] - Epoch 496: duration loss = 0.290 | prior loss = 1.206 | diffusion loss = 0.188

[2026-07-13 11:46:48,980][root][INFO] - Epoch 497: duration loss = 0.290 | prior loss = 1.206 | diffusion loss = 0.187

[2026-07-13 11:48:29,328][root][INFO] - Epoch 498: duration loss = 0.289 | prior loss = 1.206 | diffusion loss = 0.186

[2026-07-13 11:50:08,859][root][INFO] - Epoch 499: duration loss = 0.289 | prior loss = 1.206 | diffusion loss = 0.186

[2026-07-13 11:51:53,146][root][INFO] - Epoch 500: duration loss = 0.287 | prior loss = 1.204 | diffusion loss = 0.186

[2026-07-13 11:53:39,877][root][INFO] - Epoch 501: duration loss = 0.284 | prior loss = 1.202 | diffusion loss = 0.186

[2026-07-13 11:55:26,796][root][INFO] - Epoch 502: duration loss = 0.284 | prior loss = 1.202 | diffusion loss = 0.183

[2026-07-13 11:57:14,143][root][INFO] - Epoch 503: duration loss = 0.283 | prior loss = 1.202 | diffusion loss = 0.184

[2026-07-13 11:58:56,516][root][INFO] - Epoch 504: duration loss = 0.283 | prior loss = 1.201 | diffusion loss = 0.184

[2026-07-13 12:00:44,892][root][INFO] - Epoch 505: duration loss = 0.282 | prior loss = 1.201 | diffusion loss = 0.184

[2026-07-13 12:02:30,612][root][INFO] - Epoch 506: duration loss = 0.283 | prior loss = 1.201 | diffusion loss = 0.185

[2026-07-13 12:04:17,079][root][INFO] - Epoch 507: duration loss = 0.282 | prior loss = 1.201 | diffusion loss = 0.184

[2026-07-13 12:06:02,688][root][INFO] - Epoch 508: duration loss = 0.282 | prior loss = 1.200 | diffusion loss = 0.183

[2026-07-13 12:07:52,807][root][INFO] - Epoch 509: duration loss = 0.282 | prior loss = 1.200 | diffusion loss = 0.186

[2026-07-13 12:09:40,558][root][INFO] - Epoch 510: duration loss = 0.282 | prior loss = 1.200 | diffusion loss = 0.185

[2026-07-13 12:11:27,826][root][INFO] - Epoch 511: duration loss = 0.282 | prior loss = 1.200 | diffusion loss = 0.181

[2026-07-13 12:13:13,661][root][INFO] - Epoch 512: duration loss = 0.282 | prior loss = 1.200 | diffusion loss = 0.182

[2026-07-13 12:14:59,336][root][INFO] - Epoch 513: duration loss = 0.281 | prior loss = 1.200 | diffusion loss = 0.181

[2026-07-13 12:16:46,837][root][INFO] - Epoch 514: duration loss = 0.281 | prior loss = 1.200 | diffusion loss = 0.183

[2026-07-13 12:18:33,453][root][INFO] - Epoch 515: duration loss = 0.281 | prior loss = 1.199 | diffusion loss = 0.180

[2026-07-13 12:20:20,761][root][INFO] - Epoch 516: duration loss = 0.281 | prior loss = 1.199 | diffusion loss = 0.181

[2026-07-13 12:22:14,649][root][INFO] - Epoch 517: duration loss = 0.281 | prior loss = 1.200 | diffusion loss = 0.180

[2026-07-13 12:24:06,538][root][INFO] - Epoch 518: duration loss = 0.280 | prior loss = 1.199 | diffusion loss = 0.183

[2026-07-13 12:25:49,963][root][INFO] - Epoch 519: duration loss = 0.281 | prior loss = 1.199 | diffusion loss = 0.182

[2026-07-13 12:27:34,894][root][INFO] - Epoch 520: duration loss = 0.281 | prior loss = 1.199 | diffusion loss = 0.181

[2026-07-13 12:29:24,530][root][INFO] - Epoch 521: duration loss = 0.281 | prior loss = 1.199 | diffusion loss = 0.181

[2026-07-13 12:31:10,013][root][INFO] - Epoch 522: duration loss = 0.281 | prior loss = 1.199 | diffusion loss = 0.179

[2026-07-13 12:32:54,653][root][INFO] - Epoch 523: duration loss = 0.281 | prior loss = 1.199 | diffusion loss = 0.180

[2026-07-13 12:34:41,570][root][INFO] - Epoch 524: duration loss = 0.281 | prior loss = 1.198 | diffusion loss = 0.183

[2026-07-13 12:36:27,221][root][INFO] - Epoch 525: duration loss = 0.280 | prior loss = 1.199 | diffusion loss = 0.180

[2026-07-13 12:38:14,402][root][INFO] - Epoch 526: duration loss = 0.280 | prior loss = 1.198 | diffusion loss = 0.183

[2026-07-13 12:39:58,812][root][INFO] - Epoch 527: duration loss = 0.280 | prior loss = 1.198 | diffusion loss = 0.178

[2026-07-13 12:41:45,420][root][INFO] - Epoch 528: duration loss = 0.280 | prior loss = 1.199 | diffusion loss = 0.181

[2026-07-13 12:43:30,090][root][INFO] - Epoch 529: duration loss = 0.280 | prior loss = 1.198 | diffusion loss = 0.179

[2026-07-13 12:45:16,775][root][INFO] - Epoch 530: duration loss = 0.280 | prior loss = 1.198 | diffusion loss = 0.179

[2026-07-13 12:47:07,428][root][INFO] - Epoch 531: duration loss = 0.280 | prior loss = 1.198 | diffusion loss = 0.181

[2026-07-13 12:48:54,876][root][INFO] - Epoch 532: duration loss = 0.280 | prior loss = 1.198 | diffusion loss = 0.180

[2026-07-13 12:50:41,963][root][INFO] - Epoch 533: duration loss = 0.280 | prior loss = 1.199 | diffusion loss = 0.180

[2026-07-13 12:52:28,163][root][INFO] - Epoch 534: duration loss = 0.280 | prior loss = 1.199 | diffusion loss = 0.182

[2026-07-13 12:54:14,267][root][INFO] - Epoch 535: duration loss = 0.280 | prior loss = 1.198 | diffusion loss = 0.184

[2026-07-13 12:56:00,477][root][INFO] - Epoch 536: duration loss = 0.280 | prior loss = 1.198 | diffusion loss = 0.180

[2026-07-13 12:57:46,117][root][INFO] - Epoch 537: duration loss = 0.280 | prior loss = 1.198 | diffusion loss = 0.180

[2026-07-13 12:59:32,229][root][INFO] - Epoch 538: duration loss = 0.280 | prior loss = 1.198 | diffusion loss = 0.179

[2026-07-13 13:01:17,849][root][INFO] - Epoch 539: duration loss = 0.280 | prior loss = 1.198 | diffusion loss = 0.178

[2026-07-13 13:03:04,874][root][INFO] - Epoch 540: duration loss = 0.280 | prior loss = 1.198 | diffusion loss = 0.179

[2026-07-13 13:04:51,798][root][INFO] - Epoch 541: duration loss = 0.280 | prior loss = 1.198 | diffusion loss = 0.180

[2026-07-13 13:06:40,172][root][INFO] - Epoch 542: duration loss = 0.280 | prior loss = 1.198 | diffusion loss = 0.180

[2026-07-13 13:08:25,522][root][INFO] - Epoch 543: duration loss = 0.280 | prior loss = 1.198 | diffusion loss = 0.178

[2026-07-13 13:10:14,118][root][INFO] - Epoch 544: duration loss = 0.279 | prior loss = 1.198 | diffusion loss = 0.176

[2026-07-13 13:12:00,367][root][INFO] - Epoch 545: duration loss = 0.279 | prior loss = 1.198 | diffusion loss = 0.179

[2026-07-13 13:13:47,686][root][INFO] - Epoch 546: duration loss = 0.280 | prior loss = 1.198 | diffusion loss = 0.180

[2026-07-13 13:15:33,515][root][INFO] - Epoch 547: duration loss = 0.280 | prior loss = 1.198 | diffusion loss = 0.179

[2026-07-13 13:17:21,594][root][INFO] - Epoch 548: duration loss = 0.280 | prior loss = 1.197 | diffusion loss = 0.180

[2026-07-13 13:19:07,564][root][INFO] - Epoch 549: duration loss = 0.280 | prior loss = 1.198 | diffusion loss = 0.182

[2026-07-13 13:20:53,415][root][INFO] - Epoch 550: duration loss = 0.279 | prior loss = 1.197 | diffusion loss = 0.180

[2026-07-13 13:22:41,102][root][INFO] - Epoch 551: duration loss = 0.280 | prior loss = 1.197 | diffusion loss = 0.178

[2026-07-13 13:24:27,553][root][INFO] - Epoch 552: duration loss = 0.280 | prior loss = 1.197 | diffusion loss = 0.180

[2026-07-13 13:26:15,898][root][INFO] - Epoch 553: duration loss = 0.280 | prior loss = 1.198 | diffusion loss = 0.182

[2026-07-13 13:28:01,251][root][INFO] - Epoch 554: duration loss = 0.279 | prior loss = 1.198 | diffusion loss = 0.180

[2026-07-13 13:29:46,320][root][INFO] - Epoch 555: duration loss = 0.279 | prior loss = 1.198 | diffusion loss = 0.178

[2026-07-13 13:31:31,371][root][INFO] - Epoch 556: duration loss = 0.279 | prior loss = 1.197 | diffusion loss = 0.177

[2026-07-13 13:33:17,740][root][INFO] - Epoch 557: duration loss = 0.280 | prior loss = 1.197 | diffusion loss = 0.177

[2026-07-13 13:35:04,357][root][INFO] - Epoch 558: duration loss = 0.280 | prior loss = 1.197 | diffusion loss = 0.180

[2026-07-13 13:36:50,483][root][INFO] - Epoch 559: duration loss = 0.280 | prior loss = 1.197 | diffusion loss = 0.179

[2026-07-13 13:38:37,414][root][INFO] - Epoch 560: duration loss = 0.279 | prior loss = 1.198 | diffusion loss = 0.179

[2026-07-13 13:40:23,303][root][INFO] - Epoch 561: duration loss = 0.279 | prior loss = 1.197 | diffusion loss = 0.179

[2026-07-13 13:42:08,916][root][INFO] - Epoch 562: duration loss = 0.280 | prior loss = 1.197 | diffusion loss = 0.179

[2026-07-13 13:43:53,920][root][INFO] - Epoch 563: duration loss = 0.280 | prior loss = 1.197 | diffusion loss = 0.178

[2026-07-13 13:45:39,506][root][INFO] - Epoch 564: duration loss = 0.279 | prior loss = 1.197 | diffusion loss = 0.178

[2026-07-13 13:47:25,343][root][INFO] - Epoch 565: duration loss = 0.279 | prior loss = 1.197 | diffusion loss = 0.180

[2026-07-13 13:49:12,186][root][INFO] - Epoch 566: duration loss = 0.280 | prior loss = 1.197 | diffusion loss = 0.182

[2026-07-13 13:50:57,838][root][INFO] - Epoch 567: duration loss = 0.279 | prior loss = 1.197 | diffusion loss = 0.179

[2026-07-13 13:52:47,298][root][INFO] - Epoch 568: duration loss = 0.280 | prior loss = 1.197 | diffusion loss = 0.178

[2026-07-13 13:54:34,206][root][INFO] - Epoch 569: duration loss = 0.279 | prior loss = 1.197 | diffusion loss = 0.175

[2026-07-13 13:56:19,635][root][INFO] - Epoch 570: duration loss = 0.279 | prior loss = 1.197 | diffusion loss = 0.175

[2026-07-13 13:58:04,512][root][INFO] - Epoch 571: duration loss = 0.279 | prior loss = 1.197 | diffusion loss = 0.178

[2026-07-13 13:59:51,188][root][INFO] - Epoch 572: duration loss = 0.280 | prior loss = 1.197 | diffusion loss = 0.178

[2026-07-13 14:01:36,859][root][INFO] - Epoch 573: duration loss = 0.279 | prior loss = 1.197 | diffusion loss = 0.176

[2026-07-13 14:03:23,314][root][INFO] - Epoch 574: duration loss = 0.279 | prior loss = 1.197 | diffusion loss = 0.177

[2026-07-13 14:05:10,537][root][INFO] - Epoch 575: duration loss = 0.280 | prior loss = 1.197 | diffusion loss = 0.177

[2026-07-13 14:06:56,700][root][INFO] - Epoch 576: duration loss = 0.279 | prior loss = 1.197 | diffusion loss = 0.174

[2026-07-13 14:08:43,577][root][INFO] - Epoch 577: duration loss = 0.279 | prior loss = 1.197 | diffusion loss = 0.178

[2026-07-13 14:10:30,474][root][INFO] - Epoch 578: duration loss = 0.279 | prior loss = 1.197 | diffusion loss = 0.177

[2026-07-13 14:12:16,304][root][INFO] - Epoch 579: duration loss = 0.279 | prior loss = 1.197 | diffusion loss = 0.177

[2026-07-13 14:14:03,061][root][INFO] - Epoch 580: duration loss = 0.279 | prior loss = 1.197 | diffusion loss = 0.178

[2026-07-13 14:15:50,741][root][INFO] - Epoch 581: duration loss = 0.279 | prior loss = 1.197 | diffusion loss = 0.178

[2026-07-13 14:17:36,212][root][INFO] - Epoch 582: duration loss = 0.280 | prior loss = 1.197 | diffusion loss = 0.179

[2026-07-13 14:19:30,938][root][INFO] - Epoch 583: duration loss = 0.279 | prior loss = 1.197 | diffusion loss = 0.177

[2026-07-13 14:21:20,210][root][INFO] - Epoch 584: duration loss = 0.279 | prior loss = 1.197 | diffusion loss = 0.177

[2026-07-13 14:23:09,387][root][INFO] - Epoch 585: duration loss = 0.279 | prior loss = 1.196 | diffusion loss = 0.176

[2026-07-13 14:24:54,399][root][INFO] - Epoch 586: duration loss = 0.279 | prior loss = 1.197 | diffusion loss = 0.177

[2026-07-13 14:26:40,086][root][INFO] - Epoch 587: duration loss = 0.279 | prior loss = 1.197 | diffusion loss = 0.177

[2026-07-13 14:28:28,906][root][INFO] - Epoch 588: duration loss = 0.279 | prior loss = 1.197 | diffusion loss = 0.178

[2026-07-13 14:30:15,603][root][INFO] - Epoch 589: duration loss = 0.279 | prior loss = 1.197 | diffusion loss = 0.177

[2026-07-13 14:32:01,694][root][INFO] - Epoch 590: duration loss = 0.278 | prior loss = 1.197 | diffusion loss = 0.176

[2026-07-13 14:33:45,852][root][INFO] - Epoch 591: duration loss = 0.279 | prior loss = 1.197 | diffusion loss = 0.179

[2026-07-13 14:35:32,613][root][INFO] - Epoch 592: duration loss = 0.279 | prior loss = 1.197 | diffusion loss = 0.175

[2026-07-13 14:37:18,692][root][INFO] - Epoch 593: duration loss = 0.279 | prior loss = 1.197 | diffusion loss = 0.177

[2026-07-13 14:39:05,694][root][INFO] - Epoch 594: duration loss = 0.279 | prior loss = 1.197 | diffusion loss = 0.177

[2026-07-13 14:40:49,722][root][INFO] - Epoch 595: duration loss = 0.279 | prior loss = 1.196 | diffusion loss = 0.175

[2026-07-13 14:42:35,695][root][INFO] - Epoch 596: duration loss = 0.279 | prior loss = 1.197 | diffusion loss = 0.177

[2026-07-13 14:44:21,168][root][INFO] - Epoch 597: duration loss = 0.279 | prior loss = 1.196 | diffusion loss = 0.176

[2026-07-13 14:46:06,499][root][INFO] - Epoch 598: duration loss = 0.279 | prior loss = 1.197 | diffusion loss = 0.177

[2026-07-13 14:47:51,509][root][INFO] - Epoch 599: duration loss = 0.279 | prior loss = 1.196 | diffusion loss = 0.177

