[2026-07-14 09:40:09,746][root][INFO] - Initializing logger...
[2026-07-14 09:40:09,750][root][INFO] - Initializing data loaders...
[2026-07-14 09:40:10,916][root][INFO] - Initializing model...
[2026-07-14 09:40:11,034][root][INFO] - Number of encoder parameters = 7.20m
[2026-07-14 09:40:11,045][root][INFO] - Number of decoder parameters = 7.63m
[2026-07-14 09:40:11,491][root][INFO] - Initializing optimizer...
[2026-07-14 09:40:11,492][root][INFO] - Start training...
[2026-07-14 09:41:56,843][root][INFO] - Epoch 1: duration loss = 0.289 | prior loss = 1.206 | diffusion loss = 0.586

[2026-07-14 09:43:41,213][root][INFO] - Epoch 2: duration loss = 0.290 | prior loss = 1.206 | diffusion loss = 0.419

[2026-07-14 09:45:22,946][root][INFO] - Epoch 3: duration loss = 0.290 | prior loss = 1.206 | diffusion loss = 0.370

[2026-07-14 09:47:05,018][root][INFO] - Epoch 4: duration loss = 0.289 | prior loss = 1.206 | diffusion loss = 0.359

[2026-07-14 09:48:46,136][root][INFO] - Epoch 5: duration loss = 0.290 | prior loss = 1.206 | diffusion loss = 0.352

[2026-07-14 09:50:28,116][root][INFO] - Epoch 6: duration loss = 0.289 | prior loss = 1.206 | diffusion loss = 0.342

[2026-07-14 09:52:09,489][root][INFO] - Epoch 7: duration loss = 0.290 | prior loss = 1.206 | diffusion loss = 0.343

[2026-07-14 09:53:49,926][root][INFO] - Epoch 8: duration loss = 0.289 | prior loss = 1.206 | diffusion loss = 0.343

[2026-07-14 09:55:31,449][root][INFO] - Epoch 9: duration loss = 0.289 | prior loss = 1.206 | diffusion loss = 0.341

[2026-07-14 09:57:13,804][root][INFO] - Epoch 10: duration loss = 0.289 | prior loss = 1.206 | diffusion loss = 0.334

[2026-07-14 09:58:55,460][root][INFO] - Epoch 11: duration loss = 0.289 | prior loss = 1.206 | diffusion loss = 0.337

[2026-07-14 10:00:35,903][root][INFO] - Epoch 12: duration loss = 0.289 | prior loss = 1.206 | diffusion loss = 0.334

[2026-07-14 10:02:15,698][root][INFO] - Epoch 13: duration loss = 0.290 | prior loss = 1.206 | diffusion loss = 0.330

[2026-07-14 10:03:54,779][root][INFO] - Epoch 14: duration loss = 0.290 | prior loss = 1.206 | diffusion loss = 0.332

[2026-07-14 10:05:36,638][root][INFO] - Epoch 15: duration loss = 0.289 | prior loss = 1.206 | diffusion loss = 0.332

[2026-07-14 10:07:16,201][root][INFO] - Epoch 16: duration loss = 0.289 | prior loss = 1.206 | diffusion loss = 0.325

[2026-07-14 10:08:55,987][root][INFO] - Epoch 17: duration loss = 0.289 | prior loss = 1.205 | diffusion loss = 0.332

[2026-07-14 10:10:36,004][root][INFO] - Epoch 18: duration loss = 0.289 | prior loss = 1.206 | diffusion loss = 0.330

[2026-07-14 10:12:16,092][root][INFO] - Epoch 19: duration loss = 0.289 | prior loss = 1.206 | diffusion loss = 0.327

[2026-07-14 10:13:55,495][root][INFO] - Epoch 20: duration loss = 0.290 | prior loss = 1.206 | diffusion loss = 0.327

[2026-07-14 10:15:35,678][root][INFO] - Epoch 21: duration loss = 0.289 | prior loss = 1.206 | diffusion loss = 0.328

[2026-07-14 10:17:14,616][root][INFO] - Epoch 22: duration loss = 0.290 | prior loss = 1.206 | diffusion loss = 0.327

[2026-07-14 10:18:54,966][root][INFO] - Epoch 23: duration loss = 0.289 | prior loss = 1.206 | diffusion loss = 0.326

[2026-07-14 10:20:34,843][root][INFO] - Epoch 24: duration loss = 0.289 | prior loss = 1.206 | diffusion loss = 0.325

[2026-07-14 10:22:15,787][root][INFO] - Epoch 25: duration loss = 0.289 | prior loss = 1.206 | diffusion loss = 0.326

[2026-07-14 10:23:56,022][root][INFO] - Epoch 26: duration loss = 0.289 | prior loss = 1.205 | diffusion loss = 0.318

[2026-07-14 10:25:35,993][root][INFO] - Epoch 27: duration loss = 0.290 | prior loss = 1.206 | diffusion loss = 0.325

[2026-07-14 10:27:16,748][root][INFO] - Epoch 28: duration loss = 0.289 | prior loss = 1.206 | diffusion loss = 0.322

[2026-07-14 10:28:56,447][root][INFO] - Epoch 29: duration loss = 0.289 | prior loss = 1.206 | diffusion loss = 0.320

[2026-07-14 10:30:36,805][root][INFO] - Epoch 30: duration loss = 0.289 | prior loss = 1.206 | diffusion loss = 0.317

[2026-07-14 10:32:17,355][root][INFO] - Epoch 31: duration loss = 0.290 | prior loss = 1.206 | diffusion loss = 0.318

[2026-07-14 10:34:05,927][root][INFO] - Epoch 32: duration loss = 0.289 | prior loss = 1.206 | diffusion loss = 0.323

[2026-07-14 10:36:11,265][root][INFO] - Epoch 33: duration loss = 0.289 | prior loss = 1.206 | diffusion loss = 0.326

[2026-07-14 10:37:55,297][root][INFO] - Epoch 34: duration loss = 0.289 | prior loss = 1.206 | diffusion loss = 0.325

[2026-07-14 10:39:40,255][root][INFO] - Epoch 35: duration loss = 0.290 | prior loss = 1.206 | diffusion loss = 0.321

[2026-07-14 10:41:24,169][root][INFO] - Epoch 36: duration loss = 0.289 | prior loss = 1.206 | diffusion loss = 0.323

[2026-07-14 10:43:09,158][root][INFO] - Epoch 37: duration loss = 0.289 | prior loss = 1.206 | diffusion loss = 0.323

[2026-07-14 10:44:51,053][root][INFO] - Epoch 38: duration loss = 0.290 | prior loss = 1.206 | diffusion loss = 0.316

[2026-07-14 10:46:32,916][root][INFO] - Epoch 39: duration loss = 0.289 | prior loss = 1.206 | diffusion loss = 0.319

[2026-07-14 10:48:14,221][root][INFO] - Epoch 40: duration loss = 0.290 | prior loss = 1.206 | diffusion loss = 0.321

[2026-07-14 10:49:54,948][root][INFO] - Epoch 41: duration loss = 0.289 | prior loss = 1.206 | diffusion loss = 0.321

[2026-07-14 10:51:36,709][root][INFO] - Epoch 42: duration loss = 0.289 | prior loss = 1.206 | diffusion loss = 0.317

[2026-07-14 10:53:17,181][root][INFO] - Epoch 43: duration loss = 0.289 | prior loss = 1.206 | diffusion loss = 0.323

[2026-07-14 10:54:58,633][root][INFO] - Epoch 44: duration loss = 0.289 | prior loss = 1.206 | diffusion loss = 0.316

[2026-07-14 10:56:39,697][root][INFO] - Epoch 45: duration loss = 0.290 | prior loss = 1.206 | diffusion loss = 0.318

[2026-07-14 10:58:20,239][root][INFO] - Epoch 46: duration loss = 0.290 | prior loss = 1.206 | diffusion loss = 0.314

[2026-07-14 11:00:00,474][root][INFO] - Epoch 47: duration loss = 0.290 | prior loss = 1.206 | diffusion loss = 0.319

[2026-07-14 11:01:42,223][root][INFO] - Epoch 48: duration loss = 0.290 | prior loss = 1.206 | diffusion loss = 0.315

[2026-07-14 11:03:23,109][root][INFO] - Epoch 49: duration loss = 0.289 | prior loss = 1.206 | diffusion loss = 0.320

[2026-07-14 11:05:04,209][root][INFO] - Epoch 50: duration loss = 0.289 | prior loss = 1.206 | diffusion loss = 0.319

[2026-07-14 11:06:45,161][root][INFO] - Epoch 51: duration loss = 0.289 | prior loss = 1.206 | diffusion loss = 0.319

[2026-07-14 11:08:25,958][root][INFO] - Epoch 52: duration loss = 0.289 | prior loss = 1.206 | diffusion loss = 0.320

[2026-07-14 11:10:06,407][root][INFO] - Epoch 53: duration loss = 0.290 | prior loss = 1.206 | diffusion loss = 0.321

[2026-07-14 11:11:46,352][root][INFO] - Epoch 54: duration loss = 0.290 | prior loss = 1.206 | diffusion loss = 0.317

[2026-07-14 11:13:28,744][root][INFO] - Epoch 55: duration loss = 0.289 | prior loss = 1.206 | diffusion loss = 0.316

[2026-07-14 11:15:08,865][root][INFO] - Epoch 56: duration loss = 0.290 | prior loss = 1.206 | diffusion loss = 0.313

[2026-07-14 11:16:54,198][root][INFO] - Epoch 57: duration loss = 0.290 | prior loss = 1.206 | diffusion loss = 0.318

[2026-07-14 11:18:36,966][root][INFO] - Epoch 58: duration loss = 0.289 | prior loss = 1.206 | diffusion loss = 0.315

[2026-07-14 11:20:16,252][root][INFO] - Epoch 59: duration loss = 0.290 | prior loss = 1.206 | diffusion loss = 0.316

[2026-07-14 11:21:55,349][root][INFO] - Epoch 60: duration loss = 0.289 | prior loss = 1.206 | diffusion loss = 0.315

[2026-07-14 11:23:34,792][root][INFO] - Epoch 61: duration loss = 0.289 | prior loss = 1.206 | diffusion loss = 0.311

[2026-07-14 11:25:14,643][root][INFO] - Epoch 62: duration loss = 0.289 | prior loss = 1.206 | diffusion loss = 0.316

[2026-07-14 11:26:53,850][root][INFO] - Epoch 63: duration loss = 0.289 | prior loss = 1.206 | diffusion loss = 0.316

[2026-07-14 11:28:34,309][root][INFO] - Epoch 64: duration loss = 0.289 | prior loss = 1.206 | diffusion loss = 0.315

[2026-07-14 11:30:13,074][root][INFO] - Epoch 65: duration loss = 0.289 | prior loss = 1.206 | diffusion loss = 0.313

[2026-07-14 11:31:52,904][root][INFO] - Epoch 66: duration loss = 0.289 | prior loss = 1.206 | diffusion loss = 0.320

[2026-07-14 11:33:33,527][root][INFO] - Epoch 67: duration loss = 0.290 | prior loss = 1.206 | diffusion loss = 0.317

[2026-07-14 11:35:13,784][root][INFO] - Epoch 68: duration loss = 0.289 | prior loss = 1.206 | diffusion loss = 0.312

[2026-07-14 11:36:55,081][root][INFO] - Epoch 69: duration loss = 0.289 | prior loss = 1.206 | diffusion loss = 0.312

[2026-07-14 11:38:36,685][root][INFO] - Epoch 70: duration loss = 0.289 | prior loss = 1.206 | diffusion loss = 0.316

[2026-07-14 11:40:17,202][root][INFO] - Epoch 71: duration loss = 0.290 | prior loss = 1.206 | diffusion loss = 0.315

[2026-07-14 11:41:55,345][root][INFO] - Epoch 72: duration loss = 0.289 | prior loss = 1.206 | diffusion loss = 0.314

[2026-07-14 11:43:34,845][root][INFO] - Epoch 73: duration loss = 0.289 | prior loss = 1.206 | diffusion loss = 0.314

[2026-07-14 11:45:16,641][root][INFO] - Epoch 74: duration loss = 0.290 | prior loss = 1.206 | diffusion loss = 0.315

[2026-07-14 11:46:58,206][root][INFO] - Epoch 75: duration loss = 0.289 | prior loss = 1.206 | diffusion loss = 0.314

[2026-07-14 11:48:38,833][root][INFO] - Epoch 76: duration loss = 0.290 | prior loss = 1.206 | diffusion loss = 0.312

[2026-07-14 11:50:18,887][root][INFO] - Epoch 77: duration loss = 0.290 | prior loss = 1.206 | diffusion loss = 0.316

[2026-07-14 11:52:00,080][root][INFO] - Epoch 78: duration loss = 0.289 | prior loss = 1.206 | diffusion loss = 0.313

[2026-07-14 11:53:41,025][root][INFO] - Epoch 79: duration loss = 0.289 | prior loss = 1.206 | diffusion loss = 0.311

[2026-07-14 11:55:21,759][root][INFO] - Epoch 80: duration loss = 0.290 | prior loss = 1.206 | diffusion loss = 0.314

[2026-07-14 11:57:01,538][root][INFO] - Epoch 81: duration loss = 0.289 | prior loss = 1.206 | diffusion loss = 0.313

[2026-07-14 11:58:41,572][root][INFO] - Epoch 82: duration loss = 0.290 | prior loss = 1.206 | diffusion loss = 0.316

[2026-07-14 12:00:20,989][root][INFO] - Epoch 83: duration loss = 0.290 | prior loss = 1.206 | diffusion loss = 0.308

[2026-07-14 12:02:01,064][root][INFO] - Epoch 84: duration loss = 0.289 | prior loss = 1.206 | diffusion loss = 0.311

[2026-07-14 12:03:41,506][root][INFO] - Epoch 85: duration loss = 0.290 | prior loss = 1.206 | diffusion loss = 0.318

[2026-07-14 12:05:21,963][root][INFO] - Epoch 86: duration loss = 0.289 | prior loss = 1.206 | diffusion loss = 0.310

[2026-07-14 12:07:01,638][root][INFO] - Epoch 87: duration loss = 0.290 | prior loss = 1.206 | diffusion loss = 0.317

[2026-07-14 12:08:40,873][root][INFO] - Epoch 88: duration loss = 0.289 | prior loss = 1.206 | diffusion loss = 0.318

[2026-07-14 12:10:21,710][root][INFO] - Epoch 89: duration loss = 0.289 | prior loss = 1.206 | diffusion loss = 0.312

[2026-07-14 12:12:01,158][root][INFO] - Epoch 90: duration loss = 0.289 | prior loss = 1.206 | diffusion loss = 0.311

[2026-07-14 12:13:42,253][root][INFO] - Epoch 91: duration loss = 0.290 | prior loss = 1.206 | diffusion loss = 0.313

[2026-07-14 12:15:23,202][root][INFO] - Epoch 92: duration loss = 0.290 | prior loss = 1.206 | diffusion loss = 0.313

[2026-07-14 12:17:03,753][root][INFO] - Epoch 93: duration loss = 0.289 | prior loss = 1.206 | diffusion loss = 0.313

[2026-07-14 12:18:45,303][root][INFO] - Epoch 94: duration loss = 0.289 | prior loss = 1.206 | diffusion loss = 0.313

[2026-07-14 12:20:25,011][root][INFO] - Epoch 95: duration loss = 0.290 | prior loss = 1.206 | diffusion loss = 0.314

[2026-07-14 12:22:06,064][root][INFO] - Epoch 96: duration loss = 0.290 | prior loss = 1.206 | diffusion loss = 0.314

[2026-07-14 12:23:48,367][root][INFO] - Epoch 97: duration loss = 0.290 | prior loss = 1.206 | diffusion loss = 0.309

[2026-07-14 12:25:32,424][root][INFO] - Epoch 98: duration loss = 0.289 | prior loss = 1.206 | diffusion loss = 0.313

[2026-07-14 12:27:14,447][root][INFO] - Epoch 99: duration loss = 0.290 | prior loss = 1.207 | diffusion loss = 0.313

[2026-07-14 12:28:56,611][root][INFO] - Epoch 100: duration loss = 0.290 | prior loss = 1.206 | diffusion loss = 0.310

[2026-07-14 12:30:33,964][root][INFO] - Epoch 101: duration loss = 0.289 | prior loss = 1.206 | diffusion loss = 0.318

[2026-07-14 12:32:01,079][root][INFO] - Epoch 102: duration loss = 0.290 | prior loss = 1.206 | diffusion loss = 0.311

[2026-07-14 12:33:37,335][root][INFO] - Epoch 103: duration loss = 0.289 | prior loss = 1.206 | diffusion loss = 0.312

[2026-07-14 12:35:12,289][root][INFO] - Epoch 104: duration loss = 0.289 | prior loss = 1.206 | diffusion loss = 0.313

[2026-07-14 12:36:46,587][root][INFO] - Epoch 105: duration loss = 0.289 | prior loss = 1.206 | diffusion loss = 0.310

[2026-07-14 12:38:25,321][root][INFO] - Epoch 106: duration loss = 0.290 | prior loss = 1.206 | diffusion loss = 0.310

[2026-07-14 12:40:06,800][root][INFO] - Epoch 107: duration loss = 0.289 | prior loss = 1.206 | diffusion loss = 0.312

[2026-07-14 12:41:45,190][root][INFO] - Epoch 108: duration loss = 0.289 | prior loss = 1.206 | diffusion loss = 0.309

[2026-07-14 12:43:25,509][root][INFO] - Epoch 109: duration loss = 0.289 | prior loss = 1.206 | diffusion loss = 0.305

[2026-07-14 12:45:06,303][root][INFO] - Epoch 110: duration loss = 0.289 | prior loss = 1.206 | diffusion loss = 0.308

[2026-07-14 12:46:48,123][root][INFO] - Epoch 111: duration loss = 0.289 | prior loss = 1.206 | diffusion loss = 0.315

[2026-07-14 12:48:29,000][root][INFO] - Epoch 112: duration loss = 0.289 | prior loss = 1.206 | diffusion loss = 0.315

[2026-07-14 12:50:11,871][root][INFO] - Epoch 113: duration loss = 0.289 | prior loss = 1.206 | diffusion loss = 0.303

[2026-07-14 12:51:57,069][root][INFO] - Epoch 114: duration loss = 0.289 | prior loss = 1.206 | diffusion loss = 0.314

[2026-07-14 12:53:37,974][root][INFO] - Epoch 115: duration loss = 0.289 | prior loss = 1.206 | diffusion loss = 0.314

[2026-07-14 12:55:18,436][root][INFO] - Epoch 116: duration loss = 0.289 | prior loss = 1.206 | diffusion loss = 0.308

[2026-07-14 12:57:00,634][root][INFO] - Epoch 117: duration loss = 0.289 | prior loss = 1.206 | diffusion loss = 0.312

[2026-07-14 12:58:43,116][root][INFO] - Epoch 118: duration loss = 0.290 | prior loss = 1.206 | diffusion loss = 0.311

[2026-07-14 13:00:23,924][root][INFO] - Epoch 119: duration loss = 0.289 | prior loss = 1.206 | diffusion loss = 0.307

[2026-07-14 13:02:04,197][root][INFO] - Epoch 120: duration loss = 0.290 | prior loss = 1.206 | diffusion loss = 0.308

[2026-07-14 13:03:44,370][root][INFO] - Epoch 121: duration loss = 0.290 | prior loss = 1.206 | diffusion loss = 0.307

[2026-07-14 13:05:23,110][root][INFO] - Epoch 122: duration loss = 0.289 | prior loss = 1.206 | diffusion loss = 0.314

[2026-07-14 13:07:00,545][root][INFO] - Epoch 123: duration loss = 0.289 | prior loss = 1.206 | diffusion loss = 0.311

[2026-07-14 13:08:39,312][root][INFO] - Epoch 124: duration loss = 0.289 | prior loss = 1.206 | diffusion loss = 0.310

[2026-07-14 13:10:20,268][root][INFO] - Epoch 125: duration loss = 0.289 | prior loss = 1.206 | diffusion loss = 0.311

[2026-07-14 13:12:01,152][root][INFO] - Epoch 126: duration loss = 0.290 | prior loss = 1.206 | diffusion loss = 0.312

[2026-07-14 13:13:41,766][root][INFO] - Epoch 127: duration loss = 0.289 | prior loss = 1.206 | diffusion loss = 0.307

[2026-07-14 13:15:22,228][root][INFO] - Epoch 128: duration loss = 0.289 | prior loss = 1.206 | diffusion loss = 0.306

[2026-07-14 13:17:02,456][root][INFO] - Epoch 129: duration loss = 0.290 | prior loss = 1.206 | diffusion loss = 0.307

[2026-07-14 13:18:42,455][root][INFO] - Epoch 130: duration loss = 0.289 | prior loss = 1.206 | diffusion loss = 0.307

[2026-07-14 13:20:22,821][root][INFO] - Epoch 131: duration loss = 0.289 | prior loss = 1.206 | diffusion loss = 0.315

[2026-07-14 13:22:04,191][root][INFO] - Epoch 132: duration loss = 0.289 | prior loss = 1.206 | diffusion loss = 0.314

[2026-07-14 13:23:44,368][root][INFO] - Epoch 133: duration loss = 0.289 | prior loss = 1.206 | diffusion loss = 0.309

[2026-07-14 13:25:24,696][root][INFO] - Epoch 134: duration loss = 0.290 | prior loss = 1.206 | diffusion loss = 0.312

[2026-07-14 13:27:05,233][root][INFO] - Epoch 135: duration loss = 0.289 | prior loss = 1.206 | diffusion loss = 0.312

[2026-07-14 13:28:45,402][root][INFO] - Epoch 136: duration loss = 0.289 | prior loss = 1.206 | diffusion loss = 0.308

[2026-07-14 13:30:26,004][root][INFO] - Epoch 137: duration loss = 0.289 | prior loss = 1.206 | diffusion loss = 0.310

[2026-07-14 13:32:06,285][root][INFO] - Epoch 138: duration loss = 0.290 | prior loss = 1.206 | diffusion loss = 0.311

[2026-07-14 13:33:48,648][root][INFO] - Epoch 139: duration loss = 0.289 | prior loss = 1.206 | diffusion loss = 0.304

[2026-07-14 13:35:30,542][root][INFO] - Epoch 140: duration loss = 0.289 | prior loss = 1.206 | diffusion loss = 0.311

[2026-07-14 13:37:14,146][root][INFO] - Epoch 141: duration loss = 0.290 | prior loss = 1.206 | diffusion loss = 0.310

[2026-07-14 13:38:56,998][root][INFO] - Epoch 142: duration loss = 0.290 | prior loss = 1.206 | diffusion loss = 0.308

[2026-07-14 13:40:40,891][root][INFO] - Epoch 143: duration loss = 0.290 | prior loss = 1.206 | diffusion loss = 0.313

[2026-07-14 13:42:23,834][root][INFO] - Epoch 144: duration loss = 0.290 | prior loss = 1.206 | diffusion loss = 0.307

[2026-07-14 13:44:05,793][root][INFO] - Epoch 145: duration loss = 0.289 | prior loss = 1.206 | diffusion loss = 0.310

[2026-07-14 13:45:47,770][root][INFO] - Epoch 146: duration loss = 0.289 | prior loss = 1.206 | diffusion loss = 0.302

[2026-07-14 13:47:28,831][root][INFO] - Epoch 147: duration loss = 0.289 | prior loss = 1.206 | diffusion loss = 0.308

[2026-07-14 13:49:11,545][root][INFO] - Epoch 148: duration loss = 0.289 | prior loss = 1.206 | diffusion loss = 0.305

[2026-07-14 13:50:54,003][root][INFO] - Epoch 149: duration loss = 0.290 | prior loss = 1.206 | diffusion loss = 0.310

[2026-07-14 13:52:37,563][root][INFO] - Epoch 150: duration loss = 0.290 | prior loss = 1.206 | diffusion loss = 0.306

[2026-07-14 13:54:19,968][root][INFO] - Epoch 151: duration loss = 0.289 | prior loss = 1.206 | diffusion loss = 0.304

[2026-07-14 13:56:03,396][root][INFO] - Epoch 152: duration loss = 0.290 | prior loss = 1.206 | diffusion loss = 0.305

[2026-07-14 13:57:44,645][root][INFO] - Epoch 153: duration loss = 0.289 | prior loss = 1.206 | diffusion loss = 0.309

[2026-07-14 13:59:25,300][root][INFO] - Epoch 154: duration loss = 0.290 | prior loss = 1.206 | diffusion loss = 0.307

[2026-07-14 14:01:05,857][root][INFO] - Epoch 155: duration loss = 0.289 | prior loss = 1.206 | diffusion loss = 0.304

[2026-07-14 14:02:47,056][root][INFO] - Epoch 156: duration loss = 0.289 | prior loss = 1.205 | diffusion loss = 0.311

[2026-07-14 14:04:28,372][root][INFO] - Epoch 157: duration loss = 0.289 | prior loss = 1.206 | diffusion loss = 0.311

[2026-07-14 14:06:10,297][root][INFO] - Epoch 158: duration loss = 0.289 | prior loss = 1.206 | diffusion loss = 0.306

[2026-07-14 14:07:52,112][root][INFO] - Epoch 159: duration loss = 0.289 | prior loss = 1.206 | diffusion loss = 0.306

[2026-07-14 14:09:32,731][root][INFO] - Epoch 160: duration loss = 0.290 | prior loss = 1.206 | diffusion loss = 0.309

[2026-07-14 14:11:13,014][root][INFO] - Epoch 161: duration loss = 0.290 | prior loss = 1.206 | diffusion loss = 0.310

[2026-07-14 14:12:54,233][root][INFO] - Epoch 162: duration loss = 0.289 | prior loss = 1.206 | diffusion loss = 0.305

[2026-07-14 14:14:35,691][root][INFO] - Epoch 163: duration loss = 0.289 | prior loss = 1.206 | diffusion loss = 0.309

[2026-07-14 14:16:15,777][root][INFO] - Epoch 164: duration loss = 0.290 | prior loss = 1.206 | diffusion loss = 0.307

[2026-07-14 14:17:55,745][root][INFO] - Epoch 165: duration loss = 0.289 | prior loss = 1.206 | diffusion loss = 0.305

[2026-07-14 14:19:35,678][root][INFO] - Epoch 166: duration loss = 0.290 | prior loss = 1.206 | diffusion loss = 0.311

[2026-07-14 14:21:16,117][root][INFO] - Epoch 167: duration loss = 0.289 | prior loss = 1.206 | diffusion loss = 0.305

[2026-07-14 14:22:56,157][root][INFO] - Epoch 168: duration loss = 0.289 | prior loss = 1.206 | diffusion loss = 0.310

[2026-07-14 14:24:35,492][root][INFO] - Epoch 169: duration loss = 0.289 | prior loss = 1.206 | diffusion loss = 0.301

[2026-07-14 14:26:16,666][root][INFO] - Epoch 170: duration loss = 0.290 | prior loss = 1.206 | diffusion loss = 0.301

[2026-07-14 14:27:56,762][root][INFO] - Epoch 171: duration loss = 0.290 | prior loss = 1.206 | diffusion loss = 0.304

[2026-07-14 14:29:37,604][root][INFO] - Epoch 172: duration loss = 0.290 | prior loss = 1.206 | diffusion loss = 0.306

[2026-07-14 14:31:18,864][root][INFO] - Epoch 173: duration loss = 0.289 | prior loss = 1.206 | diffusion loss = 0.310

[2026-07-14 14:32:59,508][root][INFO] - Epoch 174: duration loss = 0.290 | prior loss = 1.206 | diffusion loss = 0.307

[2026-07-14 14:34:38,514][root][INFO] - Epoch 175: duration loss = 0.289 | prior loss = 1.206 | diffusion loss = 0.305

[2026-07-14 14:36:18,550][root][INFO] - Epoch 176: duration loss = 0.289 | prior loss = 1.206 | diffusion loss = 0.306

[2026-07-14 14:38:00,322][root][INFO] - Epoch 177: duration loss = 0.289 | prior loss = 1.206 | diffusion loss = 0.312

[2026-07-14 14:39:40,540][root][INFO] - Epoch 178: duration loss = 0.289 | prior loss = 1.206 | diffusion loss = 0.308

[2026-07-14 14:41:20,711][root][INFO] - Epoch 179: duration loss = 0.289 | prior loss = 1.206 | diffusion loss = 0.309

[2026-07-14 14:43:01,149][root][INFO] - Epoch 180: duration loss = 0.289 | prior loss = 1.206 | diffusion loss = 0.310

[2026-07-14 14:44:42,388][root][INFO] - Epoch 181: duration loss = 0.289 | prior loss = 1.206 | diffusion loss = 0.308

[2026-07-14 14:46:23,459][root][INFO] - Epoch 182: duration loss = 0.290 | prior loss = 1.206 | diffusion loss = 0.307

[2026-07-14 14:48:04,934][root][INFO] - Epoch 183: duration loss = 0.289 | prior loss = 1.206 | diffusion loss = 0.304

[2026-07-14 14:49:45,214][root][INFO] - Epoch 184: duration loss = 0.290 | prior loss = 1.206 | diffusion loss = 0.305

[2026-07-14 14:51:25,724][root][INFO] - Epoch 185: duration loss = 0.289 | prior loss = 1.206 | diffusion loss = 0.301

[2026-07-14 14:53:06,690][root][INFO] - Epoch 186: duration loss = 0.290 | prior loss = 1.206 | diffusion loss = 0.309

[2026-07-14 14:54:46,561][root][INFO] - Epoch 187: duration loss = 0.289 | prior loss = 1.206 | diffusion loss = 0.305

[2026-07-14 14:56:26,173][root][INFO] - Epoch 188: duration loss = 0.289 | prior loss = 1.205 | diffusion loss = 0.307

[2026-07-14 14:58:06,446][root][INFO] - Epoch 189: duration loss = 0.289 | prior loss = 1.206 | diffusion loss = 0.308

[2026-07-14 14:59:46,302][root][INFO] - Epoch 190: duration loss = 0.290 | prior loss = 1.206 | diffusion loss = 0.307

[2026-07-14 15:01:25,836][root][INFO] - Epoch 191: duration loss = 0.289 | prior loss = 1.206 | diffusion loss = 0.310

[2026-07-14 15:03:05,032][root][INFO] - Epoch 192: duration loss = 0.289 | prior loss = 1.206 | diffusion loss = 0.307

[2026-07-14 15:04:44,701][root][INFO] - Epoch 193: duration loss = 0.289 | prior loss = 1.206 | diffusion loss = 0.309

[2026-07-14 15:06:26,110][root][INFO] - Epoch 194: duration loss = 0.290 | prior loss = 1.206 | diffusion loss = 0.308

[2026-07-14 15:08:07,360][root][INFO] - Epoch 195: duration loss = 0.290 | prior loss = 1.206 | diffusion loss = 0.305

[2026-07-14 15:09:47,997][root][INFO] - Epoch 196: duration loss = 0.289 | prior loss = 1.206 | diffusion loss = 0.306

[2026-07-14 15:11:27,961][root][INFO] - Epoch 197: duration loss = 0.289 | prior loss = 1.206 | diffusion loss = 0.303

[2026-07-14 15:13:09,066][root][INFO] - Epoch 198: duration loss = 0.290 | prior loss = 1.207 | diffusion loss = 0.308

[2026-07-14 15:14:48,530][root][INFO] - Epoch 199: duration loss = 0.289 | prior loss = 1.206 | diffusion loss = 0.305

[2026-07-14 15:16:28,218][root][INFO] - Epoch 200: duration loss = 0.289 | prior loss = 1.206 | diffusion loss = 0.309

[2026-07-14 15:18:07,397][root][INFO] - Epoch 201: duration loss = 0.289 | prior loss = 1.206 | diffusion loss = 0.308

[2026-07-14 15:19:46,763][root][INFO] - Epoch 202: duration loss = 0.290 | prior loss = 1.206 | diffusion loss = 0.309

[2026-07-14 15:21:26,916][root][INFO] - Epoch 203: duration loss = 0.290 | prior loss = 1.206 | diffusion loss = 0.304

[2026-07-14 15:23:06,284][root][INFO] - Epoch 204: duration loss = 0.289 | prior loss = 1.206 | diffusion loss = 0.308

[2026-07-14 15:24:46,358][root][INFO] - Epoch 205: duration loss = 0.290 | prior loss = 1.206 | diffusion loss = 0.306

[2026-07-14 15:26:26,291][root][INFO] - Epoch 206: duration loss = 0.290 | prior loss = 1.206 | diffusion loss = 0.308

[2026-07-14 15:28:07,066][root][INFO] - Epoch 207: duration loss = 0.289 | prior loss = 1.206 | diffusion loss = 0.307

[2026-07-14 15:29:46,385][root][INFO] - Epoch 208: duration loss = 0.289 | prior loss = 1.206 | diffusion loss = 0.309

[2026-07-14 15:31:26,501][root][INFO] - Epoch 209: duration loss = 0.289 | prior loss = 1.206 | diffusion loss = 0.304

[2026-07-14 15:33:06,310][root][INFO] - Epoch 210: duration loss = 0.290 | prior loss = 1.206 | diffusion loss = 0.306

[2026-07-14 15:34:45,872][root][INFO] - Epoch 211: duration loss = 0.289 | prior loss = 1.206 | diffusion loss = 0.305

[2026-07-14 15:36:26,298][root][INFO] - Epoch 212: duration loss = 0.290 | prior loss = 1.207 | diffusion loss = 0.304

[2026-07-14 15:38:05,510][root][INFO] - Epoch 213: duration loss = 0.289 | prior loss = 1.206 | diffusion loss = 0.309

[2026-07-14 15:39:44,875][root][INFO] - Epoch 214: duration loss = 0.290 | prior loss = 1.206 | diffusion loss = 0.308

[2026-07-14 15:41:25,531][root][INFO] - Epoch 215: duration loss = 0.289 | prior loss = 1.206 | diffusion loss = 0.308

[2026-07-14 15:43:04,793][root][INFO] - Epoch 216: duration loss = 0.289 | prior loss = 1.206 | diffusion loss = 0.308

[2026-07-14 15:44:43,530][root][INFO] - Epoch 217: duration loss = 0.290 | prior loss = 1.206 | diffusion loss = 0.303

[2026-07-14 15:46:23,789][root][INFO] - Epoch 218: duration loss = 0.289 | prior loss = 1.207 | diffusion loss = 0.311

[2026-07-14 15:48:03,004][root][INFO] - Epoch 219: duration loss = 0.289 | prior loss = 1.206 | diffusion loss = 0.307

[2026-07-14 15:49:44,147][root][INFO] - Epoch 220: duration loss = 0.289 | prior loss = 1.206 | diffusion loss = 0.306

[2026-07-14 15:51:23,850][root][INFO] - Epoch 221: duration loss = 0.290 | prior loss = 1.206 | diffusion loss = 0.304

[2026-07-14 15:53:02,071][root][INFO] - Epoch 222: duration loss = 0.289 | prior loss = 1.206 | diffusion loss = 0.308

[2026-07-14 15:54:41,642][root][INFO] - Epoch 223: duration loss = 0.290 | prior loss = 1.206 | diffusion loss = 0.311

[2026-07-14 15:56:20,358][root][INFO] - Epoch 224: duration loss = 0.289 | prior loss = 1.206 | diffusion loss = 0.305

[2026-07-14 15:57:59,690][root][INFO] - Epoch 225: duration loss = 0.289 | prior loss = 1.206 | diffusion loss = 0.305

[2026-07-14 15:59:41,082][root][INFO] - Epoch 226: duration loss = 0.290 | prior loss = 1.206 | diffusion loss = 0.300

[2026-07-14 16:01:20,564][root][INFO] - Epoch 227: duration loss = 0.289 | prior loss = 1.206 | diffusion loss = 0.305

[2026-07-14 16:03:00,571][root][INFO] - Epoch 228: duration loss = 0.289 | prior loss = 1.206 | diffusion loss = 0.308

[2026-07-14 16:04:40,974][root][INFO] - Epoch 229: duration loss = 0.289 | prior loss = 1.206 | diffusion loss = 0.308

[2026-07-14 16:06:22,818][root][INFO] - Epoch 230: duration loss = 0.289 | prior loss = 1.206 | diffusion loss = 0.308

[2026-07-14 16:08:03,111][root][INFO] - Epoch 231: duration loss = 0.289 | prior loss = 1.206 | diffusion loss = 0.307

[2026-07-14 16:09:42,830][root][INFO] - Epoch 232: duration loss = 0.289 | prior loss = 1.206 | diffusion loss = 0.300

[2026-07-14 16:11:22,344][root][INFO] - Epoch 233: duration loss = 0.289 | prior loss = 1.206 | diffusion loss = 0.306

[2026-07-14 16:13:03,123][root][INFO] - Epoch 234: duration loss = 0.289 | prior loss = 1.206 | diffusion loss = 0.303

[2026-07-14 16:14:43,791][root][INFO] - Epoch 235: duration loss = 0.290 | prior loss = 1.206 | diffusion loss = 0.298

[2026-07-14 16:16:23,312][root][INFO] - Epoch 236: duration loss = 0.289 | prior loss = 1.206 | diffusion loss = 0.306

[2026-07-14 16:18:04,026][root][INFO] - Epoch 237: duration loss = 0.290 | prior loss = 1.206 | diffusion loss = 0.305

[2026-07-14 16:19:44,376][root][INFO] - Epoch 238: duration loss = 0.290 | prior loss = 1.206 | diffusion loss = 0.309

[2026-07-14 16:21:24,433][root][INFO] - Epoch 239: duration loss = 0.289 | prior loss = 1.206 | diffusion loss = 0.309

[2026-07-14 16:23:06,413][root][INFO] - Epoch 240: duration loss = 0.290 | prior loss = 1.206 | diffusion loss = 0.302

[2026-07-14 16:24:46,570][root][INFO] - Epoch 241: duration loss = 0.289 | prior loss = 1.206 | diffusion loss = 0.305

[2026-07-14 16:26:26,389][root][INFO] - Epoch 242: duration loss = 0.289 | prior loss = 1.206 | diffusion loss = 0.305

[2026-07-14 16:28:06,433][root][INFO] - Epoch 243: duration loss = 0.290 | prior loss = 1.206 | diffusion loss = 0.302

[2026-07-14 16:29:48,430][root][INFO] - Epoch 244: duration loss = 0.289 | prior loss = 1.206 | diffusion loss = 0.307

[2026-07-14 16:31:28,643][root][INFO] - Epoch 245: duration loss = 0.289 | prior loss = 1.206 | diffusion loss = 0.305

[2026-07-14 16:33:08,971][root][INFO] - Epoch 246: duration loss = 0.289 | prior loss = 1.206 | diffusion loss = 0.305

[2026-07-14 16:34:50,448][root][INFO] - Epoch 247: duration loss = 0.289 | prior loss = 1.206 | diffusion loss = 0.305

[2026-07-14 16:36:31,561][root][INFO] - Epoch 248: duration loss = 0.289 | prior loss = 1.206 | diffusion loss = 0.309

[2026-07-14 16:38:13,394][root][INFO] - Epoch 249: duration loss = 0.289 | prior loss = 1.206 | diffusion loss = 0.304

[2026-07-14 16:39:54,574][root][INFO] - Epoch 250: duration loss = 0.289 | prior loss = 1.206 | diffusion loss = 0.303

[2026-07-14 16:41:34,866][root][INFO] - Epoch 251: duration loss = 0.289 | prior loss = 1.206 | diffusion loss = 0.303

[2026-07-14 16:43:15,615][root][INFO] - Epoch 252: duration loss = 0.289 | prior loss = 1.206 | diffusion loss = 0.305

[2026-07-14 16:44:57,159][root][INFO] - Epoch 253: duration loss = 0.289 | prior loss = 1.206 | diffusion loss = 0.310

[2026-07-14 16:46:37,941][root][INFO] - Epoch 254: duration loss = 0.289 | prior loss = 1.206 | diffusion loss = 0.305

[2026-07-14 16:48:19,452][root][INFO] - Epoch 255: duration loss = 0.289 | prior loss = 1.206 | diffusion loss = 0.305

[2026-07-14 16:50:01,000][root][INFO] - Epoch 256: duration loss = 0.289 | prior loss = 1.206 | diffusion loss = 0.305

[2026-07-14 16:51:40,437][root][INFO] - Epoch 257: duration loss = 0.289 | prior loss = 1.206 | diffusion loss = 0.303

[2026-07-14 16:53:20,684][root][INFO] - Epoch 258: duration loss = 0.290 | prior loss = 1.206 | diffusion loss = 0.310

[2026-07-14 16:55:00,540][root][INFO] - Epoch 259: duration loss = 0.290 | prior loss = 1.206 | diffusion loss = 0.306

[2026-07-14 16:56:40,499][root][INFO] - Epoch 260: duration loss = 0.289 | prior loss = 1.206 | diffusion loss = 0.311

[2026-07-14 16:58:21,580][root][INFO] - Epoch 261: duration loss = 0.289 | prior loss = 1.206 | diffusion loss = 0.304

[2026-07-14 17:00:01,997][root][INFO] - Epoch 262: duration loss = 0.289 | prior loss = 1.206 | diffusion loss = 0.306

[2026-07-14 17:01:42,548][root][INFO] - Epoch 263: duration loss = 0.289 | prior loss = 1.206 | diffusion loss = 0.310

[2026-07-14 17:03:30,206][root][INFO] - Epoch 264: duration loss = 0.289 | prior loss = 1.206 | diffusion loss = 0.316

[2026-07-14 17:05:31,959][root][INFO] - Epoch 265: duration loss = 0.289 | prior loss = 1.206 | diffusion loss = 0.303

[2026-07-14 17:07:11,924][root][INFO] - Epoch 266: duration loss = 0.290 | prior loss = 1.206 | diffusion loss = 0.302

[2026-07-14 17:08:53,122][root][INFO] - Epoch 267: duration loss = 0.290 | prior loss = 1.206 | diffusion loss = 0.309

[2026-07-14 17:10:37,177][root][INFO] - Epoch 268: duration loss = 0.290 | prior loss = 1.206 | diffusion loss = 0.302

[2026-07-14 17:12:17,000][root][INFO] - Epoch 269: duration loss = 0.290 | prior loss = 1.207 | diffusion loss = 0.302

[2026-07-14 17:13:56,428][root][INFO] - Epoch 270: duration loss = 0.290 | prior loss = 1.206 | diffusion loss = 0.305

[2026-07-14 17:15:35,491][root][INFO] - Epoch 271: duration loss = 0.290 | prior loss = 1.206 | diffusion loss = 0.302

[2026-07-14 17:17:14,727][root][INFO] - Epoch 272: duration loss = 0.289 | prior loss = 1.206 | diffusion loss = 0.301

[2026-07-14 17:18:54,295][root][INFO] - Epoch 273: duration loss = 0.289 | prior loss = 1.206 | diffusion loss = 0.305

[2026-07-14 17:20:33,848][root][INFO] - Epoch 274: duration loss = 0.289 | prior loss = 1.206 | diffusion loss = 0.305

[2026-07-14 17:22:13,602][root][INFO] - Epoch 275: duration loss = 0.289 | prior loss = 1.206 | diffusion loss = 0.308

[2026-07-14 17:23:52,948][root][INFO] - Epoch 276: duration loss = 0.289 | prior loss = 1.206 | diffusion loss = 0.302

[2026-07-14 17:25:34,025][root][INFO] - Epoch 277: duration loss = 0.289 | prior loss = 1.206 | diffusion loss = 0.307

[2026-07-14 17:27:13,960][root][INFO] - Epoch 278: duration loss = 0.289 | prior loss = 1.206 | diffusion loss = 0.304

[2026-07-14 17:28:53,246][root][INFO] - Epoch 279: duration loss = 0.289 | prior loss = 1.206 | diffusion loss = 0.299

[2026-07-14 17:30:32,517][root][INFO] - Epoch 280: duration loss = 0.289 | prior loss = 1.206 | diffusion loss = 0.311

[2026-07-14 17:32:12,415][root][INFO] - Epoch 281: duration loss = 0.289 | prior loss = 1.206 | diffusion loss = 0.312

[2026-07-14 17:33:52,127][root][INFO] - Epoch 282: duration loss = 0.290 | prior loss = 1.206 | diffusion loss = 0.300

[2026-07-14 17:35:32,200][root][INFO] - Epoch 283: duration loss = 0.289 | prior loss = 1.206 | diffusion loss = 0.299

[2026-07-14 17:37:12,754][root][INFO] - Epoch 284: duration loss = 0.290 | prior loss = 1.206 | diffusion loss = 0.305

[2026-07-14 17:38:52,996][root][INFO] - Epoch 285: duration loss = 0.289 | prior loss = 1.206 | diffusion loss = 0.304

[2026-07-14 17:40:34,108][root][INFO] - Epoch 286: duration loss = 0.289 | prior loss = 1.206 | diffusion loss = 0.304

[2026-07-14 17:42:14,026][root][INFO] - Epoch 287: duration loss = 0.290 | prior loss = 1.206 | diffusion loss = 0.313

[2026-07-14 17:43:53,794][root][INFO] - Epoch 288: duration loss = 0.290 | prior loss = 1.206 | diffusion loss = 0.303

[2026-07-14 17:45:32,109][root][INFO] - Epoch 289: duration loss = 0.289 | prior loss = 1.206 | diffusion loss = 0.302

[2026-07-14 17:47:11,421][root][INFO] - Epoch 290: duration loss = 0.290 | prior loss = 1.206 | diffusion loss = 0.306

[2026-07-14 17:48:49,923][root][INFO] - Epoch 291: duration loss = 0.289 | prior loss = 1.206 | diffusion loss = 0.303

[2026-07-14 17:50:29,813][root][INFO] - Epoch 292: duration loss = 0.289 | prior loss = 1.206 | diffusion loss = 0.306

[2026-07-14 17:52:09,771][root][INFO] - Epoch 293: duration loss = 0.290 | prior loss = 1.206 | diffusion loss = 0.303

[2026-07-14 17:53:49,739][root][INFO] - Epoch 294: duration loss = 0.290 | prior loss = 1.206 | diffusion loss = 0.307

[2026-07-14 17:55:29,529][root][INFO] - Epoch 295: duration loss = 0.289 | prior loss = 1.206 | diffusion loss = 0.306

[2026-07-14 17:57:09,589][root][INFO] - Epoch 296: duration loss = 0.289 | prior loss = 1.206 | diffusion loss = 0.303

[2026-07-14 17:58:49,257][root][INFO] - Epoch 297: duration loss = 0.289 | prior loss = 1.206 | diffusion loss = 0.304

[2026-07-14 18:00:30,011][root][INFO] - Epoch 298: duration loss = 0.289 | prior loss = 1.206 | diffusion loss = 0.303

[2026-07-14 18:02:11,416][root][INFO] - Epoch 299: duration loss = 0.289 | prior loss = 1.206 | diffusion loss = 0.309

[2026-07-14 18:03:51,646][root][INFO] - Epoch 300: duration loss = 0.289 | prior loss = 1.206 | diffusion loss = 0.307

[2026-07-14 18:05:32,288][root][INFO] - Epoch 301: duration loss = 0.290 | prior loss = 1.206 | diffusion loss = 0.302

[2026-07-14 18:07:17,554][root][INFO] - Epoch 302: duration loss = 0.289 | prior loss = 1.206 | diffusion loss = 0.303

[2026-07-14 18:09:13,480][root][INFO] - Epoch 303: duration loss = 0.289 | prior loss = 1.206 | diffusion loss = 0.300

[2026-07-14 18:10:53,730][root][INFO] - Epoch 304: duration loss = 0.289 | prior loss = 1.206 | diffusion loss = 0.304

[2026-07-14 18:12:32,972][root][INFO] - Epoch 305: duration loss = 0.290 | prior loss = 1.206 | diffusion loss = 0.302

[2026-07-14 18:14:11,847][root][INFO] - Epoch 306: duration loss = 0.290 | prior loss = 1.206 | diffusion loss = 0.303

[2026-07-14 18:15:51,208][root][INFO] - Epoch 307: duration loss = 0.290 | prior loss = 1.206 | diffusion loss = 0.302

[2026-07-14 18:17:30,511][root][INFO] - Epoch 308: duration loss = 0.289 | prior loss = 1.206 | diffusion loss = 0.309

[2026-07-14 18:19:09,697][root][INFO] - Epoch 309: duration loss = 0.289 | prior loss = 1.206 | diffusion loss = 0.306

[2026-07-14 18:20:49,726][root][INFO] - Epoch 310: duration loss = 0.289 | prior loss = 1.206 | diffusion loss = 0.301

[2026-07-14 18:22:29,806][root][INFO] - Epoch 311: duration loss = 0.290 | prior loss = 1.206 | diffusion loss = 0.304

[2026-07-14 18:24:09,633][root][INFO] - Epoch 312: duration loss = 0.290 | prior loss = 1.206 | diffusion loss = 0.300

[2026-07-14 18:25:49,028][root][INFO] - Epoch 313: duration loss = 0.290 | prior loss = 1.206 | diffusion loss = 0.304

[2026-07-14 18:27:27,929][root][INFO] - Epoch 314: duration loss = 0.289 | prior loss = 1.206 | diffusion loss = 0.303

[2026-07-14 18:29:07,008][root][INFO] - Epoch 315: duration loss = 0.289 | prior loss = 1.206 | diffusion loss = 0.303

[2026-07-14 18:30:46,623][root][INFO] - Epoch 316: duration loss = 0.290 | prior loss = 1.206 | diffusion loss = 0.301

[2026-07-14 18:32:25,143][root][INFO] - Epoch 317: duration loss = 0.289 | prior loss = 1.206 | diffusion loss = 0.301

[2026-07-14 18:34:04,652][root][INFO] - Epoch 318: duration loss = 0.289 | prior loss = 1.206 | diffusion loss = 0.307

[2026-07-14 18:35:43,929][root][INFO] - Epoch 319: duration loss = 0.290 | prior loss = 1.206 | diffusion loss = 0.304

[2026-07-14 18:37:24,079][root][INFO] - Epoch 320: duration loss = 0.290 | prior loss = 1.206 | diffusion loss = 0.308

[2026-07-14 18:39:04,249][root][INFO] - Epoch 321: duration loss = 0.290 | prior loss = 1.206 | diffusion loss = 0.304

[2026-07-14 18:40:43,140][root][INFO] - Epoch 322: duration loss = 0.290 | prior loss = 1.206 | diffusion loss = 0.302

[2026-07-14 18:42:22,928][root][INFO] - Epoch 323: duration loss = 0.289 | prior loss = 1.206 | diffusion loss = 0.308

[2026-07-14 18:44:01,786][root][INFO] - Epoch 324: duration loss = 0.289 | prior loss = 1.206 | diffusion loss = 0.307

[2026-07-14 18:45:41,803][root][INFO] - Epoch 325: duration loss = 0.290 | prior loss = 1.206 | diffusion loss = 0.306

[2026-07-14 18:47:21,830][root][INFO] - Epoch 326: duration loss = 0.289 | prior loss = 1.206 | diffusion loss = 0.309

[2026-07-14 18:49:00,951][root][INFO] - Epoch 327: duration loss = 0.289 | prior loss = 1.206 | diffusion loss = 0.302

[2026-07-14 18:50:40,279][root][INFO] - Epoch 328: duration loss = 0.289 | prior loss = 1.207 | diffusion loss = 0.304

[2026-07-14 18:52:19,748][root][INFO] - Epoch 329: duration loss = 0.289 | prior loss = 1.206 | diffusion loss = 0.305

[2026-07-14 18:54:00,186][root][INFO] - Epoch 330: duration loss = 0.289 | prior loss = 1.206 | diffusion loss = 0.304

[2026-07-14 18:55:40,068][root][INFO] - Epoch 331: duration loss = 0.290 | prior loss = 1.206 | diffusion loss = 0.299

[2026-07-14 18:57:19,492][root][INFO] - Epoch 332: duration loss = 0.290 | prior loss = 1.206 | diffusion loss = 0.306

[2026-07-14 18:58:59,038][root][INFO] - Epoch 333: duration loss = 0.289 | prior loss = 1.206 | diffusion loss = 0.307

[2026-07-14 19:00:37,835][root][INFO] - Epoch 334: duration loss = 0.289 | prior loss = 1.205 | diffusion loss = 0.306

[2026-07-14 19:02:18,454][root][INFO] - Epoch 335: duration loss = 0.289 | prior loss = 1.206 | diffusion loss = 0.306

[2026-07-14 19:03:58,628][root][INFO] - Epoch 336: duration loss = 0.289 | prior loss = 1.206 | diffusion loss = 0.301

[2026-07-14 19:05:39,842][root][INFO] - Epoch 337: duration loss = 0.289 | prior loss = 1.206 | diffusion loss = 0.299

[2026-07-14 19:07:20,065][root][INFO] - Epoch 338: duration loss = 0.289 | prior loss = 1.206 | diffusion loss = 0.302

[2026-07-14 19:08:58,819][root][INFO] - Epoch 339: duration loss = 0.289 | prior loss = 1.206 | diffusion loss = 0.303

[2026-07-14 19:10:39,799][root][INFO] - Epoch 340: duration loss = 0.290 | prior loss = 1.206 | diffusion loss = 0.303

[2026-07-14 19:12:19,820][root][INFO] - Epoch 341: duration loss = 0.289 | prior loss = 1.206 | diffusion loss = 0.303

[2026-07-14 19:13:59,729][root][INFO] - Epoch 342: duration loss = 0.289 | prior loss = 1.206 | diffusion loss = 0.302

[2026-07-14 19:15:40,471][root][INFO] - Epoch 343: duration loss = 0.290 | prior loss = 1.207 | diffusion loss = 0.305

[2026-07-14 19:17:20,382][root][INFO] - Epoch 344: duration loss = 0.289 | prior loss = 1.206 | diffusion loss = 0.303

[2026-07-14 19:18:59,559][root][INFO] - Epoch 345: duration loss = 0.289 | prior loss = 1.206 | diffusion loss = 0.305

[2026-07-14 19:20:40,232][root][INFO] - Epoch 346: duration loss = 0.290 | prior loss = 1.206 | diffusion loss = 0.304

[2026-07-14 19:22:19,688][root][INFO] - Epoch 347: duration loss = 0.289 | prior loss = 1.206 | diffusion loss = 0.300

[2026-07-14 19:24:00,326][root][INFO] - Epoch 348: duration loss = 0.289 | prior loss = 1.206 | diffusion loss = 0.298

[2026-07-14 19:25:40,245][root][INFO] - Epoch 349: duration loss = 0.289 | prior loss = 1.206 | diffusion loss = 0.300

[2026-07-14 19:27:20,547][root][INFO] - Epoch 350: duration loss = 0.290 | prior loss = 1.206 | diffusion loss = 0.302

[2026-07-14 19:29:00,753][root][INFO] - Epoch 351: duration loss = 0.289 | prior loss = 1.206 | diffusion loss = 0.305

[2026-07-14 19:30:41,657][root][INFO] - Epoch 352: duration loss = 0.290 | prior loss = 1.205 | diffusion loss = 0.304

[2026-07-14 19:32:22,466][root][INFO] - Epoch 353: duration loss = 0.290 | prior loss = 1.206 | diffusion loss = 0.300

[2026-07-14 19:34:02,557][root][INFO] - Epoch 354: duration loss = 0.290 | prior loss = 1.206 | diffusion loss = 0.302

[2026-07-14 19:35:44,231][root][INFO] - Epoch 355: duration loss = 0.289 | prior loss = 1.206 | diffusion loss = 0.304

[2026-07-14 19:37:23,587][root][INFO] - Epoch 356: duration loss = 0.289 | prior loss = 1.206 | diffusion loss = 0.304

[2026-07-14 19:39:02,682][root][INFO] - Epoch 357: duration loss = 0.289 | prior loss = 1.206 | diffusion loss = 0.304

[2026-07-14 19:40:42,601][root][INFO] - Epoch 358: duration loss = 0.289 | prior loss = 1.206 | diffusion loss = 0.302

[2026-07-14 19:42:23,215][root][INFO] - Epoch 359: duration loss = 0.290 | prior loss = 1.206 | diffusion loss = 0.302

[2026-07-14 19:44:03,871][root][INFO] - Epoch 360: duration loss = 0.289 | prior loss = 1.206 | diffusion loss = 0.304

[2026-07-14 19:45:45,957][root][INFO] - Epoch 361: duration loss = 0.289 | prior loss = 1.207 | diffusion loss = 0.299

[2026-07-14 19:47:27,068][root][INFO] - Epoch 362: duration loss = 0.289 | prior loss = 1.206 | diffusion loss = 0.304

[2026-07-14 19:49:08,477][root][INFO] - Epoch 363: duration loss = 0.289 | prior loss = 1.206 | diffusion loss = 0.306

[2026-07-14 19:50:49,029][root][INFO] - Epoch 364: duration loss = 0.289 | prior loss = 1.206 | diffusion loss = 0.308

[2026-07-14 19:52:30,922][root][INFO] - Epoch 365: duration loss = 0.289 | prior loss = 1.206 | diffusion loss = 0.305

[2026-07-14 19:54:11,879][root][INFO] - Epoch 366: duration loss = 0.290 | prior loss = 1.206 | diffusion loss = 0.301

[2026-07-14 19:55:53,275][root][INFO] - Epoch 367: duration loss = 0.290 | prior loss = 1.206 | diffusion loss = 0.303

[2026-07-14 19:57:34,516][root][INFO] - Epoch 368: duration loss = 0.289 | prior loss = 1.206 | diffusion loss = 0.305

[2026-07-14 19:59:14,986][root][INFO] - Epoch 369: duration loss = 0.289 | prior loss = 1.206 | diffusion loss = 0.306

[2026-07-14 20:00:56,034][root][INFO] - Epoch 370: duration loss = 0.290 | prior loss = 1.206 | diffusion loss = 0.304

[2026-07-14 20:02:35,478][root][INFO] - Epoch 371: duration loss = 0.289 | prior loss = 1.206 | diffusion loss = 0.297

[2026-07-14 20:04:15,913][root][INFO] - Epoch 372: duration loss = 0.289 | prior loss = 1.206 | diffusion loss = 0.302

[2026-07-14 20:05:56,539][root][INFO] - Epoch 373: duration loss = 0.289 | prior loss = 1.206 | diffusion loss = 0.302

[2026-07-14 20:07:38,618][root][INFO] - Epoch 374: duration loss = 0.289 | prior loss = 1.206 | diffusion loss = 0.303

[2026-07-14 20:09:20,607][root][INFO] - Epoch 375: duration loss = 0.290 | prior loss = 1.206 | diffusion loss = 0.306

[2026-07-14 20:11:00,918][root][INFO] - Epoch 376: duration loss = 0.289 | prior loss = 1.206 | diffusion loss = 0.306

[2026-07-14 20:12:42,056][root][INFO] - Epoch 377: duration loss = 0.289 | prior loss = 1.206 | diffusion loss = 0.303

[2026-07-14 20:14:22,017][root][INFO] - Epoch 378: duration loss = 0.290 | prior loss = 1.206 | diffusion loss = 0.298

[2026-07-14 20:16:03,625][root][INFO] - Epoch 379: duration loss = 0.290 | prior loss = 1.206 | diffusion loss = 0.304

[2026-07-14 20:17:45,084][root][INFO] - Epoch 380: duration loss = 0.290 | prior loss = 1.206 | diffusion loss = 0.303

[2026-07-14 20:19:25,501][root][INFO] - Epoch 381: duration loss = 0.290 | prior loss = 1.206 | diffusion loss = 0.301

[2026-07-14 20:21:05,643][root][INFO] - Epoch 382: duration loss = 0.289 | prior loss = 1.206 | diffusion loss = 0.302

[2026-07-14 20:22:45,878][root][INFO] - Epoch 383: duration loss = 0.289 | prior loss = 1.206 | diffusion loss = 0.305

[2026-07-14 20:24:26,925][root][INFO] - Epoch 384: duration loss = 0.289 | prior loss = 1.206 | diffusion loss = 0.308

[2026-07-14 20:26:07,139][root][INFO] - Epoch 385: duration loss = 0.289 | prior loss = 1.206 | diffusion loss = 0.308

[2026-07-14 20:27:47,501][root][INFO] - Epoch 386: duration loss = 0.290 | prior loss = 1.206 | diffusion loss = 0.307

[2026-07-14 20:29:26,614][root][INFO] - Epoch 387: duration loss = 0.289 | prior loss = 1.206 | diffusion loss = 0.304

[2026-07-14 20:31:04,526][root][INFO] - Epoch 388: duration loss = 0.289 | prior loss = 1.206 | diffusion loss = 0.303

[2026-07-14 20:32:42,571][root][INFO] - Epoch 389: duration loss = 0.289 | prior loss = 1.206 | diffusion loss = 0.302

[2026-07-14 20:34:21,088][root][INFO] - Epoch 390: duration loss = 0.289 | prior loss = 1.206 | diffusion loss = 0.300

[2026-07-14 20:36:00,379][root][INFO] - Epoch 391: duration loss = 0.289 | prior loss = 1.206 | diffusion loss = 0.302

[2026-07-14 20:37:40,033][root][INFO] - Epoch 392: duration loss = 0.289 | prior loss = 1.206 | diffusion loss = 0.303

[2026-07-14 20:39:18,715][root][INFO] - Epoch 393: duration loss = 0.289 | prior loss = 1.206 | diffusion loss = 0.304

[2026-07-14 20:40:57,718][root][INFO] - Epoch 394: duration loss = 0.289 | prior loss = 1.206 | diffusion loss = 0.306

[2026-07-14 20:42:34,880][root][INFO] - Epoch 395: duration loss = 0.289 | prior loss = 1.206 | diffusion loss = 0.302

[2026-07-14 20:44:11,752][root][INFO] - Epoch 396: duration loss = 0.289 | prior loss = 1.206 | diffusion loss = 0.305

[2026-07-14 20:45:50,648][root][INFO] - Epoch 397: duration loss = 0.290 | prior loss = 1.206 | diffusion loss = 0.299

[2026-07-14 20:47:29,848][root][INFO] - Epoch 398: duration loss = 0.290 | prior loss = 1.206 | diffusion loss = 0.308

[2026-07-14 20:49:08,137][root][INFO] - Epoch 399: duration loss = 0.290 | prior loss = 1.207 | diffusion loss = 0.300

[2026-07-14 20:50:47,876][root][INFO] - Epoch 400: duration loss = 0.289 | prior loss = 1.206 | diffusion loss = 0.297

[2026-07-14 20:52:27,366][root][INFO] - Epoch 401: duration loss = 0.290 | prior loss = 1.206 | diffusion loss = 0.298

[2026-07-14 20:54:07,688][root][INFO] - Epoch 402: duration loss = 0.289 | prior loss = 1.206 | diffusion loss = 0.299

[2026-07-14 20:55:48,330][root][INFO] - Epoch 403: duration loss = 0.290 | prior loss = 1.206 | diffusion loss = 0.302

[2026-07-14 20:57:28,724][root][INFO] - Epoch 404: duration loss = 0.290 | prior loss = 1.206 | diffusion loss = 0.302

[2026-07-14 20:59:09,161][root][INFO] - Epoch 405: duration loss = 0.290 | prior loss = 1.206 | diffusion loss = 0.299

[2026-07-14 21:00:48,162][root][INFO] - Epoch 406: duration loss = 0.289 | prior loss = 1.206 | diffusion loss = 0.300

[2026-07-14 21:02:27,043][root][INFO] - Epoch 407: duration loss = 0.289 | prior loss = 1.206 | diffusion loss = 0.304

[2026-07-14 21:04:05,859][root][INFO] - Epoch 408: duration loss = 0.290 | prior loss = 1.206 | diffusion loss = 0.303

[2026-07-14 21:05:44,632][root][INFO] - Epoch 409: duration loss = 0.290 | prior loss = 1.206 | diffusion loss = 0.303

[2026-07-14 21:07:22,192][root][INFO] - Epoch 410: duration loss = 0.290 | prior loss = 1.206 | diffusion loss = 0.301

[2026-07-14 21:09:01,334][root][INFO] - Epoch 411: duration loss = 0.290 | prior loss = 1.206 | diffusion loss = 0.300

[2026-07-14 21:10:40,596][root][INFO] - Epoch 412: duration loss = 0.290 | prior loss = 1.206 | diffusion loss = 0.301

[2026-07-14 21:12:19,697][root][INFO] - Epoch 413: duration loss = 0.289 | prior loss = 1.206 | diffusion loss = 0.301

[2026-07-14 21:14:00,118][root][INFO] - Epoch 414: duration loss = 0.290 | prior loss = 1.206 | diffusion loss = 0.301

[2026-07-14 21:15:40,564][root][INFO] - Epoch 415: duration loss = 0.289 | prior loss = 1.206 | diffusion loss = 0.300

[2026-07-14 21:17:20,799][root][INFO] - Epoch 416: duration loss = 0.289 | prior loss = 1.205 | diffusion loss = 0.302

[2026-07-14 21:19:00,927][root][INFO] - Epoch 417: duration loss = 0.290 | prior loss = 1.205 | diffusion loss = 0.306

[2026-07-14 21:20:41,250][root][INFO] - Epoch 418: duration loss = 0.290 | prior loss = 1.206 | diffusion loss = 0.304

[2026-07-14 21:22:20,567][root][INFO] - Epoch 419: duration loss = 0.289 | prior loss = 1.206 | diffusion loss = 0.307

[2026-07-14 21:24:01,744][root][INFO] - Epoch 420: duration loss = 0.290 | prior loss = 1.206 | diffusion loss = 0.302

[2026-07-14 21:25:42,846][root][INFO] - Epoch 421: duration loss = 0.289 | prior loss = 1.206 | diffusion loss = 0.308

[2026-07-14 21:27:23,493][root][INFO] - Epoch 422: duration loss = 0.289 | prior loss = 1.206 | diffusion loss = 0.304

[2026-07-14 21:29:03,758][root][INFO] - Epoch 423: duration loss = 0.289 | prior loss = 1.206 | diffusion loss = 0.303

[2026-07-14 21:30:43,844][root][INFO] - Epoch 424: duration loss = 0.290 | prior loss = 1.206 | diffusion loss = 0.301

[2026-07-14 21:32:24,247][root][INFO] - Epoch 425: duration loss = 0.289 | prior loss = 1.206 | diffusion loss = 0.301

[2026-07-14 21:34:06,003][root][INFO] - Epoch 426: duration loss = 0.289 | prior loss = 1.206 | diffusion loss = 0.300

[2026-07-14 21:35:47,054][root][INFO] - Epoch 427: duration loss = 0.289 | prior loss = 1.206 | diffusion loss = 0.304

[2026-07-14 21:37:27,584][root][INFO] - Epoch 428: duration loss = 0.289 | prior loss = 1.206 | diffusion loss = 0.299

[2026-07-14 21:39:08,822][root][INFO] - Epoch 429: duration loss = 0.289 | prior loss = 1.206 | diffusion loss = 0.305

[2026-07-14 21:40:48,592][root][INFO] - Epoch 430: duration loss = 0.290 | prior loss = 1.206 | diffusion loss = 0.307

[2026-07-14 21:42:29,824][root][INFO] - Epoch 431: duration loss = 0.289 | prior loss = 1.206 | diffusion loss = 0.306

[2026-07-14 21:44:10,223][root][INFO] - Epoch 432: duration loss = 0.289 | prior loss = 1.206 | diffusion loss = 0.307

[2026-07-14 21:45:51,259][root][INFO] - Epoch 433: duration loss = 0.289 | prior loss = 1.206 | diffusion loss = 0.302

[2026-07-14 21:47:32,345][root][INFO] - Epoch 434: duration loss = 0.290 | prior loss = 1.206 | diffusion loss = 0.308

[2026-07-14 21:49:12,955][root][INFO] - Epoch 435: duration loss = 0.289 | prior loss = 1.206 | diffusion loss = 0.301

[2026-07-14 21:50:54,344][root][INFO] - Epoch 436: duration loss = 0.290 | prior loss = 1.206 | diffusion loss = 0.302

[2026-07-14 21:52:34,984][root][INFO] - Epoch 437: duration loss = 0.290 | prior loss = 1.206 | diffusion loss = 0.307

[2026-07-14 21:54:14,727][root][INFO] - Epoch 438: duration loss = 0.289 | prior loss = 1.206 | diffusion loss = 0.304

[2026-07-14 21:55:54,999][root][INFO] - Epoch 439: duration loss = 0.289 | prior loss = 1.206 | diffusion loss = 0.302

[2026-07-14 21:57:35,963][root][INFO] - Epoch 440: duration loss = 0.289 | prior loss = 1.206 | diffusion loss = 0.303

[2026-07-14 21:59:17,206][root][INFO] - Epoch 441: duration loss = 0.290 | prior loss = 1.206 | diffusion loss = 0.303

[2026-07-14 22:00:58,383][root][INFO] - Epoch 442: duration loss = 0.289 | prior loss = 1.206 | diffusion loss = 0.305

[2026-07-14 22:02:39,266][root][INFO] - Epoch 443: duration loss = 0.290 | prior loss = 1.206 | diffusion loss = 0.299

[2026-07-14 22:04:20,633][root][INFO] - Epoch 444: duration loss = 0.290 | prior loss = 1.206 | diffusion loss = 0.307

[2026-07-14 22:06:01,243][root][INFO] - Epoch 445: duration loss = 0.290 | prior loss = 1.206 | diffusion loss = 0.311

[2026-07-14 22:07:42,021][root][INFO] - Epoch 446: duration loss = 0.289 | prior loss = 1.206 | diffusion loss = 0.300

[2026-07-14 22:09:20,508][root][INFO] - Epoch 447: duration loss = 0.289 | prior loss = 1.206 | diffusion loss = 0.303

[2026-07-14 22:11:00,018][root][INFO] - Epoch 448: duration loss = 0.289 | prior loss = 1.206 | diffusion loss = 0.300

[2026-07-14 22:12:39,077][root][INFO] - Epoch 449: duration loss = 0.289 | prior loss = 1.206 | diffusion loss = 0.307

[2026-07-14 22:14:19,307][root][INFO] - Epoch 450: duration loss = 0.289 | prior loss = 1.206 | diffusion loss = 0.300

[2026-07-14 22:15:59,328][root][INFO] - Epoch 451: duration loss = 0.289 | prior loss = 1.206 | diffusion loss = 0.300

[2026-07-14 22:17:39,559][root][INFO] - Epoch 452: duration loss = 0.290 | prior loss = 1.206 | diffusion loss = 0.303

[2026-07-14 22:19:18,402][root][INFO] - Epoch 453: duration loss = 0.290 | prior loss = 1.206 | diffusion loss = 0.304

[2026-07-14 22:20:55,818][root][INFO] - Epoch 454: duration loss = 0.290 | prior loss = 1.206 | diffusion loss = 0.304

[2026-07-14 22:22:34,725][root][INFO] - Epoch 455: duration loss = 0.289 | prior loss = 1.206 | diffusion loss = 0.304

[2026-07-14 22:24:12,662][root][INFO] - Epoch 456: duration loss = 0.289 | prior loss = 1.206 | diffusion loss = 0.303

[2026-07-14 22:25:51,924][root][INFO] - Epoch 457: duration loss = 0.289 | prior loss = 1.206 | diffusion loss = 0.296

[2026-07-14 22:27:31,966][root][INFO] - Epoch 458: duration loss = 0.290 | prior loss = 1.206 | diffusion loss = 0.297

[2026-07-14 22:29:11,436][root][INFO] - Epoch 459: duration loss = 0.289 | prior loss = 1.206 | diffusion loss = 0.300

[2026-07-14 22:30:51,013][root][INFO] - Epoch 460: duration loss = 0.290 | prior loss = 1.206 | diffusion loss = 0.304

[2026-07-14 22:32:30,976][root][INFO] - Epoch 461: duration loss = 0.290 | prior loss = 1.207 | diffusion loss = 0.296

[2026-07-14 22:34:10,937][root][INFO] - Epoch 462: duration loss = 0.290 | prior loss = 1.206 | diffusion loss = 0.308

[2026-07-14 22:35:50,595][root][INFO] - Epoch 463: duration loss = 0.289 | prior loss = 1.206 | diffusion loss = 0.300

[2026-07-14 22:37:30,128][root][INFO] - Epoch 464: duration loss = 0.290 | prior loss = 1.206 | diffusion loss = 0.301

[2026-07-14 22:39:09,329][root][INFO] - Epoch 465: duration loss = 0.290 | prior loss = 1.206 | diffusion loss = 0.306

[2026-07-14 22:40:46,276][root][INFO] - Epoch 466: duration loss = 0.290 | prior loss = 1.206 | diffusion loss = 0.304

[2026-07-14 22:42:23,498][root][INFO] - Epoch 467: duration loss = 0.290 | prior loss = 1.206 | diffusion loss = 0.302

[2026-07-14 22:44:00,539][root][INFO] - Epoch 468: duration loss = 0.289 | prior loss = 1.206 | diffusion loss = 0.305

[2026-07-14 22:45:38,439][root][INFO] - Epoch 469: duration loss = 0.290 | prior loss = 1.206 | diffusion loss = 0.304

[2026-07-14 22:47:18,212][root][INFO] - Epoch 470: duration loss = 0.289 | prior loss = 1.206 | diffusion loss = 0.296

[2026-07-14 22:48:58,039][root][INFO] - Epoch 471: duration loss = 0.289 | prior loss = 1.206 | diffusion loss = 0.304

[2026-07-14 22:50:37,589][root][INFO] - Epoch 472: duration loss = 0.290 | prior loss = 1.206 | diffusion loss = 0.302

[2026-07-14 22:52:17,470][root][INFO] - Epoch 473: duration loss = 0.289 | prior loss = 1.206 | diffusion loss = 0.302

[2026-07-14 22:53:56,989][root][INFO] - Epoch 474: duration loss = 0.289 | prior loss = 1.206 | diffusion loss = 0.304

[2026-07-14 22:55:35,890][root][INFO] - Epoch 475: duration loss = 0.289 | prior loss = 1.207 | diffusion loss = 0.303

[2026-07-14 22:57:15,514][root][INFO] - Epoch 476: duration loss = 0.289 | prior loss = 1.206 | diffusion loss = 0.300

[2026-07-14 22:58:54,988][root][INFO] - Epoch 477: duration loss = 0.289 | prior loss = 1.206 | diffusion loss = 0.305

[2026-07-14 23:00:34,211][root][INFO] - Epoch 478: duration loss = 0.290 | prior loss = 1.206 | diffusion loss = 0.302

[2026-07-14 23:02:13,858][root][INFO] - Epoch 479: duration loss = 0.289 | prior loss = 1.206 | diffusion loss = 0.301

[2026-07-14 23:03:54,080][root][INFO] - Epoch 480: duration loss = 0.289 | prior loss = 1.206 | diffusion loss = 0.301

[2026-07-14 23:05:34,878][root][INFO] - Epoch 481: duration loss = 0.289 | prior loss = 1.206 | diffusion loss = 0.301

[2026-07-14 23:07:16,047][root][INFO] - Epoch 482: duration loss = 0.290 | prior loss = 1.206 | diffusion loss = 0.304

[2026-07-14 23:08:56,851][root][INFO] - Epoch 483: duration loss = 0.289 | prior loss = 1.206 | diffusion loss = 0.300

[2026-07-14 23:10:37,851][root][INFO] - Epoch 484: duration loss = 0.289 | prior loss = 1.205 | diffusion loss = 0.296

[2026-07-14 23:12:18,154][root][INFO] - Epoch 485: duration loss = 0.289 | prior loss = 1.206 | diffusion loss = 0.305

[2026-07-14 23:13:56,056][root][INFO] - Epoch 486: duration loss = 0.290 | prior loss = 1.206 | diffusion loss = 0.302

[2026-07-14 23:15:36,493][root][INFO] - Epoch 487: duration loss = 0.289 | prior loss = 1.206 | diffusion loss = 0.306

[2026-07-14 23:17:16,003][root][INFO] - Epoch 488: duration loss = 0.289 | prior loss = 1.206 | diffusion loss = 0.300

[2026-07-14 23:18:56,374][root][INFO] - Epoch 489: duration loss = 0.290 | prior loss = 1.206 | diffusion loss = 0.301

[2026-07-14 23:20:37,643][root][INFO] - Epoch 490: duration loss = 0.289 | prior loss = 1.206 | diffusion loss = 0.303

[2026-07-14 23:22:17,137][root][INFO] - Epoch 491: duration loss = 0.290 | prior loss = 1.206 | diffusion loss = 0.301

[2026-07-14 23:23:57,734][root][INFO] - Epoch 492: duration loss = 0.289 | prior loss = 1.206 | diffusion loss = 0.301

[2026-07-14 23:25:38,480][root][INFO] - Epoch 493: duration loss = 0.290 | prior loss = 1.206 | diffusion loss = 0.301

[2026-07-14 23:27:19,522][root][INFO] - Epoch 494: duration loss = 0.289 | prior loss = 1.206 | diffusion loss = 0.299

[2026-07-14 23:29:01,287][root][INFO] - Epoch 495: duration loss = 0.289 | prior loss = 1.206 | diffusion loss = 0.303

[2026-07-14 23:30:42,373][root][INFO] - Epoch 496: duration loss = 0.289 | prior loss = 1.206 | diffusion loss = 0.301

[2026-07-14 23:32:22,904][root][INFO] - Epoch 497: duration loss = 0.289 | prior loss = 1.206 | diffusion loss = 0.306

[2026-07-14 23:34:02,658][root][INFO] - Epoch 498: duration loss = 0.289 | prior loss = 1.206 | diffusion loss = 0.303

[2026-07-14 23:35:42,060][root][INFO] - Epoch 499: duration loss = 0.289 | prior loss = 1.206 | diffusion loss = 0.305

[2026-07-14 23:37:32,049][root][INFO] - Epoch 500: duration loss = 0.286 | prior loss = 1.203 | diffusion loss = 0.304

[2026-07-14 23:39:21,747][root][INFO] - Epoch 501: duration loss = 0.284 | prior loss = 1.202 | diffusion loss = 0.301

[2026-07-14 23:41:11,587][root][INFO] - Epoch 502: duration loss = 0.283 | prior loss = 1.201 | diffusion loss = 0.293

[2026-07-14 23:43:01,511][root][INFO] - Epoch 503: duration loss = 0.282 | prior loss = 1.200 | diffusion loss = 0.299

[2026-07-14 23:44:51,096][root][INFO] - Epoch 504: duration loss = 0.282 | prior loss = 1.200 | diffusion loss = 0.301

[2026-07-14 23:46:40,852][root][INFO] - Epoch 505: duration loss = 0.282 | prior loss = 1.199 | diffusion loss = 0.302

[2026-07-14 23:48:30,765][root][INFO] - Epoch 506: duration loss = 0.282 | prior loss = 1.199 | diffusion loss = 0.304

[2026-07-14 23:50:20,420][root][INFO] - Epoch 507: duration loss = 0.281 | prior loss = 1.199 | diffusion loss = 0.307

[2026-07-14 23:52:10,150][root][INFO] - Epoch 508: duration loss = 0.281 | prior loss = 1.199 | diffusion loss = 0.305

[2026-07-14 23:54:00,103][root][INFO] - Epoch 509: duration loss = 0.281 | prior loss = 1.199 | diffusion loss = 0.300

[2026-07-14 23:55:49,886][root][INFO] - Epoch 510: duration loss = 0.281 | prior loss = 1.198 | diffusion loss = 0.299

[2026-07-14 23:57:39,499][root][INFO] - Epoch 511: duration loss = 0.280 | prior loss = 1.198 | diffusion loss = 0.301

[2026-07-14 23:59:29,645][root][INFO] - Epoch 512: duration loss = 0.280 | prior loss = 1.198 | diffusion loss = 0.301

[2026-07-15 00:01:19,489][root][INFO] - Epoch 513: duration loss = 0.280 | prior loss = 1.198 | diffusion loss = 0.304

[2026-07-15 00:03:09,385][root][INFO] - Epoch 514: duration loss = 0.279 | prior loss = 1.198 | diffusion loss = 0.300

[2026-07-15 00:04:59,063][root][INFO] - Epoch 515: duration loss = 0.280 | prior loss = 1.197 | diffusion loss = 0.300

[2026-07-15 00:06:48,572][root][INFO] - Epoch 516: duration loss = 0.279 | prior loss = 1.197 | diffusion loss = 0.305

[2026-07-15 00:08:38,317][root][INFO] - Epoch 517: duration loss = 0.280 | prior loss = 1.198 | diffusion loss = 0.300

[2026-07-15 00:10:28,642][root][INFO] - Epoch 518: duration loss = 0.279 | prior loss = 1.197 | diffusion loss = 0.303

[2026-07-15 00:12:18,799][root][INFO] - Epoch 519: duration loss = 0.279 | prior loss = 1.197 | diffusion loss = 0.301

[2026-07-15 00:14:08,190][root][INFO] - Epoch 520: duration loss = 0.279 | prior loss = 1.197 | diffusion loss = 0.303

[2026-07-15 00:15:58,206][root][INFO] - Epoch 521: duration loss = 0.279 | prior loss = 1.197 | diffusion loss = 0.302

[2026-07-15 00:17:47,698][root][INFO] - Epoch 522: duration loss = 0.278 | prior loss = 1.197 | diffusion loss = 0.299

[2026-07-15 00:19:38,583][root][INFO] - Epoch 523: duration loss = 0.279 | prior loss = 1.197 | diffusion loss = 0.300

[2026-07-15 00:21:29,495][root][INFO] - Epoch 524: duration loss = 0.279 | prior loss = 1.196 | diffusion loss = 0.295

[2026-07-15 00:23:19,488][root][INFO] - Epoch 525: duration loss = 0.278 | prior loss = 1.197 | diffusion loss = 0.297

[2026-07-15 00:25:09,174][root][INFO] - Epoch 526: duration loss = 0.278 | prior loss = 1.196 | diffusion loss = 0.303

[2026-07-15 00:27:00,351][root][INFO] - Epoch 527: duration loss = 0.278 | prior loss = 1.196 | diffusion loss = 0.301

[2026-07-15 00:28:52,049][root][INFO] - Epoch 528: duration loss = 0.278 | prior loss = 1.196 | diffusion loss = 0.295

[2026-07-15 00:30:42,727][root][INFO] - Epoch 529: duration loss = 0.278 | prior loss = 1.196 | diffusion loss = 0.297

[2026-07-15 00:32:33,865][root][INFO] - Epoch 530: duration loss = 0.278 | prior loss = 1.196 | diffusion loss = 0.308

[2026-07-15 00:34:23,719][root][INFO] - Epoch 531: duration loss = 0.278 | prior loss = 1.196 | diffusion loss = 0.303

[2026-07-15 00:36:15,652][root][INFO] - Epoch 532: duration loss = 0.278 | prior loss = 1.196 | diffusion loss = 0.299

[2026-07-15 00:38:06,250][root][INFO] - Epoch 533: duration loss = 0.278 | prior loss = 1.196 | diffusion loss = 0.296

[2026-07-15 00:39:55,843][root][INFO] - Epoch 534: duration loss = 0.278 | prior loss = 1.196 | diffusion loss = 0.301

[2026-07-15 00:41:46,470][root][INFO] - Epoch 535: duration loss = 0.277 | prior loss = 1.196 | diffusion loss = 0.297

[2026-07-15 00:43:37,255][root][INFO] - Epoch 536: duration loss = 0.277 | prior loss = 1.196 | diffusion loss = 0.304

[2026-07-15 00:45:27,317][root][INFO] - Epoch 537: duration loss = 0.278 | prior loss = 1.196 | diffusion loss = 0.305

[2026-07-15 00:47:17,854][root][INFO] - Epoch 538: duration loss = 0.277 | prior loss = 1.195 | diffusion loss = 0.303

[2026-07-15 00:49:07,831][root][INFO] - Epoch 539: duration loss = 0.277 | prior loss = 1.196 | diffusion loss = 0.297

[2026-07-15 00:50:57,401][root][INFO] - Epoch 540: duration loss = 0.277 | prior loss = 1.196 | diffusion loss = 0.301

[2026-07-15 00:52:46,675][root][INFO] - Epoch 541: duration loss = 0.277 | prior loss = 1.196 | diffusion loss = 0.301

[2026-07-15 00:54:36,839][root][INFO] - Epoch 542: duration loss = 0.277 | prior loss = 1.195 | diffusion loss = 0.296

[2026-07-15 00:56:27,085][root][INFO] - Epoch 543: duration loss = 0.277 | prior loss = 1.195 | diffusion loss = 0.300

[2026-07-15 00:58:19,766][root][INFO] - Epoch 544: duration loss = 0.277 | prior loss = 1.196 | diffusion loss = 0.300

[2026-07-15 01:00:12,096][root][INFO] - Epoch 545: duration loss = 0.277 | prior loss = 1.195 | diffusion loss = 0.296

[2026-07-15 01:02:05,188][root][INFO] - Epoch 546: duration loss = 0.277 | prior loss = 1.195 | diffusion loss = 0.299

[2026-07-15 01:03:57,072][root][INFO] - Epoch 547: duration loss = 0.277 | prior loss = 1.195 | diffusion loss = 0.300

[2026-07-15 01:05:48,844][root][INFO] - Epoch 548: duration loss = 0.277 | prior loss = 1.195 | diffusion loss = 0.297

[2026-07-15 01:07:38,277][root][INFO] - Epoch 549: duration loss = 0.276 | prior loss = 1.195 | diffusion loss = 0.300

[2026-07-15 01:09:28,642][root][INFO] - Epoch 550: duration loss = 0.277 | prior loss = 1.195 | diffusion loss = 0.301

[2026-07-15 01:11:19,684][root][INFO] - Epoch 551: duration loss = 0.277 | prior loss = 1.195 | diffusion loss = 0.307

[2026-07-15 01:13:09,827][root][INFO] - Epoch 552: duration loss = 0.276 | prior loss = 1.195 | diffusion loss = 0.304

[2026-07-15 01:15:00,161][root][INFO] - Epoch 553: duration loss = 0.276 | prior loss = 1.195 | diffusion loss = 0.301

[2026-07-15 01:16:51,882][root][INFO] - Epoch 554: duration loss = 0.276 | prior loss = 1.195 | diffusion loss = 0.299

[2026-07-15 01:18:42,565][root][INFO] - Epoch 555: duration loss = 0.276 | prior loss = 1.195 | diffusion loss = 0.300

[2026-07-15 01:20:32,288][root][INFO] - Epoch 556: duration loss = 0.276 | prior loss = 1.195 | diffusion loss = 0.297

[2026-07-15 01:22:21,035][root][INFO] - Epoch 557: duration loss = 0.276 | prior loss = 1.194 | diffusion loss = 0.306

[2026-07-15 01:24:09,591][root][INFO] - Epoch 558: duration loss = 0.276 | prior loss = 1.194 | diffusion loss = 0.303

[2026-07-15 01:25:57,731][root][INFO] - Epoch 559: duration loss = 0.276 | prior loss = 1.195 | diffusion loss = 0.301

[2026-07-15 01:27:45,492][root][INFO] - Epoch 560: duration loss = 0.276 | prior loss = 1.195 | diffusion loss = 0.298

[2026-07-15 01:29:34,371][root][INFO] - Epoch 561: duration loss = 0.276 | prior loss = 1.195 | diffusion loss = 0.301

[2026-07-15 01:31:23,264][root][INFO] - Epoch 562: duration loss = 0.276 | prior loss = 1.195 | diffusion loss = 0.301

[2026-07-15 01:33:12,578][root][INFO] - Epoch 563: duration loss = 0.276 | prior loss = 1.194 | diffusion loss = 0.304

[2026-07-15 01:35:02,266][root][INFO] - Epoch 564: duration loss = 0.276 | prior loss = 1.195 | diffusion loss = 0.299

[2026-07-15 01:36:51,481][root][INFO] - Epoch 565: duration loss = 0.276 | prior loss = 1.194 | diffusion loss = 0.302

[2026-07-15 01:38:40,943][root][INFO] - Epoch 566: duration loss = 0.276 | prior loss = 1.195 | diffusion loss = 0.302

[2026-07-15 01:40:30,111][root][INFO] - Epoch 567: duration loss = 0.276 | prior loss = 1.195 | diffusion loss = 0.298

[2026-07-15 01:42:19,563][root][INFO] - Epoch 568: duration loss = 0.276 | prior loss = 1.195 | diffusion loss = 0.301

[2026-07-15 01:44:09,148][root][INFO] - Epoch 569: duration loss = 0.275 | prior loss = 1.195 | diffusion loss = 0.299

[2026-07-15 01:45:57,973][root][INFO] - Epoch 570: duration loss = 0.275 | prior loss = 1.194 | diffusion loss = 0.304

[2026-07-15 01:47:47,000][root][INFO] - Epoch 571: duration loss = 0.275 | prior loss = 1.195 | diffusion loss = 0.303

[2026-07-15 01:49:36,127][root][INFO] - Epoch 572: duration loss = 0.275 | prior loss = 1.194 | diffusion loss = 0.293

[2026-07-15 01:51:24,445][root][INFO] - Epoch 573: duration loss = 0.275 | prior loss = 1.194 | diffusion loss = 0.298

[2026-07-15 01:53:13,178][root][INFO] - Epoch 574: duration loss = 0.276 | prior loss = 1.195 | diffusion loss = 0.299

[2026-07-15 01:55:01,748][root][INFO] - Epoch 575: duration loss = 0.275 | prior loss = 1.195 | diffusion loss = 0.299

[2026-07-15 01:56:50,636][root][INFO] - Epoch 576: duration loss = 0.275 | prior loss = 1.194 | diffusion loss = 0.300

[2026-07-15 01:58:39,332][root][INFO] - Epoch 577: duration loss = 0.275 | prior loss = 1.194 | diffusion loss = 0.300

[2026-07-15 02:00:27,566][root][INFO] - Epoch 578: duration loss = 0.275 | prior loss = 1.194 | diffusion loss = 0.298

[2026-07-15 02:02:16,171][root][INFO] - Epoch 579: duration loss = 0.275 | prior loss = 1.194 | diffusion loss = 0.301

[2026-07-15 02:04:05,227][root][INFO] - Epoch 580: duration loss = 0.275 | prior loss = 1.194 | diffusion loss = 0.301

[2026-07-15 02:05:54,675][root][INFO] - Epoch 581: duration loss = 0.275 | prior loss = 1.194 | diffusion loss = 0.302

[2026-07-15 02:07:43,794][root][INFO] - Epoch 582: duration loss = 0.275 | prior loss = 1.194 | diffusion loss = 0.302

[2026-07-15 02:09:32,147][root][INFO] - Epoch 583: duration loss = 0.275 | prior loss = 1.194 | diffusion loss = 0.301

[2026-07-15 02:11:21,169][root][INFO] - Epoch 584: duration loss = 0.274 | prior loss = 1.194 | diffusion loss = 0.297

[2026-07-15 02:13:10,778][root][INFO] - Epoch 585: duration loss = 0.275 | prior loss = 1.194 | diffusion loss = 0.302

[2026-07-15 02:15:00,323][root][INFO] - Epoch 586: duration loss = 0.275 | prior loss = 1.194 | diffusion loss = 0.300

[2026-07-15 02:16:50,189][root][INFO] - Epoch 587: duration loss = 0.275 | prior loss = 1.194 | diffusion loss = 0.300

[2026-07-15 02:18:38,803][root][INFO] - Epoch 588: duration loss = 0.275 | prior loss = 1.194 | diffusion loss = 0.298

[2026-07-15 02:20:27,910][root][INFO] - Epoch 589: duration loss = 0.275 | prior loss = 1.194 | diffusion loss = 0.303

[2026-07-15 02:22:17,483][root][INFO] - Epoch 590: duration loss = 0.275 | prior loss = 1.194 | diffusion loss = 0.296

[2026-07-15 02:24:06,394][root][INFO] - Epoch 591: duration loss = 0.275 | prior loss = 1.194 | diffusion loss = 0.303

[2026-07-15 02:25:56,262][root][INFO] - Epoch 592: duration loss = 0.275 | prior loss = 1.194 | diffusion loss = 0.303

[2026-07-15 02:27:45,256][root][INFO] - Epoch 593: duration loss = 0.275 | prior loss = 1.194 | diffusion loss = 0.304

[2026-07-15 02:29:35,338][root][INFO] - Epoch 594: duration loss = 0.275 | prior loss = 1.194 | diffusion loss = 0.302

[2026-07-15 02:31:24,566][root][INFO] - Epoch 595: duration loss = 0.275 | prior loss = 1.194 | diffusion loss = 0.305

[2026-07-15 02:33:13,930][root][INFO] - Epoch 596: duration loss = 0.275 | prior loss = 1.194 | diffusion loss = 0.306

[2026-07-15 02:35:02,902][root][INFO] - Epoch 597: duration loss = 0.275 | prior loss = 1.193 | diffusion loss = 0.301

[2026-07-15 02:36:52,650][root][INFO] - Epoch 598: duration loss = 0.275 | prior loss = 1.194 | diffusion loss = 0.298

[2026-07-15 02:38:41,513][root][INFO] - Epoch 599: duration loss = 0.274 | prior loss = 1.193 | diffusion loss = 0.299

