[2026-07-12 23:37:15,634][root][INFO] - Initializing logger...
[2026-07-12 23:37:15,637][root][INFO] - Initializing data loaders...
[2026-07-12 23:37:16,741][root][INFO] - Initializing model...
[2026-07-12 23:37:16,869][root][INFO] - Number of encoder parameters = 7.20m
[2026-07-12 23:37:16,879][root][INFO] - Number of decoder parameters = 7.63m
[2026-07-12 23:37:17,285][root][INFO] - Initializing optimizer...
[2026-07-12 23:37:17,286][root][INFO] - Start training...
[2026-07-12 23:38:56,056][root][INFO] - Epoch 1: duration loss = 0.289 | prior loss = 1.206 | diffusion loss = 0.352

[2026-07-12 23:40:34,811][root][INFO] - Epoch 2: duration loss = 0.290 | prior loss = 1.206 | diffusion loss = 0.237

[2026-07-12 23:42:13,485][root][INFO] - Epoch 3: duration loss = 0.290 | prior loss = 1.206 | diffusion loss = 0.212

[2026-07-12 23:43:52,274][root][INFO] - Epoch 4: duration loss = 0.289 | prior loss = 1.206 | diffusion loss = 0.206

[2026-07-12 23:45:31,219][root][INFO] - Epoch 5: duration loss = 0.290 | prior loss = 1.206 | diffusion loss = 0.201

[2026-07-12 23:47:09,290][root][INFO] - Epoch 6: duration loss = 0.289 | prior loss = 1.206 | diffusion loss = 0.192

[2026-07-12 23:48:47,938][root][INFO] - Epoch 7: duration loss = 0.290 | prior loss = 1.206 | diffusion loss = 0.193

[2026-07-12 23:50:26,241][root][INFO] - Epoch 8: duration loss = 0.289 | prior loss = 1.206 | diffusion loss = 0.192

[2026-07-12 23:52:04,771][root][INFO] - Epoch 9: duration loss = 0.289 | prior loss = 1.206 | diffusion loss = 0.190

[2026-07-12 23:53:42,989][root][INFO] - Epoch 10: duration loss = 0.289 | prior loss = 1.206 | diffusion loss = 0.186

[2026-07-12 23:55:21,960][root][INFO] - Epoch 11: duration loss = 0.289 | prior loss = 1.206 | diffusion loss = 0.188

[2026-07-12 23:57:00,959][root][INFO] - Epoch 12: duration loss = 0.289 | prior loss = 1.206 | diffusion loss = 0.186

[2026-07-12 23:58:39,531][root][INFO] - Epoch 13: duration loss = 0.290 | prior loss = 1.206 | diffusion loss = 0.181

[2026-07-13 00:00:18,602][root][INFO] - Epoch 14: duration loss = 0.290 | prior loss = 1.206 | diffusion loss = 0.182

[2026-07-13 00:01:57,977][root][INFO] - Epoch 15: duration loss = 0.289 | prior loss = 1.206 | diffusion loss = 0.184

[2026-07-13 00:03:35,945][root][INFO] - Epoch 16: duration loss = 0.289 | prior loss = 1.206 | diffusion loss = 0.179

[2026-07-13 00:05:14,258][root][INFO] - Epoch 17: duration loss = 0.289 | prior loss = 1.205 | diffusion loss = 0.182

[2026-07-13 00:06:52,742][root][INFO] - Epoch 18: duration loss = 0.289 | prior loss = 1.206 | diffusion loss = 0.182

[2026-07-13 00:08:31,547][root][INFO] - Epoch 19: duration loss = 0.289 | prior loss = 1.206 | diffusion loss = 0.179

[2026-07-13 00:10:10,209][root][INFO] - Epoch 20: duration loss = 0.290 | prior loss = 1.206 | diffusion loss = 0.179

[2026-07-13 00:11:48,300][root][INFO] - Epoch 21: duration loss = 0.289 | prior loss = 1.206 | diffusion loss = 0.179

[2026-07-13 00:13:26,828][root][INFO] - Epoch 22: duration loss = 0.290 | prior loss = 1.206 | diffusion loss = 0.180

[2026-07-13 00:15:05,032][root][INFO] - Epoch 23: duration loss = 0.289 | prior loss = 1.206 | diffusion loss = 0.178

[2026-07-13 00:16:43,335][root][INFO] - Epoch 24: duration loss = 0.289 | prior loss = 1.206 | diffusion loss = 0.176

[2026-07-13 00:18:21,847][root][INFO] - Epoch 25: duration loss = 0.289 | prior loss = 1.206 | diffusion loss = 0.178

[2026-07-13 00:20:00,561][root][INFO] - Epoch 26: duration loss = 0.289 | prior loss = 1.205 | diffusion loss = 0.172

[2026-07-13 00:21:38,263][root][INFO] - Epoch 27: duration loss = 0.290 | prior loss = 1.206 | diffusion loss = 0.176

[2026-07-13 00:23:16,642][root][INFO] - Epoch 28: duration loss = 0.289 | prior loss = 1.206 | diffusion loss = 0.176

[2026-07-13 00:24:55,339][root][INFO] - Epoch 29: duration loss = 0.289 | prior loss = 1.206 | diffusion loss = 0.174

[2026-07-13 00:26:33,909][root][INFO] - Epoch 30: duration loss = 0.289 | prior loss = 1.206 | diffusion loss = 0.172

[2026-07-13 00:28:13,139][root][INFO] - Epoch 31: duration loss = 0.290 | prior loss = 1.206 | diffusion loss = 0.172

[2026-07-13 00:29:51,205][root][INFO] - Epoch 32: duration loss = 0.289 | prior loss = 1.206 | diffusion loss = 0.175

[2026-07-13 00:31:29,538][root][INFO] - Epoch 33: duration loss = 0.289 | prior loss = 1.206 | diffusion loss = 0.177

[2026-07-13 00:33:07,634][root][INFO] - Epoch 34: duration loss = 0.289 | prior loss = 1.206 | diffusion loss = 0.177

[2026-07-13 00:34:46,844][root][INFO] - Epoch 35: duration loss = 0.290 | prior loss = 1.206 | diffusion loss = 0.173

[2026-07-13 00:36:25,543][root][INFO] - Epoch 36: duration loss = 0.289 | prior loss = 1.206 | diffusion loss = 0.176

[2026-07-13 00:38:03,762][root][INFO] - Epoch 37: duration loss = 0.289 | prior loss = 1.206 | diffusion loss = 0.176

[2026-07-13 00:39:42,020][root][INFO] - Epoch 38: duration loss = 0.290 | prior loss = 1.206 | diffusion loss = 0.172

[2026-07-13 00:41:21,029][root][INFO] - Epoch 39: duration loss = 0.289 | prior loss = 1.206 | diffusion loss = 0.174

[2026-07-13 00:43:00,418][root][INFO] - Epoch 40: duration loss = 0.290 | prior loss = 1.206 | diffusion loss = 0.174

[2026-07-13 00:44:38,692][root][INFO] - Epoch 41: duration loss = 0.289 | prior loss = 1.206 | diffusion loss = 0.175

[2026-07-13 00:46:17,380][root][INFO] - Epoch 42: duration loss = 0.289 | prior loss = 1.206 | diffusion loss = 0.171

[2026-07-13 00:47:54,991][root][INFO] - Epoch 43: duration loss = 0.289 | prior loss = 1.206 | diffusion loss = 0.176

[2026-07-13 00:49:32,946][root][INFO] - Epoch 44: duration loss = 0.289 | prior loss = 1.206 | diffusion loss = 0.170

[2026-07-13 00:51:11,272][root][INFO] - Epoch 45: duration loss = 0.290 | prior loss = 1.206 | diffusion loss = 0.171

[2026-07-13 00:52:49,828][root][INFO] - Epoch 46: duration loss = 0.290 | prior loss = 1.206 | diffusion loss = 0.169

[2026-07-13 00:54:28,268][root][INFO] - Epoch 47: duration loss = 0.290 | prior loss = 1.206 | diffusion loss = 0.174

[2026-07-13 00:56:07,138][root][INFO] - Epoch 48: duration loss = 0.290 | prior loss = 1.206 | diffusion loss = 0.170

[2026-07-13 00:57:45,502][root][INFO] - Epoch 49: duration loss = 0.289 | prior loss = 1.206 | diffusion loss = 0.174

[2026-07-13 00:59:24,515][root][INFO] - Epoch 50: duration loss = 0.289 | prior loss = 1.206 | diffusion loss = 0.174

[2026-07-13 01:01:03,254][root][INFO] - Epoch 51: duration loss = 0.289 | prior loss = 1.206 | diffusion loss = 0.172

[2026-07-13 01:02:42,284][root][INFO] - Epoch 52: duration loss = 0.289 | prior loss = 1.206 | diffusion loss = 0.173

[2026-07-13 01:04:21,005][root][INFO] - Epoch 53: duration loss = 0.290 | prior loss = 1.206 | diffusion loss = 0.175

[2026-07-13 01:05:59,978][root][INFO] - Epoch 54: duration loss = 0.290 | prior loss = 1.206 | diffusion loss = 0.170

[2026-07-13 01:07:39,112][root][INFO] - Epoch 55: duration loss = 0.289 | prior loss = 1.206 | diffusion loss = 0.171

[2026-07-13 01:09:18,293][root][INFO] - Epoch 56: duration loss = 0.290 | prior loss = 1.206 | diffusion loss = 0.169

[2026-07-13 01:10:58,136][root][INFO] - Epoch 57: duration loss = 0.290 | prior loss = 1.206 | diffusion loss = 0.172

[2026-07-13 01:12:37,071][root][INFO] - Epoch 58: duration loss = 0.289 | prior loss = 1.206 | diffusion loss = 0.169

[2026-07-13 01:14:15,617][root][INFO] - Epoch 59: duration loss = 0.290 | prior loss = 1.206 | diffusion loss = 0.170

[2026-07-13 01:15:54,012][root][INFO] - Epoch 60: duration loss = 0.289 | prior loss = 1.206 | diffusion loss = 0.170

[2026-07-13 01:17:32,270][root][INFO] - Epoch 61: duration loss = 0.289 | prior loss = 1.206 | diffusion loss = 0.165

[2026-07-13 01:19:10,474][root][INFO] - Epoch 62: duration loss = 0.289 | prior loss = 1.206 | diffusion loss = 0.171

[2026-07-13 01:20:48,779][root][INFO] - Epoch 63: duration loss = 0.289 | prior loss = 1.206 | diffusion loss = 0.171

[2026-07-13 01:22:27,008][root][INFO] - Epoch 64: duration loss = 0.289 | prior loss = 1.206 | diffusion loss = 0.170

[2026-07-13 01:24:06,917][root][INFO] - Epoch 65: duration loss = 0.289 | prior loss = 1.206 | diffusion loss = 0.169

[2026-07-13 01:25:46,628][root][INFO] - Epoch 66: duration loss = 0.289 | prior loss = 1.206 | diffusion loss = 0.174

[2026-07-13 01:27:25,793][root][INFO] - Epoch 67: duration loss = 0.290 | prior loss = 1.206 | diffusion loss = 0.170

[2026-07-13 01:29:05,108][root][INFO] - Epoch 68: duration loss = 0.289 | prior loss = 1.206 | diffusion loss = 0.168

[2026-07-13 01:30:43,697][root][INFO] - Epoch 69: duration loss = 0.289 | prior loss = 1.206 | diffusion loss = 0.169

[2026-07-13 01:32:22,830][root][INFO] - Epoch 70: duration loss = 0.289 | prior loss = 1.206 | diffusion loss = 0.170

[2026-07-13 01:34:01,730][root][INFO] - Epoch 71: duration loss = 0.290 | prior loss = 1.206 | diffusion loss = 0.170

[2026-07-13 01:35:40,770][root][INFO] - Epoch 72: duration loss = 0.289 | prior loss = 1.206 | diffusion loss = 0.168

[2026-07-13 01:37:18,615][root][INFO] - Epoch 73: duration loss = 0.289 | prior loss = 1.206 | diffusion loss = 0.169

[2026-07-13 01:38:56,947][root][INFO] - Epoch 74: duration loss = 0.290 | prior loss = 1.206 | diffusion loss = 0.169

[2026-07-13 01:40:34,105][root][INFO] - Epoch 75: duration loss = 0.289 | prior loss = 1.206 | diffusion loss = 0.168

[2026-07-13 01:42:12,221][root][INFO] - Epoch 76: duration loss = 0.290 | prior loss = 1.206 | diffusion loss = 0.168

[2026-07-13 01:43:50,100][root][INFO] - Epoch 77: duration loss = 0.290 | prior loss = 1.206 | diffusion loss = 0.171

[2026-07-13 01:45:28,709][root][INFO] - Epoch 78: duration loss = 0.289 | prior loss = 1.206 | diffusion loss = 0.170

[2026-07-13 01:47:06,864][root][INFO] - Epoch 79: duration loss = 0.289 | prior loss = 1.206 | diffusion loss = 0.167

[2026-07-13 01:48:45,981][root][INFO] - Epoch 80: duration loss = 0.290 | prior loss = 1.206 | diffusion loss = 0.168

[2026-07-13 01:50:24,623][root][INFO] - Epoch 81: duration loss = 0.289 | prior loss = 1.206 | diffusion loss = 0.167

[2026-07-13 01:52:03,823][root][INFO] - Epoch 82: duration loss = 0.290 | prior loss = 1.206 | diffusion loss = 0.171

[2026-07-13 01:53:42,458][root][INFO] - Epoch 83: duration loss = 0.290 | prior loss = 1.206 | diffusion loss = 0.165

[2026-07-13 01:55:22,019][root][INFO] - Epoch 84: duration loss = 0.289 | prior loss = 1.206 | diffusion loss = 0.167

[2026-07-13 01:57:01,611][root][INFO] - Epoch 85: duration loss = 0.290 | prior loss = 1.206 | diffusion loss = 0.171

[2026-07-13 01:58:41,077][root][INFO] - Epoch 86: duration loss = 0.289 | prior loss = 1.206 | diffusion loss = 0.166

[2026-07-13 02:00:20,214][root][INFO] - Epoch 87: duration loss = 0.290 | prior loss = 1.206 | diffusion loss = 0.170

[2026-07-13 02:02:00,290][root][INFO] - Epoch 88: duration loss = 0.289 | prior loss = 1.206 | diffusion loss = 0.173

[2026-07-13 02:03:38,668][root][INFO] - Epoch 89: duration loss = 0.289 | prior loss = 1.206 | diffusion loss = 0.168

[2026-07-13 02:05:18,011][root][INFO] - Epoch 90: duration loss = 0.289 | prior loss = 1.206 | diffusion loss = 0.167

[2026-07-13 02:06:57,245][root][INFO] - Epoch 91: duration loss = 0.290 | prior loss = 1.206 | diffusion loss = 0.170

[2026-07-13 02:08:36,509][root][INFO] - Epoch 92: duration loss = 0.290 | prior loss = 1.206 | diffusion loss = 0.169

[2026-07-13 02:10:15,008][root][INFO] - Epoch 93: duration loss = 0.289 | prior loss = 1.206 | diffusion loss = 0.170

[2026-07-13 02:11:54,135][root][INFO] - Epoch 94: duration loss = 0.289 | prior loss = 1.206 | diffusion loss = 0.168

[2026-07-13 02:13:33,991][root][INFO] - Epoch 95: duration loss = 0.290 | prior loss = 1.206 | diffusion loss = 0.169

[2026-07-13 02:15:12,007][root][INFO] - Epoch 96: duration loss = 0.290 | prior loss = 1.206 | diffusion loss = 0.168

[2026-07-13 02:16:48,993][root][INFO] - Epoch 97: duration loss = 0.290 | prior loss = 1.206 | diffusion loss = 0.167

[2026-07-13 02:18:27,032][root][INFO] - Epoch 98: duration loss = 0.289 | prior loss = 1.206 | diffusion loss = 0.168

[2026-07-13 02:20:05,216][root][INFO] - Epoch 99: duration loss = 0.290 | prior loss = 1.207 | diffusion loss = 0.167

[2026-07-13 02:21:43,680][root][INFO] - Epoch 100: duration loss = 0.290 | prior loss = 1.206 | diffusion loss = 0.165

[2026-07-13 02:23:21,127][root][INFO] - Epoch 101: duration loss = 0.289 | prior loss = 1.206 | diffusion loss = 0.171

[2026-07-13 02:24:58,907][root][INFO] - Epoch 102: duration loss = 0.290 | prior loss = 1.206 | diffusion loss = 0.165

[2026-07-13 02:26:37,604][root][INFO] - Epoch 103: duration loss = 0.289 | prior loss = 1.206 | diffusion loss = 0.168

[2026-07-13 02:28:14,047][root][INFO] - Epoch 104: duration loss = 0.289 | prior loss = 1.206 | diffusion loss = 0.169

[2026-07-13 02:29:55,033][root][INFO] - Epoch 105: duration loss = 0.289 | prior loss = 1.206 | diffusion loss = 0.165

[2026-07-13 02:31:33,389][root][INFO] - Epoch 106: duration loss = 0.290 | prior loss = 1.206 | diffusion loss = 0.167

[2026-07-13 02:33:13,127][root][INFO] - Epoch 107: duration loss = 0.289 | prior loss = 1.206 | diffusion loss = 0.169

[2026-07-13 02:34:52,334][root][INFO] - Epoch 108: duration loss = 0.289 | prior loss = 1.206 | diffusion loss = 0.166

[2026-07-13 02:36:30,870][root][INFO] - Epoch 109: duration loss = 0.289 | prior loss = 1.206 | diffusion loss = 0.162

[2026-07-13 02:38:09,220][root][INFO] - Epoch 110: duration loss = 0.289 | prior loss = 1.206 | diffusion loss = 0.165

[2026-07-13 02:39:48,367][root][INFO] - Epoch 111: duration loss = 0.289 | prior loss = 1.206 | diffusion loss = 0.170

[2026-07-13 02:41:27,322][root][INFO] - Epoch 112: duration loss = 0.289 | prior loss = 1.206 | diffusion loss = 0.169

[2026-07-13 02:43:05,793][root][INFO] - Epoch 113: duration loss = 0.289 | prior loss = 1.206 | diffusion loss = 0.162

[2026-07-13 02:44:43,680][root][INFO] - Epoch 114: duration loss = 0.289 | prior loss = 1.206 | diffusion loss = 0.168

[2026-07-13 02:46:22,109][root][INFO] - Epoch 115: duration loss = 0.289 | prior loss = 1.206 | diffusion loss = 0.168

[2026-07-13 02:48:00,220][root][INFO] - Epoch 116: duration loss = 0.289 | prior loss = 1.206 | diffusion loss = 0.166

[2026-07-13 02:49:38,780][root][INFO] - Epoch 117: duration loss = 0.289 | prior loss = 1.206 | diffusion loss = 0.167

[2026-07-13 02:51:16,532][root][INFO] - Epoch 118: duration loss = 0.290 | prior loss = 1.206 | diffusion loss = 0.167

[2026-07-13 02:52:54,420][root][INFO] - Epoch 119: duration loss = 0.289 | prior loss = 1.206 | diffusion loss = 0.164

[2026-07-13 02:54:32,704][root][INFO] - Epoch 120: duration loss = 0.290 | prior loss = 1.206 | diffusion loss = 0.165

[2026-07-13 02:56:09,265][root][INFO] - Epoch 121: duration loss = 0.290 | prior loss = 1.206 | diffusion loss = 0.164

[2026-07-13 02:57:47,269][root][INFO] - Epoch 122: duration loss = 0.289 | prior loss = 1.206 | diffusion loss = 0.169

[2026-07-13 02:59:24,451][root][INFO] - Epoch 123: duration loss = 0.289 | prior loss = 1.206 | diffusion loss = 0.167

[2026-07-13 03:01:01,705][root][INFO] - Epoch 124: duration loss = 0.289 | prior loss = 1.206 | diffusion loss = 0.166

[2026-07-13 03:02:38,544][root][INFO] - Epoch 125: duration loss = 0.289 | prior loss = 1.206 | diffusion loss = 0.166

[2026-07-13 03:04:16,583][root][INFO] - Epoch 126: duration loss = 0.290 | prior loss = 1.206 | diffusion loss = 0.168

[2026-07-13 03:05:54,488][root][INFO] - Epoch 127: duration loss = 0.289 | prior loss = 1.206 | diffusion loss = 0.164

[2026-07-13 03:07:34,016][root][INFO] - Epoch 128: duration loss = 0.289 | prior loss = 1.206 | diffusion loss = 0.163

[2026-07-13 03:09:11,955][root][INFO] - Epoch 129: duration loss = 0.290 | prior loss = 1.206 | diffusion loss = 0.164

[2026-07-13 03:10:50,187][root][INFO] - Epoch 130: duration loss = 0.289 | prior loss = 1.206 | diffusion loss = 0.163

[2026-07-13 03:12:29,341][root][INFO] - Epoch 131: duration loss = 0.289 | prior loss = 1.206 | diffusion loss = 0.170

[2026-07-13 03:14:07,941][root][INFO] - Epoch 132: duration loss = 0.289 | prior loss = 1.206 | diffusion loss = 0.169

[2026-07-13 03:15:46,041][root][INFO] - Epoch 133: duration loss = 0.289 | prior loss = 1.206 | diffusion loss = 0.165

[2026-07-13 03:17:23,902][root][INFO] - Epoch 134: duration loss = 0.290 | prior loss = 1.206 | diffusion loss = 0.168

[2026-07-13 03:19:01,413][root][INFO] - Epoch 135: duration loss = 0.289 | prior loss = 1.206 | diffusion loss = 0.168

[2026-07-13 03:20:40,722][root][INFO] - Epoch 136: duration loss = 0.289 | prior loss = 1.206 | diffusion loss = 0.163

[2026-07-13 03:22:18,585][root][INFO] - Epoch 137: duration loss = 0.289 | prior loss = 1.206 | diffusion loss = 0.167

[2026-07-13 03:23:57,096][root][INFO] - Epoch 138: duration loss = 0.290 | prior loss = 1.206 | diffusion loss = 0.166

[2026-07-13 03:25:36,014][root][INFO] - Epoch 139: duration loss = 0.289 | prior loss = 1.206 | diffusion loss = 0.162

[2026-07-13 03:27:14,090][root][INFO] - Epoch 140: duration loss = 0.289 | prior loss = 1.206 | diffusion loss = 0.167

[2026-07-13 03:28:52,921][root][INFO] - Epoch 141: duration loss = 0.290 | prior loss = 1.206 | diffusion loss = 0.165

[2026-07-13 03:30:31,817][root][INFO] - Epoch 142: duration loss = 0.290 | prior loss = 1.206 | diffusion loss = 0.165

[2026-07-13 03:32:10,843][root][INFO] - Epoch 143: duration loss = 0.290 | prior loss = 1.206 | diffusion loss = 0.168

[2026-07-13 03:33:49,294][root][INFO] - Epoch 144: duration loss = 0.290 | prior loss = 1.206 | diffusion loss = 0.164

[2026-07-13 03:35:27,845][root][INFO] - Epoch 145: duration loss = 0.289 | prior loss = 1.206 | diffusion loss = 0.164

[2026-07-13 03:37:06,653][root][INFO] - Epoch 146: duration loss = 0.289 | prior loss = 1.206 | diffusion loss = 0.159

[2026-07-13 03:38:44,858][root][INFO] - Epoch 147: duration loss = 0.289 | prior loss = 1.206 | diffusion loss = 0.165

[2026-07-13 03:40:23,568][root][INFO] - Epoch 148: duration loss = 0.289 | prior loss = 1.206 | diffusion loss = 0.161

[2026-07-13 03:42:01,785][root][INFO] - Epoch 149: duration loss = 0.290 | prior loss = 1.206 | diffusion loss = 0.168

[2026-07-13 03:43:40,048][root][INFO] - Epoch 150: duration loss = 0.290 | prior loss = 1.206 | diffusion loss = 0.161

[2026-07-13 03:45:18,135][root][INFO] - Epoch 151: duration loss = 0.289 | prior loss = 1.206 | diffusion loss = 0.161

[2026-07-13 03:46:56,889][root][INFO] - Epoch 152: duration loss = 0.290 | prior loss = 1.206 | diffusion loss = 0.163

[2026-07-13 03:48:34,634][root][INFO] - Epoch 153: duration loss = 0.289 | prior loss = 1.206 | diffusion loss = 0.165

[2026-07-13 03:50:12,379][root][INFO] - Epoch 154: duration loss = 0.290 | prior loss = 1.206 | diffusion loss = 0.164

[2026-07-13 03:51:51,236][root][INFO] - Epoch 155: duration loss = 0.289 | prior loss = 1.206 | diffusion loss = 0.162

[2026-07-13 03:53:30,184][root][INFO] - Epoch 156: duration loss = 0.289 | prior loss = 1.205 | diffusion loss = 0.168

[2026-07-13 03:55:07,806][root][INFO] - Epoch 157: duration loss = 0.289 | prior loss = 1.206 | diffusion loss = 0.166

[2026-07-13 03:56:46,539][root][INFO] - Epoch 158: duration loss = 0.289 | prior loss = 1.206 | diffusion loss = 0.163

[2026-07-13 03:58:24,492][root][INFO] - Epoch 159: duration loss = 0.289 | prior loss = 1.206 | diffusion loss = 0.164

[2026-07-13 04:00:02,257][root][INFO] - Epoch 160: duration loss = 0.290 | prior loss = 1.206 | diffusion loss = 0.165

[2026-07-13 04:01:39,549][root][INFO] - Epoch 161: duration loss = 0.290 | prior loss = 1.206 | diffusion loss = 0.166

[2026-07-13 04:03:17,409][root][INFO] - Epoch 162: duration loss = 0.289 | prior loss = 1.206 | diffusion loss = 0.163

[2026-07-13 04:04:56,798][root][INFO] - Epoch 163: duration loss = 0.289 | prior loss = 1.206 | diffusion loss = 0.165

[2026-07-13 04:06:35,569][root][INFO] - Epoch 164: duration loss = 0.290 | prior loss = 1.206 | diffusion loss = 0.163

[2026-07-13 04:08:14,052][root][INFO] - Epoch 165: duration loss = 0.289 | prior loss = 1.206 | diffusion loss = 0.162

[2026-07-13 04:09:51,240][root][INFO] - Epoch 166: duration loss = 0.290 | prior loss = 1.206 | diffusion loss = 0.167

[2026-07-13 04:11:30,303][root][INFO] - Epoch 167: duration loss = 0.289 | prior loss = 1.206 | diffusion loss = 0.161

[2026-07-13 04:13:07,992][root][INFO] - Epoch 168: duration loss = 0.289 | prior loss = 1.206 | diffusion loss = 0.165

[2026-07-13 04:14:46,346][root][INFO] - Epoch 169: duration loss = 0.289 | prior loss = 1.206 | diffusion loss = 0.159

[2026-07-13 04:16:24,167][root][INFO] - Epoch 170: duration loss = 0.290 | prior loss = 1.206 | diffusion loss = 0.160

[2026-07-13 04:18:02,218][root][INFO] - Epoch 171: duration loss = 0.290 | prior loss = 1.206 | diffusion loss = 0.162

[2026-07-13 04:19:40,440][root][INFO] - Epoch 172: duration loss = 0.290 | prior loss = 1.206 | diffusion loss = 0.162

[2026-07-13 04:21:17,802][root][INFO] - Epoch 173: duration loss = 0.289 | prior loss = 1.206 | diffusion loss = 0.166

[2026-07-13 04:22:58,669][root][INFO] - Epoch 174: duration loss = 0.290 | prior loss = 1.206 | diffusion loss = 0.163

[2026-07-13 04:24:36,729][root][INFO] - Epoch 175: duration loss = 0.289 | prior loss = 1.206 | diffusion loss = 0.162

[2026-07-13 04:26:15,094][root][INFO] - Epoch 176: duration loss = 0.289 | prior loss = 1.206 | diffusion loss = 0.161

[2026-07-13 04:27:53,105][root][INFO] - Epoch 177: duration loss = 0.289 | prior loss = 1.206 | diffusion loss = 0.166

[2026-07-13 04:29:31,015][root][INFO] - Epoch 178: duration loss = 0.289 | prior loss = 1.206 | diffusion loss = 0.164

[2026-07-13 04:31:10,237][root][INFO] - Epoch 179: duration loss = 0.289 | prior loss = 1.206 | diffusion loss = 0.165

[2026-07-13 04:32:49,026][root][INFO] - Epoch 180: duration loss = 0.289 | prior loss = 1.206 | diffusion loss = 0.166

[2026-07-13 04:34:26,908][root][INFO] - Epoch 181: duration loss = 0.289 | prior loss = 1.206 | diffusion loss = 0.164

[2026-07-13 04:36:05,728][root][INFO] - Epoch 182: duration loss = 0.290 | prior loss = 1.206 | diffusion loss = 0.163

[2026-07-13 04:37:43,784][root][INFO] - Epoch 183: duration loss = 0.289 | prior loss = 1.206 | diffusion loss = 0.161

[2026-07-13 04:39:21,750][root][INFO] - Epoch 184: duration loss = 0.290 | prior loss = 1.206 | diffusion loss = 0.162

[2026-07-13 04:40:59,368][root][INFO] - Epoch 185: duration loss = 0.289 | prior loss = 1.206 | diffusion loss = 0.160

[2026-07-13 04:42:37,064][root][INFO] - Epoch 186: duration loss = 0.290 | prior loss = 1.206 | diffusion loss = 0.165

[2026-07-13 04:44:15,274][root][INFO] - Epoch 187: duration loss = 0.289 | prior loss = 1.206 | diffusion loss = 0.162

[2026-07-13 04:45:53,747][root][INFO] - Epoch 188: duration loss = 0.289 | prior loss = 1.205 | diffusion loss = 0.164

[2026-07-13 04:47:31,730][root][INFO] - Epoch 189: duration loss = 0.289 | prior loss = 1.206 | diffusion loss = 0.164

[2026-07-13 04:49:09,870][root][INFO] - Epoch 190: duration loss = 0.290 | prior loss = 1.206 | diffusion loss = 0.162

[2026-07-13 04:50:48,301][root][INFO] - Epoch 191: duration loss = 0.289 | prior loss = 1.206 | diffusion loss = 0.167

[2026-07-13 04:52:26,550][root][INFO] - Epoch 192: duration loss = 0.289 | prior loss = 1.206 | diffusion loss = 0.164

[2026-07-13 04:54:05,195][root][INFO] - Epoch 193: duration loss = 0.289 | prior loss = 1.206 | diffusion loss = 0.166

[2026-07-13 04:55:42,585][root][INFO] - Epoch 194: duration loss = 0.290 | prior loss = 1.206 | diffusion loss = 0.165

[2026-07-13 04:57:18,579][root][INFO] - Epoch 195: duration loss = 0.290 | prior loss = 1.206 | diffusion loss = 0.162

[2026-07-13 04:58:56,618][root][INFO] - Epoch 196: duration loss = 0.289 | prior loss = 1.206 | diffusion loss = 0.162

[2026-07-13 05:00:34,575][root][INFO] - Epoch 197: duration loss = 0.289 | prior loss = 1.206 | diffusion loss = 0.161

[2026-07-13 05:02:13,837][root][INFO] - Epoch 198: duration loss = 0.290 | prior loss = 1.207 | diffusion loss = 0.164

[2026-07-13 05:03:53,009][root][INFO] - Epoch 199: duration loss = 0.289 | prior loss = 1.206 | diffusion loss = 0.164

[2026-07-13 05:05:32,403][root][INFO] - Epoch 200: duration loss = 0.289 | prior loss = 1.206 | diffusion loss = 0.164

[2026-07-13 05:07:11,552][root][INFO] - Epoch 201: duration loss = 0.289 | prior loss = 1.206 | diffusion loss = 0.164

[2026-07-13 05:08:50,482][root][INFO] - Epoch 202: duration loss = 0.290 | prior loss = 1.206 | diffusion loss = 0.166

[2026-07-13 05:10:29,588][root][INFO] - Epoch 203: duration loss = 0.290 | prior loss = 1.206 | diffusion loss = 0.160

[2026-07-13 05:12:08,569][root][INFO] - Epoch 204: duration loss = 0.289 | prior loss = 1.206 | diffusion loss = 0.166

[2026-07-13 05:13:48,025][root][INFO] - Epoch 205: duration loss = 0.290 | prior loss = 1.206 | diffusion loss = 0.163

[2026-07-13 05:15:26,898][root][INFO] - Epoch 206: duration loss = 0.290 | prior loss = 1.206 | diffusion loss = 0.163

[2026-07-13 05:17:06,413][root][INFO] - Epoch 207: duration loss = 0.289 | prior loss = 1.206 | diffusion loss = 0.166

[2026-07-13 05:18:44,826][root][INFO] - Epoch 208: duration loss = 0.289 | prior loss = 1.206 | diffusion loss = 0.166

[2026-07-13 05:20:22,895][root][INFO] - Epoch 209: duration loss = 0.289 | prior loss = 1.206 | diffusion loss = 0.163

[2026-07-13 05:22:01,788][root][INFO] - Epoch 210: duration loss = 0.290 | prior loss = 1.206 | diffusion loss = 0.161

[2026-07-13 05:23:38,808][root][INFO] - Epoch 211: duration loss = 0.289 | prior loss = 1.206 | diffusion loss = 0.162

[2026-07-13 05:25:18,161][root][INFO] - Epoch 212: duration loss = 0.290 | prior loss = 1.207 | diffusion loss = 0.163

[2026-07-13 05:26:56,867][root][INFO] - Epoch 213: duration loss = 0.289 | prior loss = 1.206 | diffusion loss = 0.166

[2026-07-13 05:28:35,734][root][INFO] - Epoch 214: duration loss = 0.290 | prior loss = 1.206 | diffusion loss = 0.164

[2026-07-13 05:30:15,471][root][INFO] - Epoch 215: duration loss = 0.289 | prior loss = 1.206 | diffusion loss = 0.164

[2026-07-13 05:31:53,443][root][INFO] - Epoch 216: duration loss = 0.289 | prior loss = 1.206 | diffusion loss = 0.164

[2026-07-13 05:33:31,079][root][INFO] - Epoch 217: duration loss = 0.290 | prior loss = 1.206 | diffusion loss = 0.160

[2026-07-13 05:35:09,139][root][INFO] - Epoch 218: duration loss = 0.289 | prior loss = 1.207 | diffusion loss = 0.165

[2026-07-13 05:36:46,946][root][INFO] - Epoch 219: duration loss = 0.289 | prior loss = 1.206 | diffusion loss = 0.163

[2026-07-13 05:38:25,206][root][INFO] - Epoch 220: duration loss = 0.289 | prior loss = 1.206 | diffusion loss = 0.163

[2026-07-13 05:40:03,886][root][INFO] - Epoch 221: duration loss = 0.290 | prior loss = 1.206 | diffusion loss = 0.161

[2026-07-13 05:41:42,915][root][INFO] - Epoch 222: duration loss = 0.289 | prior loss = 1.206 | diffusion loss = 0.164

[2026-07-13 05:43:21,098][root][INFO] - Epoch 223: duration loss = 0.290 | prior loss = 1.206 | diffusion loss = 0.166

[2026-07-13 05:44:59,974][root][INFO] - Epoch 224: duration loss = 0.289 | prior loss = 1.206 | diffusion loss = 0.161

[2026-07-13 05:46:39,315][root][INFO] - Epoch 225: duration loss = 0.289 | prior loss = 1.206 | diffusion loss = 0.162

[2026-07-13 05:48:17,742][root][INFO] - Epoch 226: duration loss = 0.290 | prior loss = 1.206 | diffusion loss = 0.158

[2026-07-13 05:49:56,367][root][INFO] - Epoch 227: duration loss = 0.289 | prior loss = 1.206 | diffusion loss = 0.163

[2026-07-13 05:51:35,151][root][INFO] - Epoch 228: duration loss = 0.289 | prior loss = 1.206 | diffusion loss = 0.164

[2026-07-13 05:53:13,139][root][INFO] - Epoch 229: duration loss = 0.289 | prior loss = 1.206 | diffusion loss = 0.165

[2026-07-13 05:54:51,417][root][INFO] - Epoch 230: duration loss = 0.289 | prior loss = 1.206 | diffusion loss = 0.164

[2026-07-13 05:56:30,879][root][INFO] - Epoch 231: duration loss = 0.289 | prior loss = 1.206 | diffusion loss = 0.163

[2026-07-13 05:58:10,029][root][INFO] - Epoch 232: duration loss = 0.289 | prior loss = 1.206 | diffusion loss = 0.159

[2026-07-13 05:59:48,509][root][INFO] - Epoch 233: duration loss = 0.289 | prior loss = 1.206 | diffusion loss = 0.164

[2026-07-13 06:01:27,257][root][INFO] - Epoch 234: duration loss = 0.289 | prior loss = 1.206 | diffusion loss = 0.161

[2026-07-13 06:03:05,227][root][INFO] - Epoch 235: duration loss = 0.290 | prior loss = 1.206 | diffusion loss = 0.157

[2026-07-13 06:04:43,766][root][INFO] - Epoch 236: duration loss = 0.289 | prior loss = 1.206 | diffusion loss = 0.162

[2026-07-13 06:06:22,697][root][INFO] - Epoch 237: duration loss = 0.290 | prior loss = 1.206 | diffusion loss = 0.164

[2026-07-13 06:08:01,569][root][INFO] - Epoch 238: duration loss = 0.290 | prior loss = 1.206 | diffusion loss = 0.163

[2026-07-13 06:09:39,990][root][INFO] - Epoch 239: duration loss = 0.289 | prior loss = 1.206 | diffusion loss = 0.166

[2026-07-13 06:11:19,226][root][INFO] - Epoch 240: duration loss = 0.290 | prior loss = 1.206 | diffusion loss = 0.160

[2026-07-13 06:12:57,650][root][INFO] - Epoch 241: duration loss = 0.289 | prior loss = 1.206 | diffusion loss = 0.163

[2026-07-13 06:14:36,714][root][INFO] - Epoch 242: duration loss = 0.289 | prior loss = 1.206 | diffusion loss = 0.162

[2026-07-13 06:16:16,225][root][INFO] - Epoch 243: duration loss = 0.290 | prior loss = 1.206 | diffusion loss = 0.160

[2026-07-13 06:17:55,096][root][INFO] - Epoch 244: duration loss = 0.289 | prior loss = 1.206 | diffusion loss = 0.165

[2026-07-13 06:19:33,787][root][INFO] - Epoch 245: duration loss = 0.289 | prior loss = 1.206 | diffusion loss = 0.162

[2026-07-13 06:21:11,974][root][INFO] - Epoch 246: duration loss = 0.289 | prior loss = 1.206 | diffusion loss = 0.162

[2026-07-13 06:22:51,690][root][INFO] - Epoch 247: duration loss = 0.289 | prior loss = 1.206 | diffusion loss = 0.163

[2026-07-13 06:24:29,867][root][INFO] - Epoch 248: duration loss = 0.289 | prior loss = 1.206 | diffusion loss = 0.165

[2026-07-13 06:26:08,112][root][INFO] - Epoch 249: duration loss = 0.289 | prior loss = 1.206 | diffusion loss = 0.163

[2026-07-13 06:27:47,962][root][INFO] - Epoch 250: duration loss = 0.289 | prior loss = 1.206 | diffusion loss = 0.161

[2026-07-13 06:29:26,712][root][INFO] - Epoch 251: duration loss = 0.289 | prior loss = 1.206 | diffusion loss = 0.161

[2026-07-13 06:31:06,162][root][INFO] - Epoch 252: duration loss = 0.289 | prior loss = 1.206 | diffusion loss = 0.162

[2026-07-13 06:32:44,421][root][INFO] - Epoch 253: duration loss = 0.289 | prior loss = 1.206 | diffusion loss = 0.166

[2026-07-13 06:34:23,334][root][INFO] - Epoch 254: duration loss = 0.289 | prior loss = 1.206 | diffusion loss = 0.161

[2026-07-13 06:36:02,280][root][INFO] - Epoch 255: duration loss = 0.289 | prior loss = 1.206 | diffusion loss = 0.162

[2026-07-13 06:37:41,449][root][INFO] - Epoch 256: duration loss = 0.289 | prior loss = 1.206 | diffusion loss = 0.160

[2026-07-13 06:39:21,487][root][INFO] - Epoch 257: duration loss = 0.289 | prior loss = 1.206 | diffusion loss = 0.160

[2026-07-13 06:41:00,303][root][INFO] - Epoch 258: duration loss = 0.290 | prior loss = 1.206 | diffusion loss = 0.167

[2026-07-13 06:42:39,192][root][INFO] - Epoch 259: duration loss = 0.290 | prior loss = 1.206 | diffusion loss = 0.163

[2026-07-13 06:44:18,099][root][INFO] - Epoch 260: duration loss = 0.289 | prior loss = 1.206 | diffusion loss = 0.166

[2026-07-13 06:45:57,639][root][INFO] - Epoch 261: duration loss = 0.289 | prior loss = 1.206 | diffusion loss = 0.163

[2026-07-13 06:47:34,847][root][INFO] - Epoch 262: duration loss = 0.289 | prior loss = 1.206 | diffusion loss = 0.162

[2026-07-13 06:49:14,143][root][INFO] - Epoch 263: duration loss = 0.289 | prior loss = 1.206 | diffusion loss = 0.166

[2026-07-13 06:50:52,500][root][INFO] - Epoch 264: duration loss = 0.289 | prior loss = 1.206 | diffusion loss = 0.169

[2026-07-13 06:52:31,291][root][INFO] - Epoch 265: duration loss = 0.289 | prior loss = 1.206 | diffusion loss = 0.160

[2026-07-13 06:54:09,884][root][INFO] - Epoch 266: duration loss = 0.290 | prior loss = 1.206 | diffusion loss = 0.161

[2026-07-13 06:55:49,209][root][INFO] - Epoch 267: duration loss = 0.290 | prior loss = 1.206 | diffusion loss = 0.165

[2026-07-13 06:57:27,017][root][INFO] - Epoch 268: duration loss = 0.290 | prior loss = 1.206 | diffusion loss = 0.160

[2026-07-13 06:59:05,573][root][INFO] - Epoch 269: duration loss = 0.290 | prior loss = 1.207 | diffusion loss = 0.160

[2026-07-13 07:00:44,815][root][INFO] - Epoch 270: duration loss = 0.290 | prior loss = 1.206 | diffusion loss = 0.160

[2026-07-13 07:02:23,285][root][INFO] - Epoch 271: duration loss = 0.290 | prior loss = 1.206 | diffusion loss = 0.159

[2026-07-13 07:04:01,779][root][INFO] - Epoch 272: duration loss = 0.289 | prior loss = 1.206 | diffusion loss = 0.158

[2026-07-13 07:05:41,097][root][INFO] - Epoch 273: duration loss = 0.289 | prior loss = 1.206 | diffusion loss = 0.162

[2026-07-13 07:07:18,917][root][INFO] - Epoch 274: duration loss = 0.289 | prior loss = 1.206 | diffusion loss = 0.161

[2026-07-13 07:08:57,671][root][INFO] - Epoch 275: duration loss = 0.289 | prior loss = 1.206 | diffusion loss = 0.164

[2026-07-13 07:10:36,741][root][INFO] - Epoch 276: duration loss = 0.289 | prior loss = 1.206 | diffusion loss = 0.159

[2026-07-13 07:12:15,703][root][INFO] - Epoch 277: duration loss = 0.289 | prior loss = 1.206 | diffusion loss = 0.163

[2026-07-13 07:13:54,214][root][INFO] - Epoch 278: duration loss = 0.289 | prior loss = 1.206 | diffusion loss = 0.163

[2026-07-13 07:15:33,378][root][INFO] - Epoch 279: duration loss = 0.289 | prior loss = 1.206 | diffusion loss = 0.158

[2026-07-13 07:17:11,693][root][INFO] - Epoch 280: duration loss = 0.289 | prior loss = 1.206 | diffusion loss = 0.166

[2026-07-13 07:18:49,510][root][INFO] - Epoch 281: duration loss = 0.289 | prior loss = 1.206 | diffusion loss = 0.167

[2026-07-13 07:20:27,210][root][INFO] - Epoch 282: duration loss = 0.290 | prior loss = 1.206 | diffusion loss = 0.158

[2026-07-13 07:22:05,347][root][INFO] - Epoch 283: duration loss = 0.289 | prior loss = 1.206 | diffusion loss = 0.157

[2026-07-13 07:23:43,655][root][INFO] - Epoch 284: duration loss = 0.290 | prior loss = 1.206 | diffusion loss = 0.163

[2026-07-13 07:25:22,038][root][INFO] - Epoch 285: duration loss = 0.289 | prior loss = 1.206 | diffusion loss = 0.161

[2026-07-13 07:27:00,276][root][INFO] - Epoch 286: duration loss = 0.289 | prior loss = 1.206 | diffusion loss = 0.160

[2026-07-13 07:28:38,780][root][INFO] - Epoch 287: duration loss = 0.290 | prior loss = 1.206 | diffusion loss = 0.168

[2026-07-13 07:30:17,810][root][INFO] - Epoch 288: duration loss = 0.290 | prior loss = 1.206 | diffusion loss = 0.160

[2026-07-13 07:31:56,137][root][INFO] - Epoch 289: duration loss = 0.289 | prior loss = 1.206 | diffusion loss = 0.159

[2026-07-13 07:33:35,621][root][INFO] - Epoch 290: duration loss = 0.290 | prior loss = 1.206 | diffusion loss = 0.163

[2026-07-13 07:35:13,732][root][INFO] - Epoch 291: duration loss = 0.289 | prior loss = 1.206 | diffusion loss = 0.161

[2026-07-13 07:36:51,873][root][INFO] - Epoch 292: duration loss = 0.289 | prior loss = 1.206 | diffusion loss = 0.162

[2026-07-13 07:38:30,121][root][INFO] - Epoch 293: duration loss = 0.290 | prior loss = 1.206 | diffusion loss = 0.160

[2026-07-13 07:40:08,076][root][INFO] - Epoch 294: duration loss = 0.290 | prior loss = 1.206 | diffusion loss = 0.165

[2026-07-13 07:41:46,540][root][INFO] - Epoch 295: duration loss = 0.289 | prior loss = 1.206 | diffusion loss = 0.162

[2026-07-13 07:43:25,479][root][INFO] - Epoch 296: duration loss = 0.289 | prior loss = 1.206 | diffusion loss = 0.160

[2026-07-13 07:45:03,788][root][INFO] - Epoch 297: duration loss = 0.289 | prior loss = 1.206 | diffusion loss = 0.161

[2026-07-13 07:46:42,672][root][INFO] - Epoch 298: duration loss = 0.289 | prior loss = 1.206 | diffusion loss = 0.161

[2026-07-13 07:48:19,253][root][INFO] - Epoch 299: duration loss = 0.289 | prior loss = 1.206 | diffusion loss = 0.165

[2026-07-13 07:49:57,623][root][INFO] - Epoch 300: duration loss = 0.289 | prior loss = 1.206 | diffusion loss = 0.163

[2026-07-13 07:51:36,490][root][INFO] - Epoch 301: duration loss = 0.290 | prior loss = 1.206 | diffusion loss = 0.160

[2026-07-13 07:53:14,262][root][INFO] - Epoch 302: duration loss = 0.289 | prior loss = 1.206 | diffusion loss = 0.161

[2026-07-13 07:54:52,324][root][INFO] - Epoch 303: duration loss = 0.289 | prior loss = 1.206 | diffusion loss = 0.159

[2026-07-13 07:56:31,374][root][INFO] - Epoch 304: duration loss = 0.289 | prior loss = 1.206 | diffusion loss = 0.160

[2026-07-13 07:58:09,780][root][INFO] - Epoch 305: duration loss = 0.290 | prior loss = 1.206 | diffusion loss = 0.160

[2026-07-13 07:59:47,751][root][INFO] - Epoch 306: duration loss = 0.290 | prior loss = 1.206 | diffusion loss = 0.162

[2026-07-13 08:01:26,364][root][INFO] - Epoch 307: duration loss = 0.290 | prior loss = 1.206 | diffusion loss = 0.160

[2026-07-13 08:03:04,672][root][INFO] - Epoch 308: duration loss = 0.289 | prior loss = 1.206 | diffusion loss = 0.165

[2026-07-13 08:04:43,775][root][INFO] - Epoch 309: duration loss = 0.289 | prior loss = 1.206 | diffusion loss = 0.163

[2026-07-13 08:06:23,390][root][INFO] - Epoch 310: duration loss = 0.289 | prior loss = 1.206 | diffusion loss = 0.160

[2026-07-13 08:08:02,519][root][INFO] - Epoch 311: duration loss = 0.290 | prior loss = 1.206 | diffusion loss = 0.161

[2026-07-13 08:09:41,407][root][INFO] - Epoch 312: duration loss = 0.290 | prior loss = 1.206 | diffusion loss = 0.158

[2026-07-13 08:11:19,217][root][INFO] - Epoch 313: duration loss = 0.290 | prior loss = 1.206 | diffusion loss = 0.161

[2026-07-13 08:12:57,824][root][INFO] - Epoch 314: duration loss = 0.289 | prior loss = 1.206 | diffusion loss = 0.160

[2026-07-13 08:14:36,365][root][INFO] - Epoch 315: duration loss = 0.289 | prior loss = 1.206 | diffusion loss = 0.161

[2026-07-13 08:16:15,555][root][INFO] - Epoch 316: duration loss = 0.290 | prior loss = 1.206 | diffusion loss = 0.159

[2026-07-13 08:17:53,779][root][INFO] - Epoch 317: duration loss = 0.289 | prior loss = 1.206 | diffusion loss = 0.159

[2026-07-13 08:19:33,021][root][INFO] - Epoch 318: duration loss = 0.289 | prior loss = 1.206 | diffusion loss = 0.162

[2026-07-13 08:21:12,026][root][INFO] - Epoch 319: duration loss = 0.290 | prior loss = 1.206 | diffusion loss = 0.162

[2026-07-13 08:22:51,115][root][INFO] - Epoch 320: duration loss = 0.290 | prior loss = 1.206 | diffusion loss = 0.163

[2026-07-13 08:24:28,595][root][INFO] - Epoch 321: duration loss = 0.290 | prior loss = 1.206 | diffusion loss = 0.161

[2026-07-13 08:26:06,652][root][INFO] - Epoch 322: duration loss = 0.290 | prior loss = 1.206 | diffusion loss = 0.159

[2026-07-13 08:27:45,143][root][INFO] - Epoch 323: duration loss = 0.289 | prior loss = 1.206 | diffusion loss = 0.165

[2026-07-13 08:29:22,871][root][INFO] - Epoch 324: duration loss = 0.289 | prior loss = 1.206 | diffusion loss = 0.164

[2026-07-13 08:31:01,082][root][INFO] - Epoch 325: duration loss = 0.290 | prior loss = 1.206 | diffusion loss = 0.163

[2026-07-13 08:32:38,916][root][INFO] - Epoch 326: duration loss = 0.289 | prior loss = 1.206 | diffusion loss = 0.166

[2026-07-13 08:34:16,469][root][INFO] - Epoch 327: duration loss = 0.289 | prior loss = 1.206 | diffusion loss = 0.159

[2026-07-13 08:35:54,083][root][INFO] - Epoch 328: duration loss = 0.289 | prior loss = 1.207 | diffusion loss = 0.162

[2026-07-13 08:37:32,422][root][INFO] - Epoch 329: duration loss = 0.289 | prior loss = 1.206 | diffusion loss = 0.163

[2026-07-13 08:39:10,209][root][INFO] - Epoch 330: duration loss = 0.289 | prior loss = 1.206 | diffusion loss = 0.161

[2026-07-13 08:40:47,899][root][INFO] - Epoch 331: duration loss = 0.290 | prior loss = 1.206 | diffusion loss = 0.159

[2026-07-13 08:42:25,730][root][INFO] - Epoch 332: duration loss = 0.290 | prior loss = 1.206 | diffusion loss = 0.161

[2026-07-13 08:44:03,611][root][INFO] - Epoch 333: duration loss = 0.289 | prior loss = 1.206 | diffusion loss = 0.163

[2026-07-13 08:45:42,548][root][INFO] - Epoch 334: duration loss = 0.289 | prior loss = 1.205 | diffusion loss = 0.164

[2026-07-13 08:47:21,292][root][INFO] - Epoch 335: duration loss = 0.289 | prior loss = 1.206 | diffusion loss = 0.163

[2026-07-13 08:48:59,680][root][INFO] - Epoch 336: duration loss = 0.289 | prior loss = 1.206 | diffusion loss = 0.160

[2026-07-13 08:50:37,860][root][INFO] - Epoch 337: duration loss = 0.289 | prior loss = 1.206 | diffusion loss = 0.157

[2026-07-13 08:52:16,629][root][INFO] - Epoch 338: duration loss = 0.289 | prior loss = 1.206 | diffusion loss = 0.159

[2026-07-13 08:53:54,913][root][INFO] - Epoch 339: duration loss = 0.289 | prior loss = 1.206 | diffusion loss = 0.160

[2026-07-13 08:55:33,052][root][INFO] - Epoch 340: duration loss = 0.290 | prior loss = 1.206 | diffusion loss = 0.161

[2026-07-13 08:57:11,073][root][INFO] - Epoch 341: duration loss = 0.289 | prior loss = 1.206 | diffusion loss = 0.162

[2026-07-13 08:58:49,228][root][INFO] - Epoch 342: duration loss = 0.289 | prior loss = 1.206 | diffusion loss = 0.160

[2026-07-13 09:00:29,248][root][INFO] - Epoch 343: duration loss = 0.290 | prior loss = 1.207 | diffusion loss = 0.162

[2026-07-13 09:02:08,131][root][INFO] - Epoch 344: duration loss = 0.289 | prior loss = 1.206 | diffusion loss = 0.160

[2026-07-13 09:03:47,111][root][INFO] - Epoch 345: duration loss = 0.289 | prior loss = 1.206 | diffusion loss = 0.161

[2026-07-13 09:05:25,438][root][INFO] - Epoch 346: duration loss = 0.290 | prior loss = 1.206 | diffusion loss = 0.161

[2026-07-13 09:07:04,500][root][INFO] - Epoch 347: duration loss = 0.289 | prior loss = 1.206 | diffusion loss = 0.159

[2026-07-13 09:08:41,905][root][INFO] - Epoch 348: duration loss = 0.289 | prior loss = 1.206 | diffusion loss = 0.157

[2026-07-13 09:10:20,565][root][INFO] - Epoch 349: duration loss = 0.289 | prior loss = 1.206 | diffusion loss = 0.159

[2026-07-13 09:11:58,204][root][INFO] - Epoch 350: duration loss = 0.290 | prior loss = 1.206 | diffusion loss = 0.160

[2026-07-13 09:13:35,931][root][INFO] - Epoch 351: duration loss = 0.289 | prior loss = 1.206 | diffusion loss = 0.161

[2026-07-13 09:15:14,427][root][INFO] - Epoch 352: duration loss = 0.290 | prior loss = 1.205 | diffusion loss = 0.161

[2026-07-13 09:16:52,788][root][INFO] - Epoch 353: duration loss = 0.290 | prior loss = 1.206 | diffusion loss = 0.158

[2026-07-13 09:18:31,112][root][INFO] - Epoch 354: duration loss = 0.290 | prior loss = 1.206 | diffusion loss = 0.159

[2026-07-13 09:20:09,698][root][INFO] - Epoch 355: duration loss = 0.289 | prior loss = 1.206 | diffusion loss = 0.161

[2026-07-13 09:21:49,500][root][INFO] - Epoch 356: duration loss = 0.289 | prior loss = 1.206 | diffusion loss = 0.162

[2026-07-13 09:23:27,896][root][INFO] - Epoch 357: duration loss = 0.289 | prior loss = 1.206 | diffusion loss = 0.161

[2026-07-13 09:25:05,761][root][INFO] - Epoch 358: duration loss = 0.289 | prior loss = 1.206 | diffusion loss = 0.160

[2026-07-13 09:26:43,512][root][INFO] - Epoch 359: duration loss = 0.290 | prior loss = 1.206 | diffusion loss = 0.160

[2026-07-13 09:28:21,941][root][INFO] - Epoch 360: duration loss = 0.289 | prior loss = 1.206 | diffusion loss = 0.162

[2026-07-13 09:30:00,091][root][INFO] - Epoch 361: duration loss = 0.289 | prior loss = 1.207 | diffusion loss = 0.159

[2026-07-13 09:31:38,990][root][INFO] - Epoch 362: duration loss = 0.289 | prior loss = 1.206 | diffusion loss = 0.159

[2026-07-13 09:33:17,448][root][INFO] - Epoch 363: duration loss = 0.289 | prior loss = 1.206 | diffusion loss = 0.164

[2026-07-13 09:34:55,631][root][INFO] - Epoch 364: duration loss = 0.289 | prior loss = 1.206 | diffusion loss = 0.164

[2026-07-13 09:36:33,982][root][INFO] - Epoch 365: duration loss = 0.289 | prior loss = 1.206 | diffusion loss = 0.161

[2026-07-13 09:38:11,966][root][INFO] - Epoch 366: duration loss = 0.290 | prior loss = 1.206 | diffusion loss = 0.159

[2026-07-13 09:39:49,868][root][INFO] - Epoch 367: duration loss = 0.290 | prior loss = 1.206 | diffusion loss = 0.161

[2026-07-13 09:41:27,607][root][INFO] - Epoch 368: duration loss = 0.289 | prior loss = 1.206 | diffusion loss = 0.163

[2026-07-13 09:43:05,878][root][INFO] - Epoch 369: duration loss = 0.289 | prior loss = 1.206 | diffusion loss = 0.163

[2026-07-13 09:44:45,580][root][INFO] - Epoch 370: duration loss = 0.290 | prior loss = 1.206 | diffusion loss = 0.162

[2026-07-13 09:46:24,129][root][INFO] - Epoch 371: duration loss = 0.289 | prior loss = 1.206 | diffusion loss = 0.156

[2026-07-13 09:48:01,865][root][INFO] - Epoch 372: duration loss = 0.289 | prior loss = 1.206 | diffusion loss = 0.160

[2026-07-13 09:49:39,714][root][INFO] - Epoch 373: duration loss = 0.289 | prior loss = 1.206 | diffusion loss = 0.159

[2026-07-13 09:51:17,308][root][INFO] - Epoch 374: duration loss = 0.289 | prior loss = 1.206 | diffusion loss = 0.160

[2026-07-13 09:52:56,288][root][INFO] - Epoch 375: duration loss = 0.290 | prior loss = 1.206 | diffusion loss = 0.164

[2026-07-13 09:54:34,922][root][INFO] - Epoch 376: duration loss = 0.289 | prior loss = 1.206 | diffusion loss = 0.164

[2026-07-13 09:56:14,419][root][INFO] - Epoch 377: duration loss = 0.289 | prior loss = 1.206 | diffusion loss = 0.160

[2026-07-13 09:57:51,838][root][INFO] - Epoch 378: duration loss = 0.290 | prior loss = 1.206 | diffusion loss = 0.158

[2026-07-13 09:59:29,084][root][INFO] - Epoch 379: duration loss = 0.290 | prior loss = 1.206 | diffusion loss = 0.162

[2026-07-13 10:01:06,719][root][INFO] - Epoch 380: duration loss = 0.290 | prior loss = 1.206 | diffusion loss = 0.161

[2026-07-13 10:02:44,365][root][INFO] - Epoch 381: duration loss = 0.290 | prior loss = 1.206 | diffusion loss = 0.160

[2026-07-13 10:04:21,377][root][INFO] - Epoch 382: duration loss = 0.289 | prior loss = 1.206 | diffusion loss = 0.159

[2026-07-13 10:05:57,875][root][INFO] - Epoch 383: duration loss = 0.289 | prior loss = 1.206 | diffusion loss = 0.162

[2026-07-13 10:07:36,704][root][INFO] - Epoch 384: duration loss = 0.289 | prior loss = 1.206 | diffusion loss = 0.164

[2026-07-13 10:09:14,253][root][INFO] - Epoch 385: duration loss = 0.289 | prior loss = 1.206 | diffusion loss = 0.163

[2026-07-13 10:10:51,876][root][INFO] - Epoch 386: duration loss = 0.290 | prior loss = 1.206 | diffusion loss = 0.162

[2026-07-13 10:12:30,227][root][INFO] - Epoch 387: duration loss = 0.289 | prior loss = 1.206 | diffusion loss = 0.162

[2026-07-13 10:14:08,364][root][INFO] - Epoch 388: duration loss = 0.289 | prior loss = 1.206 | diffusion loss = 0.160

[2026-07-13 10:15:46,820][root][INFO] - Epoch 389: duration loss = 0.289 | prior loss = 1.206 | diffusion loss = 0.159

[2026-07-13 10:17:25,138][root][INFO] - Epoch 390: duration loss = 0.289 | prior loss = 1.206 | diffusion loss = 0.159

[2026-07-13 10:19:02,990][root][INFO] - Epoch 391: duration loss = 0.289 | prior loss = 1.206 | diffusion loss = 0.161

[2026-07-13 10:20:40,629][root][INFO] - Epoch 392: duration loss = 0.289 | prior loss = 1.206 | diffusion loss = 0.160

[2026-07-13 10:22:19,321][root][INFO] - Epoch 393: duration loss = 0.289 | prior loss = 1.206 | diffusion loss = 0.161

[2026-07-13 10:23:56,651][root][INFO] - Epoch 394: duration loss = 0.289 | prior loss = 1.206 | diffusion loss = 0.163

[2026-07-13 10:25:35,019][root][INFO] - Epoch 395: duration loss = 0.289 | prior loss = 1.206 | diffusion loss = 0.160

[2026-07-13 10:27:13,367][root][INFO] - Epoch 396: duration loss = 0.289 | prior loss = 1.206 | diffusion loss = 0.161

[2026-07-13 10:28:51,129][root][INFO] - Epoch 397: duration loss = 0.290 | prior loss = 1.206 | diffusion loss = 0.157

[2026-07-13 10:30:28,403][root][INFO] - Epoch 398: duration loss = 0.290 | prior loss = 1.206 | diffusion loss = 0.163

[2026-07-13 10:32:05,956][root][INFO] - Epoch 399: duration loss = 0.290 | prior loss = 1.207 | diffusion loss = 0.159

[2026-07-13 10:33:43,273][root][INFO] - Epoch 400: duration loss = 0.289 | prior loss = 1.206 | diffusion loss = 0.156

[2026-07-13 10:35:20,318][root][INFO] - Epoch 401: duration loss = 0.290 | prior loss = 1.206 | diffusion loss = 0.157

[2026-07-13 10:36:58,161][root][INFO] - Epoch 402: duration loss = 0.289 | prior loss = 1.206 | diffusion loss = 0.158

[2026-07-13 10:38:36,117][root][INFO] - Epoch 403: duration loss = 0.290 | prior loss = 1.206 | diffusion loss = 0.158

[2026-07-13 10:40:13,521][root][INFO] - Epoch 404: duration loss = 0.290 | prior loss = 1.206 | diffusion loss = 0.161

[2026-07-13 10:41:50,733][root][INFO] - Epoch 405: duration loss = 0.290 | prior loss = 1.206 | diffusion loss = 0.157

[2026-07-13 10:43:28,580][root][INFO] - Epoch 406: duration loss = 0.289 | prior loss = 1.206 | diffusion loss = 0.159

[2026-07-13 10:45:05,670][root][INFO] - Epoch 407: duration loss = 0.289 | prior loss = 1.206 | diffusion loss = 0.161

[2026-07-13 10:46:41,969][root][INFO] - Epoch 408: duration loss = 0.290 | prior loss = 1.206 | diffusion loss = 0.160

[2026-07-13 10:48:19,657][root][INFO] - Epoch 409: duration loss = 0.290 | prior loss = 1.206 | diffusion loss = 0.163

[2026-07-13 10:49:59,304][root][INFO] - Epoch 410: duration loss = 0.290 | prior loss = 1.206 | diffusion loss = 0.158

[2026-07-13 10:51:47,376][root][INFO] - Epoch 411: duration loss = 0.290 | prior loss = 1.206 | diffusion loss = 0.159

[2026-07-13 10:53:26,465][root][INFO] - Epoch 412: duration loss = 0.290 | prior loss = 1.206 | diffusion loss = 0.160

[2026-07-13 10:55:04,539][root][INFO] - Epoch 413: duration loss = 0.289 | prior loss = 1.206 | diffusion loss = 0.160

[2026-07-13 10:56:42,999][root][INFO] - Epoch 414: duration loss = 0.290 | prior loss = 1.206 | diffusion loss = 0.158

[2026-07-13 10:58:21,381][root][INFO] - Epoch 415: duration loss = 0.289 | prior loss = 1.206 | diffusion loss = 0.159

[2026-07-13 10:59:59,746][root][INFO] - Epoch 416: duration loss = 0.289 | prior loss = 1.205 | diffusion loss = 0.158

[2026-07-13 11:01:38,237][root][INFO] - Epoch 417: duration loss = 0.290 | prior loss = 1.205 | diffusion loss = 0.164

[2026-07-13 11:03:16,586][root][INFO] - Epoch 418: duration loss = 0.290 | prior loss = 1.206 | diffusion loss = 0.161

[2026-07-13 11:04:54,023][root][INFO] - Epoch 419: duration loss = 0.289 | prior loss = 1.206 | diffusion loss = 0.163

[2026-07-13 11:06:31,854][root][INFO] - Epoch 420: duration loss = 0.290 | prior loss = 1.206 | diffusion loss = 0.159

[2026-07-13 11:08:10,159][root][INFO] - Epoch 421: duration loss = 0.289 | prior loss = 1.206 | diffusion loss = 0.164

[2026-07-13 11:09:47,944][root][INFO] - Epoch 422: duration loss = 0.289 | prior loss = 1.206 | diffusion loss = 0.160

[2026-07-13 11:11:26,417][root][INFO] - Epoch 423: duration loss = 0.289 | prior loss = 1.206 | diffusion loss = 0.160

[2026-07-13 11:13:04,176][root][INFO] - Epoch 424: duration loss = 0.290 | prior loss = 1.206 | diffusion loss = 0.161

[2026-07-13 11:14:42,048][root][INFO] - Epoch 425: duration loss = 0.289 | prior loss = 1.206 | diffusion loss = 0.160

[2026-07-13 11:16:19,903][root][INFO] - Epoch 426: duration loss = 0.289 | prior loss = 1.206 | diffusion loss = 0.160

[2026-07-13 11:17:58,634][root][INFO] - Epoch 427: duration loss = 0.289 | prior loss = 1.206 | diffusion loss = 0.161

[2026-07-13 11:19:36,592][root][INFO] - Epoch 428: duration loss = 0.289 | prior loss = 1.206 | diffusion loss = 0.157

[2026-07-13 11:21:13,729][root][INFO] - Epoch 429: duration loss = 0.289 | prior loss = 1.206 | diffusion loss = 0.163

[2026-07-13 11:22:51,874][root][INFO] - Epoch 430: duration loss = 0.290 | prior loss = 1.206 | diffusion loss = 0.164

[2026-07-13 11:24:29,656][root][INFO] - Epoch 431: duration loss = 0.289 | prior loss = 1.206 | diffusion loss = 0.161

[2026-07-13 11:26:07,537][root][INFO] - Epoch 432: duration loss = 0.289 | prior loss = 1.206 | diffusion loss = 0.164

[2026-07-13 11:27:45,612][root][INFO] - Epoch 433: duration loss = 0.289 | prior loss = 1.206 | diffusion loss = 0.159

[2026-07-13 11:29:23,701][root][INFO] - Epoch 434: duration loss = 0.290 | prior loss = 1.206 | diffusion loss = 0.163

[2026-07-13 11:31:02,425][root][INFO] - Epoch 435: duration loss = 0.289 | prior loss = 1.206 | diffusion loss = 0.159

[2026-07-13 11:32:40,942][root][INFO] - Epoch 436: duration loss = 0.290 | prior loss = 1.206 | diffusion loss = 0.161

[2026-07-13 11:34:19,759][root][INFO] - Epoch 437: duration loss = 0.290 | prior loss = 1.206 | diffusion loss = 0.162

[2026-07-13 11:35:58,372][root][INFO] - Epoch 438: duration loss = 0.289 | prior loss = 1.206 | diffusion loss = 0.162

[2026-07-13 11:37:35,912][root][INFO] - Epoch 439: duration loss = 0.289 | prior loss = 1.206 | diffusion loss = 0.160

[2026-07-13 11:39:15,751][root][INFO] - Epoch 440: duration loss = 0.289 | prior loss = 1.206 | diffusion loss = 0.160

[2026-07-13 11:40:54,841][root][INFO] - Epoch 441: duration loss = 0.290 | prior loss = 1.206 | diffusion loss = 0.161

[2026-07-13 11:42:33,103][root][INFO] - Epoch 442: duration loss = 0.289 | prior loss = 1.206 | diffusion loss = 0.161

[2026-07-13 11:44:10,757][root][INFO] - Epoch 443: duration loss = 0.290 | prior loss = 1.206 | diffusion loss = 0.158

[2026-07-13 11:45:49,042][root][INFO] - Epoch 444: duration loss = 0.290 | prior loss = 1.206 | diffusion loss = 0.164

[2026-07-13 11:47:27,945][root][INFO] - Epoch 445: duration loss = 0.290 | prior loss = 1.206 | diffusion loss = 0.167

[2026-07-13 11:49:06,152][root][INFO] - Epoch 446: duration loss = 0.289 | prior loss = 1.206 | diffusion loss = 0.159

[2026-07-13 11:50:43,717][root][INFO] - Epoch 447: duration loss = 0.289 | prior loss = 1.206 | diffusion loss = 0.160

[2026-07-13 11:52:21,744][root][INFO] - Epoch 448: duration loss = 0.289 | prior loss = 1.206 | diffusion loss = 0.158

[2026-07-13 11:54:00,081][root][INFO] - Epoch 449: duration loss = 0.289 | prior loss = 1.206 | diffusion loss = 0.163

[2026-07-13 11:55:38,757][root][INFO] - Epoch 450: duration loss = 0.289 | prior loss = 1.206 | diffusion loss = 0.159

[2026-07-13 11:57:17,994][root][INFO] - Epoch 451: duration loss = 0.289 | prior loss = 1.206 | diffusion loss = 0.158

[2026-07-13 11:58:56,086][root][INFO] - Epoch 452: duration loss = 0.290 | prior loss = 1.206 | diffusion loss = 0.160

[2026-07-13 12:00:34,444][root][INFO] - Epoch 453: duration loss = 0.290 | prior loss = 1.206 | diffusion loss = 0.162

[2026-07-13 12:02:12,899][root][INFO] - Epoch 454: duration loss = 0.290 | prior loss = 1.206 | diffusion loss = 0.161

[2026-07-13 12:03:51,397][root][INFO] - Epoch 455: duration loss = 0.289 | prior loss = 1.206 | diffusion loss = 0.162

[2026-07-13 12:05:31,304][root][INFO] - Epoch 456: duration loss = 0.289 | prior loss = 1.206 | diffusion loss = 0.160

[2026-07-13 12:07:08,681][root][INFO] - Epoch 457: duration loss = 0.289 | prior loss = 1.206 | diffusion loss = 0.157

[2026-07-13 12:08:45,276][root][INFO] - Epoch 458: duration loss = 0.290 | prior loss = 1.206 | diffusion loss = 0.156

[2026-07-13 12:10:22,562][root][INFO] - Epoch 459: duration loss = 0.289 | prior loss = 1.206 | diffusion loss = 0.159

[2026-07-13 12:12:00,234][root][INFO] - Epoch 460: duration loss = 0.290 | prior loss = 1.206 | diffusion loss = 0.162

[2026-07-13 12:13:38,545][root][INFO] - Epoch 461: duration loss = 0.290 | prior loss = 1.207 | diffusion loss = 0.156

[2026-07-13 12:15:16,779][root][INFO] - Epoch 462: duration loss = 0.290 | prior loss = 1.206 | diffusion loss = 0.164

[2026-07-13 12:16:54,226][root][INFO] - Epoch 463: duration loss = 0.289 | prior loss = 1.206 | diffusion loss = 0.159

[2026-07-13 12:18:31,352][root][INFO] - Epoch 464: duration loss = 0.290 | prior loss = 1.206 | diffusion loss = 0.159

[2026-07-13 12:20:08,493][root][INFO] - Epoch 465: duration loss = 0.290 | prior loss = 1.206 | diffusion loss = 0.162

[2026-07-13 12:21:45,490][root][INFO] - Epoch 466: duration loss = 0.290 | prior loss = 1.206 | diffusion loss = 0.160

[2026-07-13 12:23:23,145][root][INFO] - Epoch 467: duration loss = 0.290 | prior loss = 1.206 | diffusion loss = 0.160

[2026-07-13 12:25:00,151][root][INFO] - Epoch 468: duration loss = 0.289 | prior loss = 1.206 | diffusion loss = 0.161

[2026-07-13 12:26:37,253][root][INFO] - Epoch 469: duration loss = 0.290 | prior loss = 1.206 | diffusion loss = 0.160

[2026-07-13 12:28:14,773][root][INFO] - Epoch 470: duration loss = 0.289 | prior loss = 1.206 | diffusion loss = 0.156

[2026-07-13 12:29:52,446][root][INFO] - Epoch 471: duration loss = 0.289 | prior loss = 1.206 | diffusion loss = 0.160

[2026-07-13 12:31:29,710][root][INFO] - Epoch 472: duration loss = 0.290 | prior loss = 1.206 | diffusion loss = 0.160

[2026-07-13 12:33:06,364][root][INFO] - Epoch 473: duration loss = 0.289 | prior loss = 1.206 | diffusion loss = 0.160

[2026-07-13 12:34:42,956][root][INFO] - Epoch 474: duration loss = 0.289 | prior loss = 1.206 | diffusion loss = 0.160

[2026-07-13 12:36:19,104][root][INFO] - Epoch 475: duration loss = 0.289 | prior loss = 1.207 | diffusion loss = 0.161

[2026-07-13 12:37:55,917][root][INFO] - Epoch 476: duration loss = 0.289 | prior loss = 1.206 | diffusion loss = 0.159

[2026-07-13 12:39:32,861][root][INFO] - Epoch 477: duration loss = 0.289 | prior loss = 1.206 | diffusion loss = 0.162

[2026-07-13 12:41:10,318][root][INFO] - Epoch 478: duration loss = 0.290 | prior loss = 1.206 | diffusion loss = 0.160

[2026-07-13 12:42:48,324][root][INFO] - Epoch 479: duration loss = 0.289 | prior loss = 1.206 | diffusion loss = 0.160

[2026-07-13 12:44:25,377][root][INFO] - Epoch 480: duration loss = 0.289 | prior loss = 1.206 | diffusion loss = 0.158

[2026-07-13 12:46:03,044][root][INFO] - Epoch 481: duration loss = 0.289 | prior loss = 1.206 | diffusion loss = 0.158

[2026-07-13 12:47:40,451][root][INFO] - Epoch 482: duration loss = 0.290 | prior loss = 1.206 | diffusion loss = 0.162

[2026-07-13 12:49:18,488][root][INFO] - Epoch 483: duration loss = 0.289 | prior loss = 1.206 | diffusion loss = 0.160

[2026-07-13 12:50:55,423][root][INFO] - Epoch 484: duration loss = 0.289 | prior loss = 1.205 | diffusion loss = 0.155

[2026-07-13 12:52:32,782][root][INFO] - Epoch 485: duration loss = 0.289 | prior loss = 1.206 | diffusion loss = 0.162

[2026-07-13 12:54:10,566][root][INFO] - Epoch 486: duration loss = 0.290 | prior loss = 1.206 | diffusion loss = 0.159

[2026-07-13 12:55:48,029][root][INFO] - Epoch 487: duration loss = 0.289 | prior loss = 1.206 | diffusion loss = 0.162

[2026-07-13 12:57:25,783][root][INFO] - Epoch 488: duration loss = 0.289 | prior loss = 1.206 | diffusion loss = 0.158

[2026-07-13 12:59:03,244][root][INFO] - Epoch 489: duration loss = 0.290 | prior loss = 1.206 | diffusion loss = 0.158

[2026-07-13 13:00:40,643][root][INFO] - Epoch 490: duration loss = 0.289 | prior loss = 1.206 | diffusion loss = 0.161

[2026-07-13 13:02:17,496][root][INFO] - Epoch 491: duration loss = 0.290 | prior loss = 1.206 | diffusion loss = 0.159

[2026-07-13 13:03:54,736][root][INFO] - Epoch 492: duration loss = 0.289 | prior loss = 1.206 | diffusion loss = 0.158

[2026-07-13 13:05:32,509][root][INFO] - Epoch 493: duration loss = 0.290 | prior loss = 1.206 | diffusion loss = 0.161

[2026-07-13 13:07:10,195][root][INFO] - Epoch 494: duration loss = 0.289 | prior loss = 1.206 | diffusion loss = 0.157

[2026-07-13 13:08:47,242][root][INFO] - Epoch 495: duration loss = 0.289 | prior loss = 1.206 | diffusion loss = 0.161

[2026-07-13 13:10:24,585][root][INFO] - Epoch 496: duration loss = 0.289 | prior loss = 1.206 | diffusion loss = 0.159

[2026-07-13 13:12:01,703][root][INFO] - Epoch 497: duration loss = 0.289 | prior loss = 1.206 | diffusion loss = 0.162

[2026-07-13 13:13:38,283][root][INFO] - Epoch 498: duration loss = 0.289 | prior loss = 1.206 | diffusion loss = 0.161

[2026-07-13 13:15:15,722][root][INFO] - Epoch 499: duration loss = 0.289 | prior loss = 1.206 | diffusion loss = 0.162

[2026-07-13 13:17:02,101][root][INFO] - Epoch 500: duration loss = 0.286 | prior loss = 1.203 | diffusion loss = 0.162

[2026-07-13 13:18:48,238][root][INFO] - Epoch 501: duration loss = 0.284 | prior loss = 1.202 | diffusion loss = 0.158

[2026-07-13 13:20:33,516][root][INFO] - Epoch 502: duration loss = 0.283 | prior loss = 1.201 | diffusion loss = 0.152

[2026-07-13 13:22:19,881][root][INFO] - Epoch 503: duration loss = 0.282 | prior loss = 1.200 | diffusion loss = 0.157

[2026-07-13 13:24:05,835][root][INFO] - Epoch 504: duration loss = 0.282 | prior loss = 1.200 | diffusion loss = 0.159

[2026-07-13 13:25:51,599][root][INFO] - Epoch 505: duration loss = 0.282 | prior loss = 1.199 | diffusion loss = 0.159

[2026-07-13 13:27:38,285][root][INFO] - Epoch 506: duration loss = 0.281 | prior loss = 1.199 | diffusion loss = 0.162

[2026-07-13 13:29:24,313][root][INFO] - Epoch 507: duration loss = 0.281 | prior loss = 1.199 | diffusion loss = 0.165

[2026-07-13 13:31:10,597][root][INFO] - Epoch 508: duration loss = 0.281 | prior loss = 1.199 | diffusion loss = 0.162

[2026-07-13 13:32:57,098][root][INFO] - Epoch 509: duration loss = 0.281 | prior loss = 1.199 | diffusion loss = 0.158

[2026-07-13 13:34:44,354][root][INFO] - Epoch 510: duration loss = 0.280 | prior loss = 1.198 | diffusion loss = 0.159

[2026-07-13 13:36:30,616][root][INFO] - Epoch 511: duration loss = 0.280 | prior loss = 1.198 | diffusion loss = 0.159

[2026-07-13 13:38:16,405][root][INFO] - Epoch 512: duration loss = 0.279 | prior loss = 1.198 | diffusion loss = 0.160

[2026-07-13 13:40:03,217][root][INFO] - Epoch 513: duration loss = 0.280 | prior loss = 1.198 | diffusion loss = 0.159

[2026-07-13 13:41:49,244][root][INFO] - Epoch 514: duration loss = 0.279 | prior loss = 1.198 | diffusion loss = 0.159

[2026-07-13 13:43:36,825][root][INFO] - Epoch 515: duration loss = 0.280 | prior loss = 1.197 | diffusion loss = 0.159

[2026-07-13 13:45:24,087][root][INFO] - Epoch 516: duration loss = 0.279 | prior loss = 1.197 | diffusion loss = 0.161

[2026-07-13 13:47:10,367][root][INFO] - Epoch 517: duration loss = 0.279 | prior loss = 1.198 | diffusion loss = 0.159

[2026-07-13 13:48:57,705][root][INFO] - Epoch 518: duration loss = 0.279 | prior loss = 1.197 | diffusion loss = 0.161

[2026-07-13 13:50:44,030][root][INFO] - Epoch 519: duration loss = 0.279 | prior loss = 1.197 | diffusion loss = 0.160

[2026-07-13 13:52:31,501][root][INFO] - Epoch 520: duration loss = 0.279 | prior loss = 1.197 | diffusion loss = 0.160

[2026-07-13 13:54:17,795][root][INFO] - Epoch 521: duration loss = 0.280 | prior loss = 1.197 | diffusion loss = 0.161

[2026-07-13 13:56:03,919][root][INFO] - Epoch 522: duration loss = 0.279 | prior loss = 1.197 | diffusion loss = 0.157

[2026-07-13 13:57:50,072][root][INFO] - Epoch 523: duration loss = 0.279 | prior loss = 1.197 | diffusion loss = 0.157

[2026-07-13 13:59:37,034][root][INFO] - Epoch 524: duration loss = 0.279 | prior loss = 1.196 | diffusion loss = 0.153

[2026-07-13 14:01:23,977][root][INFO] - Epoch 525: duration loss = 0.278 | prior loss = 1.197 | diffusion loss = 0.158

[2026-07-13 14:03:11,251][root][INFO] - Epoch 526: duration loss = 0.278 | prior loss = 1.196 | diffusion loss = 0.162

[2026-07-13 14:04:57,844][root][INFO] - Epoch 527: duration loss = 0.278 | prior loss = 1.196 | diffusion loss = 0.159

[2026-07-13 14:06:44,687][root][INFO] - Epoch 528: duration loss = 0.278 | prior loss = 1.196 | diffusion loss = 0.155

[2026-07-13 14:08:31,425][root][INFO] - Epoch 529: duration loss = 0.278 | prior loss = 1.196 | diffusion loss = 0.156

[2026-07-13 14:10:18,068][root][INFO] - Epoch 530: duration loss = 0.278 | prior loss = 1.196 | diffusion loss = 0.163

[2026-07-13 14:12:04,488][root][INFO] - Epoch 531: duration loss = 0.278 | prior loss = 1.196 | diffusion loss = 0.159

[2026-07-13 14:13:50,921][root][INFO] - Epoch 532: duration loss = 0.278 | prior loss = 1.196 | diffusion loss = 0.157

[2026-07-13 14:15:36,874][root][INFO] - Epoch 533: duration loss = 0.278 | prior loss = 1.196 | diffusion loss = 0.154

[2026-07-13 14:17:23,565][root][INFO] - Epoch 534: duration loss = 0.278 | prior loss = 1.196 | diffusion loss = 0.157

[2026-07-13 14:19:10,375][root][INFO] - Epoch 535: duration loss = 0.278 | prior loss = 1.196 | diffusion loss = 0.155

[2026-07-13 14:20:57,792][root][INFO] - Epoch 536: duration loss = 0.277 | prior loss = 1.196 | diffusion loss = 0.161

[2026-07-13 14:22:44,622][root][INFO] - Epoch 537: duration loss = 0.278 | prior loss = 1.196 | diffusion loss = 0.161

[2026-07-13 14:24:31,659][root][INFO] - Epoch 538: duration loss = 0.277 | prior loss = 1.195 | diffusion loss = 0.160

[2026-07-13 14:26:17,543][root][INFO] - Epoch 539: duration loss = 0.277 | prior loss = 1.196 | diffusion loss = 0.157

[2026-07-13 14:28:04,048][root][INFO] - Epoch 540: duration loss = 0.277 | prior loss = 1.196 | diffusion loss = 0.159

[2026-07-13 14:29:50,596][root][INFO] - Epoch 541: duration loss = 0.277 | prior loss = 1.196 | diffusion loss = 0.158

[2026-07-13 14:31:36,690][root][INFO] - Epoch 542: duration loss = 0.277 | prior loss = 1.195 | diffusion loss = 0.156

[2026-07-13 14:33:23,567][root][INFO] - Epoch 543: duration loss = 0.277 | prior loss = 1.195 | diffusion loss = 0.158

[2026-07-13 14:35:09,776][root][INFO] - Epoch 544: duration loss = 0.277 | prior loss = 1.196 | diffusion loss = 0.158

[2026-07-13 14:36:55,808][root][INFO] - Epoch 545: duration loss = 0.277 | prior loss = 1.195 | diffusion loss = 0.156

[2026-07-13 14:38:40,824][root][INFO] - Epoch 546: duration loss = 0.277 | prior loss = 1.195 | diffusion loss = 0.157

[2026-07-13 14:40:27,270][root][INFO] - Epoch 547: duration loss = 0.277 | prior loss = 1.195 | diffusion loss = 0.158

[2026-07-13 14:42:13,609][root][INFO] - Epoch 548: duration loss = 0.277 | prior loss = 1.195 | diffusion loss = 0.157

[2026-07-13 14:44:00,476][root][INFO] - Epoch 549: duration loss = 0.276 | prior loss = 1.195 | diffusion loss = 0.159

[2026-07-13 14:45:47,244][root][INFO] - Epoch 550: duration loss = 0.277 | prior loss = 1.195 | diffusion loss = 0.160

[2026-07-13 14:47:33,413][root][INFO] - Epoch 551: duration loss = 0.277 | prior loss = 1.195 | diffusion loss = 0.164

[2026-07-13 14:49:19,398][root][INFO] - Epoch 552: duration loss = 0.276 | prior loss = 1.195 | diffusion loss = 0.162

[2026-07-13 14:51:05,994][root][INFO] - Epoch 553: duration loss = 0.276 | prior loss = 1.195 | diffusion loss = 0.159

[2026-07-13 14:52:52,649][root][INFO] - Epoch 554: duration loss = 0.276 | prior loss = 1.195 | diffusion loss = 0.157

[2026-07-13 14:54:38,502][root][INFO] - Epoch 555: duration loss = 0.276 | prior loss = 1.195 | diffusion loss = 0.158

[2026-07-13 14:56:24,231][root][INFO] - Epoch 556: duration loss = 0.276 | prior loss = 1.195 | diffusion loss = 0.156

[2026-07-13 14:58:10,368][root][INFO] - Epoch 557: duration loss = 0.276 | prior loss = 1.194 | diffusion loss = 0.162

[2026-07-13 14:59:57,365][root][INFO] - Epoch 558: duration loss = 0.275 | prior loss = 1.195 | diffusion loss = 0.160

[2026-07-13 15:01:44,130][root][INFO] - Epoch 559: duration loss = 0.276 | prior loss = 1.195 | diffusion loss = 0.160

[2026-07-13 15:03:30,564][root][INFO] - Epoch 560: duration loss = 0.276 | prior loss = 1.195 | diffusion loss = 0.158

[2026-07-13 15:05:15,880][root][INFO] - Epoch 561: duration loss = 0.276 | prior loss = 1.195 | diffusion loss = 0.158

[2026-07-13 15:07:01,273][root][INFO] - Epoch 562: duration loss = 0.276 | prior loss = 1.195 | diffusion loss = 0.160

[2026-07-13 15:08:47,639][root][INFO] - Epoch 563: duration loss = 0.276 | prior loss = 1.194 | diffusion loss = 0.160

[2026-07-13 15:10:33,784][root][INFO] - Epoch 564: duration loss = 0.276 | prior loss = 1.195 | diffusion loss = 0.158

[2026-07-13 15:12:20,322][root][INFO] - Epoch 565: duration loss = 0.276 | prior loss = 1.194 | diffusion loss = 0.158

[2026-07-13 15:14:06,923][root][INFO] - Epoch 566: duration loss = 0.276 | prior loss = 1.195 | diffusion loss = 0.162

[2026-07-13 15:15:53,211][root][INFO] - Epoch 567: duration loss = 0.276 | prior loss = 1.195 | diffusion loss = 0.156

[2026-07-13 15:17:39,875][root][INFO] - Epoch 568: duration loss = 0.276 | prior loss = 1.195 | diffusion loss = 0.158

[2026-07-13 15:19:25,766][root][INFO] - Epoch 569: duration loss = 0.275 | prior loss = 1.194 | diffusion loss = 0.156

[2026-07-13 15:21:12,154][root][INFO] - Epoch 570: duration loss = 0.276 | prior loss = 1.194 | diffusion loss = 0.160

[2026-07-13 15:22:58,398][root][INFO] - Epoch 571: duration loss = 0.275 | prior loss = 1.194 | diffusion loss = 0.162

[2026-07-13 15:24:43,776][root][INFO] - Epoch 572: duration loss = 0.275 | prior loss = 1.194 | diffusion loss = 0.153

[2026-07-13 15:26:30,288][root][INFO] - Epoch 573: duration loss = 0.275 | prior loss = 1.194 | diffusion loss = 0.157

[2026-07-13 15:28:15,911][root][INFO] - Epoch 574: duration loss = 0.276 | prior loss = 1.195 | diffusion loss = 0.159

[2026-07-13 15:30:03,072][root][INFO] - Epoch 575: duration loss = 0.275 | prior loss = 1.195 | diffusion loss = 0.157

[2026-07-13 15:31:48,866][root][INFO] - Epoch 576: duration loss = 0.275 | prior loss = 1.194 | diffusion loss = 0.159

[2026-07-13 15:33:35,609][root][INFO] - Epoch 577: duration loss = 0.275 | prior loss = 1.194 | diffusion loss = 0.157

[2026-07-13 15:35:22,086][root][INFO] - Epoch 578: duration loss = 0.275 | prior loss = 1.194 | diffusion loss = 0.157

[2026-07-13 15:37:07,910][root][INFO] - Epoch 579: duration loss = 0.275 | prior loss = 1.194 | diffusion loss = 0.159

[2026-07-13 15:38:53,168][root][INFO] - Epoch 580: duration loss = 0.275 | prior loss = 1.194 | diffusion loss = 0.158

[2026-07-13 15:40:39,892][root][INFO] - Epoch 581: duration loss = 0.275 | prior loss = 1.194 | diffusion loss = 0.159

[2026-07-13 15:42:26,275][root][INFO] - Epoch 582: duration loss = 0.275 | prior loss = 1.194 | diffusion loss = 0.160

[2026-07-13 15:44:12,506][root][INFO] - Epoch 583: duration loss = 0.275 | prior loss = 1.194 | diffusion loss = 0.159

[2026-07-13 15:45:59,128][root][INFO] - Epoch 584: duration loss = 0.275 | prior loss = 1.194 | diffusion loss = 0.155

[2026-07-13 15:47:45,577][root][INFO] - Epoch 585: duration loss = 0.275 | prior loss = 1.194 | diffusion loss = 0.160

[2026-07-13 15:49:31,800][root][INFO] - Epoch 586: duration loss = 0.275 | prior loss = 1.194 | diffusion loss = 0.159

[2026-07-13 15:51:18,842][root][INFO] - Epoch 587: duration loss = 0.276 | prior loss = 1.194 | diffusion loss = 0.158

[2026-07-13 15:53:05,881][root][INFO] - Epoch 588: duration loss = 0.275 | prior loss = 1.194 | diffusion loss = 0.157

[2026-07-13 15:54:53,067][root][INFO] - Epoch 589: duration loss = 0.276 | prior loss = 1.194 | diffusion loss = 0.160

[2026-07-13 15:56:39,449][root][INFO] - Epoch 590: duration loss = 0.275 | prior loss = 1.194 | diffusion loss = 0.156

[2026-07-13 15:58:26,145][root][INFO] - Epoch 591: duration loss = 0.275 | prior loss = 1.194 | diffusion loss = 0.160

[2026-07-13 16:00:12,809][root][INFO] - Epoch 592: duration loss = 0.275 | prior loss = 1.194 | diffusion loss = 0.161

[2026-07-13 16:01:58,900][root][INFO] - Epoch 593: duration loss = 0.275 | prior loss = 1.194 | diffusion loss = 0.162

[2026-07-13 16:03:45,040][root][INFO] - Epoch 594: duration loss = 0.275 | prior loss = 1.194 | diffusion loss = 0.159

[2026-07-13 16:05:30,928][root][INFO] - Epoch 595: duration loss = 0.275 | prior loss = 1.193 | diffusion loss = 0.162

[2026-07-13 16:07:16,883][root][INFO] - Epoch 596: duration loss = 0.275 | prior loss = 1.194 | diffusion loss = 0.163

[2026-07-13 16:09:02,919][root][INFO] - Epoch 597: duration loss = 0.275 | prior loss = 1.194 | diffusion loss = 0.159

[2026-07-13 16:10:48,677][root][INFO] - Epoch 598: duration loss = 0.275 | prior loss = 1.194 | diffusion loss = 0.158

[2026-07-13 16:12:35,832][root][INFO] - Epoch 599: duration loss = 0.275 | prior loss = 1.193 | diffusion loss = 0.158

