[2026-07-11 12:46:26,848][root][INFO] - Initializing logger...
[2026-07-11 12:46:26,850][root][INFO] - Initializing data loaders...
[2026-07-11 12:46:27,716][root][INFO] - Initializing model...
[2026-07-11 12:46:27,817][root][INFO] - Number of encoder parameters = 7.20m
[2026-07-11 12:46:27,825][root][INFO] - Number of decoder parameters = 7.49m
[2026-07-13 00:46:45,529][root][INFO] - Initializing logger...
[2026-07-13 00:46:45,552][root][INFO] - Initializing data loaders...
[2026-07-13 00:46:46,554][root][INFO] - Initializing model...
[2026-07-13 00:46:46,687][root][INFO] - Number of encoder parameters = 7.20m
[2026-07-13 00:46:46,697][root][INFO] - Number of decoder parameters = 7.49m
[2026-07-13 00:46:47,065][root][INFO] - Initializing optimizer...
[2026-07-13 00:46:47,066][root][INFO] - Start training...
[2026-07-13 00:48:31,321][root][INFO] - Epoch 1: duration loss = 0.289 | prior loss = 1.206 | diffusion loss = 7.772

[2026-07-13 00:50:14,798][root][INFO] - Epoch 2: duration loss = 0.290 | prior loss = 1.206 | diffusion loss = 2.750

[2026-07-13 00:51:58,036][root][INFO] - Epoch 3: duration loss = 0.290 | prior loss = 1.206 | diffusion loss = 0.602

[2026-07-13 00:53:41,463][root][INFO] - Epoch 4: duration loss = 0.289 | prior loss = 1.206 | diffusion loss = 0.242

[2026-07-13 00:55:24,966][root][INFO] - Epoch 5: duration loss = 0.290 | prior loss = 1.206 | diffusion loss = 0.212

[2026-07-13 00:57:09,209][root][INFO] - Epoch 6: duration loss = 0.289 | prior loss = 1.206 | diffusion loss = 0.201

[2026-07-13 00:58:52,915][root][INFO] - Epoch 7: duration loss = 0.290 | prior loss = 1.206 | diffusion loss = 0.197

[2026-07-13 01:00:35,993][root][INFO] - Epoch 8: duration loss = 0.289 | prior loss = 1.206 | diffusion loss = 0.191

[2026-07-13 01:02:19,878][root][INFO] - Epoch 9: duration loss = 0.289 | prior loss = 1.206 | diffusion loss = 0.189

[2026-07-13 01:04:03,364][root][INFO] - Epoch 10: duration loss = 0.289 | prior loss = 1.206 | diffusion loss = 0.185

[2026-07-13 01:05:45,972][root][INFO] - Epoch 11: duration loss = 0.289 | prior loss = 1.206 | diffusion loss = 0.185

[2026-07-13 01:07:29,428][root][INFO] - Epoch 12: duration loss = 0.289 | prior loss = 1.206 | diffusion loss = 0.180

[2026-07-13 01:09:12,506][root][INFO] - Epoch 13: duration loss = 0.290 | prior loss = 1.206 | diffusion loss = 0.181

[2026-07-13 01:10:55,878][root][INFO] - Epoch 14: duration loss = 0.290 | prior loss = 1.206 | diffusion loss = 0.181

[2026-07-13 01:12:39,431][root][INFO] - Epoch 15: duration loss = 0.289 | prior loss = 1.206 | diffusion loss = 0.173

[2026-07-13 01:14:18,324][root][INFO] - Epoch 16: duration loss = 0.289 | prior loss = 1.206 | diffusion loss = 0.174

[2026-07-13 01:16:00,210][root][INFO] - Epoch 17: duration loss = 0.289 | prior loss = 1.205 | diffusion loss = 0.176

[2026-07-13 01:17:42,791][root][INFO] - Epoch 18: duration loss = 0.289 | prior loss = 1.206 | diffusion loss = 0.171

[2026-07-13 01:19:25,608][root][INFO] - Epoch 19: duration loss = 0.289 | prior loss = 1.206 | diffusion loss = 0.174

[2026-07-13 01:21:07,911][root][INFO] - Epoch 20: duration loss = 0.290 | prior loss = 1.206 | diffusion loss = 0.171

[2026-07-13 01:22:50,406][root][INFO] - Epoch 21: duration loss = 0.289 | prior loss = 1.206 | diffusion loss = 0.171

[2026-07-13 01:24:33,151][root][INFO] - Epoch 22: duration loss = 0.290 | prior loss = 1.206 | diffusion loss = 0.170

[2026-07-13 01:26:15,877][root][INFO] - Epoch 23: duration loss = 0.289 | prior loss = 1.206 | diffusion loss = 0.170

[2026-07-13 01:27:59,691][root][INFO] - Epoch 24: duration loss = 0.289 | prior loss = 1.206 | diffusion loss = 0.169

[2026-07-13 01:29:42,854][root][INFO] - Epoch 25: duration loss = 0.289 | prior loss = 1.206 | diffusion loss = 0.168

[2026-07-13 01:31:25,420][root][INFO] - Epoch 26: duration loss = 0.289 | prior loss = 1.205 | diffusion loss = 0.165

[2026-07-13 01:33:08,492][root][INFO] - Epoch 27: duration loss = 0.290 | prior loss = 1.206 | diffusion loss = 0.170

[2026-07-13 01:34:51,580][root][INFO] - Epoch 28: duration loss = 0.289 | prior loss = 1.206 | diffusion loss = 0.162

[2026-07-13 01:36:34,229][root][INFO] - Epoch 29: duration loss = 0.289 | prior loss = 1.206 | diffusion loss = 0.167

[2026-07-13 01:38:16,317][root][INFO] - Epoch 30: duration loss = 0.289 | prior loss = 1.206 | diffusion loss = 0.168

[2026-07-13 01:39:59,098][root][INFO] - Epoch 31: duration loss = 0.290 | prior loss = 1.206 | diffusion loss = 0.166

[2026-07-13 01:41:42,097][root][INFO] - Epoch 32: duration loss = 0.289 | prior loss = 1.206 | diffusion loss = 0.164

[2026-07-13 01:43:24,875][root][INFO] - Epoch 33: duration loss = 0.289 | prior loss = 1.206 | diffusion loss = 0.164

[2026-07-13 01:45:07,972][root][INFO] - Epoch 34: duration loss = 0.289 | prior loss = 1.206 | diffusion loss = 0.165

[2026-07-13 01:46:50,720][root][INFO] - Epoch 35: duration loss = 0.290 | prior loss = 1.206 | diffusion loss = 0.163

[2026-07-13 01:48:33,049][root][INFO] - Epoch 36: duration loss = 0.289 | prior loss = 1.206 | diffusion loss = 0.162

[2026-07-13 01:50:15,663][root][INFO] - Epoch 37: duration loss = 0.289 | prior loss = 1.206 | diffusion loss = 0.161

[2026-07-13 01:51:57,755][root][INFO] - Epoch 38: duration loss = 0.290 | prior loss = 1.206 | diffusion loss = 0.160

[2026-07-13 01:53:40,837][root][INFO] - Epoch 39: duration loss = 0.289 | prior loss = 1.206 | diffusion loss = 0.162

[2026-07-13 01:55:23,838][root][INFO] - Epoch 40: duration loss = 0.290 | prior loss = 1.206 | diffusion loss = 0.161

[2026-07-13 01:57:06,086][root][INFO] - Epoch 41: duration loss = 0.289 | prior loss = 1.206 | diffusion loss = 0.162

[2026-07-13 01:58:49,321][root][INFO] - Epoch 42: duration loss = 0.289 | prior loss = 1.206 | diffusion loss = 0.163

[2026-07-13 02:00:31,650][root][INFO] - Epoch 43: duration loss = 0.289 | prior loss = 1.206 | diffusion loss = 0.161

[2026-07-13 02:02:14,303][root][INFO] - Epoch 44: duration loss = 0.289 | prior loss = 1.206 | diffusion loss = 0.158

[2026-07-13 02:03:57,696][root][INFO] - Epoch 45: duration loss = 0.290 | prior loss = 1.206 | diffusion loss = 0.159

[2026-07-13 02:05:41,008][root][INFO] - Epoch 46: duration loss = 0.290 | prior loss = 1.206 | diffusion loss = 0.159

[2026-07-13 02:07:23,898][root][INFO] - Epoch 47: duration loss = 0.290 | prior loss = 1.206 | diffusion loss = 0.159

[2026-07-13 02:09:06,854][root][INFO] - Epoch 48: duration loss = 0.290 | prior loss = 1.206 | diffusion loss = 0.161

[2026-07-13 02:10:49,277][root][INFO] - Epoch 49: duration loss = 0.289 | prior loss = 1.206 | diffusion loss = 0.161

[2026-07-13 02:12:32,279][root][INFO] - Epoch 50: duration loss = 0.289 | prior loss = 1.206 | diffusion loss = 0.158

[2026-07-13 02:14:14,419][root][INFO] - Epoch 51: duration loss = 0.289 | prior loss = 1.206 | diffusion loss = 0.161

[2026-07-13 02:15:56,574][root][INFO] - Epoch 52: duration loss = 0.289 | prior loss = 1.206 | diffusion loss = 0.159

[2026-07-13 02:17:39,185][root][INFO] - Epoch 53: duration loss = 0.290 | prior loss = 1.206 | diffusion loss = 0.159

[2026-07-13 02:19:22,133][root][INFO] - Epoch 54: duration loss = 0.290 | prior loss = 1.206 | diffusion loss = 0.157

[2026-07-13 02:21:04,415][root][INFO] - Epoch 55: duration loss = 0.289 | prior loss = 1.206 | diffusion loss = 0.157

[2026-07-13 02:22:46,989][root][INFO] - Epoch 56: duration loss = 0.290 | prior loss = 1.206 | diffusion loss = 0.160

[2026-07-13 02:24:30,788][root][INFO] - Epoch 57: duration loss = 0.290 | prior loss = 1.206 | diffusion loss = 0.156

[2026-07-13 02:26:13,625][root][INFO] - Epoch 58: duration loss = 0.289 | prior loss = 1.206 | diffusion loss = 0.157

[2026-07-13 02:27:57,431][root][INFO] - Epoch 59: duration loss = 0.290 | prior loss = 1.206 | diffusion loss = 0.157

[2026-07-13 02:29:41,094][root][INFO] - Epoch 60: duration loss = 0.289 | prior loss = 1.206 | diffusion loss = 0.155

[2026-07-13 02:31:24,464][root][INFO] - Epoch 61: duration loss = 0.289 | prior loss = 1.206 | diffusion loss = 0.157

[2026-07-13 02:33:08,214][root][INFO] - Epoch 62: duration loss = 0.289 | prior loss = 1.206 | diffusion loss = 0.161

[2026-07-13 02:34:51,222][root][INFO] - Epoch 63: duration loss = 0.289 | prior loss = 1.206 | diffusion loss = 0.156

[2026-07-13 02:36:33,816][root][INFO] - Epoch 64: duration loss = 0.289 | prior loss = 1.206 | diffusion loss = 0.155

[2026-07-13 02:38:16,685][root][INFO] - Epoch 65: duration loss = 0.289 | prior loss = 1.206 | diffusion loss = 0.154

[2026-07-13 02:40:00,235][root][INFO] - Epoch 66: duration loss = 0.289 | prior loss = 1.206 | diffusion loss = 0.155

[2026-07-13 02:41:43,707][root][INFO] - Epoch 67: duration loss = 0.290 | prior loss = 1.206 | diffusion loss = 0.158

[2026-07-13 02:43:27,290][root][INFO] - Epoch 68: duration loss = 0.289 | prior loss = 1.206 | diffusion loss = 0.153

[2026-07-13 02:45:10,662][root][INFO] - Epoch 69: duration loss = 0.289 | prior loss = 1.206 | diffusion loss = 0.155

[2026-07-13 02:46:54,421][root][INFO] - Epoch 70: duration loss = 0.289 | prior loss = 1.206 | diffusion loss = 0.154

[2026-07-13 02:48:38,357][root][INFO] - Epoch 71: duration loss = 0.290 | prior loss = 1.206 | diffusion loss = 0.154

[2026-07-13 02:50:21,733][root][INFO] - Epoch 72: duration loss = 0.289 | prior loss = 1.206 | diffusion loss = 0.154

[2026-07-13 02:52:05,161][root][INFO] - Epoch 73: duration loss = 0.289 | prior loss = 1.206 | diffusion loss = 0.155

[2026-07-13 02:53:48,190][root][INFO] - Epoch 74: duration loss = 0.290 | prior loss = 1.206 | diffusion loss = 0.153

[2026-07-13 02:55:31,246][root][INFO] - Epoch 75: duration loss = 0.289 | prior loss = 1.206 | diffusion loss = 0.153

[2026-07-13 02:57:15,214][root][INFO] - Epoch 76: duration loss = 0.290 | prior loss = 1.206 | diffusion loss = 0.153

[2026-07-13 02:58:58,760][root][INFO] - Epoch 77: duration loss = 0.290 | prior loss = 1.206 | diffusion loss = 0.152

[2026-07-13 03:00:41,687][root][INFO] - Epoch 78: duration loss = 0.289 | prior loss = 1.206 | diffusion loss = 0.155

[2026-07-13 03:02:24,562][root][INFO] - Epoch 79: duration loss = 0.289 | prior loss = 1.206 | diffusion loss = 0.154

[2026-07-13 03:04:07,596][root][INFO] - Epoch 80: duration loss = 0.290 | prior loss = 1.206 | diffusion loss = 0.153

[2026-07-13 03:05:50,983][root][INFO] - Epoch 81: duration loss = 0.289 | prior loss = 1.206 | diffusion loss = 0.152

[2026-07-13 03:07:34,318][root][INFO] - Epoch 82: duration loss = 0.290 | prior loss = 1.206 | diffusion loss = 0.152

[2026-07-13 03:09:17,149][root][INFO] - Epoch 83: duration loss = 0.290 | prior loss = 1.206 | diffusion loss = 0.156

[2026-07-13 03:11:01,148][root][INFO] - Epoch 84: duration loss = 0.289 | prior loss = 1.206 | diffusion loss = 0.152

[2026-07-13 03:12:44,125][root][INFO] - Epoch 85: duration loss = 0.290 | prior loss = 1.206 | diffusion loss = 0.152

[2026-07-13 03:14:27,385][root][INFO] - Epoch 86: duration loss = 0.289 | prior loss = 1.206 | diffusion loss = 0.153

[2026-07-13 03:16:09,638][root][INFO] - Epoch 87: duration loss = 0.290 | prior loss = 1.206 | diffusion loss = 0.150

[2026-07-13 03:17:53,072][root][INFO] - Epoch 88: duration loss = 0.289 | prior loss = 1.206 | diffusion loss = 0.151

[2026-07-13 03:19:35,471][root][INFO] - Epoch 89: duration loss = 0.289 | prior loss = 1.206 | diffusion loss = 0.152

[2026-07-13 03:21:18,534][root][INFO] - Epoch 90: duration loss = 0.289 | prior loss = 1.206 | diffusion loss = 0.152

[2026-07-13 03:23:01,829][root][INFO] - Epoch 91: duration loss = 0.290 | prior loss = 1.206 | diffusion loss = 0.150

[2026-07-13 03:24:44,975][root][INFO] - Epoch 92: duration loss = 0.290 | prior loss = 1.206 | diffusion loss = 0.150

[2026-07-13 03:26:28,792][root][INFO] - Epoch 93: duration loss = 0.289 | prior loss = 1.206 | diffusion loss = 0.152

[2026-07-13 03:28:12,526][root][INFO] - Epoch 94: duration loss = 0.289 | prior loss = 1.206 | diffusion loss = 0.149

[2026-07-13 03:29:56,622][root][INFO] - Epoch 95: duration loss = 0.290 | prior loss = 1.206 | diffusion loss = 0.153

[2026-07-13 03:31:39,896][root][INFO] - Epoch 96: duration loss = 0.290 | prior loss = 1.206 | diffusion loss = 0.150

[2026-07-13 03:33:23,565][root][INFO] - Epoch 97: duration loss = 0.290 | prior loss = 1.206 | diffusion loss = 0.151

[2026-07-13 03:35:06,845][root][INFO] - Epoch 98: duration loss = 0.289 | prior loss = 1.206 | diffusion loss = 0.150

[2026-07-13 03:36:50,123][root][INFO] - Epoch 99: duration loss = 0.290 | prior loss = 1.207 | diffusion loss = 0.149

[2026-07-13 03:38:33,646][root][INFO] - Epoch 100: duration loss = 0.290 | prior loss = 1.206 | diffusion loss = 0.153

[2026-07-13 03:40:17,812][root][INFO] - Epoch 101: duration loss = 0.289 | prior loss = 1.206 | diffusion loss = 0.152

[2026-07-13 03:42:01,084][root][INFO] - Epoch 102: duration loss = 0.290 | prior loss = 1.206 | diffusion loss = 0.150

[2026-07-13 03:43:45,456][root][INFO] - Epoch 103: duration loss = 0.289 | prior loss = 1.206 | diffusion loss = 0.151

[2026-07-13 03:45:30,407][root][INFO] - Epoch 104: duration loss = 0.289 | prior loss = 1.206 | diffusion loss = 0.149

[2026-07-13 03:47:14,749][root][INFO] - Epoch 105: duration loss = 0.289 | prior loss = 1.206 | diffusion loss = 0.153

[2026-07-13 03:48:59,224][root][INFO] - Epoch 106: duration loss = 0.290 | prior loss = 1.206 | diffusion loss = 0.151

[2026-07-13 03:50:43,875][root][INFO] - Epoch 107: duration loss = 0.289 | prior loss = 1.206 | diffusion loss = 0.149

[2026-07-13 03:52:27,533][root][INFO] - Epoch 108: duration loss = 0.289 | prior loss = 1.206 | diffusion loss = 0.151

[2026-07-13 03:54:10,982][root][INFO] - Epoch 109: duration loss = 0.289 | prior loss = 1.206 | diffusion loss = 0.149

[2026-07-13 03:55:55,860][root][INFO] - Epoch 110: duration loss = 0.289 | prior loss = 1.206 | diffusion loss = 0.150

[2026-07-13 03:57:40,396][root][INFO] - Epoch 111: duration loss = 0.289 | prior loss = 1.206 | diffusion loss = 0.151

[2026-07-13 03:59:24,363][root][INFO] - Epoch 112: duration loss = 0.289 | prior loss = 1.206 | diffusion loss = 0.149

[2026-07-13 04:01:07,148][root][INFO] - Epoch 113: duration loss = 0.289 | prior loss = 1.206 | diffusion loss = 0.148

[2026-07-13 04:02:51,297][root][INFO] - Epoch 114: duration loss = 0.289 | prior loss = 1.206 | diffusion loss = 0.148

[2026-07-13 04:04:34,955][root][INFO] - Epoch 115: duration loss = 0.289 | prior loss = 1.206 | diffusion loss = 0.149

[2026-07-13 04:06:18,673][root][INFO] - Epoch 116: duration loss = 0.289 | prior loss = 1.206 | diffusion loss = 0.149

[2026-07-13 04:08:02,491][root][INFO] - Epoch 117: duration loss = 0.289 | prior loss = 1.206 | diffusion loss = 0.148

[2026-07-13 04:09:46,188][root][INFO] - Epoch 118: duration loss = 0.290 | prior loss = 1.206 | diffusion loss = 0.148

[2026-07-13 04:11:30,172][root][INFO] - Epoch 119: duration loss = 0.289 | prior loss = 1.206 | diffusion loss = 0.149

[2026-07-13 04:13:13,840][root][INFO] - Epoch 120: duration loss = 0.290 | prior loss = 1.206 | diffusion loss = 0.149

[2026-07-13 04:14:57,165][root][INFO] - Epoch 121: duration loss = 0.290 | prior loss = 1.206 | diffusion loss = 0.149

[2026-07-13 04:16:40,368][root][INFO] - Epoch 122: duration loss = 0.289 | prior loss = 1.206 | diffusion loss = 0.149

[2026-07-13 04:18:23,767][root][INFO] - Epoch 123: duration loss = 0.289 | prior loss = 1.206 | diffusion loss = 0.148

[2026-07-13 04:20:07,432][root][INFO] - Epoch 124: duration loss = 0.289 | prior loss = 1.206 | diffusion loss = 0.150

[2026-07-13 04:21:51,829][root][INFO] - Epoch 125: duration loss = 0.289 | prior loss = 1.206 | diffusion loss = 0.149

[2026-07-13 04:23:35,649][root][INFO] - Epoch 126: duration loss = 0.290 | prior loss = 1.206 | diffusion loss = 0.149

[2026-07-13 04:25:18,451][root][INFO] - Epoch 127: duration loss = 0.289 | prior loss = 1.206 | diffusion loss = 0.148

[2026-07-13 04:27:02,401][root][INFO] - Epoch 128: duration loss = 0.289 | prior loss = 1.206 | diffusion loss = 0.147

[2026-07-13 04:28:47,059][root][INFO] - Epoch 129: duration loss = 0.290 | prior loss = 1.206 | diffusion loss = 0.148

[2026-07-13 04:30:30,493][root][INFO] - Epoch 130: duration loss = 0.289 | prior loss = 1.206 | diffusion loss = 0.149

[2026-07-13 04:32:14,243][root][INFO] - Epoch 131: duration loss = 0.289 | prior loss = 1.206 | diffusion loss = 0.147

[2026-07-13 04:33:57,432][root][INFO] - Epoch 132: duration loss = 0.289 | prior loss = 1.206 | diffusion loss = 0.148

[2026-07-13 04:35:41,742][root][INFO] - Epoch 133: duration loss = 0.289 | prior loss = 1.206 | diffusion loss = 0.147

[2026-07-13 04:37:24,756][root][INFO] - Epoch 134: duration loss = 0.290 | prior loss = 1.206 | diffusion loss = 0.150

[2026-07-13 04:39:08,882][root][INFO] - Epoch 135: duration loss = 0.289 | prior loss = 1.206 | diffusion loss = 0.149

[2026-07-13 04:40:52,238][root][INFO] - Epoch 136: duration loss = 0.289 | prior loss = 1.206 | diffusion loss = 0.150

[2026-07-13 04:42:36,042][root][INFO] - Epoch 137: duration loss = 0.289 | prior loss = 1.206 | diffusion loss = 0.149

[2026-07-13 04:44:20,211][root][INFO] - Epoch 138: duration loss = 0.290 | prior loss = 1.206 | diffusion loss = 0.148

[2026-07-13 04:46:03,890][root][INFO] - Epoch 139: duration loss = 0.289 | prior loss = 1.206 | diffusion loss = 0.148

[2026-07-13 04:47:48,005][root][INFO] - Epoch 140: duration loss = 0.289 | prior loss = 1.206 | diffusion loss = 0.147

[2026-07-13 04:49:31,444][root][INFO] - Epoch 141: duration loss = 0.290 | prior loss = 1.206 | diffusion loss = 0.148

[2026-07-13 04:51:15,765][root][INFO] - Epoch 142: duration loss = 0.290 | prior loss = 1.206 | diffusion loss = 0.147

[2026-07-13 04:53:00,006][root][INFO] - Epoch 143: duration loss = 0.290 | prior loss = 1.206 | diffusion loss = 0.146

[2026-07-13 04:54:43,266][root][INFO] - Epoch 144: duration loss = 0.290 | prior loss = 1.206 | diffusion loss = 0.147

[2026-07-13 04:56:26,867][root][INFO] - Epoch 145: duration loss = 0.289 | prior loss = 1.206 | diffusion loss = 0.149

[2026-07-13 04:58:11,399][root][INFO] - Epoch 146: duration loss = 0.289 | prior loss = 1.206 | diffusion loss = 0.147

[2026-07-13 04:59:54,765][root][INFO] - Epoch 147: duration loss = 0.289 | prior loss = 1.206 | diffusion loss = 0.146

[2026-07-13 05:01:38,387][root][INFO] - Epoch 148: duration loss = 0.289 | prior loss = 1.206 | diffusion loss = 0.147

[2026-07-13 05:03:20,940][root][INFO] - Epoch 149: duration loss = 0.290 | prior loss = 1.206 | diffusion loss = 0.148

[2026-07-13 05:05:06,015][root][INFO] - Epoch 150: duration loss = 0.290 | prior loss = 1.206 | diffusion loss = 0.147

[2026-07-13 05:06:49,937][root][INFO] - Epoch 151: duration loss = 0.289 | prior loss = 1.206 | diffusion loss = 0.149

[2026-07-13 05:08:33,525][root][INFO] - Epoch 152: duration loss = 0.290 | prior loss = 1.206 | diffusion loss = 0.146

[2026-07-13 05:10:16,521][root][INFO] - Epoch 153: duration loss = 0.289 | prior loss = 1.206 | diffusion loss = 0.144

[2026-07-13 05:12:00,773][root][INFO] - Epoch 154: duration loss = 0.290 | prior loss = 1.206 | diffusion loss = 0.147

[2026-07-13 05:13:44,343][root][INFO] - Epoch 155: duration loss = 0.289 | prior loss = 1.206 | diffusion loss = 0.146

[2026-07-13 05:15:22,570][root][INFO] - Epoch 156: duration loss = 0.289 | prior loss = 1.205 | diffusion loss = 0.146

[2026-07-13 05:17:05,257][root][INFO] - Epoch 157: duration loss = 0.289 | prior loss = 1.206 | diffusion loss = 0.146

[2026-07-13 05:18:47,383][root][INFO] - Epoch 158: duration loss = 0.289 | prior loss = 1.206 | diffusion loss = 0.145

[2026-07-13 05:20:30,231][root][INFO] - Epoch 159: duration loss = 0.289 | prior loss = 1.206 | diffusion loss = 0.147

[2026-07-13 05:22:13,185][root][INFO] - Epoch 160: duration loss = 0.290 | prior loss = 1.206 | diffusion loss = 0.147

[2026-07-13 05:23:56,617][root][INFO] - Epoch 161: duration loss = 0.290 | prior loss = 1.206 | diffusion loss = 0.148

[2026-07-13 05:25:38,964][root][INFO] - Epoch 162: duration loss = 0.289 | prior loss = 1.206 | diffusion loss = 0.144

[2026-07-13 05:27:21,639][root][INFO] - Epoch 163: duration loss = 0.289 | prior loss = 1.206 | diffusion loss = 0.145

[2026-07-13 05:29:04,184][root][INFO] - Epoch 164: duration loss = 0.290 | prior loss = 1.206 | diffusion loss = 0.147

[2026-07-13 05:30:47,767][root][INFO] - Epoch 165: duration loss = 0.289 | prior loss = 1.206 | diffusion loss = 0.145

[2026-07-13 05:32:30,244][root][INFO] - Epoch 166: duration loss = 0.290 | prior loss = 1.206 | diffusion loss = 0.142

[2026-07-13 05:34:13,078][root][INFO] - Epoch 167: duration loss = 0.289 | prior loss = 1.206 | diffusion loss = 0.146

[2026-07-13 05:35:55,720][root][INFO] - Epoch 168: duration loss = 0.289 | prior loss = 1.206 | diffusion loss = 0.147

[2026-07-13 05:37:39,009][root][INFO] - Epoch 169: duration loss = 0.289 | prior loss = 1.206 | diffusion loss = 0.146

[2026-07-13 05:39:23,023][root][INFO] - Epoch 170: duration loss = 0.290 | prior loss = 1.206 | diffusion loss = 0.145

[2026-07-13 05:41:05,669][root][INFO] - Epoch 171: duration loss = 0.290 | prior loss = 1.206 | diffusion loss = 0.144

[2026-07-13 05:42:48,402][root][INFO] - Epoch 172: duration loss = 0.290 | prior loss = 1.206 | diffusion loss = 0.146

[2026-07-13 05:44:31,032][root][INFO] - Epoch 173: duration loss = 0.289 | prior loss = 1.206 | diffusion loss = 0.145

[2026-07-13 05:46:12,981][root][INFO] - Epoch 174: duration loss = 0.290 | prior loss = 1.206 | diffusion loss = 0.148

[2026-07-13 05:47:56,294][root][INFO] - Epoch 175: duration loss = 0.289 | prior loss = 1.206 | diffusion loss = 0.147

[2026-07-13 05:49:38,868][root][INFO] - Epoch 176: duration loss = 0.289 | prior loss = 1.206 | diffusion loss = 0.146

[2026-07-13 05:51:22,013][root][INFO] - Epoch 177: duration loss = 0.289 | prior loss = 1.206 | diffusion loss = 0.146

[2026-07-13 05:53:05,143][root][INFO] - Epoch 178: duration loss = 0.289 | prior loss = 1.206 | diffusion loss = 0.145

[2026-07-13 05:54:47,999][root][INFO] - Epoch 179: duration loss = 0.289 | prior loss = 1.206 | diffusion loss = 0.145

[2026-07-13 05:56:30,447][root][INFO] - Epoch 180: duration loss = 0.289 | prior loss = 1.206 | diffusion loss = 0.146

[2026-07-13 05:58:13,382][root][INFO] - Epoch 181: duration loss = 0.289 | prior loss = 1.206 | diffusion loss = 0.143

[2026-07-13 05:59:56,563][root][INFO] - Epoch 182: duration loss = 0.290 | prior loss = 1.206 | diffusion loss = 0.141

[2026-07-13 06:01:39,483][root][INFO] - Epoch 183: duration loss = 0.289 | prior loss = 1.206 | diffusion loss = 0.144

[2026-07-13 06:03:22,491][root][INFO] - Epoch 184: duration loss = 0.290 | prior loss = 1.206 | diffusion loss = 0.142

[2026-07-13 06:05:06,017][root][INFO] - Epoch 185: duration loss = 0.289 | prior loss = 1.206 | diffusion loss = 0.146

[2026-07-13 06:06:50,003][root][INFO] - Epoch 186: duration loss = 0.290 | prior loss = 1.206 | diffusion loss = 0.144

[2026-07-13 06:08:32,552][root][INFO] - Epoch 187: duration loss = 0.289 | prior loss = 1.206 | diffusion loss = 0.146

[2026-07-13 06:10:15,253][root][INFO] - Epoch 188: duration loss = 0.289 | prior loss = 1.205 | diffusion loss = 0.146

[2026-07-13 06:11:57,814][root][INFO] - Epoch 189: duration loss = 0.289 | prior loss = 1.206 | diffusion loss = 0.144

[2026-07-13 06:13:40,933][root][INFO] - Epoch 190: duration loss = 0.290 | prior loss = 1.206 | diffusion loss = 0.145

[2026-07-13 06:15:23,477][root][INFO] - Epoch 191: duration loss = 0.289 | prior loss = 1.206 | diffusion loss = 0.144

[2026-07-13 06:17:06,309][root][INFO] - Epoch 192: duration loss = 0.289 | prior loss = 1.206 | diffusion loss = 0.145

[2026-07-13 06:18:49,769][root][INFO] - Epoch 193: duration loss = 0.289 | prior loss = 1.206 | diffusion loss = 0.141

[2026-07-13 06:20:32,645][root][INFO] - Epoch 194: duration loss = 0.290 | prior loss = 1.206 | diffusion loss = 0.143

[2026-07-13 06:22:16,370][root][INFO] - Epoch 195: duration loss = 0.290 | prior loss = 1.206 | diffusion loss = 0.145

[2026-07-13 06:24:00,927][root][INFO] - Epoch 196: duration loss = 0.289 | prior loss = 1.206 | diffusion loss = 0.142

[2026-07-13 06:25:46,027][root][INFO] - Epoch 197: duration loss = 0.289 | prior loss = 1.206 | diffusion loss = 0.145

[2026-07-13 06:27:30,449][root][INFO] - Epoch 198: duration loss = 0.290 | prior loss = 1.207 | diffusion loss = 0.144

[2026-07-13 06:29:13,582][root][INFO] - Epoch 199: duration loss = 0.289 | prior loss = 1.206 | diffusion loss = 0.143

[2026-07-13 06:30:57,984][root][INFO] - Epoch 200: duration loss = 0.289 | prior loss = 1.206 | diffusion loss = 0.142

[2026-07-13 06:32:42,797][root][INFO] - Epoch 201: duration loss = 0.289 | prior loss = 1.206 | diffusion loss = 0.141

[2026-07-13 06:34:27,370][root][INFO] - Epoch 202: duration loss = 0.290 | prior loss = 1.206 | diffusion loss = 0.143

[2026-07-13 06:36:10,616][root][INFO] - Epoch 203: duration loss = 0.290 | prior loss = 1.206 | diffusion loss = 0.143

[2026-07-13 06:37:54,429][root][INFO] - Epoch 204: duration loss = 0.289 | prior loss = 1.206 | diffusion loss = 0.147

[2026-07-13 06:39:38,486][root][INFO] - Epoch 205: duration loss = 0.290 | prior loss = 1.206 | diffusion loss = 0.144

[2026-07-13 06:41:23,725][root][INFO] - Epoch 206: duration loss = 0.290 | prior loss = 1.206 | diffusion loss = 0.141

[2026-07-13 06:43:07,608][root][INFO] - Epoch 207: duration loss = 0.289 | prior loss = 1.206 | diffusion loss = 0.142

[2026-07-13 06:44:51,069][root][INFO] - Epoch 208: duration loss = 0.289 | prior loss = 1.206 | diffusion loss = 0.143

[2026-07-13 06:46:34,737][root][INFO] - Epoch 209: duration loss = 0.289 | prior loss = 1.206 | diffusion loss = 0.143

[2026-07-13 06:48:18,394][root][INFO] - Epoch 210: duration loss = 0.290 | prior loss = 1.206 | diffusion loss = 0.143

[2026-07-13 06:50:01,807][root][INFO] - Epoch 211: duration loss = 0.289 | prior loss = 1.206 | diffusion loss = 0.143

[2026-07-13 06:51:45,582][root][INFO] - Epoch 212: duration loss = 0.290 | prior loss = 1.207 | diffusion loss = 0.143

[2026-07-13 06:53:28,341][root][INFO] - Epoch 213: duration loss = 0.289 | prior loss = 1.206 | diffusion loss = 0.144

[2026-07-13 06:55:12,210][root][INFO] - Epoch 214: duration loss = 0.290 | prior loss = 1.206 | diffusion loss = 0.141

[2026-07-13 06:56:55,565][root][INFO] - Epoch 215: duration loss = 0.289 | prior loss = 1.206 | diffusion loss = 0.142

[2026-07-13 06:58:39,596][root][INFO] - Epoch 216: duration loss = 0.289 | prior loss = 1.206 | diffusion loss = 0.142

[2026-07-13 07:00:22,747][root][INFO] - Epoch 217: duration loss = 0.290 | prior loss = 1.206 | diffusion loss = 0.143

[2026-07-13 07:02:06,272][root][INFO] - Epoch 218: duration loss = 0.289 | prior loss = 1.207 | diffusion loss = 0.144

[2026-07-13 07:03:48,736][root][INFO] - Epoch 219: duration loss = 0.289 | prior loss = 1.206 | diffusion loss = 0.141

[2026-07-13 07:05:33,468][root][INFO] - Epoch 220: duration loss = 0.289 | prior loss = 1.206 | diffusion loss = 0.144

[2026-07-13 07:07:17,857][root][INFO] - Epoch 221: duration loss = 0.290 | prior loss = 1.206 | diffusion loss = 0.142

[2026-07-13 07:09:00,556][root][INFO] - Epoch 222: duration loss = 0.289 | prior loss = 1.206 | diffusion loss = 0.143

[2026-07-13 07:10:43,733][root][INFO] - Epoch 223: duration loss = 0.290 | prior loss = 1.206 | diffusion loss = 0.144

[2026-07-13 07:12:27,363][root][INFO] - Epoch 224: duration loss = 0.289 | prior loss = 1.206 | diffusion loss = 0.142

[2026-07-13 07:14:11,362][root][INFO] - Epoch 225: duration loss = 0.289 | prior loss = 1.206 | diffusion loss = 0.139

[2026-07-13 07:15:54,664][root][INFO] - Epoch 226: duration loss = 0.290 | prior loss = 1.206 | diffusion loss = 0.140

[2026-07-13 07:17:38,235][root][INFO] - Epoch 227: duration loss = 0.289 | prior loss = 1.206 | diffusion loss = 0.142

[2026-07-13 07:19:21,330][root][INFO] - Epoch 228: duration loss = 0.289 | prior loss = 1.206 | diffusion loss = 0.142

[2026-07-13 07:21:03,560][root][INFO] - Epoch 229: duration loss = 0.289 | prior loss = 1.206 | diffusion loss = 0.142

[2026-07-13 07:22:47,234][root][INFO] - Epoch 230: duration loss = 0.289 | prior loss = 1.206 | diffusion loss = 0.143

[2026-07-13 07:24:30,043][root][INFO] - Epoch 231: duration loss = 0.289 | prior loss = 1.206 | diffusion loss = 0.144

[2026-07-13 07:26:12,359][root][INFO] - Epoch 232: duration loss = 0.289 | prior loss = 1.206 | diffusion loss = 0.144

[2026-07-13 07:27:55,333][root][INFO] - Epoch 233: duration loss = 0.289 | prior loss = 1.206 | diffusion loss = 0.142

[2026-07-13 07:29:37,660][root][INFO] - Epoch 234: duration loss = 0.289 | prior loss = 1.206 | diffusion loss = 0.143

[2026-07-13 07:31:20,102][root][INFO] - Epoch 235: duration loss = 0.290 | prior loss = 1.206 | diffusion loss = 0.142

[2026-07-13 07:33:01,778][root][INFO] - Epoch 236: duration loss = 0.289 | prior loss = 1.206 | diffusion loss = 0.145

[2026-07-13 07:34:44,267][root][INFO] - Epoch 237: duration loss = 0.290 | prior loss = 1.206 | diffusion loss = 0.142

[2026-07-13 07:36:27,222][root][INFO] - Epoch 238: duration loss = 0.290 | prior loss = 1.206 | diffusion loss = 0.145

[2026-07-13 07:38:09,968][root][INFO] - Epoch 239: duration loss = 0.289 | prior loss = 1.206 | diffusion loss = 0.141

[2026-07-13 07:39:52,716][root][INFO] - Epoch 240: duration loss = 0.290 | prior loss = 1.206 | diffusion loss = 0.142

[2026-07-13 07:41:35,278][root][INFO] - Epoch 241: duration loss = 0.289 | prior loss = 1.206 | diffusion loss = 0.143

[2026-07-13 07:43:17,548][root][INFO] - Epoch 242: duration loss = 0.289 | prior loss = 1.206 | diffusion loss = 0.140

[2026-07-13 07:44:59,314][root][INFO] - Epoch 243: duration loss = 0.290 | prior loss = 1.206 | diffusion loss = 0.140

[2026-07-13 07:46:41,293][root][INFO] - Epoch 244: duration loss = 0.289 | prior loss = 1.206 | diffusion loss = 0.141

[2026-07-13 07:48:23,924][root][INFO] - Epoch 245: duration loss = 0.289 | prior loss = 1.206 | diffusion loss = 0.141

[2026-07-13 07:50:06,800][root][INFO] - Epoch 246: duration loss = 0.289 | prior loss = 1.206 | diffusion loss = 0.142

[2026-07-13 07:51:48,776][root][INFO] - Epoch 247: duration loss = 0.289 | prior loss = 1.206 | diffusion loss = 0.141

[2026-07-13 07:53:31,599][root][INFO] - Epoch 248: duration loss = 0.289 | prior loss = 1.206 | diffusion loss = 0.142

[2026-07-13 07:55:13,442][root][INFO] - Epoch 249: duration loss = 0.289 | prior loss = 1.206 | diffusion loss = 0.141

[2026-07-13 07:56:56,274][root][INFO] - Epoch 250: duration loss = 0.289 | prior loss = 1.206 | diffusion loss = 0.141

[2026-07-13 07:58:38,767][root][INFO] - Epoch 251: duration loss = 0.289 | prior loss = 1.206 | diffusion loss = 0.141

[2026-07-13 08:00:21,838][root][INFO] - Epoch 252: duration loss = 0.289 | prior loss = 1.206 | diffusion loss = 0.144

[2026-07-13 08:02:04,891][root][INFO] - Epoch 253: duration loss = 0.289 | prior loss = 1.206 | diffusion loss = 0.143

[2026-07-13 08:03:46,374][root][INFO] - Epoch 254: duration loss = 0.289 | prior loss = 1.206 | diffusion loss = 0.141

[2026-07-13 08:05:29,509][root][INFO] - Epoch 255: duration loss = 0.289 | prior loss = 1.206 | diffusion loss = 0.141

[2026-07-13 08:07:12,795][root][INFO] - Epoch 256: duration loss = 0.289 | prior loss = 1.206 | diffusion loss = 0.142

[2026-07-13 08:08:55,222][root][INFO] - Epoch 257: duration loss = 0.289 | prior loss = 1.206 | diffusion loss = 0.141

[2026-07-13 08:10:38,096][root][INFO] - Epoch 258: duration loss = 0.290 | prior loss = 1.206 | diffusion loss = 0.141

[2026-07-13 08:12:20,896][root][INFO] - Epoch 259: duration loss = 0.290 | prior loss = 1.206 | diffusion loss = 0.143

[2026-07-13 08:14:02,580][root][INFO] - Epoch 260: duration loss = 0.289 | prior loss = 1.206 | diffusion loss = 0.141

[2026-07-13 08:15:45,102][root][INFO] - Epoch 261: duration loss = 0.289 | prior loss = 1.206 | diffusion loss = 0.140

[2026-07-13 08:17:28,319][root][INFO] - Epoch 262: duration loss = 0.289 | prior loss = 1.206 | diffusion loss = 0.139

[2026-07-13 08:19:09,833][root][INFO] - Epoch 263: duration loss = 0.289 | prior loss = 1.206 | diffusion loss = 0.143

[2026-07-13 08:20:52,585][root][INFO] - Epoch 264: duration loss = 0.289 | prior loss = 1.206 | diffusion loss = 0.142

[2026-07-13 08:22:34,752][root][INFO] - Epoch 265: duration loss = 0.289 | prior loss = 1.206 | diffusion loss = 0.140

[2026-07-13 08:24:17,882][root][INFO] - Epoch 266: duration loss = 0.290 | prior loss = 1.206 | diffusion loss = 0.140

[2026-07-13 08:25:59,794][root][INFO] - Epoch 267: duration loss = 0.290 | prior loss = 1.206 | diffusion loss = 0.139

[2026-07-13 08:27:42,191][root][INFO] - Epoch 268: duration loss = 0.290 | prior loss = 1.206 | diffusion loss = 0.141

[2026-07-13 08:29:24,882][root][INFO] - Epoch 269: duration loss = 0.290 | prior loss = 1.207 | diffusion loss = 0.138

[2026-07-13 08:31:05,332][root][INFO] - Epoch 270: duration loss = 0.290 | prior loss = 1.206 | diffusion loss = 0.141

[2026-07-13 08:32:48,550][root][INFO] - Epoch 271: duration loss = 0.290 | prior loss = 1.206 | diffusion loss = 0.143

[2026-07-13 08:34:30,995][root][INFO] - Epoch 272: duration loss = 0.289 | prior loss = 1.206 | diffusion loss = 0.141

[2026-07-13 08:36:13,428][root][INFO] - Epoch 273: duration loss = 0.289 | prior loss = 1.206 | diffusion loss = 0.144

[2026-07-13 08:37:56,500][root][INFO] - Epoch 274: duration loss = 0.289 | prior loss = 1.206 | diffusion loss = 0.143

[2026-07-13 08:39:39,307][root][INFO] - Epoch 275: duration loss = 0.289 | prior loss = 1.206 | diffusion loss = 0.139

[2026-07-13 08:41:22,806][root][INFO] - Epoch 276: duration loss = 0.289 | prior loss = 1.206 | diffusion loss = 0.142

[2026-07-13 08:43:05,453][root][INFO] - Epoch 277: duration loss = 0.289 | prior loss = 1.206 | diffusion loss = 0.138

[2026-07-13 08:44:47,598][root][INFO] - Epoch 278: duration loss = 0.289 | prior loss = 1.206 | diffusion loss = 0.141

[2026-07-13 08:46:30,005][root][INFO] - Epoch 279: duration loss = 0.289 | prior loss = 1.206 | diffusion loss = 0.142

[2026-07-13 08:48:12,705][root][INFO] - Epoch 280: duration loss = 0.289 | prior loss = 1.206 | diffusion loss = 0.140

[2026-07-13 08:49:54,968][root][INFO] - Epoch 281: duration loss = 0.289 | prior loss = 1.206 | diffusion loss = 0.142

[2026-07-13 08:51:37,719][root][INFO] - Epoch 282: duration loss = 0.290 | prior loss = 1.206 | diffusion loss = 0.141

[2026-07-13 08:53:20,033][root][INFO] - Epoch 283: duration loss = 0.289 | prior loss = 1.206 | diffusion loss = 0.139

[2026-07-13 08:55:02,809][root][INFO] - Epoch 284: duration loss = 0.290 | prior loss = 1.206 | diffusion loss = 0.141

[2026-07-13 08:56:45,397][root][INFO] - Epoch 285: duration loss = 0.289 | prior loss = 1.206 | diffusion loss = 0.141

[2026-07-13 08:58:28,486][root][INFO] - Epoch 286: duration loss = 0.289 | prior loss = 1.206 | diffusion loss = 0.139

[2026-07-13 09:00:11,167][root][INFO] - Epoch 287: duration loss = 0.290 | prior loss = 1.206 | diffusion loss = 0.139

[2026-07-13 09:01:53,698][root][INFO] - Epoch 288: duration loss = 0.290 | prior loss = 1.206 | diffusion loss = 0.140

[2026-07-13 09:03:36,270][root][INFO] - Epoch 289: duration loss = 0.289 | prior loss = 1.206 | diffusion loss = 0.142

[2026-07-13 09:05:18,656][root][INFO] - Epoch 290: duration loss = 0.290 | prior loss = 1.206 | diffusion loss = 0.138

[2026-07-13 09:07:01,330][root][INFO] - Epoch 291: duration loss = 0.289 | prior loss = 1.206 | diffusion loss = 0.139

[2026-07-13 09:08:44,319][root][INFO] - Epoch 292: duration loss = 0.289 | prior loss = 1.206 | diffusion loss = 0.140

[2026-07-13 09:10:27,527][root][INFO] - Epoch 293: duration loss = 0.290 | prior loss = 1.206 | diffusion loss = 0.140

[2026-07-13 09:12:03,509][root][INFO] - Epoch 294: duration loss = 0.290 | prior loss = 1.206 | diffusion loss = 0.140

[2026-07-13 09:13:42,142][root][INFO] - Epoch 295: duration loss = 0.289 | prior loss = 1.206 | diffusion loss = 0.141

[2026-07-13 09:15:24,719][root][INFO] - Epoch 296: duration loss = 0.289 | prior loss = 1.206 | diffusion loss = 0.140

[2026-07-13 09:17:07,443][root][INFO] - Epoch 297: duration loss = 0.289 | prior loss = 1.206 | diffusion loss = 0.140

[2026-07-13 09:18:50,396][root][INFO] - Epoch 298: duration loss = 0.289 | prior loss = 1.206 | diffusion loss = 0.138

[2026-07-13 09:20:32,558][root][INFO] - Epoch 299: duration loss = 0.289 | prior loss = 1.206 | diffusion loss = 0.138

[2026-07-13 09:22:16,102][root][INFO] - Epoch 300: duration loss = 0.289 | prior loss = 1.206 | diffusion loss = 0.139

[2026-07-13 09:23:58,338][root][INFO] - Epoch 301: duration loss = 0.290 | prior loss = 1.206 | diffusion loss = 0.141

[2026-07-13 09:25:41,146][root][INFO] - Epoch 302: duration loss = 0.289 | prior loss = 1.206 | diffusion loss = 0.138

[2026-07-13 09:27:22,523][root][INFO] - Epoch 303: duration loss = 0.289 | prior loss = 1.206 | diffusion loss = 0.138

[2026-07-13 09:29:06,263][root][INFO] - Epoch 304: duration loss = 0.289 | prior loss = 1.206 | diffusion loss = 0.140

[2026-07-13 09:30:49,059][root][INFO] - Epoch 305: duration loss = 0.290 | prior loss = 1.206 | diffusion loss = 0.141

[2026-07-13 09:32:31,157][root][INFO] - Epoch 306: duration loss = 0.290 | prior loss = 1.206 | diffusion loss = 0.140

[2026-07-13 09:34:14,243][root][INFO] - Epoch 307: duration loss = 0.290 | prior loss = 1.206 | diffusion loss = 0.138

[2026-07-13 09:35:57,400][root][INFO] - Epoch 308: duration loss = 0.289 | prior loss = 1.206 | diffusion loss = 0.141

[2026-07-13 09:37:39,693][root][INFO] - Epoch 309: duration loss = 0.289 | prior loss = 1.206 | diffusion loss = 0.138

[2026-07-13 09:39:23,049][root][INFO] - Epoch 310: duration loss = 0.289 | prior loss = 1.206 | diffusion loss = 0.137

[2026-07-13 09:41:06,278][root][INFO] - Epoch 311: duration loss = 0.290 | prior loss = 1.206 | diffusion loss = 0.141

[2026-07-13 09:42:48,649][root][INFO] - Epoch 312: duration loss = 0.290 | prior loss = 1.206 | diffusion loss = 0.142

[2026-07-13 09:44:32,872][root][INFO] - Epoch 313: duration loss = 0.290 | prior loss = 1.206 | diffusion loss = 0.140

[2026-07-13 09:46:15,815][root][INFO] - Epoch 314: duration loss = 0.289 | prior loss = 1.206 | diffusion loss = 0.140

[2026-07-13 09:47:59,560][root][INFO] - Epoch 315: duration loss = 0.289 | prior loss = 1.206 | diffusion loss = 0.139

[2026-07-13 09:49:43,776][root][INFO] - Epoch 316: duration loss = 0.290 | prior loss = 1.206 | diffusion loss = 0.139

[2026-07-13 09:51:27,096][root][INFO] - Epoch 317: duration loss = 0.289 | prior loss = 1.206 | diffusion loss = 0.139

[2026-07-13 09:53:09,854][root][INFO] - Epoch 318: duration loss = 0.289 | prior loss = 1.206 | diffusion loss = 0.140

[2026-07-13 09:54:53,231][root][INFO] - Epoch 319: duration loss = 0.290 | prior loss = 1.206 | diffusion loss = 0.141

[2026-07-13 09:56:36,769][root][INFO] - Epoch 320: duration loss = 0.290 | prior loss = 1.206 | diffusion loss = 0.139

[2026-07-13 09:58:20,286][root][INFO] - Epoch 321: duration loss = 0.290 | prior loss = 1.206 | diffusion loss = 0.137

[2026-07-13 10:00:03,176][root][INFO] - Epoch 322: duration loss = 0.290 | prior loss = 1.206 | diffusion loss = 0.138

[2026-07-13 10:01:46,504][root][INFO] - Epoch 323: duration loss = 0.289 | prior loss = 1.206 | diffusion loss = 0.140

[2026-07-13 10:03:32,881][root][INFO] - Epoch 324: duration loss = 0.289 | prior loss = 1.206 | diffusion loss = 0.140

[2026-07-13 10:05:16,203][root][INFO] - Epoch 325: duration loss = 0.290 | prior loss = 1.206 | diffusion loss = 0.139

[2026-07-13 10:06:59,051][root][INFO] - Epoch 326: duration loss = 0.289 | prior loss = 1.206 | diffusion loss = 0.139

[2026-07-13 10:08:41,997][root][INFO] - Epoch 327: duration loss = 0.289 | prior loss = 1.206 | diffusion loss = 0.140

[2026-07-13 10:10:25,644][root][INFO] - Epoch 328: duration loss = 0.289 | prior loss = 1.207 | diffusion loss = 0.140

[2026-07-13 10:12:08,276][root][INFO] - Epoch 329: duration loss = 0.289 | prior loss = 1.206 | diffusion loss = 0.140

[2026-07-13 10:13:52,764][root][INFO] - Epoch 330: duration loss = 0.289 | prior loss = 1.206 | diffusion loss = 0.139

[2026-07-13 10:15:35,422][root][INFO] - Epoch 331: duration loss = 0.290 | prior loss = 1.206 | diffusion loss = 0.139

[2026-07-13 10:17:18,225][root][INFO] - Epoch 332: duration loss = 0.290 | prior loss = 1.206 | diffusion loss = 0.138

[2026-07-13 10:19:01,295][root][INFO] - Epoch 333: duration loss = 0.289 | prior loss = 1.206 | diffusion loss = 0.140

[2026-07-13 10:20:45,252][root][INFO] - Epoch 334: duration loss = 0.289 | prior loss = 1.205 | diffusion loss = 0.140

[2026-07-13 10:22:29,066][root][INFO] - Epoch 335: duration loss = 0.289 | prior loss = 1.206 | diffusion loss = 0.137

[2026-07-13 10:24:11,795][root][INFO] - Epoch 336: duration loss = 0.289 | prior loss = 1.206 | diffusion loss = 0.140

[2026-07-13 10:25:55,673][root][INFO] - Epoch 337: duration loss = 0.289 | prior loss = 1.206 | diffusion loss = 0.136

[2026-07-13 10:27:38,151][root][INFO] - Epoch 338: duration loss = 0.289 | prior loss = 1.206 | diffusion loss = 0.139

[2026-07-13 10:29:21,793][root][INFO] - Epoch 339: duration loss = 0.289 | prior loss = 1.206 | diffusion loss = 0.138

[2026-07-13 10:31:05,000][root][INFO] - Epoch 340: duration loss = 0.290 | prior loss = 1.206 | diffusion loss = 0.136

[2026-07-13 10:32:49,307][root][INFO] - Epoch 341: duration loss = 0.289 | prior loss = 1.206 | diffusion loss = 0.140

[2026-07-13 10:34:31,456][root][INFO] - Epoch 342: duration loss = 0.289 | prior loss = 1.206 | diffusion loss = 0.140

[2026-07-13 10:36:14,647][root][INFO] - Epoch 343: duration loss = 0.290 | prior loss = 1.207 | diffusion loss = 0.140

[2026-07-13 10:37:58,904][root][INFO] - Epoch 344: duration loss = 0.289 | prior loss = 1.206 | diffusion loss = 0.139

[2026-07-13 10:39:40,924][root][INFO] - Epoch 345: duration loss = 0.289 | prior loss = 1.206 | diffusion loss = 0.141

[2026-07-13 10:41:24,397][root][INFO] - Epoch 346: duration loss = 0.290 | prior loss = 1.206 | diffusion loss = 0.140

[2026-07-13 10:43:07,312][root][INFO] - Epoch 347: duration loss = 0.289 | prior loss = 1.206 | diffusion loss = 0.137

[2026-07-13 10:44:50,343][root][INFO] - Epoch 348: duration loss = 0.289 | prior loss = 1.206 | diffusion loss = 0.139

[2026-07-13 10:46:34,555][root][INFO] - Epoch 349: duration loss = 0.289 | prior loss = 1.206 | diffusion loss = 0.139

[2026-07-13 10:48:18,713][root][INFO] - Epoch 350: duration loss = 0.290 | prior loss = 1.206 | diffusion loss = 0.139

[2026-07-13 10:50:02,061][root][INFO] - Epoch 351: duration loss = 0.289 | prior loss = 1.206 | diffusion loss = 0.138

[2026-07-13 10:51:44,690][root][INFO] - Epoch 352: duration loss = 0.290 | prior loss = 1.205 | diffusion loss = 0.140

[2026-07-13 10:53:28,381][root][INFO] - Epoch 353: duration loss = 0.290 | prior loss = 1.206 | diffusion loss = 0.138

[2026-07-13 10:55:11,601][root][INFO] - Epoch 354: duration loss = 0.290 | prior loss = 1.206 | diffusion loss = 0.138

[2026-07-13 10:56:54,576][root][INFO] - Epoch 355: duration loss = 0.289 | prior loss = 1.206 | diffusion loss = 0.139

[2026-07-13 10:58:38,394][root][INFO] - Epoch 356: duration loss = 0.289 | prior loss = 1.206 | diffusion loss = 0.139

[2026-07-13 11:00:21,590][root][INFO] - Epoch 357: duration loss = 0.289 | prior loss = 1.206 | diffusion loss = 0.139

[2026-07-13 11:02:04,530][root][INFO] - Epoch 358: duration loss = 0.289 | prior loss = 1.206 | diffusion loss = 0.139

[2026-07-13 11:03:47,571][root][INFO] - Epoch 359: duration loss = 0.290 | prior loss = 1.206 | diffusion loss = 0.139

[2026-07-13 11:05:30,762][root][INFO] - Epoch 360: duration loss = 0.289 | prior loss = 1.206 | diffusion loss = 0.138

[2026-07-13 11:07:14,231][root][INFO] - Epoch 361: duration loss = 0.289 | prior loss = 1.207 | diffusion loss = 0.140

[2026-07-13 11:08:57,150][root][INFO] - Epoch 362: duration loss = 0.289 | prior loss = 1.206 | diffusion loss = 0.139

[2026-07-13 11:10:40,652][root][INFO] - Epoch 363: duration loss = 0.289 | prior loss = 1.206 | diffusion loss = 0.139

[2026-07-13 11:12:23,867][root][INFO] - Epoch 364: duration loss = 0.289 | prior loss = 1.206 | diffusion loss = 0.139

[2026-07-13 11:14:06,247][root][INFO] - Epoch 365: duration loss = 0.289 | prior loss = 1.206 | diffusion loss = 0.138

[2026-07-13 11:15:50,137][root][INFO] - Epoch 366: duration loss = 0.290 | prior loss = 1.206 | diffusion loss = 0.138

[2026-07-13 11:17:34,566][root][INFO] - Epoch 367: duration loss = 0.290 | prior loss = 1.206 | diffusion loss = 0.139

[2026-07-13 11:19:17,267][root][INFO] - Epoch 368: duration loss = 0.289 | prior loss = 1.206 | diffusion loss = 0.140

[2026-07-13 11:21:05,398][root][INFO] - Epoch 369: duration loss = 0.289 | prior loss = 1.206 | diffusion loss = 0.139

[2026-07-13 11:22:49,015][root][INFO] - Epoch 370: duration loss = 0.290 | prior loss = 1.206 | diffusion loss = 0.140

[2026-07-13 11:24:32,259][root][INFO] - Epoch 371: duration loss = 0.289 | prior loss = 1.206 | diffusion loss = 0.138

[2026-07-13 11:26:15,608][root][INFO] - Epoch 372: duration loss = 0.289 | prior loss = 1.206 | diffusion loss = 0.137

[2026-07-13 11:27:59,070][root][INFO] - Epoch 373: duration loss = 0.289 | prior loss = 1.206 | diffusion loss = 0.139

[2026-07-13 11:29:41,942][root][INFO] - Epoch 374: duration loss = 0.289 | prior loss = 1.206 | diffusion loss = 0.140

[2026-07-13 11:31:26,049][root][INFO] - Epoch 375: duration loss = 0.290 | prior loss = 1.206 | diffusion loss = 0.137

[2026-07-13 11:33:08,793][root][INFO] - Epoch 376: duration loss = 0.289 | prior loss = 1.206 | diffusion loss = 0.141

[2026-07-13 11:34:51,728][root][INFO] - Epoch 377: duration loss = 0.289 | prior loss = 1.206 | diffusion loss = 0.137

[2026-07-13 11:36:34,897][root][INFO] - Epoch 378: duration loss = 0.290 | prior loss = 1.206 | diffusion loss = 0.142

[2026-07-13 11:38:18,662][root][INFO] - Epoch 379: duration loss = 0.290 | prior loss = 1.206 | diffusion loss = 0.138

[2026-07-13 11:40:01,894][root][INFO] - Epoch 380: duration loss = 0.290 | prior loss = 1.206 | diffusion loss = 0.141

[2026-07-13 11:41:45,715][root][INFO] - Epoch 381: duration loss = 0.290 | prior loss = 1.206 | diffusion loss = 0.138

[2026-07-13 11:43:29,111][root][INFO] - Epoch 382: duration loss = 0.289 | prior loss = 1.206 | diffusion loss = 0.139

[2026-07-13 11:45:11,851][root][INFO] - Epoch 383: duration loss = 0.289 | prior loss = 1.206 | diffusion loss = 0.138

[2026-07-13 11:46:55,313][root][INFO] - Epoch 384: duration loss = 0.289 | prior loss = 1.206 | diffusion loss = 0.139

[2026-07-13 11:48:38,577][root][INFO] - Epoch 385: duration loss = 0.289 | prior loss = 1.206 | diffusion loss = 0.139

[2026-07-13 11:50:22,120][root][INFO] - Epoch 386: duration loss = 0.290 | prior loss = 1.206 | diffusion loss = 0.140

[2026-07-13 11:52:06,317][root][INFO] - Epoch 387: duration loss = 0.289 | prior loss = 1.206 | diffusion loss = 0.141

[2026-07-13 11:53:49,344][root][INFO] - Epoch 388: duration loss = 0.289 | prior loss = 1.206 | diffusion loss = 0.137

[2026-07-13 11:55:31,504][root][INFO] - Epoch 389: duration loss = 0.289 | prior loss = 1.206 | diffusion loss = 0.137

[2026-07-13 11:57:14,264][root][INFO] - Epoch 390: duration loss = 0.289 | prior loss = 1.206 | diffusion loss = 0.137

[2026-07-13 11:58:57,161][root][INFO] - Epoch 391: duration loss = 0.289 | prior loss = 1.206 | diffusion loss = 0.139

[2026-07-13 12:00:41,358][root][INFO] - Epoch 392: duration loss = 0.289 | prior loss = 1.206 | diffusion loss = 0.137

[2026-07-13 12:02:24,967][root][INFO] - Epoch 393: duration loss = 0.289 | prior loss = 1.206 | diffusion loss = 0.136

[2026-07-13 12:04:08,190][root][INFO] - Epoch 394: duration loss = 0.289 | prior loss = 1.206 | diffusion loss = 0.137

[2026-07-13 12:05:51,013][root][INFO] - Epoch 395: duration loss = 0.289 | prior loss = 1.206 | diffusion loss = 0.137

[2026-07-13 12:07:34,891][root][INFO] - Epoch 396: duration loss = 0.289 | prior loss = 1.206 | diffusion loss = 0.140

[2026-07-13 12:09:18,481][root][INFO] - Epoch 397: duration loss = 0.290 | prior loss = 1.206 | diffusion loss = 0.136

[2026-07-13 12:11:01,603][root][INFO] - Epoch 398: duration loss = 0.290 | prior loss = 1.206 | diffusion loss = 0.137

[2026-07-13 12:12:45,501][root][INFO] - Epoch 399: duration loss = 0.290 | prior loss = 1.207 | diffusion loss = 0.138

[2026-07-13 12:14:28,649][root][INFO] - Epoch 400: duration loss = 0.289 | prior loss = 1.206 | diffusion loss = 0.138

[2026-07-13 12:16:10,478][root][INFO] - Epoch 401: duration loss = 0.290 | prior loss = 1.206 | diffusion loss = 0.136

[2026-07-13 12:17:54,330][root][INFO] - Epoch 402: duration loss = 0.289 | prior loss = 1.206 | diffusion loss = 0.139

[2026-07-13 12:19:38,340][root][INFO] - Epoch 403: duration loss = 0.290 | prior loss = 1.206 | diffusion loss = 0.137

[2026-07-13 12:21:21,388][root][INFO] - Epoch 404: duration loss = 0.290 | prior loss = 1.206 | diffusion loss = 0.138

[2026-07-13 12:23:04,921][root][INFO] - Epoch 405: duration loss = 0.290 | prior loss = 1.206 | diffusion loss = 0.139

[2026-07-13 12:24:48,335][root][INFO] - Epoch 406: duration loss = 0.289 | prior loss = 1.206 | diffusion loss = 0.136

[2026-07-13 12:26:32,013][root][INFO] - Epoch 407: duration loss = 0.289 | prior loss = 1.206 | diffusion loss = 0.138

[2026-07-13 12:28:15,524][root][INFO] - Epoch 408: duration loss = 0.290 | prior loss = 1.206 | diffusion loss = 0.139

[2026-07-13 12:29:58,951][root][INFO] - Epoch 409: duration loss = 0.290 | prior loss = 1.206 | diffusion loss = 0.137

[2026-07-13 12:31:43,142][root][INFO] - Epoch 410: duration loss = 0.290 | prior loss = 1.206 | diffusion loss = 0.139

[2026-07-13 12:33:25,846][root][INFO] - Epoch 411: duration loss = 0.290 | prior loss = 1.206 | diffusion loss = 0.138

[2026-07-13 12:35:09,562][root][INFO] - Epoch 412: duration loss = 0.290 | prior loss = 1.206 | diffusion loss = 0.138

[2026-07-13 12:36:53,016][root][INFO] - Epoch 413: duration loss = 0.289 | prior loss = 1.206 | diffusion loss = 0.138

[2026-07-13 12:38:34,743][root][INFO] - Epoch 414: duration loss = 0.290 | prior loss = 1.206 | diffusion loss = 0.139

[2026-07-13 12:40:17,612][root][INFO] - Epoch 415: duration loss = 0.289 | prior loss = 1.206 | diffusion loss = 0.138

[2026-07-13 12:42:00,183][root][INFO] - Epoch 416: duration loss = 0.289 | prior loss = 1.205 | diffusion loss = 0.137

[2026-07-13 12:43:43,602][root][INFO] - Epoch 417: duration loss = 0.290 | prior loss = 1.205 | diffusion loss = 0.136

[2026-07-13 12:45:26,262][root][INFO] - Epoch 418: duration loss = 0.290 | prior loss = 1.206 | diffusion loss = 0.137

[2026-07-13 12:47:09,300][root][INFO] - Epoch 419: duration loss = 0.289 | prior loss = 1.206 | diffusion loss = 0.137

[2026-07-13 12:48:52,483][root][INFO] - Epoch 420: duration loss = 0.290 | prior loss = 1.206 | diffusion loss = 0.139

[2026-07-13 12:50:35,128][root][INFO] - Epoch 421: duration loss = 0.289 | prior loss = 1.206 | diffusion loss = 0.137

[2026-07-13 12:52:17,731][root][INFO] - Epoch 422: duration loss = 0.289 | prior loss = 1.206 | diffusion loss = 0.137

[2026-07-13 12:54:00,789][root][INFO] - Epoch 423: duration loss = 0.289 | prior loss = 1.206 | diffusion loss = 0.139

[2026-07-13 12:55:44,576][root][INFO] - Epoch 424: duration loss = 0.290 | prior loss = 1.206 | diffusion loss = 0.137

[2026-07-13 12:57:27,404][root][INFO] - Epoch 425: duration loss = 0.289 | prior loss = 1.206 | diffusion loss = 0.139

[2026-07-13 12:59:10,019][root][INFO] - Epoch 426: duration loss = 0.289 | prior loss = 1.206 | diffusion loss = 0.137

[2026-07-13 13:00:51,893][root][INFO] - Epoch 427: duration loss = 0.289 | prior loss = 1.206 | diffusion loss = 0.138

[2026-07-13 13:02:34,487][root][INFO] - Epoch 428: duration loss = 0.289 | prior loss = 1.206 | diffusion loss = 0.138

[2026-07-13 13:04:06,786][root][INFO] - Epoch 429: duration loss = 0.289 | prior loss = 1.206 | diffusion loss = 0.138

[2026-07-13 13:05:38,333][root][INFO] - Epoch 430: duration loss = 0.290 | prior loss = 1.206 | diffusion loss = 0.136

[2026-07-13 13:07:09,617][root][INFO] - Epoch 431: duration loss = 0.289 | prior loss = 1.206 | diffusion loss = 0.137

[2026-07-13 13:08:41,967][root][INFO] - Epoch 432: duration loss = 0.289 | prior loss = 1.206 | diffusion loss = 0.140

[2026-07-13 13:10:14,310][root][INFO] - Epoch 433: duration loss = 0.289 | prior loss = 1.206 | diffusion loss = 0.137

[2026-07-13 13:11:44,993][root][INFO] - Epoch 434: duration loss = 0.290 | prior loss = 1.206 | diffusion loss = 0.139

[2026-07-13 13:13:16,616][root][INFO] - Epoch 435: duration loss = 0.289 | prior loss = 1.206 | diffusion loss = 0.138

[2026-07-13 13:14:48,459][root][INFO] - Epoch 436: duration loss = 0.290 | prior loss = 1.206 | diffusion loss = 0.137

[2026-07-13 13:16:19,165][root][INFO] - Epoch 437: duration loss = 0.290 | prior loss = 1.206 | diffusion loss = 0.137

[2026-07-13 13:17:50,413][root][INFO] - Epoch 438: duration loss = 0.289 | prior loss = 1.206 | diffusion loss = 0.138

[2026-07-13 13:19:24,635][root][INFO] - Epoch 439: duration loss = 0.289 | prior loss = 1.206 | diffusion loss = 0.136

[2026-07-13 13:20:56,084][root][INFO] - Epoch 440: duration loss = 0.289 | prior loss = 1.206 | diffusion loss = 0.138

[2026-07-13 13:22:26,972][root][INFO] - Epoch 441: duration loss = 0.290 | prior loss = 1.206 | diffusion loss = 0.138

[2026-07-13 13:23:58,157][root][INFO] - Epoch 442: duration loss = 0.289 | prior loss = 1.206 | diffusion loss = 0.135

[2026-07-13 13:25:29,328][root][INFO] - Epoch 443: duration loss = 0.290 | prior loss = 1.206 | diffusion loss = 0.137

[2026-07-13 13:26:59,577][root][INFO] - Epoch 444: duration loss = 0.290 | prior loss = 1.206 | diffusion loss = 0.139

[2026-07-13 13:28:30,101][root][INFO] - Epoch 445: duration loss = 0.290 | prior loss = 1.206 | diffusion loss = 0.137

[2026-07-13 13:30:01,244][root][INFO] - Epoch 446: duration loss = 0.289 | prior loss = 1.206 | diffusion loss = 0.137

[2026-07-13 13:31:32,152][root][INFO] - Epoch 447: duration loss = 0.289 | prior loss = 1.206 | diffusion loss = 0.139

[2026-07-13 13:33:02,894][root][INFO] - Epoch 448: duration loss = 0.289 | prior loss = 1.206 | diffusion loss = 0.135

[2026-07-13 13:34:36,797][root][INFO] - Epoch 449: duration loss = 0.289 | prior loss = 1.206 | diffusion loss = 0.135

[2026-07-13 13:36:07,674][root][INFO] - Epoch 450: duration loss = 0.289 | prior loss = 1.206 | diffusion loss = 0.136

[2026-07-13 13:37:39,302][root][INFO] - Epoch 451: duration loss = 0.289 | prior loss = 1.206 | diffusion loss = 0.137

[2026-07-13 13:39:10,466][root][INFO] - Epoch 452: duration loss = 0.290 | prior loss = 1.206 | diffusion loss = 0.139

[2026-07-13 13:40:41,239][root][INFO] - Epoch 453: duration loss = 0.290 | prior loss = 1.206 | diffusion loss = 0.138

[2026-07-13 13:42:11,955][root][INFO] - Epoch 454: duration loss = 0.290 | prior loss = 1.206 | diffusion loss = 0.137

[2026-07-13 13:43:42,642][root][INFO] - Epoch 455: duration loss = 0.289 | prior loss = 1.206 | diffusion loss = 0.137

[2026-07-13 13:45:13,634][root][INFO] - Epoch 456: duration loss = 0.289 | prior loss = 1.206 | diffusion loss = 0.136

[2026-07-13 13:46:44,625][root][INFO] - Epoch 457: duration loss = 0.289 | prior loss = 1.206 | diffusion loss = 0.138

[2026-07-13 13:48:15,732][root][INFO] - Epoch 458: duration loss = 0.290 | prior loss = 1.206 | diffusion loss = 0.138

[2026-07-13 13:49:46,636][root][INFO] - Epoch 459: duration loss = 0.289 | prior loss = 1.206 | diffusion loss = 0.137

[2026-07-13 13:51:17,705][root][INFO] - Epoch 460: duration loss = 0.290 | prior loss = 1.206 | diffusion loss = 0.137

[2026-07-13 13:52:49,384][root][INFO] - Epoch 461: duration loss = 0.290 | prior loss = 1.207 | diffusion loss = 0.137

[2026-07-13 13:54:20,443][root][INFO] - Epoch 462: duration loss = 0.290 | prior loss = 1.206 | diffusion loss = 0.137

[2026-07-13 13:55:51,005][root][INFO] - Epoch 463: duration loss = 0.289 | prior loss = 1.206 | diffusion loss = 0.137

[2026-07-13 13:57:21,787][root][INFO] - Epoch 464: duration loss = 0.290 | prior loss = 1.206 | diffusion loss = 0.136

[2026-07-13 13:58:53,392][root][INFO] - Epoch 465: duration loss = 0.290 | prior loss = 1.206 | diffusion loss = 0.137

[2026-07-13 14:00:24,816][root][INFO] - Epoch 466: duration loss = 0.290 | prior loss = 1.206 | diffusion loss = 0.136

[2026-07-13 14:01:55,710][root][INFO] - Epoch 467: duration loss = 0.290 | prior loss = 1.206 | diffusion loss = 0.138

[2026-07-13 14:03:26,415][root][INFO] - Epoch 468: duration loss = 0.289 | prior loss = 1.206 | diffusion loss = 0.137

[2026-07-13 14:04:57,655][root][INFO] - Epoch 469: duration loss = 0.290 | prior loss = 1.206 | diffusion loss = 0.137

[2026-07-13 14:06:28,329][root][INFO] - Epoch 470: duration loss = 0.289 | prior loss = 1.206 | diffusion loss = 0.136

[2026-07-13 14:07:59,333][root][INFO] - Epoch 471: duration loss = 0.289 | prior loss = 1.206 | diffusion loss = 0.135

[2026-07-13 14:09:30,341][root][INFO] - Epoch 472: duration loss = 0.290 | prior loss = 1.206 | diffusion loss = 0.137

[2026-07-13 14:11:00,945][root][INFO] - Epoch 473: duration loss = 0.289 | prior loss = 1.206 | diffusion loss = 0.137

[2026-07-13 14:12:32,266][root][INFO] - Epoch 474: duration loss = 0.289 | prior loss = 1.206 | diffusion loss = 0.132

[2026-07-13 14:14:03,104][root][INFO] - Epoch 475: duration loss = 0.289 | prior loss = 1.207 | diffusion loss = 0.137

[2026-07-13 14:15:33,983][root][INFO] - Epoch 476: duration loss = 0.289 | prior loss = 1.206 | diffusion loss = 0.134

[2026-07-13 14:17:05,043][root][INFO] - Epoch 477: duration loss = 0.289 | prior loss = 1.206 | diffusion loss = 0.138

[2026-07-13 14:18:35,886][root][INFO] - Epoch 478: duration loss = 0.290 | prior loss = 1.206 | diffusion loss = 0.137

[2026-07-13 14:20:06,843][root][INFO] - Epoch 479: duration loss = 0.289 | prior loss = 1.206 | diffusion loss = 0.134

[2026-07-13 14:21:37,993][root][INFO] - Epoch 480: duration loss = 0.289 | prior loss = 1.206 | diffusion loss = 0.136

[2026-07-13 14:23:09,189][root][INFO] - Epoch 481: duration loss = 0.289 | prior loss = 1.206 | diffusion loss = 0.138

[2026-07-13 14:24:40,049][root][INFO] - Epoch 482: duration loss = 0.290 | prior loss = 1.206 | diffusion loss = 0.135

[2026-07-13 14:26:12,296][root][INFO] - Epoch 483: duration loss = 0.289 | prior loss = 1.206 | diffusion loss = 0.137

[2026-07-13 14:27:44,367][root][INFO] - Epoch 484: duration loss = 0.289 | prior loss = 1.205 | diffusion loss = 0.135

[2026-07-13 14:29:15,471][root][INFO] - Epoch 485: duration loss = 0.289 | prior loss = 1.206 | diffusion loss = 0.137

[2026-07-13 14:30:46,690][root][INFO] - Epoch 486: duration loss = 0.290 | prior loss = 1.206 | diffusion loss = 0.137

[2026-07-13 14:32:18,095][root][INFO] - Epoch 487: duration loss = 0.289 | prior loss = 1.206 | diffusion loss = 0.137

[2026-07-13 14:33:48,870][root][INFO] - Epoch 488: duration loss = 0.289 | prior loss = 1.206 | diffusion loss = 0.139

[2026-07-13 14:35:19,868][root][INFO] - Epoch 489: duration loss = 0.290 | prior loss = 1.206 | diffusion loss = 0.137

[2026-07-13 14:36:50,929][root][INFO] - Epoch 490: duration loss = 0.289 | prior loss = 1.206 | diffusion loss = 0.135

[2026-07-13 14:38:24,194][root][INFO] - Epoch 491: duration loss = 0.290 | prior loss = 1.206 | diffusion loss = 0.135

[2026-07-13 14:39:56,917][root][INFO] - Epoch 492: duration loss = 0.289 | prior loss = 1.206 | diffusion loss = 0.134

[2026-07-13 14:41:27,535][root][INFO] - Epoch 493: duration loss = 0.290 | prior loss = 1.206 | diffusion loss = 0.135

[2026-07-13 14:42:58,854][root][INFO] - Epoch 494: duration loss = 0.289 | prior loss = 1.206 | diffusion loss = 0.135

[2026-07-13 14:44:29,817][root][INFO] - Epoch 495: duration loss = 0.289 | prior loss = 1.206 | diffusion loss = 0.136

[2026-07-13 14:46:00,648][root][INFO] - Epoch 496: duration loss = 0.289 | prior loss = 1.206 | diffusion loss = 0.137

[2026-07-13 14:47:31,483][root][INFO] - Epoch 497: duration loss = 0.289 | prior loss = 1.206 | diffusion loss = 0.135

[2026-07-13 14:49:02,148][root][INFO] - Epoch 498: duration loss = 0.289 | prior loss = 1.206 | diffusion loss = 0.135

[2026-07-13 14:50:33,366][root][INFO] - Epoch 499: duration loss = 0.289 | prior loss = 1.206 | diffusion loss = 0.135

[2026-07-13 14:52:13,381][root][INFO] - Epoch 500: duration loss = 0.286 | prior loss = 1.204 | diffusion loss = 0.135

[2026-07-13 14:53:53,032][root][INFO] - Epoch 501: duration loss = 0.285 | prior loss = 1.202 | diffusion loss = 0.135

[2026-07-13 14:55:32,521][root][INFO] - Epoch 502: duration loss = 0.284 | prior loss = 1.202 | diffusion loss = 0.136

[2026-07-13 14:57:12,137][root][INFO] - Epoch 503: duration loss = 0.284 | prior loss = 1.201 | diffusion loss = 0.136

[2026-07-13 14:58:51,844][root][INFO] - Epoch 504: duration loss = 0.283 | prior loss = 1.201 | diffusion loss = 0.137

[2026-07-13 15:00:41,219][root][INFO] - Epoch 505: duration loss = 0.282 | prior loss = 1.200 | diffusion loss = 0.138

[2026-07-13 15:02:21,691][root][INFO] - Epoch 506: duration loss = 0.282 | prior loss = 1.200 | diffusion loss = 0.136

[2026-07-13 15:04:00,978][root][INFO] - Epoch 507: duration loss = 0.282 | prior loss = 1.200 | diffusion loss = 0.137

[2026-07-13 15:05:40,598][root][INFO] - Epoch 508: duration loss = 0.282 | prior loss = 1.200 | diffusion loss = 0.134

[2026-07-13 15:07:20,241][root][INFO] - Epoch 509: duration loss = 0.282 | prior loss = 1.200 | diffusion loss = 0.135

[2026-07-13 15:09:00,142][root][INFO] - Epoch 510: duration loss = 0.281 | prior loss = 1.199 | diffusion loss = 0.136

[2026-07-13 15:10:40,021][root][INFO] - Epoch 511: duration loss = 0.281 | prior loss = 1.199 | diffusion loss = 0.136

[2026-07-13 15:12:19,795][root][INFO] - Epoch 512: duration loss = 0.281 | prior loss = 1.199 | diffusion loss = 0.136

[2026-07-13 15:13:59,665][root][INFO] - Epoch 513: duration loss = 0.281 | prior loss = 1.199 | diffusion loss = 0.135

[2026-07-13 15:15:39,318][root][INFO] - Epoch 514: duration loss = 0.281 | prior loss = 1.199 | diffusion loss = 0.133

[2026-07-13 15:17:19,077][root][INFO] - Epoch 515: duration loss = 0.281 | prior loss = 1.199 | diffusion loss = 0.136

[2026-07-13 15:18:58,536][root][INFO] - Epoch 516: duration loss = 0.280 | prior loss = 1.199 | diffusion loss = 0.135

[2026-07-13 15:20:38,070][root][INFO] - Epoch 517: duration loss = 0.281 | prior loss = 1.199 | diffusion loss = 0.134

[2026-07-13 15:22:17,698][root][INFO] - Epoch 518: duration loss = 0.281 | prior loss = 1.198 | diffusion loss = 0.135

[2026-07-13 15:23:57,544][root][INFO] - Epoch 519: duration loss = 0.280 | prior loss = 1.199 | diffusion loss = 0.135

[2026-07-13 15:25:37,578][root][INFO] - Epoch 520: duration loss = 0.280 | prior loss = 1.198 | diffusion loss = 0.134

[2026-07-13 15:27:17,038][root][INFO] - Epoch 521: duration loss = 0.281 | prior loss = 1.198 | diffusion loss = 0.135

[2026-07-13 15:28:56,975][root][INFO] - Epoch 522: duration loss = 0.280 | prior loss = 1.198 | diffusion loss = 0.134

[2026-07-13 15:30:36,871][root][INFO] - Epoch 523: duration loss = 0.280 | prior loss = 1.198 | diffusion loss = 0.135

[2026-07-13 15:32:16,632][root][INFO] - Epoch 524: duration loss = 0.280 | prior loss = 1.198 | diffusion loss = 0.136

[2026-07-13 15:33:56,539][root][INFO] - Epoch 525: duration loss = 0.280 | prior loss = 1.198 | diffusion loss = 0.135

[2026-07-13 15:35:36,183][root][INFO] - Epoch 526: duration loss = 0.280 | prior loss = 1.197 | diffusion loss = 0.133

[2026-07-13 15:37:15,819][root][INFO] - Epoch 527: duration loss = 0.280 | prior loss = 1.198 | diffusion loss = 0.135

[2026-07-13 15:38:55,327][root][INFO] - Epoch 528: duration loss = 0.279 | prior loss = 1.198 | diffusion loss = 0.135

[2026-07-13 15:40:34,933][root][INFO] - Epoch 529: duration loss = 0.280 | prior loss = 1.197 | diffusion loss = 0.132

[2026-07-13 15:42:14,592][root][INFO] - Epoch 530: duration loss = 0.280 | prior loss = 1.198 | diffusion loss = 0.134

[2026-07-13 15:43:54,316][root][INFO] - Epoch 531: duration loss = 0.280 | prior loss = 1.197 | diffusion loss = 0.134

[2026-07-13 15:45:33,963][root][INFO] - Epoch 532: duration loss = 0.280 | prior loss = 1.198 | diffusion loss = 0.134

[2026-07-13 15:47:13,126][root][INFO] - Epoch 533: duration loss = 0.279 | prior loss = 1.198 | diffusion loss = 0.132

[2026-07-13 15:48:52,969][root][INFO] - Epoch 534: duration loss = 0.280 | prior loss = 1.198 | diffusion loss = 0.134

[2026-07-13 15:50:32,068][root][INFO] - Epoch 535: duration loss = 0.279 | prior loss = 1.197 | diffusion loss = 0.134

[2026-07-13 15:52:10,962][root][INFO] - Epoch 536: duration loss = 0.279 | prior loss = 1.197 | diffusion loss = 0.134

[2026-07-13 15:53:50,125][root][INFO] - Epoch 537: duration loss = 0.280 | prior loss = 1.197 | diffusion loss = 0.132

[2026-07-13 15:55:30,144][root][INFO] - Epoch 538: duration loss = 0.279 | prior loss = 1.197 | diffusion loss = 0.133

[2026-07-13 15:57:10,157][root][INFO] - Epoch 539: duration loss = 0.279 | prior loss = 1.197 | diffusion loss = 0.135

[2026-07-13 15:58:50,292][root][INFO] - Epoch 540: duration loss = 0.279 | prior loss = 1.197 | diffusion loss = 0.134

[2026-07-13 16:00:29,921][root][INFO] - Epoch 541: duration loss = 0.279 | prior loss = 1.198 | diffusion loss = 0.133

[2026-07-13 16:02:09,817][root][INFO] - Epoch 542: duration loss = 0.279 | prior loss = 1.197 | diffusion loss = 0.132

[2026-07-13 16:03:48,941][root][INFO] - Epoch 543: duration loss = 0.279 | prior loss = 1.197 | diffusion loss = 0.135

[2026-07-13 16:05:28,454][root][INFO] - Epoch 544: duration loss = 0.279 | prior loss = 1.197 | diffusion loss = 0.135

[2026-07-13 16:07:08,355][root][INFO] - Epoch 545: duration loss = 0.279 | prior loss = 1.197 | diffusion loss = 0.132

[2026-07-13 16:08:47,982][root][INFO] - Epoch 546: duration loss = 0.278 | prior loss = 1.197 | diffusion loss = 0.132

[2026-07-13 16:10:27,640][root][INFO] - Epoch 547: duration loss = 0.279 | prior loss = 1.197 | diffusion loss = 0.133

[2026-07-13 16:12:07,058][root][INFO] - Epoch 548: duration loss = 0.279 | prior loss = 1.196 | diffusion loss = 0.132

[2026-07-13 16:13:46,623][root][INFO] - Epoch 549: duration loss = 0.279 | prior loss = 1.197 | diffusion loss = 0.133

[2026-07-13 16:15:26,256][root][INFO] - Epoch 550: duration loss = 0.279 | prior loss = 1.196 | diffusion loss = 0.133

[2026-07-13 16:17:05,940][root][INFO] - Epoch 551: duration loss = 0.279 | prior loss = 1.196 | diffusion loss = 0.133

[2026-07-13 16:18:45,672][root][INFO] - Epoch 552: duration loss = 0.278 | prior loss = 1.196 | diffusion loss = 0.131

[2026-07-13 16:20:25,509][root][INFO] - Epoch 553: duration loss = 0.278 | prior loss = 1.197 | diffusion loss = 0.134

[2026-07-13 16:22:05,262][root][INFO] - Epoch 554: duration loss = 0.278 | prior loss = 1.197 | diffusion loss = 0.135

[2026-07-13 16:23:45,017][root][INFO] - Epoch 555: duration loss = 0.278 | prior loss = 1.197 | diffusion loss = 0.132

[2026-07-13 16:25:24,636][root][INFO] - Epoch 556: duration loss = 0.278 | prior loss = 1.196 | diffusion loss = 0.133

[2026-07-13 16:27:04,821][root][INFO] - Epoch 557: duration loss = 0.278 | prior loss = 1.196 | diffusion loss = 0.133

[2026-07-13 16:28:50,303][root][INFO] - Epoch 558: duration loss = 0.278 | prior loss = 1.196 | diffusion loss = 0.133

[2026-07-13 16:30:33,006][root][INFO] - Epoch 559: duration loss = 0.278 | prior loss = 1.196 | diffusion loss = 0.133

[2026-07-13 16:32:12,811][root][INFO] - Epoch 560: duration loss = 0.278 | prior loss = 1.196 | diffusion loss = 0.133

[2026-07-13 16:33:52,454][root][INFO] - Epoch 561: duration loss = 0.278 | prior loss = 1.196 | diffusion loss = 0.133

[2026-07-13 16:35:31,532][root][INFO] - Epoch 562: duration loss = 0.278 | prior loss = 1.196 | diffusion loss = 0.133

[2026-07-13 16:37:10,924][root][INFO] - Epoch 563: duration loss = 0.278 | prior loss = 1.196 | diffusion loss = 0.131

[2026-07-13 16:38:50,972][root][INFO] - Epoch 564: duration loss = 0.278 | prior loss = 1.196 | diffusion loss = 0.132

[2026-07-13 16:40:31,010][root][INFO] - Epoch 565: duration loss = 0.277 | prior loss = 1.196 | diffusion loss = 0.133

[2026-07-13 16:42:10,599][root][INFO] - Epoch 566: duration loss = 0.278 | prior loss = 1.196 | diffusion loss = 0.133

[2026-07-13 16:43:50,827][root][INFO] - Epoch 567: duration loss = 0.278 | prior loss = 1.196 | diffusion loss = 0.134

[2026-07-13 16:45:30,661][root][INFO] - Epoch 568: duration loss = 0.278 | prior loss = 1.196 | diffusion loss = 0.134

[2026-07-13 16:47:10,482][root][INFO] - Epoch 569: duration loss = 0.278 | prior loss = 1.196 | diffusion loss = 0.132

[2026-07-13 16:48:50,309][root][INFO] - Epoch 570: duration loss = 0.278 | prior loss = 1.196 | diffusion loss = 0.133

[2026-07-13 16:50:30,057][root][INFO] - Epoch 571: duration loss = 0.278 | prior loss = 1.196 | diffusion loss = 0.132

[2026-07-13 16:52:10,337][root][INFO] - Epoch 572: duration loss = 0.278 | prior loss = 1.196 | diffusion loss = 0.134

[2026-07-13 16:53:50,116][root][INFO] - Epoch 573: duration loss = 0.278 | prior loss = 1.196 | diffusion loss = 0.132

[2026-07-13 16:55:29,521][root][INFO] - Epoch 574: duration loss = 0.278 | prior loss = 1.196 | diffusion loss = 0.133

[2026-07-13 16:57:08,968][root][INFO] - Epoch 575: duration loss = 0.278 | prior loss = 1.196 | diffusion loss = 0.133

[2026-07-13 16:58:48,551][root][INFO] - Epoch 576: duration loss = 0.278 | prior loss = 1.196 | diffusion loss = 0.132

[2026-07-13 17:00:28,609][root][INFO] - Epoch 577: duration loss = 0.278 | prior loss = 1.196 | diffusion loss = 0.135

[2026-07-13 17:02:08,322][root][INFO] - Epoch 578: duration loss = 0.278 | prior loss = 1.196 | diffusion loss = 0.131

[2026-07-13 17:03:47,979][root][INFO] - Epoch 579: duration loss = 0.278 | prior loss = 1.196 | diffusion loss = 0.131

[2026-07-13 17:05:27,420][root][INFO] - Epoch 580: duration loss = 0.277 | prior loss = 1.196 | diffusion loss = 0.133

[2026-07-13 17:07:06,694][root][INFO] - Epoch 581: duration loss = 0.278 | prior loss = 1.196 | diffusion loss = 0.131

[2026-07-13 17:08:45,817][root][INFO] - Epoch 582: duration loss = 0.278 | prior loss = 1.196 | diffusion loss = 0.132

[2026-07-13 17:10:25,730][root][INFO] - Epoch 583: duration loss = 0.278 | prior loss = 1.196 | diffusion loss = 0.131

[2026-07-13 17:12:05,242][root][INFO] - Epoch 584: duration loss = 0.277 | prior loss = 1.196 | diffusion loss = 0.132

[2026-07-13 17:13:44,636][root][INFO] - Epoch 585: duration loss = 0.278 | prior loss = 1.196 | diffusion loss = 0.134

[2026-07-13 17:15:24,006][root][INFO] - Epoch 586: duration loss = 0.278 | prior loss = 1.195 | diffusion loss = 0.132

[2026-07-13 17:17:03,614][root][INFO] - Epoch 587: duration loss = 0.278 | prior loss = 1.196 | diffusion loss = 0.133

[2026-07-13 17:18:42,602][root][INFO] - Epoch 588: duration loss = 0.278 | prior loss = 1.196 | diffusion loss = 0.132

[2026-07-13 17:20:22,393][root][INFO] - Epoch 589: duration loss = 0.278 | prior loss = 1.196 | diffusion loss = 0.132

[2026-07-13 17:22:01,974][root][INFO] - Epoch 590: duration loss = 0.277 | prior loss = 1.196 | diffusion loss = 0.132

[2026-07-13 17:23:41,858][root][INFO] - Epoch 591: duration loss = 0.278 | prior loss = 1.195 | diffusion loss = 0.132

[2026-07-13 17:25:21,350][root][INFO] - Epoch 592: duration loss = 0.278 | prior loss = 1.196 | diffusion loss = 0.134

[2026-07-13 17:27:00,536][root][INFO] - Epoch 593: duration loss = 0.277 | prior loss = 1.196 | diffusion loss = 0.133

[2026-07-13 17:28:39,731][root][INFO] - Epoch 594: duration loss = 0.278 | prior loss = 1.196 | diffusion loss = 0.130

[2026-07-13 17:30:18,861][root][INFO] - Epoch 595: duration loss = 0.278 | prior loss = 1.195 | diffusion loss = 0.133

[2026-07-13 17:31:58,201][root][INFO] - Epoch 596: duration loss = 0.278 | prior loss = 1.196 | diffusion loss = 0.133

[2026-07-13 17:33:38,140][root][INFO] - Epoch 597: duration loss = 0.278 | prior loss = 1.195 | diffusion loss = 0.132

[2026-07-13 17:35:17,533][root][INFO] - Epoch 598: duration loss = 0.277 | prior loss = 1.196 | diffusion loss = 0.133

[2026-07-13 17:36:56,953][root][INFO] - Epoch 599: duration loss = 0.277 | prior loss = 1.195 | diffusion loss = 0.131

