[2026-07-11 12:46:52,258][root][INFO] - Initializing logger...
[2026-07-11 12:46:52,260][root][INFO] - Initializing data loaders...
[2026-07-11 12:46:53,137][root][INFO] - Initializing model...
[2026-07-11 12:46:53,634][root][INFO] - Number of encoder parameters = 7.20m
[2026-07-11 12:46:53,642][root][INFO] - Number of decoder parameters = 7.49m
[2026-07-11 14:04:05,803][root][INFO] - Initializing logger...
[2026-07-11 14:04:05,834][root][INFO] - Initializing data loaders...
[2026-07-11 14:04:06,698][root][INFO] - Initializing model...
[2026-07-11 14:04:07,294][root][INFO] - Number of encoder parameters = 7.20m
[2026-07-11 14:04:07,304][root][INFO] - Number of decoder parameters = 7.49m
[2026-07-11 14:04:07,730][root][INFO] - Initializing optimizer...
[2026-07-11 14:04:08,361][root][INFO] - Start training...
[2026-07-11 14:05:41,613][root][INFO] - Epoch 1: duration loss = 0.289 | prior loss = 1.206 | diffusion loss = 7.801

[2026-07-11 14:07:14,124][root][INFO] - Epoch 2: duration loss = 0.290 | prior loss = 1.206 | diffusion loss = 2.746

[2026-07-11 14:08:46,500][root][INFO] - Epoch 3: duration loss = 0.290 | prior loss = 1.206 | diffusion loss = 0.606

[2026-07-11 14:10:18,553][root][INFO] - Epoch 4: duration loss = 0.289 | prior loss = 1.206 | diffusion loss = 0.269

[2026-07-11 14:11:51,063][root][INFO] - Epoch 5: duration loss = 0.290 | prior loss = 1.206 | diffusion loss = 0.240

[2026-07-11 14:13:22,937][root][INFO] - Epoch 6: duration loss = 0.289 | prior loss = 1.206 | diffusion loss = 0.234

[2026-07-11 14:14:55,013][root][INFO] - Epoch 7: duration loss = 0.290 | prior loss = 1.206 | diffusion loss = 0.225

[2026-07-11 14:16:26,986][root][INFO] - Epoch 8: duration loss = 0.289 | prior loss = 1.206 | diffusion loss = 0.222

[2026-07-11 14:17:58,769][root][INFO] - Epoch 9: duration loss = 0.289 | prior loss = 1.206 | diffusion loss = 0.220

[2026-07-11 14:19:31,324][root][INFO] - Epoch 10: duration loss = 0.289 | prior loss = 1.206 | diffusion loss = 0.217

[2026-07-11 14:21:03,700][root][INFO] - Epoch 11: duration loss = 0.289 | prior loss = 1.206 | diffusion loss = 0.215

[2026-07-11 14:22:36,019][root][INFO] - Epoch 12: duration loss = 0.289 | prior loss = 1.206 | diffusion loss = 0.211

[2026-07-11 14:24:08,025][root][INFO] - Epoch 13: duration loss = 0.290 | prior loss = 1.206 | diffusion loss = 0.211

[2026-07-11 14:25:40,068][root][INFO] - Epoch 14: duration loss = 0.290 | prior loss = 1.206 | diffusion loss = 0.212

[2026-07-11 14:27:12,342][root][INFO] - Epoch 15: duration loss = 0.289 | prior loss = 1.206 | diffusion loss = 0.205

[2026-07-11 14:28:44,558][root][INFO] - Epoch 16: duration loss = 0.289 | prior loss = 1.206 | diffusion loss = 0.207

[2026-07-11 14:30:16,704][root][INFO] - Epoch 17: duration loss = 0.289 | prior loss = 1.205 | diffusion loss = 0.205

[2026-07-11 14:31:48,677][root][INFO] - Epoch 18: duration loss = 0.289 | prior loss = 1.206 | diffusion loss = 0.204

[2026-07-11 14:33:20,824][root][INFO] - Epoch 19: duration loss = 0.289 | prior loss = 1.206 | diffusion loss = 0.206

[2026-07-11 14:34:53,135][root][INFO] - Epoch 20: duration loss = 0.290 | prior loss = 1.206 | diffusion loss = 0.204

[2026-07-11 14:36:25,667][root][INFO] - Epoch 21: duration loss = 0.289 | prior loss = 1.206 | diffusion loss = 0.203

[2026-07-11 14:37:57,595][root][INFO] - Epoch 22: duration loss = 0.290 | prior loss = 1.206 | diffusion loss = 0.204

[2026-07-11 14:39:29,669][root][INFO] - Epoch 23: duration loss = 0.289 | prior loss = 1.206 | diffusion loss = 0.202

[2026-07-11 14:41:01,280][root][INFO] - Epoch 24: duration loss = 0.289 | prior loss = 1.206 | diffusion loss = 0.202

[2026-07-11 14:42:33,442][root][INFO] - Epoch 25: duration loss = 0.289 | prior loss = 1.206 | diffusion loss = 0.200

[2026-07-11 14:44:05,581][root][INFO] - Epoch 26: duration loss = 0.289 | prior loss = 1.205 | diffusion loss = 0.198

[2026-07-11 14:45:37,518][root][INFO] - Epoch 27: duration loss = 0.290 | prior loss = 1.206 | diffusion loss = 0.202

[2026-07-11 14:47:09,407][root][INFO] - Epoch 28: duration loss = 0.289 | prior loss = 1.206 | diffusion loss = 0.195

[2026-07-11 14:48:41,559][root][INFO] - Epoch 29: duration loss = 0.289 | prior loss = 1.206 | diffusion loss = 0.200

[2026-07-11 14:50:13,371][root][INFO] - Epoch 30: duration loss = 0.289 | prior loss = 1.206 | diffusion loss = 0.201

[2026-07-11 14:51:45,203][root][INFO] - Epoch 31: duration loss = 0.290 | prior loss = 1.206 | diffusion loss = 0.198

[2026-07-11 14:53:17,073][root][INFO] - Epoch 32: duration loss = 0.289 | prior loss = 1.206 | diffusion loss = 0.198

[2026-07-11 14:54:49,286][root][INFO] - Epoch 33: duration loss = 0.289 | prior loss = 1.206 | diffusion loss = 0.197

[2026-07-11 14:56:20,665][root][INFO] - Epoch 34: duration loss = 0.289 | prior loss = 1.206 | diffusion loss = 0.198

[2026-07-11 14:57:53,019][root][INFO] - Epoch 35: duration loss = 0.290 | prior loss = 1.206 | diffusion loss = 0.195

[2026-07-11 14:59:25,131][root][INFO] - Epoch 36: duration loss = 0.289 | prior loss = 1.206 | diffusion loss = 0.196

[2026-07-11 15:00:56,527][root][INFO] - Epoch 37: duration loss = 0.289 | prior loss = 1.206 | diffusion loss = 0.194

[2026-07-11 15:02:28,566][root][INFO] - Epoch 38: duration loss = 0.290 | prior loss = 1.206 | diffusion loss = 0.193

[2026-07-11 15:04:00,705][root][INFO] - Epoch 39: duration loss = 0.289 | prior loss = 1.206 | diffusion loss = 0.194

[2026-07-11 15:05:32,793][root][INFO] - Epoch 40: duration loss = 0.290 | prior loss = 1.206 | diffusion loss = 0.194

[2026-07-11 15:07:05,249][root][INFO] - Epoch 41: duration loss = 0.289 | prior loss = 1.206 | diffusion loss = 0.195

[2026-07-11 15:08:37,022][root][INFO] - Epoch 42: duration loss = 0.289 | prior loss = 1.206 | diffusion loss = 0.196

[2026-07-11 15:10:09,585][root][INFO] - Epoch 43: duration loss = 0.289 | prior loss = 1.206 | diffusion loss = 0.194

[2026-07-11 15:11:41,850][root][INFO] - Epoch 44: duration loss = 0.289 | prior loss = 1.206 | diffusion loss = 0.191

[2026-07-11 15:13:14,033][root][INFO] - Epoch 45: duration loss = 0.290 | prior loss = 1.206 | diffusion loss = 0.192

[2026-07-11 15:14:46,555][root][INFO] - Epoch 46: duration loss = 0.290 | prior loss = 1.206 | diffusion loss = 0.191

[2026-07-11 15:16:18,621][root][INFO] - Epoch 47: duration loss = 0.290 | prior loss = 1.206 | diffusion loss = 0.191

[2026-07-11 15:17:50,734][root][INFO] - Epoch 48: duration loss = 0.290 | prior loss = 1.206 | diffusion loss = 0.194

[2026-07-11 15:19:22,511][root][INFO] - Epoch 49: duration loss = 0.289 | prior loss = 1.206 | diffusion loss = 0.194

[2026-07-11 15:20:54,856][root][INFO] - Epoch 50: duration loss = 0.289 | prior loss = 1.206 | diffusion loss = 0.190

[2026-07-11 15:22:27,050][root][INFO] - Epoch 51: duration loss = 0.289 | prior loss = 1.206 | diffusion loss = 0.193

[2026-07-11 15:23:59,192][root][INFO] - Epoch 52: duration loss = 0.289 | prior loss = 1.206 | diffusion loss = 0.191

[2026-07-11 15:25:31,763][root][INFO] - Epoch 53: duration loss = 0.290 | prior loss = 1.206 | diffusion loss = 0.192

[2026-07-11 15:27:03,863][root][INFO] - Epoch 54: duration loss = 0.290 | prior loss = 1.206 | diffusion loss = 0.191

[2026-07-11 15:28:35,992][root][INFO] - Epoch 55: duration loss = 0.289 | prior loss = 1.206 | diffusion loss = 0.190

[2026-07-11 15:30:08,196][root][INFO] - Epoch 56: duration loss = 0.290 | prior loss = 1.206 | diffusion loss = 0.192

[2026-07-11 15:31:40,450][root][INFO] - Epoch 57: duration loss = 0.290 | prior loss = 1.206 | diffusion loss = 0.189

[2026-07-11 15:33:12,819][root][INFO] - Epoch 58: duration loss = 0.289 | prior loss = 1.206 | diffusion loss = 0.189

[2026-07-11 15:34:45,411][root][INFO] - Epoch 59: duration loss = 0.290 | prior loss = 1.206 | diffusion loss = 0.190

[2026-07-11 15:36:17,750][root][INFO] - Epoch 60: duration loss = 0.289 | prior loss = 1.206 | diffusion loss = 0.188

[2026-07-11 15:37:50,133][root][INFO] - Epoch 61: duration loss = 0.289 | prior loss = 1.206 | diffusion loss = 0.189

[2026-07-11 15:39:22,518][root][INFO] - Epoch 62: duration loss = 0.289 | prior loss = 1.206 | diffusion loss = 0.193

[2026-07-11 15:40:54,048][root][INFO] - Epoch 63: duration loss = 0.289 | prior loss = 1.206 | diffusion loss = 0.189

[2026-07-11 15:42:25,514][root][INFO] - Epoch 64: duration loss = 0.289 | prior loss = 1.206 | diffusion loss = 0.187

[2026-07-11 15:43:57,644][root][INFO] - Epoch 65: duration loss = 0.289 | prior loss = 1.206 | diffusion loss = 0.186

[2026-07-11 15:45:29,936][root][INFO] - Epoch 66: duration loss = 0.289 | prior loss = 1.206 | diffusion loss = 0.187

[2026-07-11 15:47:02,518][root][INFO] - Epoch 67: duration loss = 0.290 | prior loss = 1.206 | diffusion loss = 0.190

[2026-07-11 15:48:34,366][root][INFO] - Epoch 68: duration loss = 0.289 | prior loss = 1.206 | diffusion loss = 0.185

[2026-07-11 15:50:06,659][root][INFO] - Epoch 69: duration loss = 0.289 | prior loss = 1.206 | diffusion loss = 0.187

[2026-07-11 15:51:38,987][root][INFO] - Epoch 70: duration loss = 0.289 | prior loss = 1.206 | diffusion loss = 0.187

[2026-07-11 15:53:11,541][root][INFO] - Epoch 71: duration loss = 0.290 | prior loss = 1.206 | diffusion loss = 0.187

[2026-07-11 15:54:43,526][root][INFO] - Epoch 72: duration loss = 0.289 | prior loss = 1.206 | diffusion loss = 0.186

[2026-07-11 15:56:15,933][root][INFO] - Epoch 73: duration loss = 0.289 | prior loss = 1.206 | diffusion loss = 0.187

[2026-07-11 15:57:48,210][root][INFO] - Epoch 74: duration loss = 0.290 | prior loss = 1.206 | diffusion loss = 0.185

[2026-07-11 15:59:20,595][root][INFO] - Epoch 75: duration loss = 0.289 | prior loss = 1.206 | diffusion loss = 0.185

[2026-07-11 16:00:53,350][root][INFO] - Epoch 76: duration loss = 0.290 | prior loss = 1.206 | diffusion loss = 0.185

[2026-07-11 16:02:25,336][root][INFO] - Epoch 77: duration loss = 0.290 | prior loss = 1.206 | diffusion loss = 0.184

[2026-07-11 16:03:58,119][root][INFO] - Epoch 78: duration loss = 0.289 | prior loss = 1.206 | diffusion loss = 0.187

[2026-07-11 16:05:30,392][root][INFO] - Epoch 79: duration loss = 0.289 | prior loss = 1.206 | diffusion loss = 0.186

[2026-07-11 16:07:01,523][root][INFO] - Epoch 80: duration loss = 0.290 | prior loss = 1.206 | diffusion loss = 0.185

[2026-07-11 16:08:33,738][root][INFO] - Epoch 81: duration loss = 0.289 | prior loss = 1.206 | diffusion loss = 0.185

[2026-07-11 16:10:05,576][root][INFO] - Epoch 82: duration loss = 0.290 | prior loss = 1.206 | diffusion loss = 0.184

[2026-07-11 16:11:37,865][root][INFO] - Epoch 83: duration loss = 0.290 | prior loss = 1.206 | diffusion loss = 0.188

[2026-07-11 16:13:10,199][root][INFO] - Epoch 84: duration loss = 0.289 | prior loss = 1.206 | diffusion loss = 0.184

[2026-07-11 16:14:42,654][root][INFO] - Epoch 85: duration loss = 0.290 | prior loss = 1.206 | diffusion loss = 0.185

[2026-07-11 16:16:14,631][root][INFO] - Epoch 86: duration loss = 0.289 | prior loss = 1.206 | diffusion loss = 0.185

[2026-07-11 16:17:46,847][root][INFO] - Epoch 87: duration loss = 0.290 | prior loss = 1.206 | diffusion loss = 0.183

[2026-07-11 16:19:19,463][root][INFO] - Epoch 88: duration loss = 0.289 | prior loss = 1.206 | diffusion loss = 0.183

[2026-07-11 16:20:50,952][root][INFO] - Epoch 89: duration loss = 0.289 | prior loss = 1.206 | diffusion loss = 0.185

[2026-07-11 16:22:23,365][root][INFO] - Epoch 90: duration loss = 0.289 | prior loss = 1.206 | diffusion loss = 0.184

[2026-07-11 16:23:55,554][root][INFO] - Epoch 91: duration loss = 0.290 | prior loss = 1.206 | diffusion loss = 0.182

[2026-07-11 16:25:27,701][root][INFO] - Epoch 92: duration loss = 0.290 | prior loss = 1.206 | diffusion loss = 0.183

[2026-07-11 16:27:00,092][root][INFO] - Epoch 93: duration loss = 0.289 | prior loss = 1.206 | diffusion loss = 0.184

[2026-07-11 16:28:32,165][root][INFO] - Epoch 94: duration loss = 0.289 | prior loss = 1.206 | diffusion loss = 0.181

[2026-07-11 16:30:04,169][root][INFO] - Epoch 95: duration loss = 0.290 | prior loss = 1.206 | diffusion loss = 0.184

[2026-07-11 16:31:36,280][root][INFO] - Epoch 96: duration loss = 0.290 | prior loss = 1.206 | diffusion loss = 0.181

[2026-07-11 16:33:08,581][root][INFO] - Epoch 97: duration loss = 0.290 | prior loss = 1.206 | diffusion loss = 0.183

[2026-07-11 16:34:41,345][root][INFO] - Epoch 98: duration loss = 0.289 | prior loss = 1.206 | diffusion loss = 0.182

[2026-07-11 16:36:13,775][root][INFO] - Epoch 99: duration loss = 0.290 | prior loss = 1.207 | diffusion loss = 0.181

[2026-07-11 16:37:46,129][root][INFO] - Epoch 100: duration loss = 0.290 | prior loss = 1.206 | diffusion loss = 0.185

[2026-07-11 16:39:18,868][root][INFO] - Epoch 101: duration loss = 0.289 | prior loss = 1.206 | diffusion loss = 0.184

[2026-07-11 16:40:50,222][root][INFO] - Epoch 102: duration loss = 0.290 | prior loss = 1.206 | diffusion loss = 0.182

[2026-07-11 16:42:22,292][root][INFO] - Epoch 103: duration loss = 0.289 | prior loss = 1.206 | diffusion loss = 0.184

[2026-07-11 16:43:54,346][root][INFO] - Epoch 104: duration loss = 0.289 | prior loss = 1.206 | diffusion loss = 0.181

[2026-07-11 16:45:26,573][root][INFO] - Epoch 105: duration loss = 0.289 | prior loss = 1.206 | diffusion loss = 0.185

[2026-07-11 16:46:58,273][root][INFO] - Epoch 106: duration loss = 0.290 | prior loss = 1.206 | diffusion loss = 0.183

[2026-07-11 16:48:30,767][root][INFO] - Epoch 107: duration loss = 0.289 | prior loss = 1.206 | diffusion loss = 0.181

[2026-07-11 16:50:02,798][root][INFO] - Epoch 108: duration loss = 0.289 | prior loss = 1.206 | diffusion loss = 0.183

[2026-07-11 16:51:34,887][root][INFO] - Epoch 109: duration loss = 0.289 | prior loss = 1.206 | diffusion loss = 0.182

[2026-07-11 16:53:06,968][root][INFO] - Epoch 110: duration loss = 0.289 | prior loss = 1.206 | diffusion loss = 0.181

[2026-07-11 16:54:39,889][root][INFO] - Epoch 111: duration loss = 0.289 | prior loss = 1.206 | diffusion loss = 0.183

[2026-07-11 16:56:11,940][root][INFO] - Epoch 112: duration loss = 0.289 | prior loss = 1.206 | diffusion loss = 0.181

[2026-07-11 16:57:44,714][root][INFO] - Epoch 113: duration loss = 0.289 | prior loss = 1.206 | diffusion loss = 0.180

[2026-07-11 16:59:17,590][root][INFO] - Epoch 114: duration loss = 0.289 | prior loss = 1.206 | diffusion loss = 0.178

[2026-07-11 17:00:49,829][root][INFO] - Epoch 115: duration loss = 0.289 | prior loss = 1.206 | diffusion loss = 0.180

[2026-07-11 17:02:21,869][root][INFO] - Epoch 116: duration loss = 0.289 | prior loss = 1.206 | diffusion loss = 0.181

[2026-07-11 17:03:54,178][root][INFO] - Epoch 117: duration loss = 0.289 | prior loss = 1.206 | diffusion loss = 0.180

[2026-07-11 17:05:26,211][root][INFO] - Epoch 118: duration loss = 0.290 | prior loss = 1.206 | diffusion loss = 0.179

[2026-07-11 17:06:58,730][root][INFO] - Epoch 119: duration loss = 0.289 | prior loss = 1.206 | diffusion loss = 0.180

[2026-07-11 17:08:30,759][root][INFO] - Epoch 120: duration loss = 0.290 | prior loss = 1.206 | diffusion loss = 0.180

[2026-07-11 17:10:02,594][root][INFO] - Epoch 121: duration loss = 0.290 | prior loss = 1.206 | diffusion loss = 0.180

[2026-07-11 17:11:34,939][root][INFO] - Epoch 122: duration loss = 0.289 | prior loss = 1.206 | diffusion loss = 0.180

[2026-07-11 17:13:06,439][root][INFO] - Epoch 123: duration loss = 0.289 | prior loss = 1.206 | diffusion loss = 0.180

[2026-07-11 17:14:38,637][root][INFO] - Epoch 124: duration loss = 0.289 | prior loss = 1.206 | diffusion loss = 0.182

[2026-07-11 17:16:10,884][root][INFO] - Epoch 125: duration loss = 0.289 | prior loss = 1.206 | diffusion loss = 0.181

[2026-07-11 17:17:42,750][root][INFO] - Epoch 126: duration loss = 0.290 | prior loss = 1.206 | diffusion loss = 0.181

[2026-07-11 17:19:15,009][root][INFO] - Epoch 127: duration loss = 0.289 | prior loss = 1.206 | diffusion loss = 0.179

[2026-07-11 17:20:47,221][root][INFO] - Epoch 128: duration loss = 0.289 | prior loss = 1.206 | diffusion loss = 0.178

[2026-07-11 17:22:19,656][root][INFO] - Epoch 129: duration loss = 0.290 | prior loss = 1.206 | diffusion loss = 0.179

[2026-07-11 17:23:52,020][root][INFO] - Epoch 130: duration loss = 0.289 | prior loss = 1.206 | diffusion loss = 0.180

[2026-07-11 17:25:24,620][root][INFO] - Epoch 131: duration loss = 0.289 | prior loss = 1.206 | diffusion loss = 0.179

[2026-07-11 17:26:57,112][root][INFO] - Epoch 132: duration loss = 0.289 | prior loss = 1.206 | diffusion loss = 0.180

[2026-07-11 17:28:29,446][root][INFO] - Epoch 133: duration loss = 0.289 | prior loss = 1.206 | diffusion loss = 0.179

[2026-07-11 17:30:01,363][root][INFO] - Epoch 134: duration loss = 0.290 | prior loss = 1.206 | diffusion loss = 0.181

[2026-07-11 17:31:33,646][root][INFO] - Epoch 135: duration loss = 0.289 | prior loss = 1.206 | diffusion loss = 0.181

[2026-07-11 17:33:05,731][root][INFO] - Epoch 136: duration loss = 0.289 | prior loss = 1.206 | diffusion loss = 0.181

[2026-07-11 17:34:37,772][root][INFO] - Epoch 137: duration loss = 0.289 | prior loss = 1.206 | diffusion loss = 0.179

[2026-07-11 17:36:10,010][root][INFO] - Epoch 138: duration loss = 0.290 | prior loss = 1.206 | diffusion loss = 0.179

[2026-07-11 17:37:42,558][root][INFO] - Epoch 139: duration loss = 0.289 | prior loss = 1.206 | diffusion loss = 0.179

[2026-07-11 17:39:14,961][root][INFO] - Epoch 140: duration loss = 0.289 | prior loss = 1.206 | diffusion loss = 0.179

[2026-07-11 17:40:47,560][root][INFO] - Epoch 141: duration loss = 0.290 | prior loss = 1.206 | diffusion loss = 0.179

[2026-07-11 17:42:19,678][root][INFO] - Epoch 142: duration loss = 0.290 | prior loss = 1.206 | diffusion loss = 0.178

[2026-07-11 17:43:51,714][root][INFO] - Epoch 143: duration loss = 0.290 | prior loss = 1.206 | diffusion loss = 0.177

[2026-07-11 17:45:23,908][root][INFO] - Epoch 144: duration loss = 0.290 | prior loss = 1.206 | diffusion loss = 0.179

[2026-07-11 17:46:55,730][root][INFO] - Epoch 145: duration loss = 0.289 | prior loss = 1.206 | diffusion loss = 0.180

[2026-07-11 17:48:28,476][root][INFO] - Epoch 146: duration loss = 0.289 | prior loss = 1.206 | diffusion loss = 0.177

[2026-07-11 17:49:59,905][root][INFO] - Epoch 147: duration loss = 0.289 | prior loss = 1.206 | diffusion loss = 0.178

[2026-07-11 17:51:31,964][root][INFO] - Epoch 148: duration loss = 0.289 | prior loss = 1.206 | diffusion loss = 0.178

[2026-07-11 17:53:03,885][root][INFO] - Epoch 149: duration loss = 0.290 | prior loss = 1.206 | diffusion loss = 0.179

[2026-07-11 17:54:35,774][root][INFO] - Epoch 150: duration loss = 0.290 | prior loss = 1.206 | diffusion loss = 0.178

[2026-07-11 17:56:07,972][root][INFO] - Epoch 151: duration loss = 0.289 | prior loss = 1.206 | diffusion loss = 0.180

[2026-07-11 17:57:40,354][root][INFO] - Epoch 152: duration loss = 0.290 | prior loss = 1.206 | diffusion loss = 0.177

[2026-07-11 17:59:12,557][root][INFO] - Epoch 153: duration loss = 0.289 | prior loss = 1.206 | diffusion loss = 0.175

[2026-07-11 18:00:44,401][root][INFO] - Epoch 154: duration loss = 0.290 | prior loss = 1.206 | diffusion loss = 0.179

[2026-07-11 18:02:16,142][root][INFO] - Epoch 155: duration loss = 0.289 | prior loss = 1.206 | diffusion loss = 0.177

[2026-07-11 18:03:49,121][root][INFO] - Epoch 156: duration loss = 0.289 | prior loss = 1.205 | diffusion loss = 0.177

[2026-07-11 18:05:21,454][root][INFO] - Epoch 157: duration loss = 0.289 | prior loss = 1.206 | diffusion loss = 0.178

[2026-07-11 18:06:53,590][root][INFO] - Epoch 158: duration loss = 0.289 | prior loss = 1.206 | diffusion loss = 0.176

[2026-07-11 18:08:25,857][root][INFO] - Epoch 159: duration loss = 0.289 | prior loss = 1.206 | diffusion loss = 0.178

[2026-07-11 18:09:57,946][root][INFO] - Epoch 160: duration loss = 0.290 | prior loss = 1.206 | diffusion loss = 0.178

[2026-07-11 18:11:30,477][root][INFO] - Epoch 161: duration loss = 0.290 | prior loss = 1.206 | diffusion loss = 0.179

[2026-07-11 18:13:02,447][root][INFO] - Epoch 162: duration loss = 0.289 | prior loss = 1.206 | diffusion loss = 0.175

[2026-07-11 18:14:34,528][root][INFO] - Epoch 163: duration loss = 0.289 | prior loss = 1.206 | diffusion loss = 0.176

[2026-07-11 18:16:06,997][root][INFO] - Epoch 164: duration loss = 0.290 | prior loss = 1.206 | diffusion loss = 0.178

[2026-07-11 18:17:38,616][root][INFO] - Epoch 165: duration loss = 0.289 | prior loss = 1.206 | diffusion loss = 0.177

[2026-07-11 18:19:11,047][root][INFO] - Epoch 166: duration loss = 0.290 | prior loss = 1.206 | diffusion loss = 0.174

[2026-07-11 18:20:43,171][root][INFO] - Epoch 167: duration loss = 0.289 | prior loss = 1.206 | diffusion loss = 0.176

[2026-07-11 18:22:14,845][root][INFO] - Epoch 168: duration loss = 0.289 | prior loss = 1.206 | diffusion loss = 0.178

[2026-07-11 18:23:46,848][root][INFO] - Epoch 169: duration loss = 0.289 | prior loss = 1.206 | diffusion loss = 0.177

[2026-07-11 18:25:19,729][root][INFO] - Epoch 170: duration loss = 0.290 | prior loss = 1.206 | diffusion loss = 0.176

[2026-07-11 18:26:51,967][root][INFO] - Epoch 171: duration loss = 0.290 | prior loss = 1.206 | diffusion loss = 0.175

[2026-07-11 18:28:24,247][root][INFO] - Epoch 172: duration loss = 0.290 | prior loss = 1.206 | diffusion loss = 0.177

[2026-07-11 18:29:56,103][root][INFO] - Epoch 173: duration loss = 0.289 | prior loss = 1.206 | diffusion loss = 0.176

[2026-07-11 18:31:28,479][root][INFO] - Epoch 174: duration loss = 0.290 | prior loss = 1.206 | diffusion loss = 0.179

[2026-07-11 18:33:01,212][root][INFO] - Epoch 175: duration loss = 0.289 | prior loss = 1.206 | diffusion loss = 0.178

[2026-07-11 18:34:33,343][root][INFO] - Epoch 176: duration loss = 0.289 | prior loss = 1.206 | diffusion loss = 0.177

[2026-07-11 18:36:06,009][root][INFO] - Epoch 177: duration loss = 0.289 | prior loss = 1.206 | diffusion loss = 0.177

[2026-07-11 18:37:38,388][root][INFO] - Epoch 178: duration loss = 0.289 | prior loss = 1.206 | diffusion loss = 0.176

[2026-07-11 18:39:10,408][root][INFO] - Epoch 179: duration loss = 0.289 | prior loss = 1.206 | diffusion loss = 0.176

[2026-07-11 18:40:42,492][root][INFO] - Epoch 180: duration loss = 0.289 | prior loss = 1.206 | diffusion loss = 0.176

[2026-07-11 18:42:14,463][root][INFO] - Epoch 181: duration loss = 0.289 | prior loss = 1.206 | diffusion loss = 0.174

[2026-07-11 18:43:47,134][root][INFO] - Epoch 182: duration loss = 0.290 | prior loss = 1.206 | diffusion loss = 0.172

[2026-07-11 18:45:19,387][root][INFO] - Epoch 183: duration loss = 0.289 | prior loss = 1.206 | diffusion loss = 0.175

[2026-07-11 18:46:51,489][root][INFO] - Epoch 184: duration loss = 0.290 | prior loss = 1.206 | diffusion loss = 0.173

[2026-07-11 18:48:23,317][root][INFO] - Epoch 185: duration loss = 0.289 | prior loss = 1.206 | diffusion loss = 0.177

[2026-07-11 18:49:55,558][root][INFO] - Epoch 186: duration loss = 0.290 | prior loss = 1.206 | diffusion loss = 0.175

[2026-07-11 18:51:28,066][root][INFO] - Epoch 187: duration loss = 0.289 | prior loss = 1.206 | diffusion loss = 0.177

[2026-07-11 18:53:00,300][root][INFO] - Epoch 188: duration loss = 0.289 | prior loss = 1.205 | diffusion loss = 0.177

[2026-07-11 18:54:32,421][root][INFO] - Epoch 189: duration loss = 0.289 | prior loss = 1.206 | diffusion loss = 0.175

[2026-07-11 18:56:04,730][root][INFO] - Epoch 190: duration loss = 0.290 | prior loss = 1.206 | diffusion loss = 0.177

[2026-07-11 18:57:36,552][root][INFO] - Epoch 191: duration loss = 0.289 | prior loss = 1.206 | diffusion loss = 0.175

[2026-07-11 18:59:07,951][root][INFO] - Epoch 192: duration loss = 0.289 | prior loss = 1.206 | diffusion loss = 0.176

[2026-07-11 19:00:40,408][root][INFO] - Epoch 193: duration loss = 0.289 | prior loss = 1.206 | diffusion loss = 0.173

[2026-07-11 19:02:12,776][root][INFO] - Epoch 194: duration loss = 0.290 | prior loss = 1.206 | diffusion loss = 0.174

[2026-07-11 19:03:44,690][root][INFO] - Epoch 195: duration loss = 0.290 | prior loss = 1.206 | diffusion loss = 0.176

[2026-07-11 19:05:16,989][root][INFO] - Epoch 196: duration loss = 0.289 | prior loss = 1.206 | diffusion loss = 0.173

[2026-07-11 19:06:48,950][root][INFO] - Epoch 197: duration loss = 0.289 | prior loss = 1.206 | diffusion loss = 0.176

[2026-07-11 19:08:21,118][root][INFO] - Epoch 198: duration loss = 0.290 | prior loss = 1.207 | diffusion loss = 0.175

[2026-07-11 19:09:53,619][root][INFO] - Epoch 199: duration loss = 0.289 | prior loss = 1.206 | diffusion loss = 0.174

[2026-07-11 19:11:25,677][root][INFO] - Epoch 200: duration loss = 0.289 | prior loss = 1.206 | diffusion loss = 0.174

[2026-07-11 19:12:57,639][root][INFO] - Epoch 201: duration loss = 0.289 | prior loss = 1.206 | diffusion loss = 0.172

[2026-07-11 19:14:29,989][root][INFO] - Epoch 202: duration loss = 0.290 | prior loss = 1.206 | diffusion loss = 0.174

[2026-07-11 19:16:02,522][root][INFO] - Epoch 203: duration loss = 0.290 | prior loss = 1.206 | diffusion loss = 0.174

[2026-07-11 19:17:34,964][root][INFO] - Epoch 204: duration loss = 0.289 | prior loss = 1.206 | diffusion loss = 0.177

[2026-07-11 19:19:07,136][root][INFO] - Epoch 205: duration loss = 0.290 | prior loss = 1.206 | diffusion loss = 0.174

[2026-07-11 19:20:39,632][root][INFO] - Epoch 206: duration loss = 0.290 | prior loss = 1.206 | diffusion loss = 0.172

[2026-07-11 19:22:11,605][root][INFO] - Epoch 207: duration loss = 0.289 | prior loss = 1.206 | diffusion loss = 0.173

[2026-07-11 19:23:43,832][root][INFO] - Epoch 208: duration loss = 0.289 | prior loss = 1.206 | diffusion loss = 0.174

[2026-07-11 19:25:16,317][root][INFO] - Epoch 209: duration loss = 0.289 | prior loss = 1.206 | diffusion loss = 0.174

[2026-07-11 19:26:47,961][root][INFO] - Epoch 210: duration loss = 0.290 | prior loss = 1.206 | diffusion loss = 0.174

[2026-07-11 19:28:19,805][root][INFO] - Epoch 211: duration loss = 0.289 | prior loss = 1.206 | diffusion loss = 0.174

[2026-07-11 19:29:51,824][root][INFO] - Epoch 212: duration loss = 0.290 | prior loss = 1.207 | diffusion loss = 0.174

[2026-07-11 19:31:23,651][root][INFO] - Epoch 213: duration loss = 0.289 | prior loss = 1.206 | diffusion loss = 0.174

[2026-07-11 19:32:55,463][root][INFO] - Epoch 214: duration loss = 0.290 | prior loss = 1.206 | diffusion loss = 0.172

[2026-07-11 19:34:27,731][root][INFO] - Epoch 215: duration loss = 0.289 | prior loss = 1.206 | diffusion loss = 0.173

[2026-07-11 19:35:59,971][root][INFO] - Epoch 216: duration loss = 0.289 | prior loss = 1.206 | diffusion loss = 0.172

[2026-07-11 19:37:31,968][root][INFO] - Epoch 217: duration loss = 0.290 | prior loss = 1.206 | diffusion loss = 0.174

[2026-07-11 19:39:03,934][root][INFO] - Epoch 218: duration loss = 0.289 | prior loss = 1.207 | diffusion loss = 0.174

[2026-07-11 19:40:36,495][root][INFO] - Epoch 219: duration loss = 0.289 | prior loss = 1.206 | diffusion loss = 0.172

[2026-07-11 19:42:08,977][root][INFO] - Epoch 220: duration loss = 0.289 | prior loss = 1.206 | diffusion loss = 0.174

[2026-07-11 19:43:41,105][root][INFO] - Epoch 221: duration loss = 0.290 | prior loss = 1.206 | diffusion loss = 0.173

[2026-07-11 19:45:13,295][root][INFO] - Epoch 222: duration loss = 0.289 | prior loss = 1.206 | diffusion loss = 0.173

[2026-07-11 19:46:45,517][root][INFO] - Epoch 223: duration loss = 0.290 | prior loss = 1.206 | diffusion loss = 0.175

[2026-07-11 19:48:17,741][root][INFO] - Epoch 224: duration loss = 0.289 | prior loss = 1.206 | diffusion loss = 0.173

[2026-07-11 19:49:50,305][root][INFO] - Epoch 225: duration loss = 0.289 | prior loss = 1.206 | diffusion loss = 0.170

[2026-07-11 19:51:22,440][root][INFO] - Epoch 226: duration loss = 0.290 | prior loss = 1.206 | diffusion loss = 0.171

[2026-07-11 19:52:54,819][root][INFO] - Epoch 227: duration loss = 0.289 | prior loss = 1.206 | diffusion loss = 0.173

[2026-07-11 19:54:27,387][root][INFO] - Epoch 228: duration loss = 0.289 | prior loss = 1.206 | diffusion loss = 0.173

[2026-07-11 19:55:59,986][root][INFO] - Epoch 229: duration loss = 0.289 | prior loss = 1.206 | diffusion loss = 0.173

[2026-07-11 19:57:32,257][root][INFO] - Epoch 230: duration loss = 0.289 | prior loss = 1.206 | diffusion loss = 0.174

[2026-07-11 19:59:04,332][root][INFO] - Epoch 231: duration loss = 0.289 | prior loss = 1.206 | diffusion loss = 0.175

[2026-07-11 20:00:36,618][root][INFO] - Epoch 232: duration loss = 0.289 | prior loss = 1.206 | diffusion loss = 0.175

[2026-07-11 20:02:09,291][root][INFO] - Epoch 233: duration loss = 0.289 | prior loss = 1.206 | diffusion loss = 0.173

[2026-07-11 20:03:41,618][root][INFO] - Epoch 234: duration loss = 0.289 | prior loss = 1.206 | diffusion loss = 0.173

[2026-07-11 20:05:13,599][root][INFO] - Epoch 235: duration loss = 0.290 | prior loss = 1.206 | diffusion loss = 0.172

[2026-07-11 20:06:45,699][root][INFO] - Epoch 236: duration loss = 0.289 | prior loss = 1.206 | diffusion loss = 0.175

[2026-07-11 20:08:17,396][root][INFO] - Epoch 237: duration loss = 0.290 | prior loss = 1.206 | diffusion loss = 0.172

[2026-07-11 20:09:49,658][root][INFO] - Epoch 238: duration loss = 0.290 | prior loss = 1.206 | diffusion loss = 0.175

[2026-07-11 20:11:21,951][root][INFO] - Epoch 239: duration loss = 0.289 | prior loss = 1.206 | diffusion loss = 0.173

[2026-07-11 20:12:54,124][root][INFO] - Epoch 240: duration loss = 0.290 | prior loss = 1.206 | diffusion loss = 0.173

[2026-07-11 20:14:26,665][root][INFO] - Epoch 241: duration loss = 0.289 | prior loss = 1.206 | diffusion loss = 0.174

[2026-07-11 20:15:58,858][root][INFO] - Epoch 242: duration loss = 0.289 | prior loss = 1.206 | diffusion loss = 0.171

[2026-07-11 20:17:30,411][root][INFO] - Epoch 243: duration loss = 0.290 | prior loss = 1.206 | diffusion loss = 0.171

[2026-07-11 20:19:02,524][root][INFO] - Epoch 244: duration loss = 0.289 | prior loss = 1.206 | diffusion loss = 0.172

[2026-07-11 20:20:34,346][root][INFO] - Epoch 245: duration loss = 0.289 | prior loss = 1.206 | diffusion loss = 0.173

[2026-07-11 20:22:06,649][root][INFO] - Epoch 246: duration loss = 0.289 | prior loss = 1.206 | diffusion loss = 0.173

[2026-07-11 20:23:38,691][root][INFO] - Epoch 247: duration loss = 0.289 | prior loss = 1.206 | diffusion loss = 0.172

[2026-07-11 20:25:10,937][root][INFO] - Epoch 248: duration loss = 0.289 | prior loss = 1.206 | diffusion loss = 0.173

[2026-07-11 20:26:43,079][root][INFO] - Epoch 249: duration loss = 0.289 | prior loss = 1.206 | diffusion loss = 0.172

[2026-07-11 20:28:15,353][root][INFO] - Epoch 250: duration loss = 0.289 | prior loss = 1.206 | diffusion loss = 0.172

[2026-07-11 20:29:47,469][root][INFO] - Epoch 251: duration loss = 0.289 | prior loss = 1.206 | diffusion loss = 0.172

[2026-07-11 20:31:19,974][root][INFO] - Epoch 252: duration loss = 0.289 | prior loss = 1.206 | diffusion loss = 0.175

[2026-07-11 20:32:52,016][root][INFO] - Epoch 253: duration loss = 0.289 | prior loss = 1.206 | diffusion loss = 0.174

[2026-07-11 20:34:24,080][root][INFO] - Epoch 254: duration loss = 0.289 | prior loss = 1.206 | diffusion loss = 0.172

[2026-07-11 20:35:56,245][root][INFO] - Epoch 255: duration loss = 0.289 | prior loss = 1.206 | diffusion loss = 0.172

[2026-07-11 20:37:28,640][root][INFO] - Epoch 256: duration loss = 0.289 | prior loss = 1.206 | diffusion loss = 0.173

[2026-07-11 20:39:00,232][root][INFO] - Epoch 257: duration loss = 0.289 | prior loss = 1.206 | diffusion loss = 0.172

[2026-07-11 20:40:32,451][root][INFO] - Epoch 258: duration loss = 0.290 | prior loss = 1.206 | diffusion loss = 0.172

[2026-07-11 20:42:04,624][root][INFO] - Epoch 259: duration loss = 0.290 | prior loss = 1.206 | diffusion loss = 0.173

[2026-07-11 20:43:36,416][root][INFO] - Epoch 260: duration loss = 0.289 | prior loss = 1.206 | diffusion loss = 0.171

[2026-07-11 20:45:08,636][root][INFO] - Epoch 261: duration loss = 0.289 | prior loss = 1.206 | diffusion loss = 0.171

[2026-07-11 20:46:39,821][root][INFO] - Epoch 262: duration loss = 0.289 | prior loss = 1.206 | diffusion loss = 0.169

[2026-07-11 20:48:11,997][root][INFO] - Epoch 263: duration loss = 0.289 | prior loss = 1.206 | diffusion loss = 0.173

[2026-07-11 20:49:44,408][root][INFO] - Epoch 264: duration loss = 0.289 | prior loss = 1.206 | diffusion loss = 0.172

[2026-07-11 20:51:16,581][root][INFO] - Epoch 265: duration loss = 0.289 | prior loss = 1.206 | diffusion loss = 0.171

[2026-07-11 20:52:48,332][root][INFO] - Epoch 266: duration loss = 0.290 | prior loss = 1.206 | diffusion loss = 0.171

[2026-07-11 20:54:19,968][root][INFO] - Epoch 267: duration loss = 0.290 | prior loss = 1.206 | diffusion loss = 0.170

[2026-07-11 20:55:51,939][root][INFO] - Epoch 268: duration loss = 0.290 | prior loss = 1.206 | diffusion loss = 0.172

[2026-07-11 20:57:23,492][root][INFO] - Epoch 269: duration loss = 0.290 | prior loss = 1.207 | diffusion loss = 0.169

[2026-07-11 20:58:55,471][root][INFO] - Epoch 270: duration loss = 0.290 | prior loss = 1.206 | diffusion loss = 0.171

[2026-07-11 21:00:27,725][root][INFO] - Epoch 271: duration loss = 0.290 | prior loss = 1.206 | diffusion loss = 0.174

[2026-07-11 21:02:00,161][root][INFO] - Epoch 272: duration loss = 0.289 | prior loss = 1.206 | diffusion loss = 0.171

[2026-07-11 21:03:31,845][root][INFO] - Epoch 273: duration loss = 0.289 | prior loss = 1.206 | diffusion loss = 0.174

[2026-07-11 21:05:03,834][root][INFO] - Epoch 274: duration loss = 0.289 | prior loss = 1.206 | diffusion loss = 0.173

[2026-07-11 21:06:35,840][root][INFO] - Epoch 275: duration loss = 0.289 | prior loss = 1.206 | diffusion loss = 0.170

[2026-07-11 21:08:08,310][root][INFO] - Epoch 276: duration loss = 0.289 | prior loss = 1.206 | diffusion loss = 0.172

[2026-07-11 21:09:40,448][root][INFO] - Epoch 277: duration loss = 0.289 | prior loss = 1.206 | diffusion loss = 0.169

[2026-07-11 21:11:12,238][root][INFO] - Epoch 278: duration loss = 0.289 | prior loss = 1.206 | diffusion loss = 0.172

[2026-07-11 21:12:43,836][root][INFO] - Epoch 279: duration loss = 0.289 | prior loss = 1.206 | diffusion loss = 0.172

[2026-07-11 21:14:16,004][root][INFO] - Epoch 280: duration loss = 0.289 | prior loss = 1.206 | diffusion loss = 0.171

[2026-07-11 21:15:48,023][root][INFO] - Epoch 281: duration loss = 0.289 | prior loss = 1.206 | diffusion loss = 0.173

[2026-07-11 21:17:19,641][root][INFO] - Epoch 282: duration loss = 0.290 | prior loss = 1.206 | diffusion loss = 0.171

[2026-07-11 21:18:51,892][root][INFO] - Epoch 283: duration loss = 0.289 | prior loss = 1.206 | diffusion loss = 0.170

[2026-07-11 21:20:23,884][root][INFO] - Epoch 284: duration loss = 0.290 | prior loss = 1.206 | diffusion loss = 0.172

[2026-07-11 21:21:55,603][root][INFO] - Epoch 285: duration loss = 0.289 | prior loss = 1.206 | diffusion loss = 0.171

[2026-07-11 21:23:27,903][root][INFO] - Epoch 286: duration loss = 0.289 | prior loss = 1.206 | diffusion loss = 0.170

[2026-07-11 21:25:00,193][root][INFO] - Epoch 287: duration loss = 0.290 | prior loss = 1.206 | diffusion loss = 0.170

[2026-07-11 21:26:32,090][root][INFO] - Epoch 288: duration loss = 0.290 | prior loss = 1.206 | diffusion loss = 0.170

[2026-07-11 21:28:04,460][root][INFO] - Epoch 289: duration loss = 0.289 | prior loss = 1.206 | diffusion loss = 0.172

[2026-07-11 21:29:36,411][root][INFO] - Epoch 290: duration loss = 0.290 | prior loss = 1.206 | diffusion loss = 0.168

[2026-07-11 21:31:08,829][root][INFO] - Epoch 291: duration loss = 0.289 | prior loss = 1.206 | diffusion loss = 0.170

[2026-07-11 21:32:41,360][root][INFO] - Epoch 292: duration loss = 0.289 | prior loss = 1.206 | diffusion loss = 0.171

[2026-07-11 21:34:13,713][root][INFO] - Epoch 293: duration loss = 0.290 | prior loss = 1.206 | diffusion loss = 0.171

[2026-07-11 21:35:46,133][root][INFO] - Epoch 294: duration loss = 0.290 | prior loss = 1.206 | diffusion loss = 0.171

[2026-07-11 21:37:17,602][root][INFO] - Epoch 295: duration loss = 0.289 | prior loss = 1.206 | diffusion loss = 0.172

[2026-07-11 21:38:49,727][root][INFO] - Epoch 296: duration loss = 0.289 | prior loss = 1.206 | diffusion loss = 0.171

[2026-07-11 21:40:21,360][root][INFO] - Epoch 297: duration loss = 0.289 | prior loss = 1.206 | diffusion loss = 0.170

[2026-07-11 21:41:53,527][root][INFO] - Epoch 298: duration loss = 0.289 | prior loss = 1.206 | diffusion loss = 0.168

[2026-07-11 21:43:25,604][root][INFO] - Epoch 299: duration loss = 0.289 | prior loss = 1.206 | diffusion loss = 0.169

[2026-07-11 21:44:57,709][root][INFO] - Epoch 300: duration loss = 0.289 | prior loss = 1.206 | diffusion loss = 0.170

[2026-07-11 21:46:29,115][root][INFO] - Epoch 301: duration loss = 0.290 | prior loss = 1.206 | diffusion loss = 0.172

[2026-07-11 21:48:01,375][root][INFO] - Epoch 302: duration loss = 0.289 | prior loss = 1.206 | diffusion loss = 0.168

[2026-07-11 21:49:33,507][root][INFO] - Epoch 303: duration loss = 0.289 | prior loss = 1.206 | diffusion loss = 0.169

[2026-07-11 21:51:05,365][root][INFO] - Epoch 304: duration loss = 0.289 | prior loss = 1.206 | diffusion loss = 0.171

[2026-07-11 21:52:37,704][root][INFO] - Epoch 305: duration loss = 0.290 | prior loss = 1.206 | diffusion loss = 0.171

[2026-07-11 21:54:09,874][root][INFO] - Epoch 306: duration loss = 0.290 | prior loss = 1.206 | diffusion loss = 0.170

[2026-07-11 21:55:41,407][root][INFO] - Epoch 307: duration loss = 0.290 | prior loss = 1.206 | diffusion loss = 0.169

[2026-07-11 21:57:13,181][root][INFO] - Epoch 308: duration loss = 0.289 | prior loss = 1.206 | diffusion loss = 0.171

[2026-07-11 21:58:44,937][root][INFO] - Epoch 309: duration loss = 0.289 | prior loss = 1.206 | diffusion loss = 0.169

[2026-07-11 22:00:17,137][root][INFO] - Epoch 310: duration loss = 0.289 | prior loss = 1.206 | diffusion loss = 0.168

[2026-07-11 22:01:49,049][root][INFO] - Epoch 311: duration loss = 0.290 | prior loss = 1.206 | diffusion loss = 0.172

[2026-07-11 22:03:21,484][root][INFO] - Epoch 312: duration loss = 0.290 | prior loss = 1.206 | diffusion loss = 0.172

[2026-07-11 22:04:53,851][root][INFO] - Epoch 313: duration loss = 0.290 | prior loss = 1.206 | diffusion loss = 0.171

[2026-07-11 22:06:25,395][root][INFO] - Epoch 314: duration loss = 0.289 | prior loss = 1.206 | diffusion loss = 0.170

[2026-07-11 22:07:57,113][root][INFO] - Epoch 315: duration loss = 0.289 | prior loss = 1.206 | diffusion loss = 0.169

[2026-07-11 22:09:29,942][root][INFO] - Epoch 316: duration loss = 0.290 | prior loss = 1.206 | diffusion loss = 0.170

[2026-07-11 22:11:01,832][root][INFO] - Epoch 317: duration loss = 0.289 | prior loss = 1.206 | diffusion loss = 0.170

[2026-07-11 22:12:33,827][root][INFO] - Epoch 318: duration loss = 0.289 | prior loss = 1.206 | diffusion loss = 0.170

[2026-07-11 22:14:05,988][root][INFO] - Epoch 319: duration loss = 0.290 | prior loss = 1.206 | diffusion loss = 0.171

[2026-07-11 22:15:38,147][root][INFO] - Epoch 320: duration loss = 0.290 | prior loss = 1.206 | diffusion loss = 0.170

[2026-07-11 22:17:10,246][root][INFO] - Epoch 321: duration loss = 0.290 | prior loss = 1.206 | diffusion loss = 0.168

[2026-07-11 22:18:42,226][root][INFO] - Epoch 322: duration loss = 0.290 | prior loss = 1.206 | diffusion loss = 0.169

[2026-07-11 22:20:14,432][root][INFO] - Epoch 323: duration loss = 0.289 | prior loss = 1.206 | diffusion loss = 0.170

[2026-07-11 22:21:46,176][root][INFO] - Epoch 324: duration loss = 0.289 | prior loss = 1.206 | diffusion loss = 0.170

[2026-07-11 22:23:18,054][root][INFO] - Epoch 325: duration loss = 0.290 | prior loss = 1.206 | diffusion loss = 0.170

[2026-07-11 22:24:50,692][root][INFO] - Epoch 326: duration loss = 0.289 | prior loss = 1.206 | diffusion loss = 0.169

[2026-07-11 22:26:22,080][root][INFO] - Epoch 327: duration loss = 0.289 | prior loss = 1.206 | diffusion loss = 0.170

[2026-07-11 22:27:53,805][root][INFO] - Epoch 328: duration loss = 0.289 | prior loss = 1.207 | diffusion loss = 0.170

[2026-07-11 22:29:25,624][root][INFO] - Epoch 329: duration loss = 0.289 | prior loss = 1.206 | diffusion loss = 0.170

[2026-07-11 22:30:57,654][root][INFO] - Epoch 330: duration loss = 0.289 | prior loss = 1.206 | diffusion loss = 0.170

[2026-07-11 22:32:29,416][root][INFO] - Epoch 331: duration loss = 0.290 | prior loss = 1.206 | diffusion loss = 0.170

[2026-07-11 22:34:01,576][root][INFO] - Epoch 332: duration loss = 0.290 | prior loss = 1.206 | diffusion loss = 0.169

[2026-07-11 22:35:33,838][root][INFO] - Epoch 333: duration loss = 0.289 | prior loss = 1.206 | diffusion loss = 0.170

[2026-07-11 22:37:05,867][root][INFO] - Epoch 334: duration loss = 0.289 | prior loss = 1.205 | diffusion loss = 0.170

[2026-07-11 22:38:37,884][root][INFO] - Epoch 335: duration loss = 0.289 | prior loss = 1.206 | diffusion loss = 0.167

[2026-07-11 22:40:10,597][root][INFO] - Epoch 336: duration loss = 0.289 | prior loss = 1.206 | diffusion loss = 0.170

[2026-07-11 22:41:42,580][root][INFO] - Epoch 337: duration loss = 0.289 | prior loss = 1.206 | diffusion loss = 0.167

[2026-07-11 22:43:14,603][root][INFO] - Epoch 338: duration loss = 0.289 | prior loss = 1.206 | diffusion loss = 0.169

[2026-07-11 22:44:46,706][root][INFO] - Epoch 339: duration loss = 0.289 | prior loss = 1.206 | diffusion loss = 0.169

[2026-07-11 22:46:18,942][root][INFO] - Epoch 340: duration loss = 0.290 | prior loss = 1.206 | diffusion loss = 0.167

[2026-07-11 22:47:50,762][root][INFO] - Epoch 341: duration loss = 0.289 | prior loss = 1.206 | diffusion loss = 0.170

[2026-07-11 22:49:22,637][root][INFO] - Epoch 342: duration loss = 0.289 | prior loss = 1.206 | diffusion loss = 0.170

[2026-07-11 22:50:54,483][root][INFO] - Epoch 343: duration loss = 0.290 | prior loss = 1.207 | diffusion loss = 0.170

[2026-07-11 22:52:26,637][root][INFO] - Epoch 344: duration loss = 0.289 | prior loss = 1.206 | diffusion loss = 0.170

[2026-07-11 22:53:58,755][root][INFO] - Epoch 345: duration loss = 0.289 | prior loss = 1.206 | diffusion loss = 0.171

[2026-07-11 22:55:30,773][root][INFO] - Epoch 346: duration loss = 0.290 | prior loss = 1.206 | diffusion loss = 0.170

[2026-07-11 22:57:03,147][root][INFO] - Epoch 347: duration loss = 0.289 | prior loss = 1.206 | diffusion loss = 0.167

[2026-07-11 22:58:34,698][root][INFO] - Epoch 348: duration loss = 0.289 | prior loss = 1.206 | diffusion loss = 0.169

[2026-07-11 23:00:06,530][root][INFO] - Epoch 349: duration loss = 0.289 | prior loss = 1.206 | diffusion loss = 0.169

[2026-07-11 23:01:39,133][root][INFO] - Epoch 350: duration loss = 0.290 | prior loss = 1.206 | diffusion loss = 0.170

[2026-07-11 23:03:11,133][root][INFO] - Epoch 351: duration loss = 0.289 | prior loss = 1.206 | diffusion loss = 0.168

[2026-07-11 23:04:42,985][root][INFO] - Epoch 352: duration loss = 0.290 | prior loss = 1.205 | diffusion loss = 0.171

[2026-07-11 23:06:15,194][root][INFO] - Epoch 353: duration loss = 0.290 | prior loss = 1.206 | diffusion loss = 0.168

[2026-07-11 23:07:47,612][root][INFO] - Epoch 354: duration loss = 0.290 | prior loss = 1.206 | diffusion loss = 0.168

[2026-07-11 23:09:20,020][root][INFO] - Epoch 355: duration loss = 0.289 | prior loss = 1.206 | diffusion loss = 0.170

[2026-07-11 23:10:52,415][root][INFO] - Epoch 356: duration loss = 0.289 | prior loss = 1.206 | diffusion loss = 0.170

[2026-07-11 23:12:24,115][root][INFO] - Epoch 357: duration loss = 0.289 | prior loss = 1.206 | diffusion loss = 0.169

[2026-07-11 23:13:55,832][root][INFO] - Epoch 358: duration loss = 0.289 | prior loss = 1.206 | diffusion loss = 0.169

[2026-07-11 23:15:27,547][root][INFO] - Epoch 359: duration loss = 0.290 | prior loss = 1.206 | diffusion loss = 0.169

[2026-07-11 23:16:59,531][root][INFO] - Epoch 360: duration loss = 0.289 | prior loss = 1.206 | diffusion loss = 0.168

[2026-07-11 23:18:31,680][root][INFO] - Epoch 361: duration loss = 0.289 | prior loss = 1.207 | diffusion loss = 0.170

[2026-07-11 23:20:03,825][root][INFO] - Epoch 362: duration loss = 0.289 | prior loss = 1.206 | diffusion loss = 0.169

[2026-07-11 23:21:36,497][root][INFO] - Epoch 363: duration loss = 0.289 | prior loss = 1.206 | diffusion loss = 0.169

[2026-07-11 23:23:08,399][root][INFO] - Epoch 364: duration loss = 0.289 | prior loss = 1.206 | diffusion loss = 0.169

[2026-07-11 23:24:40,323][root][INFO] - Epoch 365: duration loss = 0.289 | prior loss = 1.206 | diffusion loss = 0.168

[2026-07-11 23:26:12,785][root][INFO] - Epoch 366: duration loss = 0.290 | prior loss = 1.206 | diffusion loss = 0.168

[2026-07-11 23:27:44,675][root][INFO] - Epoch 367: duration loss = 0.290 | prior loss = 1.206 | diffusion loss = 0.169

[2026-07-11 23:29:16,212][root][INFO] - Epoch 368: duration loss = 0.289 | prior loss = 1.206 | diffusion loss = 0.169

[2026-07-11 23:30:48,452][root][INFO] - Epoch 369: duration loss = 0.289 | prior loss = 1.206 | diffusion loss = 0.169

[2026-07-11 23:32:20,228][root][INFO] - Epoch 370: duration loss = 0.290 | prior loss = 1.206 | diffusion loss = 0.170

[2026-07-11 23:33:51,897][root][INFO] - Epoch 371: duration loss = 0.289 | prior loss = 1.206 | diffusion loss = 0.168

[2026-07-11 23:35:24,114][root][INFO] - Epoch 372: duration loss = 0.289 | prior loss = 1.206 | diffusion loss = 0.167

[2026-07-11 23:36:58,429][root][INFO] - Epoch 373: duration loss = 0.289 | prior loss = 1.206 | diffusion loss = 0.169

[2026-07-11 23:38:30,773][root][INFO] - Epoch 374: duration loss = 0.289 | prior loss = 1.206 | diffusion loss = 0.170

[2026-07-11 23:40:03,236][root][INFO] - Epoch 375: duration loss = 0.290 | prior loss = 1.206 | diffusion loss = 0.167

[2026-07-11 23:41:35,554][root][INFO] - Epoch 376: duration loss = 0.289 | prior loss = 1.206 | diffusion loss = 0.171

[2026-07-11 23:43:15,888][root][INFO] - Epoch 377: duration loss = 0.289 | prior loss = 1.206 | diffusion loss = 0.167

[2026-07-11 23:44:52,414][root][INFO] - Epoch 378: duration loss = 0.290 | prior loss = 1.206 | diffusion loss = 0.172

[2026-07-11 23:46:28,082][root][INFO] - Epoch 379: duration loss = 0.290 | prior loss = 1.206 | diffusion loss = 0.168

[2026-07-11 23:48:01,795][root][INFO] - Epoch 380: duration loss = 0.290 | prior loss = 1.206 | diffusion loss = 0.171

[2026-07-11 23:49:35,562][root][INFO] - Epoch 381: duration loss = 0.290 | prior loss = 1.206 | diffusion loss = 0.168

[2026-07-11 23:51:07,803][root][INFO] - Epoch 382: duration loss = 0.289 | prior loss = 1.206 | diffusion loss = 0.169

[2026-07-11 23:52:41,024][root][INFO] - Epoch 383: duration loss = 0.289 | prior loss = 1.206 | diffusion loss = 0.169

[2026-07-11 23:54:16,534][root][INFO] - Epoch 384: duration loss = 0.289 | prior loss = 1.206 | diffusion loss = 0.169

[2026-07-11 23:55:48,491][root][INFO] - Epoch 385: duration loss = 0.289 | prior loss = 1.206 | diffusion loss = 0.169

[2026-07-11 23:57:21,325][root][INFO] - Epoch 386: duration loss = 0.290 | prior loss = 1.206 | diffusion loss = 0.170

[2026-07-11 23:58:56,710][root][INFO] - Epoch 387: duration loss = 0.289 | prior loss = 1.206 | diffusion loss = 0.171

[2026-07-12 00:00:29,568][root][INFO] - Epoch 388: duration loss = 0.289 | prior loss = 1.206 | diffusion loss = 0.167

[2026-07-12 00:02:04,397][root][INFO] - Epoch 389: duration loss = 0.289 | prior loss = 1.206 | diffusion loss = 0.167

[2026-07-12 00:03:38,412][root][INFO] - Epoch 390: duration loss = 0.289 | prior loss = 1.206 | diffusion loss = 0.167

[2026-07-12 00:05:11,060][root][INFO] - Epoch 391: duration loss = 0.289 | prior loss = 1.206 | diffusion loss = 0.169

[2026-07-12 00:06:43,292][root][INFO] - Epoch 392: duration loss = 0.289 | prior loss = 1.206 | diffusion loss = 0.167

[2026-07-12 00:08:15,901][root][INFO] - Epoch 393: duration loss = 0.289 | prior loss = 1.206 | diffusion loss = 0.166

[2026-07-12 00:09:47,456][root][INFO] - Epoch 394: duration loss = 0.289 | prior loss = 1.206 | diffusion loss = 0.166

[2026-07-12 00:11:19,887][root][INFO] - Epoch 395: duration loss = 0.289 | prior loss = 1.206 | diffusion loss = 0.168

[2026-07-12 00:12:52,170][root][INFO] - Epoch 396: duration loss = 0.289 | prior loss = 1.206 | diffusion loss = 0.169

[2026-07-12 00:14:24,455][root][INFO] - Epoch 397: duration loss = 0.290 | prior loss = 1.206 | diffusion loss = 0.166

[2026-07-12 00:15:56,410][root][INFO] - Epoch 398: duration loss = 0.290 | prior loss = 1.206 | diffusion loss = 0.167

[2026-07-12 00:17:28,622][root][INFO] - Epoch 399: duration loss = 0.290 | prior loss = 1.207 | diffusion loss = 0.169

[2026-07-12 00:19:01,040][root][INFO] - Epoch 400: duration loss = 0.289 | prior loss = 1.206 | diffusion loss = 0.168

[2026-07-12 00:20:32,624][root][INFO] - Epoch 401: duration loss = 0.290 | prior loss = 1.206 | diffusion loss = 0.166

[2026-07-12 00:22:04,937][root][INFO] - Epoch 402: duration loss = 0.289 | prior loss = 1.206 | diffusion loss = 0.169

[2026-07-12 00:23:37,187][root][INFO] - Epoch 403: duration loss = 0.290 | prior loss = 1.206 | diffusion loss = 0.167

[2026-07-12 00:25:09,831][root][INFO] - Epoch 404: duration loss = 0.290 | prior loss = 1.206 | diffusion loss = 0.168

[2026-07-12 00:26:41,873][root][INFO] - Epoch 405: duration loss = 0.290 | prior loss = 1.206 | diffusion loss = 0.169

[2026-07-12 00:28:13,378][root][INFO] - Epoch 406: duration loss = 0.289 | prior loss = 1.206 | diffusion loss = 0.166

[2026-07-12 00:29:46,019][root][INFO] - Epoch 407: duration loss = 0.289 | prior loss = 1.206 | diffusion loss = 0.168

[2026-07-12 00:31:17,659][root][INFO] - Epoch 408: duration loss = 0.290 | prior loss = 1.206 | diffusion loss = 0.168

[2026-07-12 00:32:50,483][root][INFO] - Epoch 409: duration loss = 0.290 | prior loss = 1.206 | diffusion loss = 0.167

[2026-07-12 00:34:22,490][root][INFO] - Epoch 410: duration loss = 0.290 | prior loss = 1.206 | diffusion loss = 0.169

[2026-07-12 00:35:54,105][root][INFO] - Epoch 411: duration loss = 0.290 | prior loss = 1.206 | diffusion loss = 0.168

[2026-07-12 00:37:26,311][root][INFO] - Epoch 412: duration loss = 0.290 | prior loss = 1.206 | diffusion loss = 0.168

[2026-07-12 00:38:58,414][root][INFO] - Epoch 413: duration loss = 0.289 | prior loss = 1.206 | diffusion loss = 0.168

[2026-07-12 00:40:31,235][root][INFO] - Epoch 414: duration loss = 0.290 | prior loss = 1.206 | diffusion loss = 0.169

[2026-07-12 00:42:03,265][root][INFO] - Epoch 415: duration loss = 0.289 | prior loss = 1.206 | diffusion loss = 0.168

[2026-07-12 00:43:35,631][root][INFO] - Epoch 416: duration loss = 0.289 | prior loss = 1.205 | diffusion loss = 0.167

[2026-07-12 00:45:07,533][root][INFO] - Epoch 417: duration loss = 0.290 | prior loss = 1.205 | diffusion loss = 0.166

[2026-07-12 00:46:39,985][root][INFO] - Epoch 418: duration loss = 0.290 | prior loss = 1.206 | diffusion loss = 0.167

[2026-07-12 00:48:11,655][root][INFO] - Epoch 419: duration loss = 0.289 | prior loss = 1.206 | diffusion loss = 0.168

[2026-07-12 00:49:43,751][root][INFO] - Epoch 420: duration loss = 0.290 | prior loss = 1.206 | diffusion loss = 0.168

[2026-07-12 00:51:15,600][root][INFO] - Epoch 421: duration loss = 0.289 | prior loss = 1.206 | diffusion loss = 0.167

[2026-07-12 00:52:47,361][root][INFO] - Epoch 422: duration loss = 0.289 | prior loss = 1.206 | diffusion loss = 0.167

[2026-07-12 00:54:19,601][root][INFO] - Epoch 423: duration loss = 0.289 | prior loss = 1.206 | diffusion loss = 0.168

[2026-07-12 00:55:51,299][root][INFO] - Epoch 424: duration loss = 0.290 | prior loss = 1.206 | diffusion loss = 0.167

[2026-07-12 00:57:22,650][root][INFO] - Epoch 425: duration loss = 0.289 | prior loss = 1.206 | diffusion loss = 0.169

[2026-07-12 00:58:54,195][root][INFO] - Epoch 426: duration loss = 0.289 | prior loss = 1.206 | diffusion loss = 0.167

[2026-07-12 01:00:26,140][root][INFO] - Epoch 427: duration loss = 0.289 | prior loss = 1.206 | diffusion loss = 0.168

[2026-07-12 01:01:58,112][root][INFO] - Epoch 428: duration loss = 0.289 | prior loss = 1.206 | diffusion loss = 0.168

[2026-07-12 01:03:30,439][root][INFO] - Epoch 429: duration loss = 0.289 | prior loss = 1.206 | diffusion loss = 0.168

[2026-07-12 01:05:02,495][root][INFO] - Epoch 430: duration loss = 0.290 | prior loss = 1.206 | diffusion loss = 0.166

[2026-07-12 01:06:34,784][root][INFO] - Epoch 431: duration loss = 0.289 | prior loss = 1.206 | diffusion loss = 0.166

[2026-07-12 01:08:07,280][root][INFO] - Epoch 432: duration loss = 0.289 | prior loss = 1.206 | diffusion loss = 0.170

[2026-07-12 01:09:39,640][root][INFO] - Epoch 433: duration loss = 0.289 | prior loss = 1.206 | diffusion loss = 0.167

[2026-07-12 01:11:11,854][root][INFO] - Epoch 434: duration loss = 0.290 | prior loss = 1.206 | diffusion loss = 0.169

[2026-07-12 01:12:44,506][root][INFO] - Epoch 435: duration loss = 0.289 | prior loss = 1.206 | diffusion loss = 0.167

[2026-07-12 01:14:16,409][root][INFO] - Epoch 436: duration loss = 0.290 | prior loss = 1.206 | diffusion loss = 0.167

[2026-07-12 01:15:48,138][root][INFO] - Epoch 437: duration loss = 0.290 | prior loss = 1.206 | diffusion loss = 0.167

[2026-07-12 01:17:19,569][root][INFO] - Epoch 438: duration loss = 0.289 | prior loss = 1.206 | diffusion loss = 0.168

[2026-07-12 01:18:51,318][root][INFO] - Epoch 439: duration loss = 0.289 | prior loss = 1.206 | diffusion loss = 0.166

[2026-07-12 01:20:23,504][root][INFO] - Epoch 440: duration loss = 0.289 | prior loss = 1.206 | diffusion loss = 0.168

[2026-07-12 01:21:55,381][root][INFO] - Epoch 441: duration loss = 0.290 | prior loss = 1.206 | diffusion loss = 0.167

[2026-07-12 01:23:26,877][root][INFO] - Epoch 442: duration loss = 0.289 | prior loss = 1.206 | diffusion loss = 0.165

[2026-07-12 01:24:59,070][root][INFO] - Epoch 443: duration loss = 0.290 | prior loss = 1.206 | diffusion loss = 0.166

[2026-07-12 01:26:31,023][root][INFO] - Epoch 444: duration loss = 0.290 | prior loss = 1.206 | diffusion loss = 0.168

[2026-07-12 01:28:03,560][root][INFO] - Epoch 445: duration loss = 0.290 | prior loss = 1.206 | diffusion loss = 0.167

[2026-07-12 01:29:35,639][root][INFO] - Epoch 446: duration loss = 0.289 | prior loss = 1.206 | diffusion loss = 0.167

[2026-07-12 01:31:07,299][root][INFO] - Epoch 447: duration loss = 0.289 | prior loss = 1.206 | diffusion loss = 0.168

[2026-07-12 01:32:38,510][root][INFO] - Epoch 448: duration loss = 0.289 | prior loss = 1.206 | diffusion loss = 0.165

[2026-07-12 01:34:10,325][root][INFO] - Epoch 449: duration loss = 0.289 | prior loss = 1.206 | diffusion loss = 0.165

[2026-07-12 01:35:41,950][root][INFO] - Epoch 450: duration loss = 0.289 | prior loss = 1.206 | diffusion loss = 0.165

[2026-07-12 01:37:14,238][root][INFO] - Epoch 451: duration loss = 0.289 | prior loss = 1.206 | diffusion loss = 0.167

[2026-07-12 01:38:46,171][root][INFO] - Epoch 452: duration loss = 0.290 | prior loss = 1.206 | diffusion loss = 0.169

[2026-07-12 01:40:17,942][root][INFO] - Epoch 453: duration loss = 0.290 | prior loss = 1.206 | diffusion loss = 0.167

[2026-07-12 01:41:49,870][root][INFO] - Epoch 454: duration loss = 0.290 | prior loss = 1.206 | diffusion loss = 0.167

[2026-07-12 01:43:21,666][root][INFO] - Epoch 455: duration loss = 0.289 | prior loss = 1.206 | diffusion loss = 0.167

[2026-07-12 01:44:54,002][root][INFO] - Epoch 456: duration loss = 0.289 | prior loss = 1.206 | diffusion loss = 0.166

[2026-07-12 01:46:26,144][root][INFO] - Epoch 457: duration loss = 0.289 | prior loss = 1.206 | diffusion loss = 0.168

[2026-07-12 01:47:57,823][root][INFO] - Epoch 458: duration loss = 0.290 | prior loss = 1.206 | diffusion loss = 0.167

[2026-07-12 01:49:29,833][root][INFO] - Epoch 459: duration loss = 0.289 | prior loss = 1.206 | diffusion loss = 0.167

[2026-07-12 01:51:01,672][root][INFO] - Epoch 460: duration loss = 0.290 | prior loss = 1.206 | diffusion loss = 0.167

[2026-07-12 01:52:34,048][root][INFO] - Epoch 461: duration loss = 0.290 | prior loss = 1.207 | diffusion loss = 0.167

[2026-07-12 01:54:05,961][root][INFO] - Epoch 462: duration loss = 0.290 | prior loss = 1.206 | diffusion loss = 0.167

[2026-07-12 01:55:38,154][root][INFO] - Epoch 463: duration loss = 0.289 | prior loss = 1.206 | diffusion loss = 0.166

[2026-07-12 01:57:09,738][root][INFO] - Epoch 464: duration loss = 0.290 | prior loss = 1.206 | diffusion loss = 0.166

[2026-07-12 01:58:41,841][root][INFO] - Epoch 465: duration loss = 0.290 | prior loss = 1.206 | diffusion loss = 0.167

[2026-07-12 02:00:13,995][root][INFO] - Epoch 466: duration loss = 0.290 | prior loss = 1.206 | diffusion loss = 0.166

[2026-07-12 02:01:46,021][root][INFO] - Epoch 467: duration loss = 0.290 | prior loss = 1.206 | diffusion loss = 0.168

[2026-07-12 02:03:18,147][root][INFO] - Epoch 468: duration loss = 0.289 | prior loss = 1.206 | diffusion loss = 0.167

[2026-07-12 02:04:51,054][root][INFO] - Epoch 469: duration loss = 0.290 | prior loss = 1.206 | diffusion loss = 0.166

[2026-07-12 02:06:23,148][root][INFO] - Epoch 470: duration loss = 0.289 | prior loss = 1.206 | diffusion loss = 0.166

[2026-07-12 02:07:55,204][root][INFO] - Epoch 471: duration loss = 0.289 | prior loss = 1.206 | diffusion loss = 0.164

[2026-07-12 02:09:26,726][root][INFO] - Epoch 472: duration loss = 0.290 | prior loss = 1.206 | diffusion loss = 0.167

[2026-07-12 02:10:58,656][root][INFO] - Epoch 473: duration loss = 0.289 | prior loss = 1.206 | diffusion loss = 0.166

[2026-07-12 02:12:30,838][root][INFO] - Epoch 474: duration loss = 0.289 | prior loss = 1.206 | diffusion loss = 0.162

[2026-07-12 02:14:02,696][root][INFO] - Epoch 475: duration loss = 0.289 | prior loss = 1.207 | diffusion loss = 0.167

[2026-07-12 02:15:34,795][root][INFO] - Epoch 476: duration loss = 0.289 | prior loss = 1.206 | diffusion loss = 0.164

[2026-07-12 02:17:06,154][root][INFO] - Epoch 477: duration loss = 0.289 | prior loss = 1.206 | diffusion loss = 0.167

[2026-07-12 02:18:37,893][root][INFO] - Epoch 478: duration loss = 0.290 | prior loss = 1.206 | diffusion loss = 0.166

[2026-07-12 02:20:09,135][root][INFO] - Epoch 479: duration loss = 0.289 | prior loss = 1.206 | diffusion loss = 0.164

[2026-07-12 02:21:40,728][root][INFO] - Epoch 480: duration loss = 0.289 | prior loss = 1.206 | diffusion loss = 0.166

[2026-07-12 02:23:12,300][root][INFO] - Epoch 481: duration loss = 0.289 | prior loss = 1.206 | diffusion loss = 0.168

[2026-07-12 02:24:44,063][root][INFO] - Epoch 482: duration loss = 0.290 | prior loss = 1.206 | diffusion loss = 0.164

[2026-07-12 02:26:15,755][root][INFO] - Epoch 483: duration loss = 0.289 | prior loss = 1.206 | diffusion loss = 0.166

[2026-07-12 02:27:48,767][root][INFO] - Epoch 484: duration loss = 0.289 | prior loss = 1.205 | diffusion loss = 0.165

[2026-07-12 02:29:27,926][root][INFO] - Epoch 485: duration loss = 0.289 | prior loss = 1.206 | diffusion loss = 0.167

[2026-07-12 02:31:07,028][root][INFO] - Epoch 486: duration loss = 0.290 | prior loss = 1.206 | diffusion loss = 0.167

[2026-07-12 02:32:46,228][root][INFO] - Epoch 487: duration loss = 0.289 | prior loss = 1.206 | diffusion loss = 0.166

[2026-07-12 02:34:26,013][root][INFO] - Epoch 488: duration loss = 0.289 | prior loss = 1.206 | diffusion loss = 0.168

[2026-07-12 02:36:04,716][root][INFO] - Epoch 489: duration loss = 0.290 | prior loss = 1.206 | diffusion loss = 0.167

[2026-07-12 02:37:44,543][root][INFO] - Epoch 490: duration loss = 0.289 | prior loss = 1.206 | diffusion loss = 0.165

[2026-07-12 02:39:23,984][root][INFO] - Epoch 491: duration loss = 0.290 | prior loss = 1.206 | diffusion loss = 0.165

[2026-07-12 02:41:03,236][root][INFO] - Epoch 492: duration loss = 0.289 | prior loss = 1.206 | diffusion loss = 0.164

[2026-07-12 02:42:42,680][root][INFO] - Epoch 493: duration loss = 0.290 | prior loss = 1.206 | diffusion loss = 0.165

[2026-07-12 02:44:22,345][root][INFO] - Epoch 494: duration loss = 0.289 | prior loss = 1.206 | diffusion loss = 0.164

[2026-07-12 02:46:01,899][root][INFO] - Epoch 495: duration loss = 0.289 | prior loss = 1.206 | diffusion loss = 0.165

[2026-07-12 02:47:41,673][root][INFO] - Epoch 496: duration loss = 0.289 | prior loss = 1.206 | diffusion loss = 0.166

[2026-07-12 02:49:20,567][root][INFO] - Epoch 497: duration loss = 0.289 | prior loss = 1.206 | diffusion loss = 0.165

[2026-07-12 02:51:00,368][root][INFO] - Epoch 498: duration loss = 0.289 | prior loss = 1.206 | diffusion loss = 0.165

[2026-07-12 02:52:40,296][root][INFO] - Epoch 499: duration loss = 0.289 | prior loss = 1.206 | diffusion loss = 0.165

[2026-07-12 02:54:28,017][root][INFO] - Epoch 500: duration loss = 0.287 | prior loss = 1.204 | diffusion loss = 0.164

[2026-07-12 02:56:16,910][root][INFO] - Epoch 501: duration loss = 0.286 | prior loss = 1.202 | diffusion loss = 0.164

[2026-07-12 02:58:06,510][root][INFO] - Epoch 502: duration loss = 0.285 | prior loss = 1.202 | diffusion loss = 0.165

[2026-07-12 02:59:56,787][root][INFO] - Epoch 503: duration loss = 0.284 | prior loss = 1.201 | diffusion loss = 0.165

[2026-07-12 03:01:46,203][root][INFO] - Epoch 504: duration loss = 0.284 | prior loss = 1.201 | diffusion loss = 0.165

[2026-07-12 03:03:35,549][root][INFO] - Epoch 505: duration loss = 0.283 | prior loss = 1.201 | diffusion loss = 0.166

[2026-07-12 03:05:24,884][root][INFO] - Epoch 506: duration loss = 0.283 | prior loss = 1.201 | diffusion loss = 0.165

[2026-07-12 03:07:13,195][root][INFO] - Epoch 507: duration loss = 0.283 | prior loss = 1.200 | diffusion loss = 0.166

[2026-07-12 03:09:01,798][root][INFO] - Epoch 508: duration loss = 0.283 | prior loss = 1.200 | diffusion loss = 0.162

[2026-07-12 03:10:50,724][root][INFO] - Epoch 509: duration loss = 0.283 | prior loss = 1.200 | diffusion loss = 0.163

[2026-07-12 03:12:40,381][root][INFO] - Epoch 510: duration loss = 0.282 | prior loss = 1.200 | diffusion loss = 0.165

[2026-07-12 03:14:29,906][root][INFO] - Epoch 511: duration loss = 0.282 | prior loss = 1.200 | diffusion loss = 0.165

[2026-07-12 03:16:18,849][root][INFO] - Epoch 512: duration loss = 0.282 | prior loss = 1.200 | diffusion loss = 0.165

[2026-07-12 03:18:09,825][root][INFO] - Epoch 513: duration loss = 0.282 | prior loss = 1.199 | diffusion loss = 0.164

[2026-07-12 03:19:59,663][root][INFO] - Epoch 514: duration loss = 0.281 | prior loss = 1.199 | diffusion loss = 0.162

[2026-07-12 03:21:49,141][root][INFO] - Epoch 515: duration loss = 0.282 | prior loss = 1.199 | diffusion loss = 0.165

[2026-07-12 03:23:38,522][root][INFO] - Epoch 516: duration loss = 0.281 | prior loss = 1.199 | diffusion loss = 0.164

[2026-07-12 03:25:28,344][root][INFO] - Epoch 517: duration loss = 0.282 | prior loss = 1.200 | diffusion loss = 0.162

[2026-07-12 03:27:18,014][root][INFO] - Epoch 518: duration loss = 0.281 | prior loss = 1.199 | diffusion loss = 0.164

[2026-07-12 03:29:07,003][root][INFO] - Epoch 519: duration loss = 0.281 | prior loss = 1.199 | diffusion loss = 0.164

[2026-07-12 03:30:56,469][root][INFO] - Epoch 520: duration loss = 0.281 | prior loss = 1.198 | diffusion loss = 0.163

[2026-07-12 03:32:46,060][root][INFO] - Epoch 521: duration loss = 0.281 | prior loss = 1.199 | diffusion loss = 0.162

[2026-07-12 03:34:35,939][root][INFO] - Epoch 522: duration loss = 0.281 | prior loss = 1.198 | diffusion loss = 0.163

[2026-07-12 03:36:25,407][root][INFO] - Epoch 523: duration loss = 0.281 | prior loss = 1.199 | diffusion loss = 0.163

[2026-07-12 03:38:14,348][root][INFO] - Epoch 524: duration loss = 0.281 | prior loss = 1.198 | diffusion loss = 0.164

[2026-07-12 03:40:03,601][root][INFO] - Epoch 525: duration loss = 0.281 | prior loss = 1.198 | diffusion loss = 0.163

[2026-07-12 03:41:52,180][root][INFO] - Epoch 526: duration loss = 0.281 | prior loss = 1.198 | diffusion loss = 0.161

[2026-07-12 03:43:41,842][root][INFO] - Epoch 527: duration loss = 0.281 | prior loss = 1.198 | diffusion loss = 0.163

[2026-07-12 03:45:31,994][root][INFO] - Epoch 528: duration loss = 0.280 | prior loss = 1.198 | diffusion loss = 0.164

[2026-07-12 03:47:21,889][root][INFO] - Epoch 529: duration loss = 0.281 | prior loss = 1.198 | diffusion loss = 0.160

[2026-07-12 03:49:11,590][root][INFO] - Epoch 530: duration loss = 0.281 | prior loss = 1.198 | diffusion loss = 0.162

[2026-07-12 03:51:01,418][root][INFO] - Epoch 531: duration loss = 0.281 | prior loss = 1.198 | diffusion loss = 0.162

[2026-07-12 03:52:51,363][root][INFO] - Epoch 532: duration loss = 0.281 | prior loss = 1.198 | diffusion loss = 0.162

[2026-07-12 03:54:41,571][root][INFO] - Epoch 533: duration loss = 0.280 | prior loss = 1.198 | diffusion loss = 0.160

[2026-07-12 03:56:31,156][root][INFO] - Epoch 534: duration loss = 0.281 | prior loss = 1.198 | diffusion loss = 0.162

[2026-07-12 03:58:20,884][root][INFO] - Epoch 535: duration loss = 0.280 | prior loss = 1.198 | diffusion loss = 0.163

[2026-07-12 04:00:08,885][root][INFO] - Epoch 536: duration loss = 0.280 | prior loss = 1.198 | diffusion loss = 0.162

[2026-07-12 04:01:56,585][root][INFO] - Epoch 537: duration loss = 0.280 | prior loss = 1.198 | diffusion loss = 0.160

[2026-07-12 04:03:44,359][root][INFO] - Epoch 538: duration loss = 0.280 | prior loss = 1.197 | diffusion loss = 0.161

[2026-07-12 04:05:31,827][root][INFO] - Epoch 539: duration loss = 0.280 | prior loss = 1.197 | diffusion loss = 0.163

[2026-07-12 04:07:19,651][root][INFO] - Epoch 540: duration loss = 0.280 | prior loss = 1.198 | diffusion loss = 0.162

[2026-07-12 04:09:09,083][root][INFO] - Epoch 541: duration loss = 0.280 | prior loss = 1.198 | diffusion loss = 0.161

[2026-07-12 04:10:59,034][root][INFO] - Epoch 542: duration loss = 0.280 | prior loss = 1.197 | diffusion loss = 0.161

[2026-07-12 04:12:48,721][root][INFO] - Epoch 543: duration loss = 0.280 | prior loss = 1.197 | diffusion loss = 0.163

[2026-07-12 04:14:36,955][root][INFO] - Epoch 544: duration loss = 0.280 | prior loss = 1.198 | diffusion loss = 0.163

[2026-07-12 04:16:26,900][root][INFO] - Epoch 545: duration loss = 0.280 | prior loss = 1.197 | diffusion loss = 0.161

[2026-07-12 04:18:17,263][root][INFO] - Epoch 546: duration loss = 0.279 | prior loss = 1.197 | diffusion loss = 0.160

[2026-07-12 04:20:07,292][root][INFO] - Epoch 547: duration loss = 0.280 | prior loss = 1.197 | diffusion loss = 0.162

[2026-07-12 04:21:57,870][root][INFO] - Epoch 548: duration loss = 0.280 | prior loss = 1.197 | diffusion loss = 0.160

[2026-07-12 04:23:48,587][root][INFO] - Epoch 549: duration loss = 0.280 | prior loss = 1.198 | diffusion loss = 0.161

[2026-07-12 04:25:41,097][root][INFO] - Epoch 550: duration loss = 0.279 | prior loss = 1.197 | diffusion loss = 0.162

[2026-07-12 04:27:30,866][root][INFO] - Epoch 551: duration loss = 0.280 | prior loss = 1.197 | diffusion loss = 0.162

[2026-07-12 04:29:20,918][root][INFO] - Epoch 552: duration loss = 0.279 | prior loss = 1.197 | diffusion loss = 0.159

[2026-07-12 04:31:11,596][root][INFO] - Epoch 553: duration loss = 0.279 | prior loss = 1.197 | diffusion loss = 0.162

[2026-07-12 04:33:01,037][root][INFO] - Epoch 554: duration loss = 0.279 | prior loss = 1.197 | diffusion loss = 0.163

[2026-07-12 04:34:50,382][root][INFO] - Epoch 555: duration loss = 0.279 | prior loss = 1.197 | diffusion loss = 0.161

[2026-07-12 04:36:38,346][root][INFO] - Epoch 556: duration loss = 0.279 | prior loss = 1.197 | diffusion loss = 0.161

[2026-07-12 04:38:26,466][root][INFO] - Epoch 557: duration loss = 0.279 | prior loss = 1.197 | diffusion loss = 0.162

[2026-07-12 04:40:14,555][root][INFO] - Epoch 558: duration loss = 0.279 | prior loss = 1.197 | diffusion loss = 0.161

[2026-07-12 04:42:01,550][root][INFO] - Epoch 559: duration loss = 0.280 | prior loss = 1.197 | diffusion loss = 0.161

[2026-07-12 04:43:48,233][root][INFO] - Epoch 560: duration loss = 0.279 | prior loss = 1.197 | diffusion loss = 0.161

[2026-07-12 04:45:36,974][root][INFO] - Epoch 561: duration loss = 0.279 | prior loss = 1.197 | diffusion loss = 0.161

[2026-07-12 04:47:25,977][root][INFO] - Epoch 562: duration loss = 0.279 | prior loss = 1.197 | diffusion loss = 0.161

[2026-07-12 04:49:14,388][root][INFO] - Epoch 563: duration loss = 0.279 | prior loss = 1.197 | diffusion loss = 0.159

[2026-07-12 04:51:04,063][root][INFO] - Epoch 564: duration loss = 0.279 | prior loss = 1.197 | diffusion loss = 0.160

[2026-07-12 04:52:53,713][root][INFO] - Epoch 565: duration loss = 0.278 | prior loss = 1.196 | diffusion loss = 0.161

[2026-07-12 04:54:41,505][root][INFO] - Epoch 566: duration loss = 0.279 | prior loss = 1.197 | diffusion loss = 0.161

[2026-07-12 04:56:29,463][root][INFO] - Epoch 567: duration loss = 0.279 | prior loss = 1.197 | diffusion loss = 0.163

[2026-07-12 04:58:17,159][root][INFO] - Epoch 568: duration loss = 0.279 | prior loss = 1.197 | diffusion loss = 0.162

[2026-07-12 05:00:04,487][root][INFO] - Epoch 569: duration loss = 0.279 | prior loss = 1.197 | diffusion loss = 0.161

[2026-07-12 05:01:52,065][root][INFO] - Epoch 570: duration loss = 0.279 | prior loss = 1.196 | diffusion loss = 0.161

[2026-07-12 05:03:41,613][root][INFO] - Epoch 571: duration loss = 0.279 | prior loss = 1.197 | diffusion loss = 0.160

[2026-07-12 05:05:30,991][root][INFO] - Epoch 572: duration loss = 0.279 | prior loss = 1.196 | diffusion loss = 0.162

[2026-07-12 05:07:20,728][root][INFO] - Epoch 573: duration loss = 0.279 | prior loss = 1.196 | diffusion loss = 0.160

[2026-07-12 05:09:10,526][root][INFO] - Epoch 574: duration loss = 0.279 | prior loss = 1.197 | diffusion loss = 0.161

[2026-07-12 05:11:00,258][root][INFO] - Epoch 575: duration loss = 0.278 | prior loss = 1.197 | diffusion loss = 0.161

[2026-07-12 05:12:48,982][root][INFO] - Epoch 576: duration loss = 0.279 | prior loss = 1.197 | diffusion loss = 0.160

[2026-07-12 05:14:38,905][root][INFO] - Epoch 577: duration loss = 0.279 | prior loss = 1.197 | diffusion loss = 0.163

[2026-07-12 05:16:27,377][root][INFO] - Epoch 578: duration loss = 0.279 | prior loss = 1.196 | diffusion loss = 0.159

[2026-07-12 05:18:17,019][root][INFO] - Epoch 579: duration loss = 0.279 | prior loss = 1.197 | diffusion loss = 0.159

[2026-07-12 05:20:06,513][root][INFO] - Epoch 580: duration loss = 0.279 | prior loss = 1.196 | diffusion loss = 0.161

[2026-07-12 05:21:53,155][root][INFO] - Epoch 581: duration loss = 0.279 | prior loss = 1.196 | diffusion loss = 0.159

[2026-07-12 05:23:41,684][root][INFO] - Epoch 582: duration loss = 0.279 | prior loss = 1.196 | diffusion loss = 0.160

[2026-07-12 05:25:30,254][root][INFO] - Epoch 583: duration loss = 0.279 | prior loss = 1.196 | diffusion loss = 0.159

[2026-07-12 05:27:18,737][root][INFO] - Epoch 584: duration loss = 0.278 | prior loss = 1.196 | diffusion loss = 0.160

[2026-07-12 05:29:08,309][root][INFO] - Epoch 585: duration loss = 0.279 | prior loss = 1.196 | diffusion loss = 0.162

[2026-07-12 05:30:59,586][root][INFO] - Epoch 586: duration loss = 0.278 | prior loss = 1.196 | diffusion loss = 0.160

[2026-07-12 05:32:48,390][root][INFO] - Epoch 587: duration loss = 0.279 | prior loss = 1.196 | diffusion loss = 0.161

[2026-07-12 05:34:36,706][root][INFO] - Epoch 588: duration loss = 0.279 | prior loss = 1.196 | diffusion loss = 0.160

[2026-07-12 05:36:24,365][root][INFO] - Epoch 589: duration loss = 0.278 | prior loss = 1.196 | diffusion loss = 0.160

[2026-07-12 05:38:11,599][root][INFO] - Epoch 590: duration loss = 0.278 | prior loss = 1.196 | diffusion loss = 0.160

[2026-07-12 05:40:00,829][root][INFO] - Epoch 591: duration loss = 0.279 | prior loss = 1.196 | diffusion loss = 0.160

[2026-07-12 05:41:50,335][root][INFO] - Epoch 592: duration loss = 0.278 | prior loss = 1.196 | diffusion loss = 0.161

[2026-07-12 05:43:40,544][root][INFO] - Epoch 593: duration loss = 0.278 | prior loss = 1.196 | diffusion loss = 0.161

[2026-07-12 05:45:29,807][root][INFO] - Epoch 594: duration loss = 0.278 | prior loss = 1.196 | diffusion loss = 0.158

[2026-07-12 05:47:18,942][root][INFO] - Epoch 595: duration loss = 0.279 | prior loss = 1.196 | diffusion loss = 0.161

[2026-07-12 05:49:07,703][root][INFO] - Epoch 596: duration loss = 0.278 | prior loss = 1.196 | diffusion loss = 0.161

[2026-07-12 05:50:58,242][root][INFO] - Epoch 597: duration loss = 0.278 | prior loss = 1.196 | diffusion loss = 0.160

[2026-07-12 05:52:48,137][root][INFO] - Epoch 598: duration loss = 0.278 | prior loss = 1.196 | diffusion loss = 0.161

[2026-07-12 05:54:37,047][root][INFO] - Epoch 599: duration loss = 0.278 | prior loss = 1.196 | diffusion loss = 0.159

