[2026-07-13 16:12:36,032][root][INFO] - Initializing logger...
[2026-07-13 16:12:36,035][root][INFO] - Initializing data loaders...
[2026-07-13 16:12:37,266][root][INFO] - Initializing model...
[2026-07-13 16:12:37,393][root][INFO] - Number of encoder parameters = 7.20m
[2026-07-13 16:12:37,404][root][INFO] - Number of decoder parameters = 7.63m
[2026-07-13 16:12:37,857][root][INFO] - Initializing optimizer...
[2026-07-13 16:12:37,858][root][INFO] - Start training...
[2026-07-13 16:14:20,245][root][INFO] - Epoch 1: duration loss = 0.289 | prior loss = 1.206 | diffusion loss = 0.418

[2026-07-13 16:16:02,945][root][INFO] - Epoch 2: duration loss = 0.290 | prior loss = 1.206 | diffusion loss = 0.282

[2026-07-13 16:17:45,280][root][INFO] - Epoch 3: duration loss = 0.290 | prior loss = 1.206 | diffusion loss = 0.261

[2026-07-13 16:19:27,838][root][INFO] - Epoch 4: duration loss = 0.289 | prior loss = 1.206 | diffusion loss = 0.257

[2026-07-13 16:21:10,199][root][INFO] - Epoch 5: duration loss = 0.290 | prior loss = 1.206 | diffusion loss = 0.252

[2026-07-13 16:22:52,864][root][INFO] - Epoch 6: duration loss = 0.289 | prior loss = 1.206 | diffusion loss = 0.243

[2026-07-13 16:24:32,677][root][INFO] - Epoch 7: duration loss = 0.290 | prior loss = 1.206 | diffusion loss = 0.244

[2026-07-13 16:26:13,343][root][INFO] - Epoch 8: duration loss = 0.289 | prior loss = 1.206 | diffusion loss = 0.243

[2026-07-13 16:27:55,957][root][INFO] - Epoch 9: duration loss = 0.289 | prior loss = 1.206 | diffusion loss = 0.241

[2026-07-13 16:29:38,105][root][INFO] - Epoch 10: duration loss = 0.289 | prior loss = 1.206 | diffusion loss = 0.236

[2026-07-13 16:31:19,146][root][INFO] - Epoch 11: duration loss = 0.289 | prior loss = 1.206 | diffusion loss = 0.238

[2026-07-13 16:33:01,040][root][INFO] - Epoch 12: duration loss = 0.289 | prior loss = 1.206 | diffusion loss = 0.235

[2026-07-13 16:34:42,888][root][INFO] - Epoch 13: duration loss = 0.290 | prior loss = 1.206 | diffusion loss = 0.231

[2026-07-13 16:36:24,923][root][INFO] - Epoch 14: duration loss = 0.290 | prior loss = 1.206 | diffusion loss = 0.232

[2026-07-13 16:38:07,378][root][INFO] - Epoch 15: duration loss = 0.289 | prior loss = 1.206 | diffusion loss = 0.233

[2026-07-13 16:39:49,695][root][INFO] - Epoch 16: duration loss = 0.289 | prior loss = 1.206 | diffusion loss = 0.227

[2026-07-13 16:41:32,109][root][INFO] - Epoch 17: duration loss = 0.289 | prior loss = 1.205 | diffusion loss = 0.232

[2026-07-13 16:43:14,494][root][INFO] - Epoch 18: duration loss = 0.289 | prior loss = 1.206 | diffusion loss = 0.231

[2026-07-13 16:44:56,371][root][INFO] - Epoch 19: duration loss = 0.289 | prior loss = 1.206 | diffusion loss = 0.227

[2026-07-13 16:46:38,676][root][INFO] - Epoch 20: duration loss = 0.290 | prior loss = 1.206 | diffusion loss = 0.228

[2026-07-13 16:48:20,830][root][INFO] - Epoch 21: duration loss = 0.289 | prior loss = 1.206 | diffusion loss = 0.228

[2026-07-13 16:50:03,290][root][INFO] - Epoch 22: duration loss = 0.290 | prior loss = 1.206 | diffusion loss = 0.228

[2026-07-13 16:51:45,028][root][INFO] - Epoch 23: duration loss = 0.289 | prior loss = 1.206 | diffusion loss = 0.226

[2026-07-13 16:53:27,556][root][INFO] - Epoch 24: duration loss = 0.289 | prior loss = 1.206 | diffusion loss = 0.225

[2026-07-13 16:55:09,388][root][INFO] - Epoch 25: duration loss = 0.289 | prior loss = 1.206 | diffusion loss = 0.227

[2026-07-13 16:56:51,152][root][INFO] - Epoch 26: duration loss = 0.289 | prior loss = 1.205 | diffusion loss = 0.220

[2026-07-13 16:58:33,315][root][INFO] - Epoch 27: duration loss = 0.290 | prior loss = 1.206 | diffusion loss = 0.225

[2026-07-13 17:00:15,939][root][INFO] - Epoch 28: duration loss = 0.289 | prior loss = 1.206 | diffusion loss = 0.224

[2026-07-13 17:01:57,486][root][INFO] - Epoch 29: duration loss = 0.289 | prior loss = 1.206 | diffusion loss = 0.222

[2026-07-13 17:03:38,991][root][INFO] - Epoch 30: duration loss = 0.289 | prior loss = 1.206 | diffusion loss = 0.219

[2026-07-13 17:05:21,661][root][INFO] - Epoch 31: duration loss = 0.290 | prior loss = 1.206 | diffusion loss = 0.220

[2026-07-13 17:07:03,890][root][INFO] - Epoch 32: duration loss = 0.289 | prior loss = 1.206 | diffusion loss = 0.223

[2026-07-13 17:08:45,847][root][INFO] - Epoch 33: duration loss = 0.289 | prior loss = 1.206 | diffusion loss = 0.226

[2026-07-13 17:10:27,416][root][INFO] - Epoch 34: duration loss = 0.289 | prior loss = 1.206 | diffusion loss = 0.226

[2026-07-13 17:12:10,697][root][INFO] - Epoch 35: duration loss = 0.290 | prior loss = 1.206 | diffusion loss = 0.222

[2026-07-13 17:13:53,126][root][INFO] - Epoch 36: duration loss = 0.289 | prior loss = 1.206 | diffusion loss = 0.224

[2026-07-13 17:15:36,488][root][INFO] - Epoch 37: duration loss = 0.289 | prior loss = 1.206 | diffusion loss = 0.225

[2026-07-13 17:17:18,233][root][INFO] - Epoch 38: duration loss = 0.290 | prior loss = 1.206 | diffusion loss = 0.220

[2026-07-13 17:19:01,384][root][INFO] - Epoch 39: duration loss = 0.289 | prior loss = 1.206 | diffusion loss = 0.221

[2026-07-13 17:20:44,406][root][INFO] - Epoch 40: duration loss = 0.290 | prior loss = 1.206 | diffusion loss = 0.222

[2026-07-13 17:22:27,068][root][INFO] - Epoch 41: duration loss = 0.289 | prior loss = 1.206 | diffusion loss = 0.223

[2026-07-13 17:24:08,421][root][INFO] - Epoch 42: duration loss = 0.289 | prior loss = 1.206 | diffusion loss = 0.219

[2026-07-13 17:25:50,988][root][INFO] - Epoch 43: duration loss = 0.289 | prior loss = 1.206 | diffusion loss = 0.224

[2026-07-13 17:27:33,855][root][INFO] - Epoch 44: duration loss = 0.289 | prior loss = 1.206 | diffusion loss = 0.218

[2026-07-13 17:29:15,770][root][INFO] - Epoch 45: duration loss = 0.290 | prior loss = 1.206 | diffusion loss = 0.219

[2026-07-13 17:30:57,611][root][INFO] - Epoch 46: duration loss = 0.290 | prior loss = 1.206 | diffusion loss = 0.216

[2026-07-13 17:32:39,543][root][INFO] - Epoch 47: duration loss = 0.290 | prior loss = 1.206 | diffusion loss = 0.222

[2026-07-13 17:34:23,029][root][INFO] - Epoch 48: duration loss = 0.290 | prior loss = 1.206 | diffusion loss = 0.217

[2026-07-13 17:36:06,498][root][INFO] - Epoch 49: duration loss = 0.289 | prior loss = 1.206 | diffusion loss = 0.222

[2026-07-13 17:37:49,149][root][INFO] - Epoch 50: duration loss = 0.289 | prior loss = 1.206 | diffusion loss = 0.222

[2026-07-13 17:39:31,866][root][INFO] - Epoch 51: duration loss = 0.289 | prior loss = 1.206 | diffusion loss = 0.220

[2026-07-13 17:41:13,919][root][INFO] - Epoch 52: duration loss = 0.289 | prior loss = 1.206 | diffusion loss = 0.221

[2026-07-13 17:42:56,503][root][INFO] - Epoch 53: duration loss = 0.290 | prior loss = 1.206 | diffusion loss = 0.223

[2026-07-13 17:44:39,752][root][INFO] - Epoch 54: duration loss = 0.290 | prior loss = 1.206 | diffusion loss = 0.218

[2026-07-13 17:46:22,494][root][INFO] - Epoch 55: duration loss = 0.289 | prior loss = 1.206 | diffusion loss = 0.219

[2026-07-13 17:48:04,573][root][INFO] - Epoch 56: duration loss = 0.290 | prior loss = 1.206 | diffusion loss = 0.216

[2026-07-13 17:49:46,924][root][INFO] - Epoch 57: duration loss = 0.290 | prior loss = 1.206 | diffusion loss = 0.220

[2026-07-13 17:51:27,946][root][INFO] - Epoch 58: duration loss = 0.289 | prior loss = 1.206 | diffusion loss = 0.217

[2026-07-13 17:53:10,712][root][INFO] - Epoch 59: duration loss = 0.290 | prior loss = 1.206 | diffusion loss = 0.218

[2026-07-13 17:54:53,249][root][INFO] - Epoch 60: duration loss = 0.289 | prior loss = 1.206 | diffusion loss = 0.218

[2026-07-13 17:56:34,936][root][INFO] - Epoch 61: duration loss = 0.289 | prior loss = 1.206 | diffusion loss = 0.213

[2026-07-13 17:58:16,731][root][INFO] - Epoch 62: duration loss = 0.289 | prior loss = 1.206 | diffusion loss = 0.219

[2026-07-13 17:59:58,433][root][INFO] - Epoch 63: duration loss = 0.289 | prior loss = 1.206 | diffusion loss = 0.219

[2026-07-13 18:01:40,837][root][INFO] - Epoch 64: duration loss = 0.289 | prior loss = 1.206 | diffusion loss = 0.218

[2026-07-13 18:03:23,404][root][INFO] - Epoch 65: duration loss = 0.289 | prior loss = 1.206 | diffusion loss = 0.217

[2026-07-13 18:05:05,316][root][INFO] - Epoch 66: duration loss = 0.289 | prior loss = 1.206 | diffusion loss = 0.222

[2026-07-13 18:06:47,379][root][INFO] - Epoch 67: duration loss = 0.290 | prior loss = 1.206 | diffusion loss = 0.218

[2026-07-13 18:08:28,481][root][INFO] - Epoch 68: duration loss = 0.289 | prior loss = 1.206 | diffusion loss = 0.215

[2026-07-13 18:10:11,265][root][INFO] - Epoch 69: duration loss = 0.289 | prior loss = 1.206 | diffusion loss = 0.216

[2026-07-13 18:11:53,003][root][INFO] - Epoch 70: duration loss = 0.289 | prior loss = 1.206 | diffusion loss = 0.218

[2026-07-13 18:13:34,995][root][INFO] - Epoch 71: duration loss = 0.290 | prior loss = 1.206 | diffusion loss = 0.218

[2026-07-13 18:15:16,859][root][INFO] - Epoch 72: duration loss = 0.289 | prior loss = 1.206 | diffusion loss = 0.216

[2026-07-13 18:16:59,073][root][INFO] - Epoch 73: duration loss = 0.289 | prior loss = 1.206 | diffusion loss = 0.216

[2026-07-13 18:18:41,494][root][INFO] - Epoch 74: duration loss = 0.290 | prior loss = 1.206 | diffusion loss = 0.217

[2026-07-13 18:20:24,194][root][INFO] - Epoch 75: duration loss = 0.289 | prior loss = 1.206 | diffusion loss = 0.216

[2026-07-13 18:22:06,850][root][INFO] - Epoch 76: duration loss = 0.290 | prior loss = 1.206 | diffusion loss = 0.215

[2026-07-13 18:23:48,918][root][INFO] - Epoch 77: duration loss = 0.290 | prior loss = 1.206 | diffusion loss = 0.219

[2026-07-13 18:25:31,454][root][INFO] - Epoch 78: duration loss = 0.289 | prior loss = 1.206 | diffusion loss = 0.217

[2026-07-13 18:27:14,102][root][INFO] - Epoch 79: duration loss = 0.289 | prior loss = 1.206 | diffusion loss = 0.214

[2026-07-13 18:28:56,151][root][INFO] - Epoch 80: duration loss = 0.290 | prior loss = 1.206 | diffusion loss = 0.216

[2026-07-13 18:30:38,505][root][INFO] - Epoch 81: duration loss = 0.289 | prior loss = 1.206 | diffusion loss = 0.215

[2026-07-13 18:32:20,716][root][INFO] - Epoch 82: duration loss = 0.290 | prior loss = 1.206 | diffusion loss = 0.219

[2026-07-13 18:34:03,519][root][INFO] - Epoch 83: duration loss = 0.290 | prior loss = 1.206 | diffusion loss = 0.212

[2026-07-13 18:35:45,519][root][INFO] - Epoch 84: duration loss = 0.289 | prior loss = 1.206 | diffusion loss = 0.215

[2026-07-13 18:37:28,018][root][INFO] - Epoch 85: duration loss = 0.290 | prior loss = 1.206 | diffusion loss = 0.220

[2026-07-13 18:39:09,920][root][INFO] - Epoch 86: duration loss = 0.289 | prior loss = 1.206 | diffusion loss = 0.213

[2026-07-13 18:40:51,812][root][INFO] - Epoch 87: duration loss = 0.290 | prior loss = 1.206 | diffusion loss = 0.218

[2026-07-13 18:42:33,700][root][INFO] - Epoch 88: duration loss = 0.289 | prior loss = 1.206 | diffusion loss = 0.221

[2026-07-13 18:44:15,559][root][INFO] - Epoch 89: duration loss = 0.289 | prior loss = 1.206 | diffusion loss = 0.215

[2026-07-13 18:45:56,722][root][INFO] - Epoch 90: duration loss = 0.289 | prior loss = 1.206 | diffusion loss = 0.215

[2026-07-13 18:47:38,825][root][INFO] - Epoch 91: duration loss = 0.290 | prior loss = 1.206 | diffusion loss = 0.217

[2026-07-13 18:49:20,791][root][INFO] - Epoch 92: duration loss = 0.290 | prior loss = 1.206 | diffusion loss = 0.216

[2026-07-13 18:51:03,375][root][INFO] - Epoch 93: duration loss = 0.289 | prior loss = 1.206 | diffusion loss = 0.217

[2026-07-13 18:52:46,275][root][INFO] - Epoch 94: duration loss = 0.289 | prior loss = 1.206 | diffusion loss = 0.216

[2026-07-13 18:54:28,286][root][INFO] - Epoch 95: duration loss = 0.290 | prior loss = 1.206 | diffusion loss = 0.217

[2026-07-13 18:56:10,764][root][INFO] - Epoch 96: duration loss = 0.290 | prior loss = 1.206 | diffusion loss = 0.216

[2026-07-13 18:57:52,561][root][INFO] - Epoch 97: duration loss = 0.290 | prior loss = 1.206 | diffusion loss = 0.213

[2026-07-13 18:59:34,125][root][INFO] - Epoch 98: duration loss = 0.289 | prior loss = 1.206 | diffusion loss = 0.216

[2026-07-13 19:01:17,276][root][INFO] - Epoch 99: duration loss = 0.290 | prior loss = 1.207 | diffusion loss = 0.215

[2026-07-13 19:02:59,746][root][INFO] - Epoch 100: duration loss = 0.290 | prior loss = 1.206 | diffusion loss = 0.213

[2026-07-13 19:04:40,831][root][INFO] - Epoch 101: duration loss = 0.289 | prior loss = 1.206 | diffusion loss = 0.219

[2026-07-13 19:06:23,049][root][INFO] - Epoch 102: duration loss = 0.290 | prior loss = 1.206 | diffusion loss = 0.213

[2026-07-13 19:08:05,899][root][INFO] - Epoch 103: duration loss = 0.289 | prior loss = 1.206 | diffusion loss = 0.215

[2026-07-13 19:09:48,413][root][INFO] - Epoch 104: duration loss = 0.289 | prior loss = 1.206 | diffusion loss = 0.216

[2026-07-13 19:11:31,321][root][INFO] - Epoch 105: duration loss = 0.289 | prior loss = 1.206 | diffusion loss = 0.213

[2026-07-13 19:13:14,210][root][INFO] - Epoch 106: duration loss = 0.290 | prior loss = 1.206 | diffusion loss = 0.214

[2026-07-13 19:14:56,372][root][INFO] - Epoch 107: duration loss = 0.289 | prior loss = 1.206 | diffusion loss = 0.216

[2026-07-13 19:16:38,363][root][INFO] - Epoch 108: duration loss = 0.289 | prior loss = 1.206 | diffusion loss = 0.213

[2026-07-13 19:18:20,551][root][INFO] - Epoch 109: duration loss = 0.289 | prior loss = 1.206 | diffusion loss = 0.209

[2026-07-13 19:20:02,799][root][INFO] - Epoch 110: duration loss = 0.289 | prior loss = 1.206 | diffusion loss = 0.212

[2026-07-13 19:21:45,803][root][INFO] - Epoch 111: duration loss = 0.289 | prior loss = 1.206 | diffusion loss = 0.218

[2026-07-13 19:23:27,293][root][INFO] - Epoch 112: duration loss = 0.289 | prior loss = 1.206 | diffusion loss = 0.217

[2026-07-13 19:25:09,292][root][INFO] - Epoch 113: duration loss = 0.289 | prior loss = 1.206 | diffusion loss = 0.208

[2026-07-13 19:26:51,676][root][INFO] - Epoch 114: duration loss = 0.289 | prior loss = 1.206 | diffusion loss = 0.216

[2026-07-13 19:28:34,347][root][INFO] - Epoch 115: duration loss = 0.289 | prior loss = 1.206 | diffusion loss = 0.216

[2026-07-13 19:30:16,932][root][INFO] - Epoch 116: duration loss = 0.289 | prior loss = 1.206 | diffusion loss = 0.213

[2026-07-13 19:31:59,091][root][INFO] - Epoch 117: duration loss = 0.289 | prior loss = 1.206 | diffusion loss = 0.214

[2026-07-13 19:33:41,372][root][INFO] - Epoch 118: duration loss = 0.290 | prior loss = 1.206 | diffusion loss = 0.214

[2026-07-13 19:35:23,024][root][INFO] - Epoch 119: duration loss = 0.289 | prior loss = 1.206 | diffusion loss = 0.211

[2026-07-13 19:37:04,194][root][INFO] - Epoch 120: duration loss = 0.290 | prior loss = 1.206 | diffusion loss = 0.212

[2026-07-13 19:38:45,199][root][INFO] - Epoch 121: duration loss = 0.290 | prior loss = 1.206 | diffusion loss = 0.211

[2026-07-13 19:40:26,958][root][INFO] - Epoch 122: duration loss = 0.289 | prior loss = 1.206 | diffusion loss = 0.217

[2026-07-13 19:42:09,323][root][INFO] - Epoch 123: duration loss = 0.289 | prior loss = 1.206 | diffusion loss = 0.214

[2026-07-13 19:43:51,760][root][INFO] - Epoch 124: duration loss = 0.289 | prior loss = 1.206 | diffusion loss = 0.213

[2026-07-13 19:45:33,997][root][INFO] - Epoch 125: duration loss = 0.289 | prior loss = 1.206 | diffusion loss = 0.214

[2026-07-13 19:47:16,224][root][INFO] - Epoch 126: duration loss = 0.290 | prior loss = 1.206 | diffusion loss = 0.216

[2026-07-13 19:49:00,166][root][INFO] - Epoch 127: duration loss = 0.289 | prior loss = 1.206 | diffusion loss = 0.211

[2026-07-13 19:50:43,978][root][INFO] - Epoch 128: duration loss = 0.289 | prior loss = 1.206 | diffusion loss = 0.210

[2026-07-13 19:52:27,668][root][INFO] - Epoch 129: duration loss = 0.290 | prior loss = 1.206 | diffusion loss = 0.211

[2026-07-13 19:54:12,193][root][INFO] - Epoch 130: duration loss = 0.289 | prior loss = 1.206 | diffusion loss = 0.210

[2026-07-13 19:55:56,385][root][INFO] - Epoch 131: duration loss = 0.289 | prior loss = 1.206 | diffusion loss = 0.218

[2026-07-13 19:57:40,989][root][INFO] - Epoch 132: duration loss = 0.289 | prior loss = 1.206 | diffusion loss = 0.217

[2026-07-13 19:59:25,025][root][INFO] - Epoch 133: duration loss = 0.289 | prior loss = 1.206 | diffusion loss = 0.212

[2026-07-13 20:01:07,571][root][INFO] - Epoch 134: duration loss = 0.290 | prior loss = 1.206 | diffusion loss = 0.216

[2026-07-13 20:02:51,822][root][INFO] - Epoch 135: duration loss = 0.289 | prior loss = 1.206 | diffusion loss = 0.216

[2026-07-13 20:04:34,662][root][INFO] - Epoch 136: duration loss = 0.289 | prior loss = 1.206 | diffusion loss = 0.211

[2026-07-13 20:06:18,095][root][INFO] - Epoch 137: duration loss = 0.289 | prior loss = 1.206 | diffusion loss = 0.214

[2026-07-13 20:08:02,222][root][INFO] - Epoch 138: duration loss = 0.290 | prior loss = 1.206 | diffusion loss = 0.214

[2026-07-13 20:09:46,551][root][INFO] - Epoch 139: duration loss = 0.289 | prior loss = 1.206 | diffusion loss = 0.208

[2026-07-13 20:11:30,525][root][INFO] - Epoch 140: duration loss = 0.289 | prior loss = 1.206 | diffusion loss = 0.215

[2026-07-13 20:13:14,536][root][INFO] - Epoch 141: duration loss = 0.290 | prior loss = 1.206 | diffusion loss = 0.213

[2026-07-13 20:14:58,312][root][INFO] - Epoch 142: duration loss = 0.290 | prior loss = 1.206 | diffusion loss = 0.212

[2026-07-13 20:16:42,610][root][INFO] - Epoch 143: duration loss = 0.290 | prior loss = 1.206 | diffusion loss = 0.216

[2026-07-13 20:18:26,304][root][INFO] - Epoch 144: duration loss = 0.290 | prior loss = 1.206 | diffusion loss = 0.211

[2026-07-13 20:20:10,781][root][INFO] - Epoch 145: duration loss = 0.289 | prior loss = 1.206 | diffusion loss = 0.212

[2026-07-13 20:21:56,010][root][INFO] - Epoch 146: duration loss = 0.289 | prior loss = 1.206 | diffusion loss = 0.206

[2026-07-13 20:23:39,920][root][INFO] - Epoch 147: duration loss = 0.289 | prior loss = 1.206 | diffusion loss = 0.212

[2026-07-13 20:25:24,844][root][INFO] - Epoch 148: duration loss = 0.289 | prior loss = 1.206 | diffusion loss = 0.208

[2026-07-13 20:27:09,187][root][INFO] - Epoch 149: duration loss = 0.290 | prior loss = 1.206 | diffusion loss = 0.215

[2026-07-13 20:28:54,358][root][INFO] - Epoch 150: duration loss = 0.290 | prior loss = 1.206 | diffusion loss = 0.208

[2026-07-13 20:30:38,409][root][INFO] - Epoch 151: duration loss = 0.289 | prior loss = 1.206 | diffusion loss = 0.208

[2026-07-13 20:32:21,112][root][INFO] - Epoch 152: duration loss = 0.290 | prior loss = 1.206 | diffusion loss = 0.210

[2026-07-13 20:34:04,008][root][INFO] - Epoch 153: duration loss = 0.289 | prior loss = 1.206 | diffusion loss = 0.212

[2026-07-13 20:35:48,417][root][INFO] - Epoch 154: duration loss = 0.290 | prior loss = 1.206 | diffusion loss = 0.210

[2026-07-13 20:37:31,950][root][INFO] - Epoch 155: duration loss = 0.289 | prior loss = 1.206 | diffusion loss = 0.209

[2026-07-13 20:39:14,574][root][INFO] - Epoch 156: duration loss = 0.289 | prior loss = 1.205 | diffusion loss = 0.215

[2026-07-13 20:40:57,460][root][INFO] - Epoch 157: duration loss = 0.289 | prior loss = 1.206 | diffusion loss = 0.214

[2026-07-13 20:42:41,585][root][INFO] - Epoch 158: duration loss = 0.289 | prior loss = 1.206 | diffusion loss = 0.210

[2026-07-13 20:44:25,232][root][INFO] - Epoch 159: duration loss = 0.289 | prior loss = 1.206 | diffusion loss = 0.211

[2026-07-13 20:46:09,700][root][INFO] - Epoch 160: duration loss = 0.290 | prior loss = 1.206 | diffusion loss = 0.213

[2026-07-13 20:47:53,178][root][INFO] - Epoch 161: duration loss = 0.290 | prior loss = 1.206 | diffusion loss = 0.214

[2026-07-13 20:49:36,764][root][INFO] - Epoch 162: duration loss = 0.289 | prior loss = 1.206 | diffusion loss = 0.210

[2026-07-13 20:51:21,422][root][INFO] - Epoch 163: duration loss = 0.289 | prior loss = 1.206 | diffusion loss = 0.213

[2026-07-13 20:53:05,825][root][INFO] - Epoch 164: duration loss = 0.290 | prior loss = 1.206 | diffusion loss = 0.210

[2026-07-13 20:54:50,160][root][INFO] - Epoch 165: duration loss = 0.289 | prior loss = 1.206 | diffusion loss = 0.209

[2026-07-13 20:56:33,464][root][INFO] - Epoch 166: duration loss = 0.290 | prior loss = 1.206 | diffusion loss = 0.214

[2026-07-13 20:58:17,143][root][INFO] - Epoch 167: duration loss = 0.289 | prior loss = 1.206 | diffusion loss = 0.208

[2026-07-13 21:00:00,586][root][INFO] - Epoch 168: duration loss = 0.289 | prior loss = 1.206 | diffusion loss = 0.213

[2026-07-13 21:01:44,827][root][INFO] - Epoch 169: duration loss = 0.289 | prior loss = 1.206 | diffusion loss = 0.205

[2026-07-13 21:03:28,830][root][INFO] - Epoch 170: duration loss = 0.290 | prior loss = 1.206 | diffusion loss = 0.206

[2026-07-13 21:05:12,379][root][INFO] - Epoch 171: duration loss = 0.290 | prior loss = 1.206 | diffusion loss = 0.209

[2026-07-13 21:06:56,142][root][INFO] - Epoch 172: duration loss = 0.290 | prior loss = 1.206 | diffusion loss = 0.210

[2026-07-13 21:08:40,801][root][INFO] - Epoch 173: duration loss = 0.289 | prior loss = 1.206 | diffusion loss = 0.213

[2026-07-13 21:10:23,228][root][INFO] - Epoch 174: duration loss = 0.290 | prior loss = 1.206 | diffusion loss = 0.210

[2026-07-13 21:12:07,317][root][INFO] - Epoch 175: duration loss = 0.289 | prior loss = 1.206 | diffusion loss = 0.209

[2026-07-13 21:13:50,806][root][INFO] - Epoch 176: duration loss = 0.289 | prior loss = 1.206 | diffusion loss = 0.208

[2026-07-13 21:15:33,960][root][INFO] - Epoch 177: duration loss = 0.289 | prior loss = 1.206 | diffusion loss = 0.214

[2026-07-13 21:17:18,327][root][INFO] - Epoch 178: duration loss = 0.289 | prior loss = 1.206 | diffusion loss = 0.211

[2026-07-13 21:19:02,747][root][INFO] - Epoch 179: duration loss = 0.289 | prior loss = 1.206 | diffusion loss = 0.212

[2026-07-13 21:20:46,458][root][INFO] - Epoch 180: duration loss = 0.289 | prior loss = 1.206 | diffusion loss = 0.213

[2026-07-13 21:22:30,280][root][INFO] - Epoch 181: duration loss = 0.289 | prior loss = 1.206 | diffusion loss = 0.212

[2026-07-13 21:24:14,529][root][INFO] - Epoch 182: duration loss = 0.290 | prior loss = 1.206 | diffusion loss = 0.211

[2026-07-13 21:25:57,431][root][INFO] - Epoch 183: duration loss = 0.289 | prior loss = 1.206 | diffusion loss = 0.208

[2026-07-13 21:27:41,226][root][INFO] - Epoch 184: duration loss = 0.290 | prior loss = 1.206 | diffusion loss = 0.209

[2026-07-13 21:29:23,791][root][INFO] - Epoch 185: duration loss = 0.289 | prior loss = 1.206 | diffusion loss = 0.206

[2026-07-13 21:31:05,752][root][INFO] - Epoch 186: duration loss = 0.290 | prior loss = 1.206 | diffusion loss = 0.213

[2026-07-13 21:32:46,871][root][INFO] - Epoch 187: duration loss = 0.289 | prior loss = 1.206 | diffusion loss = 0.209

[2026-07-13 21:34:28,663][root][INFO] - Epoch 188: duration loss = 0.289 | prior loss = 1.205 | diffusion loss = 0.211

[2026-07-13 21:36:12,260][root][INFO] - Epoch 189: duration loss = 0.289 | prior loss = 1.206 | diffusion loss = 0.211

[2026-07-13 21:37:56,722][root][INFO] - Epoch 190: duration loss = 0.290 | prior loss = 1.206 | diffusion loss = 0.210

[2026-07-13 21:39:40,179][root][INFO] - Epoch 191: duration loss = 0.289 | prior loss = 1.206 | diffusion loss = 0.214

[2026-07-13 21:41:23,432][root][INFO] - Epoch 192: duration loss = 0.289 | prior loss = 1.206 | diffusion loss = 0.211

[2026-07-13 21:43:06,998][root][INFO] - Epoch 193: duration loss = 0.289 | prior loss = 1.206 | diffusion loss = 0.213

[2026-07-13 21:44:51,112][root][INFO] - Epoch 194: duration loss = 0.290 | prior loss = 1.206 | diffusion loss = 0.212

[2026-07-13 21:46:33,819][root][INFO] - Epoch 195: duration loss = 0.290 | prior loss = 1.206 | diffusion loss = 0.209

[2026-07-13 21:48:16,439][root][INFO] - Epoch 196: duration loss = 0.289 | prior loss = 1.206 | diffusion loss = 0.209

[2026-07-13 21:49:59,391][root][INFO] - Epoch 197: duration loss = 0.289 | prior loss = 1.206 | diffusion loss = 0.208

[2026-07-13 21:51:42,273][root][INFO] - Epoch 198: duration loss = 0.290 | prior loss = 1.207 | diffusion loss = 0.212

[2026-07-13 21:53:26,381][root][INFO] - Epoch 199: duration loss = 0.289 | prior loss = 1.206 | diffusion loss = 0.210

[2026-07-13 21:55:09,665][root][INFO] - Epoch 200: duration loss = 0.289 | prior loss = 1.206 | diffusion loss = 0.212

[2026-07-13 21:56:52,387][root][INFO] - Epoch 201: duration loss = 0.289 | prior loss = 1.206 | diffusion loss = 0.211

[2026-07-13 21:58:35,433][root][INFO] - Epoch 202: duration loss = 0.290 | prior loss = 1.206 | diffusion loss = 0.213

[2026-07-13 22:00:17,985][root][INFO] - Epoch 203: duration loss = 0.290 | prior loss = 1.206 | diffusion loss = 0.207

[2026-07-13 22:02:00,447][root][INFO] - Epoch 204: duration loss = 0.289 | prior loss = 1.206 | diffusion loss = 0.213

[2026-07-13 22:03:41,830][root][INFO] - Epoch 205: duration loss = 0.290 | prior loss = 1.206 | diffusion loss = 0.210

[2026-07-13 22:05:24,596][root][INFO] - Epoch 206: duration loss = 0.290 | prior loss = 1.206 | diffusion loss = 0.211

[2026-07-13 22:07:06,922][root][INFO] - Epoch 207: duration loss = 0.289 | prior loss = 1.206 | diffusion loss = 0.213

[2026-07-13 22:08:49,597][root][INFO] - Epoch 208: duration loss = 0.289 | prior loss = 1.206 | diffusion loss = 0.213

[2026-07-13 22:10:32,033][root][INFO] - Epoch 209: duration loss = 0.289 | prior loss = 1.206 | diffusion loss = 0.209

[2026-07-13 22:12:13,691][root][INFO] - Epoch 210: duration loss = 0.290 | prior loss = 1.206 | diffusion loss = 0.209

[2026-07-13 22:13:56,754][root][INFO] - Epoch 211: duration loss = 0.289 | prior loss = 1.206 | diffusion loss = 0.209

[2026-07-13 22:15:39,520][root][INFO] - Epoch 212: duration loss = 0.290 | prior loss = 1.207 | diffusion loss = 0.210

[2026-07-13 22:17:21,491][root][INFO] - Epoch 213: duration loss = 0.289 | prior loss = 1.206 | diffusion loss = 0.213

[2026-07-13 22:19:04,944][root][INFO] - Epoch 214: duration loss = 0.290 | prior loss = 1.206 | diffusion loss = 0.211

[2026-07-13 22:20:48,456][root][INFO] - Epoch 215: duration loss = 0.289 | prior loss = 1.206 | diffusion loss = 0.211

[2026-07-13 22:22:32,020][root][INFO] - Epoch 216: duration loss = 0.289 | prior loss = 1.206 | diffusion loss = 0.211

[2026-07-13 22:24:14,492][root][INFO] - Epoch 217: duration loss = 0.290 | prior loss = 1.206 | diffusion loss = 0.207

[2026-07-13 22:25:56,859][root][INFO] - Epoch 218: duration loss = 0.289 | prior loss = 1.207 | diffusion loss = 0.213

[2026-07-13 22:27:40,198][root][INFO] - Epoch 219: duration loss = 0.289 | prior loss = 1.206 | diffusion loss = 0.210

[2026-07-13 22:29:24,710][root][INFO] - Epoch 220: duration loss = 0.289 | prior loss = 1.206 | diffusion loss = 0.210

[2026-07-13 22:31:07,430][root][INFO] - Epoch 221: duration loss = 0.290 | prior loss = 1.206 | diffusion loss = 0.208

[2026-07-13 22:32:51,192][root][INFO] - Epoch 222: duration loss = 0.289 | prior loss = 1.206 | diffusion loss = 0.212

[2026-07-13 22:34:35,541][root][INFO] - Epoch 223: duration loss = 0.290 | prior loss = 1.206 | diffusion loss = 0.214

[2026-07-13 22:36:19,675][root][INFO] - Epoch 224: duration loss = 0.289 | prior loss = 1.206 | diffusion loss = 0.208

[2026-07-13 22:38:03,271][root][INFO] - Epoch 225: duration loss = 0.289 | prior loss = 1.206 | diffusion loss = 0.209

[2026-07-13 22:39:46,460][root][INFO] - Epoch 226: duration loss = 0.290 | prior loss = 1.206 | diffusion loss = 0.205

[2026-07-13 22:41:29,308][root][INFO] - Epoch 227: duration loss = 0.289 | prior loss = 1.206 | diffusion loss = 0.210

[2026-07-13 22:43:12,386][root][INFO] - Epoch 228: duration loss = 0.289 | prior loss = 1.206 | diffusion loss = 0.211

[2026-07-13 22:44:55,429][root][INFO] - Epoch 229: duration loss = 0.289 | prior loss = 1.206 | diffusion loss = 0.212

[2026-07-13 22:46:38,651][root][INFO] - Epoch 230: duration loss = 0.289 | prior loss = 1.206 | diffusion loss = 0.211

[2026-07-13 22:48:21,622][root][INFO] - Epoch 231: duration loss = 0.289 | prior loss = 1.206 | diffusion loss = 0.211

[2026-07-13 22:50:04,966][root][INFO] - Epoch 232: duration loss = 0.289 | prior loss = 1.206 | diffusion loss = 0.205

[2026-07-13 22:51:47,857][root][INFO] - Epoch 233: duration loss = 0.289 | prior loss = 1.206 | diffusion loss = 0.211

[2026-07-13 22:53:30,726][root][INFO] - Epoch 234: duration loss = 0.289 | prior loss = 1.206 | diffusion loss = 0.207

[2026-07-13 22:55:13,705][root][INFO] - Epoch 235: duration loss = 0.290 | prior loss = 1.206 | diffusion loss = 0.203

[2026-07-13 22:56:56,027][root][INFO] - Epoch 236: duration loss = 0.289 | prior loss = 1.206 | diffusion loss = 0.210

[2026-07-13 22:58:37,333][root][INFO] - Epoch 237: duration loss = 0.290 | prior loss = 1.206 | diffusion loss = 0.210

[2026-07-13 23:00:20,756][root][INFO] - Epoch 238: duration loss = 0.290 | prior loss = 1.206 | diffusion loss = 0.211

[2026-07-13 23:02:02,947][root][INFO] - Epoch 239: duration loss = 0.289 | prior loss = 1.206 | diffusion loss = 0.213

[2026-07-13 23:03:45,921][root][INFO] - Epoch 240: duration loss = 0.290 | prior loss = 1.206 | diffusion loss = 0.206

[2026-07-13 23:05:29,877][root][INFO] - Epoch 241: duration loss = 0.289 | prior loss = 1.206 | diffusion loss = 0.210

[2026-07-13 23:07:12,831][root][INFO] - Epoch 242: duration loss = 0.289 | prior loss = 1.206 | diffusion loss = 0.209

[2026-07-13 23:08:55,353][root][INFO] - Epoch 243: duration loss = 0.290 | prior loss = 1.206 | diffusion loss = 0.206

[2026-07-13 23:10:38,818][root][INFO] - Epoch 244: duration loss = 0.289 | prior loss = 1.206 | diffusion loss = 0.211

[2026-07-13 23:12:22,469][root][INFO] - Epoch 245: duration loss = 0.289 | prior loss = 1.206 | diffusion loss = 0.209

[2026-07-13 23:14:05,151][root][INFO] - Epoch 246: duration loss = 0.289 | prior loss = 1.206 | diffusion loss = 0.209

[2026-07-13 23:15:48,763][root][INFO] - Epoch 247: duration loss = 0.289 | prior loss = 1.206 | diffusion loss = 0.209

[2026-07-13 23:17:31,076][root][INFO] - Epoch 248: duration loss = 0.289 | prior loss = 1.206 | diffusion loss = 0.212

[2026-07-13 23:19:13,646][root][INFO] - Epoch 249: duration loss = 0.289 | prior loss = 1.206 | diffusion loss = 0.209

[2026-07-13 23:20:56,914][root][INFO] - Epoch 250: duration loss = 0.289 | prior loss = 1.206 | diffusion loss = 0.208

[2026-07-13 23:22:40,331][root][INFO] - Epoch 251: duration loss = 0.289 | prior loss = 1.206 | diffusion loss = 0.208

[2026-07-13 23:24:23,037][root][INFO] - Epoch 252: duration loss = 0.289 | prior loss = 1.206 | diffusion loss = 0.209

[2026-07-13 23:26:05,906][root][INFO] - Epoch 253: duration loss = 0.289 | prior loss = 1.206 | diffusion loss = 0.213

[2026-07-13 23:27:49,345][root][INFO] - Epoch 254: duration loss = 0.289 | prior loss = 1.206 | diffusion loss = 0.208

[2026-07-13 23:29:32,344][root][INFO] - Epoch 255: duration loss = 0.289 | prior loss = 1.206 | diffusion loss = 0.209

[2026-07-13 23:31:15,493][root][INFO] - Epoch 256: duration loss = 0.289 | prior loss = 1.206 | diffusion loss = 0.208

[2026-07-13 23:32:58,729][root][INFO] - Epoch 257: duration loss = 0.289 | prior loss = 1.206 | diffusion loss = 0.207

[2026-07-13 23:34:41,434][root][INFO] - Epoch 258: duration loss = 0.290 | prior loss = 1.206 | diffusion loss = 0.214

[2026-07-13 23:36:23,416][root][INFO] - Epoch 259: duration loss = 0.290 | prior loss = 1.206 | diffusion loss = 0.210

[2026-07-13 23:38:06,324][root][INFO] - Epoch 260: duration loss = 0.289 | prior loss = 1.206 | diffusion loss = 0.214

[2026-07-13 23:39:49,347][root][INFO] - Epoch 261: duration loss = 0.289 | prior loss = 1.206 | diffusion loss = 0.210

[2026-07-13 23:41:32,625][root][INFO] - Epoch 262: duration loss = 0.289 | prior loss = 1.206 | diffusion loss = 0.209

[2026-07-13 23:43:15,296][root][INFO] - Epoch 263: duration loss = 0.289 | prior loss = 1.206 | diffusion loss = 0.214

[2026-07-13 23:44:57,861][root][INFO] - Epoch 264: duration loss = 0.289 | prior loss = 1.206 | diffusion loss = 0.218

[2026-07-13 23:46:41,212][root][INFO] - Epoch 265: duration loss = 0.289 | prior loss = 1.206 | diffusion loss = 0.207

[2026-07-13 23:48:24,357][root][INFO] - Epoch 266: duration loss = 0.290 | prior loss = 1.206 | diffusion loss = 0.208

[2026-07-13 23:50:08,209][root][INFO] - Epoch 267: duration loss = 0.290 | prior loss = 1.206 | diffusion loss = 0.213

[2026-07-13 23:51:51,279][root][INFO] - Epoch 268: duration loss = 0.290 | prior loss = 1.206 | diffusion loss = 0.207

[2026-07-13 23:53:34,069][root][INFO] - Epoch 269: duration loss = 0.290 | prior loss = 1.207 | diffusion loss = 0.207

[2026-07-13 23:55:17,043][root][INFO] - Epoch 270: duration loss = 0.290 | prior loss = 1.206 | diffusion loss = 0.208

[2026-07-13 23:56:59,461][root][INFO] - Epoch 271: duration loss = 0.290 | prior loss = 1.206 | diffusion loss = 0.206

[2026-07-13 23:58:40,944][root][INFO] - Epoch 272: duration loss = 0.289 | prior loss = 1.206 | diffusion loss = 0.205

[2026-07-14 00:00:23,491][root][INFO] - Epoch 273: duration loss = 0.289 | prior loss = 1.206 | diffusion loss = 0.209

[2026-07-14 00:02:07,378][root][INFO] - Epoch 274: duration loss = 0.289 | prior loss = 1.206 | diffusion loss = 0.208

[2026-07-14 00:03:49,602][root][INFO] - Epoch 275: duration loss = 0.289 | prior loss = 1.206 | diffusion loss = 0.212

[2026-07-14 00:05:32,261][root][INFO] - Epoch 276: duration loss = 0.289 | prior loss = 1.206 | diffusion loss = 0.206

[2026-07-14 00:07:14,052][root][INFO] - Epoch 277: duration loss = 0.289 | prior loss = 1.206 | diffusion loss = 0.211

[2026-07-14 00:08:56,918][root][INFO] - Epoch 278: duration loss = 0.289 | prior loss = 1.206 | diffusion loss = 0.209

[2026-07-14 00:10:40,797][root][INFO] - Epoch 279: duration loss = 0.289 | prior loss = 1.206 | diffusion loss = 0.204

[2026-07-14 00:12:24,038][root][INFO] - Epoch 280: duration loss = 0.289 | prior loss = 1.206 | diffusion loss = 0.214

[2026-07-14 00:14:06,614][root][INFO] - Epoch 281: duration loss = 0.289 | prior loss = 1.206 | diffusion loss = 0.215

[2026-07-14 00:15:49,338][root][INFO] - Epoch 282: duration loss = 0.290 | prior loss = 1.206 | diffusion loss = 0.205

[2026-07-14 00:17:31,418][root][INFO] - Epoch 283: duration loss = 0.289 | prior loss = 1.206 | diffusion loss = 0.204

[2026-07-14 00:19:13,710][root][INFO] - Epoch 284: duration loss = 0.290 | prior loss = 1.206 | diffusion loss = 0.210

[2026-07-14 00:20:56,852][root][INFO] - Epoch 285: duration loss = 0.289 | prior loss = 1.206 | diffusion loss = 0.208

[2026-07-14 00:22:40,427][root][INFO] - Epoch 286: duration loss = 0.289 | prior loss = 1.206 | diffusion loss = 0.207

[2026-07-14 00:24:22,988][root][INFO] - Epoch 287: duration loss = 0.290 | prior loss = 1.206 | diffusion loss = 0.216

[2026-07-14 00:26:04,350][root][INFO] - Epoch 288: duration loss = 0.290 | prior loss = 1.206 | diffusion loss = 0.207

[2026-07-14 00:27:46,073][root][INFO] - Epoch 289: duration loss = 0.289 | prior loss = 1.206 | diffusion loss = 0.206

[2026-07-14 00:29:29,632][root][INFO] - Epoch 290: duration loss = 0.290 | prior loss = 1.206 | diffusion loss = 0.210

[2026-07-14 00:31:12,532][root][INFO] - Epoch 291: duration loss = 0.289 | prior loss = 1.206 | diffusion loss = 0.208

[2026-07-14 00:32:53,415][root][INFO] - Epoch 292: duration loss = 0.289 | prior loss = 1.206 | diffusion loss = 0.209

[2026-07-14 00:34:36,182][root][INFO] - Epoch 293: duration loss = 0.290 | prior loss = 1.206 | diffusion loss = 0.207

[2026-07-14 00:36:20,041][root][INFO] - Epoch 294: duration loss = 0.290 | prior loss = 1.206 | diffusion loss = 0.212

[2026-07-14 00:38:02,359][root][INFO] - Epoch 295: duration loss = 0.289 | prior loss = 1.206 | diffusion loss = 0.209

[2026-07-14 00:39:44,462][root][INFO] - Epoch 296: duration loss = 0.289 | prior loss = 1.206 | diffusion loss = 0.207

[2026-07-14 00:41:27,802][root][INFO] - Epoch 297: duration loss = 0.289 | prior loss = 1.206 | diffusion loss = 0.208

[2026-07-14 00:43:10,184][root][INFO] - Epoch 298: duration loss = 0.289 | prior loss = 1.206 | diffusion loss = 0.207

[2026-07-14 00:44:52,753][root][INFO] - Epoch 299: duration loss = 0.289 | prior loss = 1.206 | diffusion loss = 0.212

[2026-07-14 00:46:35,730][root][INFO] - Epoch 300: duration loss = 0.289 | prior loss = 1.206 | diffusion loss = 0.210

[2026-07-14 00:48:17,832][root][INFO] - Epoch 301: duration loss = 0.290 | prior loss = 1.206 | diffusion loss = 0.206

[2026-07-14 00:50:00,222][root][INFO] - Epoch 302: duration loss = 0.289 | prior loss = 1.206 | diffusion loss = 0.207

[2026-07-14 00:51:42,293][root][INFO] - Epoch 303: duration loss = 0.289 | prior loss = 1.206 | diffusion loss = 0.205

[2026-07-14 00:53:24,906][root][INFO] - Epoch 304: duration loss = 0.289 | prior loss = 1.206 | diffusion loss = 0.208

[2026-07-14 00:55:08,440][root][INFO] - Epoch 305: duration loss = 0.290 | prior loss = 1.206 | diffusion loss = 0.207

[2026-07-14 00:56:52,073][root][INFO] - Epoch 306: duration loss = 0.290 | prior loss = 1.206 | diffusion loss = 0.208

[2026-07-14 00:58:35,053][root][INFO] - Epoch 307: duration loss = 0.290 | prior loss = 1.206 | diffusion loss = 0.206

[2026-07-14 01:00:16,878][root][INFO] - Epoch 308: duration loss = 0.289 | prior loss = 1.206 | diffusion loss = 0.212

[2026-07-14 01:01:58,944][root][INFO] - Epoch 309: duration loss = 0.289 | prior loss = 1.206 | diffusion loss = 0.211

[2026-07-14 01:03:41,568][root][INFO] - Epoch 310: duration loss = 0.289 | prior loss = 1.206 | diffusion loss = 0.206

[2026-07-14 01:05:22,690][root][INFO] - Epoch 311: duration loss = 0.290 | prior loss = 1.206 | diffusion loss = 0.208

[2026-07-14 01:07:04,381][root][INFO] - Epoch 312: duration loss = 0.290 | prior loss = 1.206 | diffusion loss = 0.205

[2026-07-14 01:08:46,998][root][INFO] - Epoch 313: duration loss = 0.290 | prior loss = 1.206 | diffusion loss = 0.208

[2026-07-14 01:10:30,056][root][INFO] - Epoch 314: duration loss = 0.289 | prior loss = 1.206 | diffusion loss = 0.207

[2026-07-14 01:12:12,423][root][INFO] - Epoch 315: duration loss = 0.289 | prior loss = 1.206 | diffusion loss = 0.208

[2026-07-14 01:13:55,177][root][INFO] - Epoch 316: duration loss = 0.290 | prior loss = 1.206 | diffusion loss = 0.205

[2026-07-14 01:15:37,684][root][INFO] - Epoch 317: duration loss = 0.289 | prior loss = 1.206 | diffusion loss = 0.205

[2026-07-14 01:17:20,638][root][INFO] - Epoch 318: duration loss = 0.289 | prior loss = 1.206 | diffusion loss = 0.210

[2026-07-14 01:19:03,663][root][INFO] - Epoch 319: duration loss = 0.290 | prior loss = 1.206 | diffusion loss = 0.208

[2026-07-14 01:20:47,665][root][INFO] - Epoch 320: duration loss = 0.290 | prior loss = 1.206 | diffusion loss = 0.211

[2026-07-14 01:22:30,050][root][INFO] - Epoch 321: duration loss = 0.290 | prior loss = 1.206 | diffusion loss = 0.208

[2026-07-14 01:24:11,725][root][INFO] - Epoch 322: duration loss = 0.290 | prior loss = 1.206 | diffusion loss = 0.206

[2026-07-14 01:25:53,876][root][INFO] - Epoch 323: duration loss = 0.289 | prior loss = 1.206 | diffusion loss = 0.212

[2026-07-14 01:27:36,084][root][INFO] - Epoch 324: duration loss = 0.289 | prior loss = 1.206 | diffusion loss = 0.211

[2026-07-14 01:29:19,111][root][INFO] - Epoch 325: duration loss = 0.290 | prior loss = 1.206 | diffusion loss = 0.210

[2026-07-14 01:31:02,324][root][INFO] - Epoch 326: duration loss = 0.289 | prior loss = 1.206 | diffusion loss = 0.213

[2026-07-14 01:32:44,515][root][INFO] - Epoch 327: duration loss = 0.289 | prior loss = 1.206 | diffusion loss = 0.206

[2026-07-14 01:34:27,449][root][INFO] - Epoch 328: duration loss = 0.289 | prior loss = 1.207 | diffusion loss = 0.208

[2026-07-14 01:36:10,416][root][INFO] - Epoch 329: duration loss = 0.289 | prior loss = 1.206 | diffusion loss = 0.209

[2026-07-14 01:37:54,498][root][INFO] - Epoch 330: duration loss = 0.289 | prior loss = 1.206 | diffusion loss = 0.208

[2026-07-14 01:39:37,685][root][INFO] - Epoch 331: duration loss = 0.290 | prior loss = 1.206 | diffusion loss = 0.205

[2026-07-14 01:41:19,722][root][INFO] - Epoch 332: duration loss = 0.290 | prior loss = 1.206 | diffusion loss = 0.209

[2026-07-14 01:43:02,484][root][INFO] - Epoch 333: duration loss = 0.289 | prior loss = 1.206 | diffusion loss = 0.211

[2026-07-14 01:44:46,016][root][INFO] - Epoch 334: duration loss = 0.289 | prior loss = 1.205 | diffusion loss = 0.211

[2026-07-14 01:46:29,348][root][INFO] - Epoch 335: duration loss = 0.289 | prior loss = 1.206 | diffusion loss = 0.210

[2026-07-14 01:48:11,846][root][INFO] - Epoch 336: duration loss = 0.289 | prior loss = 1.206 | diffusion loss = 0.206

[2026-07-14 01:49:54,004][root][INFO] - Epoch 337: duration loss = 0.289 | prior loss = 1.206 | diffusion loss = 0.203

[2026-07-14 01:51:37,554][root][INFO] - Epoch 338: duration loss = 0.289 | prior loss = 1.206 | diffusion loss = 0.206

[2026-07-14 01:53:20,960][root][INFO] - Epoch 339: duration loss = 0.289 | prior loss = 1.206 | diffusion loss = 0.207

[2026-07-14 01:55:02,377][root][INFO] - Epoch 340: duration loss = 0.290 | prior loss = 1.206 | diffusion loss = 0.208

[2026-07-14 01:56:44,804][root][INFO] - Epoch 341: duration loss = 0.289 | prior loss = 1.206 | diffusion loss = 0.208

[2026-07-14 01:58:26,604][root][INFO] - Epoch 342: duration loss = 0.289 | prior loss = 1.206 | diffusion loss = 0.207

[2026-07-14 02:00:09,097][root][INFO] - Epoch 343: duration loss = 0.290 | prior loss = 1.207 | diffusion loss = 0.209

[2026-07-14 02:01:51,722][root][INFO] - Epoch 344: duration loss = 0.289 | prior loss = 1.206 | diffusion loss = 0.207

[2026-07-14 02:03:34,319][root][INFO] - Epoch 345: duration loss = 0.289 | prior loss = 1.206 | diffusion loss = 0.209

[2026-07-14 02:05:17,611][root][INFO] - Epoch 346: duration loss = 0.290 | prior loss = 1.206 | diffusion loss = 0.208

[2026-07-14 02:06:59,977][root][INFO] - Epoch 347: duration loss = 0.289 | prior loss = 1.206 | diffusion loss = 0.205

[2026-07-14 02:08:42,719][root][INFO] - Epoch 348: duration loss = 0.289 | prior loss = 1.206 | diffusion loss = 0.203

[2026-07-14 02:10:25,228][root][INFO] - Epoch 349: duration loss = 0.289 | prior loss = 1.206 | diffusion loss = 0.206

[2026-07-14 02:12:07,871][root][INFO] - Epoch 350: duration loss = 0.290 | prior loss = 1.206 | diffusion loss = 0.207

[2026-07-14 02:13:50,931][root][INFO] - Epoch 351: duration loss = 0.289 | prior loss = 1.206 | diffusion loss = 0.208

[2026-07-14 02:15:33,813][root][INFO] - Epoch 352: duration loss = 0.290 | prior loss = 1.205 | diffusion loss = 0.208

[2026-07-14 02:17:15,778][root][INFO] - Epoch 353: duration loss = 0.290 | prior loss = 1.206 | diffusion loss = 0.204

[2026-07-14 02:18:58,538][root][INFO] - Epoch 354: duration loss = 0.290 | prior loss = 1.206 | diffusion loss = 0.206

[2026-07-14 02:20:40,673][root][INFO] - Epoch 355: duration loss = 0.289 | prior loss = 1.206 | diffusion loss = 0.207

[2026-07-14 02:22:23,163][root][INFO] - Epoch 356: duration loss = 0.289 | prior loss = 1.206 | diffusion loss = 0.208

[2026-07-14 02:24:06,123][root][INFO] - Epoch 357: duration loss = 0.289 | prior loss = 1.206 | diffusion loss = 0.208

[2026-07-14 02:25:48,285][root][INFO] - Epoch 358: duration loss = 0.289 | prior loss = 1.206 | diffusion loss = 0.207

[2026-07-14 02:27:31,060][root][INFO] - Epoch 359: duration loss = 0.290 | prior loss = 1.206 | diffusion loss = 0.206

[2026-07-14 02:29:14,413][root][INFO] - Epoch 360: duration loss = 0.289 | prior loss = 1.206 | diffusion loss = 0.209

[2026-07-14 02:30:57,568][root][INFO] - Epoch 361: duration loss = 0.289 | prior loss = 1.207 | diffusion loss = 0.205

[2026-07-14 02:32:40,615][root][INFO] - Epoch 362: duration loss = 0.289 | prior loss = 1.206 | diffusion loss = 0.206

[2026-07-14 02:34:23,206][root][INFO] - Epoch 363: duration loss = 0.289 | prior loss = 1.206 | diffusion loss = 0.211

[2026-07-14 02:36:05,516][root][INFO] - Epoch 364: duration loss = 0.289 | prior loss = 1.206 | diffusion loss = 0.212

[2026-07-14 02:37:48,181][root][INFO] - Epoch 365: duration loss = 0.289 | prior loss = 1.206 | diffusion loss = 0.208

[2026-07-14 02:39:30,972][root][INFO] - Epoch 366: duration loss = 0.290 | prior loss = 1.206 | diffusion loss = 0.205

[2026-07-14 02:41:14,117][root][INFO] - Epoch 367: duration loss = 0.290 | prior loss = 1.206 | diffusion loss = 0.208

[2026-07-14 02:42:57,165][root][INFO] - Epoch 368: duration loss = 0.289 | prior loss = 1.206 | diffusion loss = 0.210

[2026-07-14 02:44:40,523][root][INFO] - Epoch 369: duration loss = 0.289 | prior loss = 1.206 | diffusion loss = 0.210

[2026-07-14 02:46:24,202][root][INFO] - Epoch 370: duration loss = 0.290 | prior loss = 1.206 | diffusion loss = 0.209

[2026-07-14 02:48:06,850][root][INFO] - Epoch 371: duration loss = 0.289 | prior loss = 1.206 | diffusion loss = 0.202

[2026-07-14 02:49:48,455][root][INFO] - Epoch 372: duration loss = 0.289 | prior loss = 1.206 | diffusion loss = 0.206

[2026-07-14 02:51:31,753][root][INFO] - Epoch 373: duration loss = 0.289 | prior loss = 1.206 | diffusion loss = 0.206

[2026-07-14 02:53:15,000][root][INFO] - Epoch 374: duration loss = 0.289 | prior loss = 1.206 | diffusion loss = 0.207

[2026-07-14 02:54:57,671][root][INFO] - Epoch 375: duration loss = 0.290 | prior loss = 1.206 | diffusion loss = 0.211

[2026-07-14 02:56:40,443][root][INFO] - Epoch 376: duration loss = 0.289 | prior loss = 1.206 | diffusion loss = 0.211

[2026-07-14 02:58:23,537][root][INFO] - Epoch 377: duration loss = 0.289 | prior loss = 1.206 | diffusion loss = 0.207

[2026-07-14 03:00:05,724][root][INFO] - Epoch 378: duration loss = 0.290 | prior loss = 1.206 | diffusion loss = 0.204

[2026-07-14 03:01:47,884][root][INFO] - Epoch 379: duration loss = 0.290 | prior loss = 1.206 | diffusion loss = 0.209

[2026-07-14 03:03:31,145][root][INFO] - Epoch 380: duration loss = 0.290 | prior loss = 1.206 | diffusion loss = 0.208

[2026-07-14 03:05:13,765][root][INFO] - Epoch 381: duration loss = 0.290 | prior loss = 1.206 | diffusion loss = 0.206

[2026-07-14 03:06:56,999][root][INFO] - Epoch 382: duration loss = 0.289 | prior loss = 1.206 | diffusion loss = 0.206

[2026-07-14 03:08:38,016][root][INFO] - Epoch 383: duration loss = 0.289 | prior loss = 1.206 | diffusion loss = 0.209

[2026-07-14 03:10:20,228][root][INFO] - Epoch 384: duration loss = 0.289 | prior loss = 1.206 | diffusion loss = 0.211

[2026-07-14 03:12:03,300][root][INFO] - Epoch 385: duration loss = 0.289 | prior loss = 1.206 | diffusion loss = 0.211

[2026-07-14 03:13:45,698][root][INFO] - Epoch 386: duration loss = 0.290 | prior loss = 1.206 | diffusion loss = 0.210

[2026-07-14 03:15:28,166][root][INFO] - Epoch 387: duration loss = 0.289 | prior loss = 1.206 | diffusion loss = 0.209

[2026-07-14 03:17:11,718][root][INFO] - Epoch 388: duration loss = 0.289 | prior loss = 1.206 | diffusion loss = 0.207

[2026-07-14 03:18:55,076][root][INFO] - Epoch 389: duration loss = 0.289 | prior loss = 1.206 | diffusion loss = 0.206

[2026-07-14 03:20:36,494][root][INFO] - Epoch 390: duration loss = 0.289 | prior loss = 1.206 | diffusion loss = 0.205

[2026-07-14 03:22:16,981][root][INFO] - Epoch 391: duration loss = 0.289 | prior loss = 1.206 | diffusion loss = 0.208

[2026-07-14 03:23:59,994][root][INFO] - Epoch 392: duration loss = 0.289 | prior loss = 1.206 | diffusion loss = 0.207

[2026-07-14 03:25:42,418][root][INFO] - Epoch 393: duration loss = 0.289 | prior loss = 1.206 | diffusion loss = 0.208

[2026-07-14 03:27:24,654][root][INFO] - Epoch 394: duration loss = 0.289 | prior loss = 1.206 | diffusion loss = 0.210

[2026-07-14 03:29:08,074][root][INFO] - Epoch 395: duration loss = 0.289 | prior loss = 1.206 | diffusion loss = 0.207

[2026-07-14 03:30:51,231][root][INFO] - Epoch 396: duration loss = 0.289 | prior loss = 1.206 | diffusion loss = 0.208

[2026-07-14 03:32:33,743][root][INFO] - Epoch 397: duration loss = 0.290 | prior loss = 1.206 | diffusion loss = 0.204

[2026-07-14 03:34:16,513][root][INFO] - Epoch 398: duration loss = 0.290 | prior loss = 1.206 | diffusion loss = 0.211

[2026-07-14 03:35:57,388][root][INFO] - Epoch 399: duration loss = 0.290 | prior loss = 1.207 | diffusion loss = 0.205

[2026-07-14 03:37:39,982][root][INFO] - Epoch 400: duration loss = 0.289 | prior loss = 1.206 | diffusion loss = 0.202

[2026-07-14 03:39:21,962][root][INFO] - Epoch 401: duration loss = 0.290 | prior loss = 1.206 | diffusion loss = 0.203

[2026-07-14 03:41:03,547][root][INFO] - Epoch 402: duration loss = 0.289 | prior loss = 1.206 | diffusion loss = 0.204

[2026-07-14 03:42:45,775][root][INFO] - Epoch 403: duration loss = 0.290 | prior loss = 1.206 | diffusion loss = 0.205

[2026-07-14 03:44:29,003][root][INFO] - Epoch 404: duration loss = 0.290 | prior loss = 1.206 | diffusion loss = 0.207

[2026-07-14 03:46:12,180][root][INFO] - Epoch 405: duration loss = 0.290 | prior loss = 1.206 | diffusion loss = 0.204

[2026-07-14 03:47:54,848][root][INFO] - Epoch 406: duration loss = 0.289 | prior loss = 1.206 | diffusion loss = 0.205

[2026-07-14 03:49:38,335][root][INFO] - Epoch 407: duration loss = 0.289 | prior loss = 1.206 | diffusion loss = 0.208

[2026-07-14 03:51:20,523][root][INFO] - Epoch 408: duration loss = 0.290 | prior loss = 1.206 | diffusion loss = 0.207

[2026-07-14 03:53:03,261][root][INFO] - Epoch 409: duration loss = 0.290 | prior loss = 1.206 | diffusion loss = 0.209

[2026-07-14 03:54:46,203][root][INFO] - Epoch 410: duration loss = 0.290 | prior loss = 1.206 | diffusion loss = 0.205

[2026-07-14 03:56:28,075][root][INFO] - Epoch 411: duration loss = 0.290 | prior loss = 1.206 | diffusion loss = 0.205

[2026-07-14 03:58:11,543][root][INFO] - Epoch 412: duration loss = 0.290 | prior loss = 1.206 | diffusion loss = 0.206

[2026-07-14 03:59:55,379][root][INFO] - Epoch 413: duration loss = 0.289 | prior loss = 1.206 | diffusion loss = 0.207

[2026-07-14 04:01:39,207][root][INFO] - Epoch 414: duration loss = 0.290 | prior loss = 1.206 | diffusion loss = 0.205

[2026-07-14 04:03:22,497][root][INFO] - Epoch 415: duration loss = 0.289 | prior loss = 1.206 | diffusion loss = 0.205

[2026-07-14 04:05:06,162][root][INFO] - Epoch 416: duration loss = 0.289 | prior loss = 1.205 | diffusion loss = 0.205

[2026-07-14 04:06:47,253][root][INFO] - Epoch 417: duration loss = 0.290 | prior loss = 1.205 | diffusion loss = 0.211

[2026-07-14 04:08:31,439][root][INFO] - Epoch 418: duration loss = 0.290 | prior loss = 1.206 | diffusion loss = 0.208

[2026-07-14 04:10:14,846][root][INFO] - Epoch 419: duration loss = 0.289 | prior loss = 1.206 | diffusion loss = 0.211

[2026-07-14 04:11:57,845][root][INFO] - Epoch 420: duration loss = 0.290 | prior loss = 1.206 | diffusion loss = 0.206

[2026-07-14 04:13:41,358][root][INFO] - Epoch 421: duration loss = 0.289 | prior loss = 1.206 | diffusion loss = 0.211

[2026-07-14 04:15:23,666][root][INFO] - Epoch 422: duration loss = 0.289 | prior loss = 1.206 | diffusion loss = 0.207

[2026-07-14 04:17:08,453][root][INFO] - Epoch 423: duration loss = 0.289 | prior loss = 1.206 | diffusion loss = 0.207

[2026-07-14 04:18:53,738][root][INFO] - Epoch 424: duration loss = 0.290 | prior loss = 1.206 | diffusion loss = 0.207

[2026-07-14 04:20:38,224][root][INFO] - Epoch 425: duration loss = 0.289 | prior loss = 1.206 | diffusion loss = 0.207

[2026-07-14 04:22:23,397][root][INFO] - Epoch 426: duration loss = 0.289 | prior loss = 1.206 | diffusion loss = 0.206

[2026-07-14 04:24:09,330][root][INFO] - Epoch 427: duration loss = 0.289 | prior loss = 1.206 | diffusion loss = 0.208

[2026-07-14 04:25:55,839][root][INFO] - Epoch 428: duration loss = 0.289 | prior loss = 1.206 | diffusion loss = 0.204

[2026-07-14 04:27:41,044][root][INFO] - Epoch 429: duration loss = 0.289 | prior loss = 1.206 | diffusion loss = 0.210

[2026-07-14 04:29:25,681][root][INFO] - Epoch 430: duration loss = 0.290 | prior loss = 1.206 | diffusion loss = 0.211

[2026-07-14 04:31:11,751][root][INFO] - Epoch 431: duration loss = 0.289 | prior loss = 1.206 | diffusion loss = 0.209

[2026-07-14 04:32:58,159][root][INFO] - Epoch 432: duration loss = 0.289 | prior loss = 1.206 | diffusion loss = 0.211

[2026-07-14 04:34:43,507][root][INFO] - Epoch 433: duration loss = 0.289 | prior loss = 1.206 | diffusion loss = 0.206

[2026-07-14 04:36:29,009][root][INFO] - Epoch 434: duration loss = 0.290 | prior loss = 1.206 | diffusion loss = 0.210

[2026-07-14 04:38:14,764][root][INFO] - Epoch 435: duration loss = 0.289 | prior loss = 1.206 | diffusion loss = 0.205

[2026-07-14 04:40:00,406][root][INFO] - Epoch 436: duration loss = 0.290 | prior loss = 1.206 | diffusion loss = 0.207

[2026-07-14 04:41:45,262][root][INFO] - Epoch 437: duration loss = 0.290 | prior loss = 1.206 | diffusion loss = 0.209

[2026-07-14 04:43:30,730][root][INFO] - Epoch 438: duration loss = 0.289 | prior loss = 1.206 | diffusion loss = 0.209

[2026-07-14 04:45:17,630][root][INFO] - Epoch 439: duration loss = 0.289 | prior loss = 1.206 | diffusion loss = 0.206

[2026-07-14 04:47:03,351][root][INFO] - Epoch 440: duration loss = 0.289 | prior loss = 1.206 | diffusion loss = 0.207

[2026-07-14 04:48:48,379][root][INFO] - Epoch 441: duration loss = 0.290 | prior loss = 1.206 | diffusion loss = 0.208

[2026-07-14 04:50:32,972][root][INFO] - Epoch 442: duration loss = 0.289 | prior loss = 1.206 | diffusion loss = 0.209

[2026-07-14 04:52:18,709][root][INFO] - Epoch 443: duration loss = 0.290 | prior loss = 1.206 | diffusion loss = 0.204

[2026-07-14 04:54:03,713][root][INFO] - Epoch 444: duration loss = 0.290 | prior loss = 1.206 | diffusion loss = 0.211

[2026-07-14 04:55:49,844][root][INFO] - Epoch 445: duration loss = 0.290 | prior loss = 1.206 | diffusion loss = 0.214

[2026-07-14 04:57:34,617][root][INFO] - Epoch 446: duration loss = 0.289 | prior loss = 1.206 | diffusion loss = 0.205

[2026-07-14 04:59:20,207][root][INFO] - Epoch 447: duration loss = 0.289 | prior loss = 1.206 | diffusion loss = 0.207

[2026-07-14 05:01:05,752][root][INFO] - Epoch 448: duration loss = 0.289 | prior loss = 1.206 | diffusion loss = 0.204

[2026-07-14 05:02:52,692][root][INFO] - Epoch 449: duration loss = 0.289 | prior loss = 1.206 | diffusion loss = 0.210

[2026-07-14 05:04:39,122][root][INFO] - Epoch 450: duration loss = 0.289 | prior loss = 1.206 | diffusion loss = 0.205

[2026-07-14 05:06:25,479][root][INFO] - Epoch 451: duration loss = 0.289 | prior loss = 1.206 | diffusion loss = 0.205

[2026-07-14 05:08:11,412][root][INFO] - Epoch 452: duration loss = 0.290 | prior loss = 1.206 | diffusion loss = 0.207

[2026-07-14 05:09:57,300][root][INFO] - Epoch 453: duration loss = 0.290 | prior loss = 1.206 | diffusion loss = 0.208

[2026-07-14 05:11:43,172][root][INFO] - Epoch 454: duration loss = 0.290 | prior loss = 1.206 | diffusion loss = 0.208

[2026-07-14 05:13:29,646][root][INFO] - Epoch 455: duration loss = 0.289 | prior loss = 1.206 | diffusion loss = 0.209

[2026-07-14 05:15:16,554][root][INFO] - Epoch 456: duration loss = 0.289 | prior loss = 1.206 | diffusion loss = 0.207

[2026-07-14 05:17:03,659][root][INFO] - Epoch 457: duration loss = 0.289 | prior loss = 1.206 | diffusion loss = 0.202

[2026-07-14 05:18:48,630][root][INFO] - Epoch 458: duration loss = 0.290 | prior loss = 1.206 | diffusion loss = 0.202

[2026-07-14 05:20:34,636][root][INFO] - Epoch 459: duration loss = 0.289 | prior loss = 1.206 | diffusion loss = 0.205

[2026-07-14 05:22:20,353][root][INFO] - Epoch 460: duration loss = 0.290 | prior loss = 1.206 | diffusion loss = 0.209

[2026-07-14 05:24:05,131][root][INFO] - Epoch 461: duration loss = 0.290 | prior loss = 1.207 | diffusion loss = 0.201

[2026-07-14 05:25:48,136][root][INFO] - Epoch 462: duration loss = 0.290 | prior loss = 1.206 | diffusion loss = 0.212

[2026-07-14 05:27:34,349][root][INFO] - Epoch 463: duration loss = 0.289 | prior loss = 1.206 | diffusion loss = 0.205

[2026-07-14 05:29:20,941][root][INFO] - Epoch 464: duration loss = 0.290 | prior loss = 1.206 | diffusion loss = 0.206

[2026-07-14 05:31:06,833][root][INFO] - Epoch 465: duration loss = 0.290 | prior loss = 1.206 | diffusion loss = 0.209

[2026-07-14 05:32:51,624][root][INFO] - Epoch 466: duration loss = 0.290 | prior loss = 1.206 | diffusion loss = 0.207

[2026-07-14 05:34:37,298][root][INFO] - Epoch 467: duration loss = 0.290 | prior loss = 1.206 | diffusion loss = 0.207

[2026-07-14 05:36:23,890][root][INFO] - Epoch 468: duration loss = 0.289 | prior loss = 1.206 | diffusion loss = 0.208

[2026-07-14 05:38:10,147][root][INFO] - Epoch 469: duration loss = 0.290 | prior loss = 1.206 | diffusion loss = 0.207

[2026-07-14 05:39:56,471][root][INFO] - Epoch 470: duration loss = 0.289 | prior loss = 1.206 | diffusion loss = 0.202

[2026-07-14 05:41:41,694][root][INFO] - Epoch 471: duration loss = 0.289 | prior loss = 1.206 | diffusion loss = 0.207

[2026-07-14 05:43:26,465][root][INFO] - Epoch 472: duration loss = 0.290 | prior loss = 1.206 | diffusion loss = 0.206

[2026-07-14 05:45:11,715][root][INFO] - Epoch 473: duration loss = 0.289 | prior loss = 1.206 | diffusion loss = 0.207

[2026-07-14 05:46:57,748][root][INFO] - Epoch 474: duration loss = 0.289 | prior loss = 1.206 | diffusion loss = 0.207

[2026-07-14 05:48:43,731][root][INFO] - Epoch 475: duration loss = 0.289 | prior loss = 1.207 | diffusion loss = 0.208

[2026-07-14 05:50:29,725][root][INFO] - Epoch 476: duration loss = 0.289 | prior loss = 1.206 | diffusion loss = 0.205

[2026-07-14 05:52:15,761][root][INFO] - Epoch 477: duration loss = 0.289 | prior loss = 1.206 | diffusion loss = 0.209

[2026-07-14 05:54:01,686][root][INFO] - Epoch 478: duration loss = 0.290 | prior loss = 1.206 | diffusion loss = 0.207

[2026-07-14 05:55:46,629][root][INFO] - Epoch 479: duration loss = 0.289 | prior loss = 1.206 | diffusion loss = 0.206

[2026-07-14 05:57:32,888][root][INFO] - Epoch 480: duration loss = 0.289 | prior loss = 1.206 | diffusion loss = 0.205

[2026-07-14 05:59:19,679][root][INFO] - Epoch 481: duration loss = 0.289 | prior loss = 1.206 | diffusion loss = 0.205

[2026-07-14 06:01:04,840][root][INFO] - Epoch 482: duration loss = 0.290 | prior loss = 1.206 | diffusion loss = 0.209

[2026-07-14 06:02:50,646][root][INFO] - Epoch 483: duration loss = 0.289 | prior loss = 1.206 | diffusion loss = 0.206

[2026-07-14 06:04:33,750][root][INFO] - Epoch 484: duration loss = 0.289 | prior loss = 1.205 | diffusion loss = 0.201

[2026-07-14 06:06:20,407][root][INFO] - Epoch 485: duration loss = 0.289 | prior loss = 1.206 | diffusion loss = 0.209

[2026-07-14 06:08:06,387][root][INFO] - Epoch 486: duration loss = 0.290 | prior loss = 1.206 | diffusion loss = 0.206

[2026-07-14 06:09:52,881][root][INFO] - Epoch 487: duration loss = 0.289 | prior loss = 1.206 | diffusion loss = 0.209

[2026-07-14 06:11:38,900][root][INFO] - Epoch 488: duration loss = 0.289 | prior loss = 1.206 | diffusion loss = 0.205

[2026-07-14 06:13:24,979][root][INFO] - Epoch 489: duration loss = 0.290 | prior loss = 1.206 | diffusion loss = 0.205

[2026-07-14 06:15:09,913][root][INFO] - Epoch 490: duration loss = 0.289 | prior loss = 1.206 | diffusion loss = 0.208

[2026-07-14 06:16:55,175][root][INFO] - Epoch 491: duration loss = 0.290 | prior loss = 1.206 | diffusion loss = 0.205

[2026-07-14 06:18:42,488][root][INFO] - Epoch 492: duration loss = 0.289 | prior loss = 1.206 | diffusion loss = 0.205

[2026-07-14 06:20:28,518][root][INFO] - Epoch 493: duration loss = 0.290 | prior loss = 1.206 | diffusion loss = 0.207

[2026-07-14 06:22:15,004][root][INFO] - Epoch 494: duration loss = 0.289 | prior loss = 1.206 | diffusion loss = 0.204

[2026-07-14 06:24:00,730][root][INFO] - Epoch 495: duration loss = 0.289 | prior loss = 1.206 | diffusion loss = 0.208

[2026-07-14 06:25:46,015][root][INFO] - Epoch 496: duration loss = 0.289 | prior loss = 1.206 | diffusion loss = 0.206

[2026-07-14 06:27:32,209][root][INFO] - Epoch 497: duration loss = 0.289 | prior loss = 1.206 | diffusion loss = 0.209

[2026-07-14 06:29:18,078][root][INFO] - Epoch 498: duration loss = 0.289 | prior loss = 1.206 | diffusion loss = 0.208

[2026-07-14 06:31:05,007][root][INFO] - Epoch 499: duration loss = 0.289 | prior loss = 1.206 | diffusion loss = 0.209

[2026-07-14 06:33:00,023][root][INFO] - Epoch 500: duration loss = 0.286 | prior loss = 1.203 | diffusion loss = 0.209

[2026-07-14 06:34:53,213][root][INFO] - Epoch 501: duration loss = 0.284 | prior loss = 1.202 | diffusion loss = 0.205

[2026-07-14 06:36:46,357][root][INFO] - Epoch 502: duration loss = 0.283 | prior loss = 1.201 | diffusion loss = 0.198

[2026-07-14 06:38:40,013][root][INFO] - Epoch 503: duration loss = 0.282 | prior loss = 1.200 | diffusion loss = 0.204

[2026-07-14 06:40:35,220][root][INFO] - Epoch 504: duration loss = 0.282 | prior loss = 1.200 | diffusion loss = 0.205

[2026-07-14 06:42:30,328][root][INFO] - Epoch 505: duration loss = 0.281 | prior loss = 1.199 | diffusion loss = 0.206

[2026-07-14 06:44:24,740][root][INFO] - Epoch 506: duration loss = 0.281 | prior loss = 1.199 | diffusion loss = 0.209

[2026-07-14 06:46:18,464][root][INFO] - Epoch 507: duration loss = 0.281 | prior loss = 1.199 | diffusion loss = 0.212

[2026-07-14 06:48:12,537][root][INFO] - Epoch 508: duration loss = 0.281 | prior loss = 1.199 | diffusion loss = 0.209

[2026-07-14 06:50:07,011][root][INFO] - Epoch 509: duration loss = 0.280 | prior loss = 1.199 | diffusion loss = 0.205

[2026-07-14 06:52:01,668][root][INFO] - Epoch 510: duration loss = 0.280 | prior loss = 1.198 | diffusion loss = 0.205

[2026-07-14 06:53:55,353][root][INFO] - Epoch 511: duration loss = 0.280 | prior loss = 1.198 | diffusion loss = 0.206

[2026-07-14 06:55:48,959][root][INFO] - Epoch 512: duration loss = 0.279 | prior loss = 1.198 | diffusion loss = 0.206

[2026-07-14 06:57:43,501][root][INFO] - Epoch 513: duration loss = 0.279 | prior loss = 1.198 | diffusion loss = 0.207

[2026-07-14 06:59:36,792][root][INFO] - Epoch 514: duration loss = 0.279 | prior loss = 1.198 | diffusion loss = 0.205

[2026-07-14 07:01:30,917][root][INFO] - Epoch 515: duration loss = 0.280 | prior loss = 1.197 | diffusion loss = 0.206

[2026-07-14 07:03:24,140][root][INFO] - Epoch 516: duration loss = 0.279 | prior loss = 1.197 | diffusion loss = 0.209

[2026-07-14 07:05:17,701][root][INFO] - Epoch 517: duration loss = 0.279 | prior loss = 1.198 | diffusion loss = 0.205

[2026-07-14 07:07:12,198][root][INFO] - Epoch 518: duration loss = 0.279 | prior loss = 1.197 | diffusion loss = 0.208

[2026-07-14 07:09:05,123][root][INFO] - Epoch 519: duration loss = 0.279 | prior loss = 1.197 | diffusion loss = 0.206

[2026-07-14 07:10:58,902][root][INFO] - Epoch 520: duration loss = 0.279 | prior loss = 1.197 | diffusion loss = 0.207

[2026-07-14 07:12:52,459][root][INFO] - Epoch 521: duration loss = 0.279 | prior loss = 1.197 | diffusion loss = 0.208

[2026-07-14 07:14:46,504][root][INFO] - Epoch 522: duration loss = 0.279 | prior loss = 1.197 | diffusion loss = 0.204

[2026-07-14 07:16:40,456][root][INFO] - Epoch 523: duration loss = 0.279 | prior loss = 1.197 | diffusion loss = 0.204

[2026-07-14 07:18:33,765][root][INFO] - Epoch 524: duration loss = 0.279 | prior loss = 1.196 | diffusion loss = 0.200

[2026-07-14 07:20:27,404][root][INFO] - Epoch 525: duration loss = 0.278 | prior loss = 1.197 | diffusion loss = 0.203

[2026-07-14 07:22:21,216][root][INFO] - Epoch 526: duration loss = 0.279 | prior loss = 1.196 | diffusion loss = 0.209

[2026-07-14 07:24:14,588][root][INFO] - Epoch 527: duration loss = 0.278 | prior loss = 1.196 | diffusion loss = 0.206

[2026-07-14 07:26:08,117][root][INFO] - Epoch 528: duration loss = 0.278 | prior loss = 1.196 | diffusion loss = 0.201

[2026-07-14 07:28:01,967][root][INFO] - Epoch 529: duration loss = 0.278 | prior loss = 1.196 | diffusion loss = 0.203

[2026-07-14 07:29:54,548][root][INFO] - Epoch 530: duration loss = 0.278 | prior loss = 1.196 | diffusion loss = 0.211

[2026-07-14 07:31:47,578][root][INFO] - Epoch 531: duration loss = 0.278 | prior loss = 1.196 | diffusion loss = 0.206

[2026-07-14 07:33:39,991][root][INFO] - Epoch 532: duration loss = 0.278 | prior loss = 1.196 | diffusion loss = 0.204

[2026-07-14 07:35:32,453][root][INFO] - Epoch 533: duration loss = 0.278 | prior loss = 1.196 | diffusion loss = 0.201

[2026-07-14 07:37:26,214][root][INFO] - Epoch 534: duration loss = 0.278 | prior loss = 1.196 | diffusion loss = 0.205

[2026-07-14 07:39:20,170][root][INFO] - Epoch 535: duration loss = 0.278 | prior loss = 1.196 | diffusion loss = 0.202

[2026-07-14 07:41:13,256][root][INFO] - Epoch 536: duration loss = 0.277 | prior loss = 1.196 | diffusion loss = 0.208

[2026-07-14 07:43:06,167][root][INFO] - Epoch 537: duration loss = 0.277 | prior loss = 1.196 | diffusion loss = 0.208

[2026-07-14 07:44:58,426][root][INFO] - Epoch 538: duration loss = 0.277 | prior loss = 1.195 | diffusion loss = 0.207

[2026-07-14 07:46:51,720][root][INFO] - Epoch 539: duration loss = 0.277 | prior loss = 1.196 | diffusion loss = 0.203

[2026-07-14 07:48:45,179][root][INFO] - Epoch 540: duration loss = 0.277 | prior loss = 1.196 | diffusion loss = 0.205

[2026-07-14 07:50:38,472][root][INFO] - Epoch 541: duration loss = 0.277 | prior loss = 1.196 | diffusion loss = 0.205

[2026-07-14 07:52:31,513][root][INFO] - Epoch 542: duration loss = 0.277 | prior loss = 1.195 | diffusion loss = 0.202

[2026-07-14 07:54:24,260][root][INFO] - Epoch 543: duration loss = 0.277 | prior loss = 1.195 | diffusion loss = 0.205

[2026-07-14 07:56:16,867][root][INFO] - Epoch 544: duration loss = 0.277 | prior loss = 1.196 | diffusion loss = 0.204

[2026-07-14 07:58:10,063][root][INFO] - Epoch 545: duration loss = 0.277 | prior loss = 1.195 | diffusion loss = 0.202

[2026-07-14 08:00:03,447][root][INFO] - Epoch 546: duration loss = 0.277 | prior loss = 1.195 | diffusion loss = 0.203

[2026-07-14 08:01:56,299][root][INFO] - Epoch 547: duration loss = 0.277 | prior loss = 1.195 | diffusion loss = 0.204

[2026-07-14 08:03:48,977][root][INFO] - Epoch 548: duration loss = 0.277 | prior loss = 1.195 | diffusion loss = 0.203

[2026-07-14 08:05:41,096][root][INFO] - Epoch 549: duration loss = 0.277 | prior loss = 1.196 | diffusion loss = 0.205

[2026-07-14 08:07:35,307][root][INFO] - Epoch 550: duration loss = 0.277 | prior loss = 1.195 | diffusion loss = 0.206

[2026-07-14 08:09:29,658][root][INFO] - Epoch 551: duration loss = 0.277 | prior loss = 1.195 | diffusion loss = 0.211

[2026-07-14 08:11:24,164][root][INFO] - Epoch 552: duration loss = 0.276 | prior loss = 1.195 | diffusion loss = 0.209

[2026-07-14 08:13:18,692][root][INFO] - Epoch 553: duration loss = 0.276 | prior loss = 1.195 | diffusion loss = 0.206

[2026-07-14 08:15:11,229][root][INFO] - Epoch 554: duration loss = 0.276 | prior loss = 1.195 | diffusion loss = 0.204

[2026-07-14 08:17:04,876][root][INFO] - Epoch 555: duration loss = 0.276 | prior loss = 1.195 | diffusion loss = 0.205

[2026-07-14 08:18:58,948][root][INFO] - Epoch 556: duration loss = 0.277 | prior loss = 1.195 | diffusion loss = 0.202

[2026-07-14 08:20:53,076][root][INFO] - Epoch 557: duration loss = 0.276 | prior loss = 1.194 | diffusion loss = 0.210

[2026-07-14 08:22:46,728][root][INFO] - Epoch 558: duration loss = 0.276 | prior loss = 1.195 | diffusion loss = 0.207

[2026-07-14 08:24:39,504][root][INFO] - Epoch 559: duration loss = 0.277 | prior loss = 1.195 | diffusion loss = 0.206

[2026-07-14 08:26:34,502][root][INFO] - Epoch 560: duration loss = 0.276 | prior loss = 1.195 | diffusion loss = 0.204

[2026-07-14 08:28:28,440][root][INFO] - Epoch 561: duration loss = 0.276 | prior loss = 1.195 | diffusion loss = 0.205

[2026-07-14 08:30:23,253][root][INFO] - Epoch 562: duration loss = 0.276 | prior loss = 1.195 | diffusion loss = 0.206

[2026-07-14 08:32:17,682][root][INFO] - Epoch 563: duration loss = 0.276 | prior loss = 1.194 | diffusion loss = 0.207

[2026-07-14 08:34:10,248][root][INFO] - Epoch 564: duration loss = 0.276 | prior loss = 1.195 | diffusion loss = 0.204

[2026-07-14 08:36:03,332][root][INFO] - Epoch 565: duration loss = 0.276 | prior loss = 1.194 | diffusion loss = 0.206

[2026-07-14 08:37:56,903][root][INFO] - Epoch 566: duration loss = 0.276 | prior loss = 1.195 | diffusion loss = 0.208

[2026-07-14 08:39:50,126][root][INFO] - Epoch 567: duration loss = 0.276 | prior loss = 1.195 | diffusion loss = 0.203

[2026-07-14 08:41:43,847][root][INFO] - Epoch 568: duration loss = 0.276 | prior loss = 1.195 | diffusion loss = 0.205

[2026-07-14 08:43:36,607][root][INFO] - Epoch 569: duration loss = 0.276 | prior loss = 1.195 | diffusion loss = 0.203

[2026-07-14 08:45:29,705][root][INFO] - Epoch 570: duration loss = 0.275 | prior loss = 1.194 | diffusion loss = 0.208

[2026-07-14 08:47:22,799][root][INFO] - Epoch 571: duration loss = 0.276 | prior loss = 1.194 | diffusion loss = 0.209

[2026-07-14 08:49:15,755][root][INFO] - Epoch 572: duration loss = 0.275 | prior loss = 1.194 | diffusion loss = 0.198

[2026-07-14 08:51:09,365][root][INFO] - Epoch 573: duration loss = 0.275 | prior loss = 1.194 | diffusion loss = 0.204

[2026-07-14 08:53:03,261][root][INFO] - Epoch 574: duration loss = 0.276 | prior loss = 1.195 | diffusion loss = 0.205

[2026-07-14 08:54:57,057][root][INFO] - Epoch 575: duration loss = 0.275 | prior loss = 1.195 | diffusion loss = 0.203

[2026-07-14 08:56:49,384][root][INFO] - Epoch 576: duration loss = 0.275 | prior loss = 1.194 | diffusion loss = 0.205

[2026-07-14 08:58:41,972][root][INFO] - Epoch 577: duration loss = 0.275 | prior loss = 1.194 | diffusion loss = 0.204

[2026-07-14 09:00:35,184][root][INFO] - Epoch 578: duration loss = 0.276 | prior loss = 1.194 | diffusion loss = 0.203

[2026-07-14 09:02:28,510][root][INFO] - Epoch 579: duration loss = 0.275 | prior loss = 1.194 | diffusion loss = 0.206

[2026-07-14 09:04:22,186][root][INFO] - Epoch 580: duration loss = 0.275 | prior loss = 1.194 | diffusion loss = 0.205

[2026-07-14 09:06:14,808][root][INFO] - Epoch 581: duration loss = 0.275 | prior loss = 1.194 | diffusion loss = 0.206

[2026-07-14 09:08:06,816][root][INFO] - Epoch 582: duration loss = 0.275 | prior loss = 1.194 | diffusion loss = 0.207

[2026-07-14 09:09:59,760][root][INFO] - Epoch 583: duration loss = 0.275 | prior loss = 1.194 | diffusion loss = 0.206

[2026-07-14 09:11:51,873][root][INFO] - Epoch 584: duration loss = 0.274 | prior loss = 1.194 | diffusion loss = 0.202

[2026-07-14 09:13:45,024][root][INFO] - Epoch 585: duration loss = 0.276 | prior loss = 1.194 | diffusion loss = 0.207

[2026-07-14 09:15:38,353][root][INFO] - Epoch 586: duration loss = 0.275 | prior loss = 1.194 | diffusion loss = 0.206

[2026-07-14 09:17:31,613][root][INFO] - Epoch 587: duration loss = 0.275 | prior loss = 1.194 | diffusion loss = 0.205

[2026-07-14 09:19:23,607][root][INFO] - Epoch 588: duration loss = 0.275 | prior loss = 1.194 | diffusion loss = 0.203

[2026-07-14 09:21:16,684][root][INFO] - Epoch 589: duration loss = 0.275 | prior loss = 1.194 | diffusion loss = 0.207

[2026-07-14 09:23:10,332][root][INFO] - Epoch 590: duration loss = 0.274 | prior loss = 1.194 | diffusion loss = 0.202

[2026-07-14 09:25:03,171][root][INFO] - Epoch 591: duration loss = 0.275 | prior loss = 1.194 | diffusion loss = 0.207

[2026-07-14 09:26:56,270][root][INFO] - Epoch 592: duration loss = 0.275 | prior loss = 1.194 | diffusion loss = 0.208

[2026-07-14 09:28:48,832][root][INFO] - Epoch 593: duration loss = 0.275 | prior loss = 1.194 | diffusion loss = 0.209

[2026-07-14 09:30:42,748][root][INFO] - Epoch 594: duration loss = 0.275 | prior loss = 1.194 | diffusion loss = 0.206

[2026-07-14 09:32:35,510][root][INFO] - Epoch 595: duration loss = 0.275 | prior loss = 1.194 | diffusion loss = 0.209

[2026-07-14 09:34:28,500][root][INFO] - Epoch 596: duration loss = 0.275 | prior loss = 1.194 | diffusion loss = 0.210

[2026-07-14 09:36:22,774][root][INFO] - Epoch 597: duration loss = 0.275 | prior loss = 1.193 | diffusion loss = 0.206

[2026-07-14 09:38:16,026][root][INFO] - Epoch 598: duration loss = 0.275 | prior loss = 1.194 | diffusion loss = 0.204

[2026-07-14 09:40:09,558][root][INFO] - Epoch 599: duration loss = 0.275 | prior loss = 1.193 | diffusion loss = 0.205

