[2026-07-11 12:46:24,306][root][INFO] - Initializing logger...
[2026-07-11 12:46:24,310][root][INFO] - Initializing data loaders...
[2026-07-11 12:46:25,203][root][INFO] - Initializing model...
[2026-07-11 12:46:25,734][root][INFO] - Number of encoder parameters = 7.20m
[2026-07-11 12:46:25,742][root][INFO] - Number of decoder parameters = 7.49m
[2026-07-11 13:52:31,913][root][INFO] - Initializing logger...
[2026-07-11 13:52:31,927][root][INFO] - Initializing data loaders...
[2026-07-11 13:52:32,891][root][INFO] - Initializing model...
[2026-07-11 13:52:33,489][root][INFO] - Number of encoder parameters = 7.20m
[2026-07-11 13:52:33,498][root][INFO] - Number of decoder parameters = 7.49m
[2026-07-11 13:52:33,892][root][INFO] - Initializing optimizer...
[2026-07-11 13:52:34,604][root][INFO] - Start training...
[2026-07-11 13:54:19,129][root][INFO] - Epoch 1: duration loss = 0.289 | prior loss = 1.206 | diffusion loss = 7.740

[2026-07-11 13:56:00,658][root][INFO] - Epoch 2: duration loss = 0.290 | prior loss = 1.206 | diffusion loss = 2.687

[2026-07-11 13:57:42,787][root][INFO] - Epoch 3: duration loss = 0.290 | prior loss = 1.206 | diffusion loss = 0.527

[2026-07-11 13:59:24,796][root][INFO] - Epoch 4: duration loss = 0.289 | prior loss = 1.206 | diffusion loss = 0.173

[2026-07-11 14:01:06,203][root][INFO] - Epoch 5: duration loss = 0.290 | prior loss = 1.206 | diffusion loss = 0.144

[2026-07-11 14:02:47,863][root][INFO] - Epoch 6: duration loss = 0.289 | prior loss = 1.206 | diffusion loss = 0.135

[2026-07-11 14:04:30,143][root][INFO] - Epoch 7: duration loss = 0.290 | prior loss = 1.206 | diffusion loss = 0.130

[2026-07-11 14:06:12,083][root][INFO] - Epoch 8: duration loss = 0.289 | prior loss = 1.206 | diffusion loss = 0.126

[2026-07-11 14:07:53,160][root][INFO] - Epoch 9: duration loss = 0.289 | prior loss = 1.206 | diffusion loss = 0.121

[2026-07-11 14:09:35,192][root][INFO] - Epoch 10: duration loss = 0.289 | prior loss = 1.206 | diffusion loss = 0.118

[2026-07-11 14:11:17,714][root][INFO] - Epoch 11: duration loss = 0.289 | prior loss = 1.206 | diffusion loss = 0.117

[2026-07-11 14:12:59,689][root][INFO] - Epoch 12: duration loss = 0.289 | prior loss = 1.206 | diffusion loss = 0.113

[2026-07-11 14:14:41,873][root][INFO] - Epoch 13: duration loss = 0.290 | prior loss = 1.206 | diffusion loss = 0.113

[2026-07-11 14:16:24,418][root][INFO] - Epoch 14: duration loss = 0.290 | prior loss = 1.206 | diffusion loss = 0.112

[2026-07-11 14:18:06,065][root][INFO] - Epoch 15: duration loss = 0.289 | prior loss = 1.206 | diffusion loss = 0.107

[2026-07-11 14:19:47,504][root][INFO] - Epoch 16: duration loss = 0.289 | prior loss = 1.206 | diffusion loss = 0.107

[2026-07-11 14:21:29,827][root][INFO] - Epoch 17: duration loss = 0.289 | prior loss = 1.205 | diffusion loss = 0.108

[2026-07-11 14:23:12,250][root][INFO] - Epoch 18: duration loss = 0.289 | prior loss = 1.206 | diffusion loss = 0.106

[2026-07-11 14:24:54,521][root][INFO] - Epoch 19: duration loss = 0.289 | prior loss = 1.206 | diffusion loss = 0.108

[2026-07-11 14:26:37,179][root][INFO] - Epoch 20: duration loss = 0.290 | prior loss = 1.206 | diffusion loss = 0.106

[2026-07-11 14:28:19,479][root][INFO] - Epoch 21: duration loss = 0.289 | prior loss = 1.206 | diffusion loss = 0.105

[2026-07-11 14:30:00,886][root][INFO] - Epoch 22: duration loss = 0.290 | prior loss = 1.206 | diffusion loss = 0.105

[2026-07-11 14:31:42,439][root][INFO] - Epoch 23: duration loss = 0.289 | prior loss = 1.206 | diffusion loss = 0.105

[2026-07-11 14:33:24,347][root][INFO] - Epoch 24: duration loss = 0.289 | prior loss = 1.206 | diffusion loss = 0.104

[2026-07-11 14:35:06,777][root][INFO] - Epoch 25: duration loss = 0.289 | prior loss = 1.206 | diffusion loss = 0.102

[2026-07-11 14:36:49,343][root][INFO] - Epoch 26: duration loss = 0.289 | prior loss = 1.205 | diffusion loss = 0.100

[2026-07-11 14:38:31,688][root][INFO] - Epoch 27: duration loss = 0.290 | prior loss = 1.206 | diffusion loss = 0.105

[2026-07-11 14:40:14,144][root][INFO] - Epoch 28: duration loss = 0.289 | prior loss = 1.206 | diffusion loss = 0.099

[2026-07-11 14:41:56,529][root][INFO] - Epoch 29: duration loss = 0.289 | prior loss = 1.206 | diffusion loss = 0.102

[2026-07-11 14:43:38,980][root][INFO] - Epoch 30: duration loss = 0.289 | prior loss = 1.206 | diffusion loss = 0.104

[2026-07-11 14:45:21,686][root][INFO] - Epoch 31: duration loss = 0.290 | prior loss = 1.206 | diffusion loss = 0.101

[2026-07-11 14:47:03,305][root][INFO] - Epoch 32: duration loss = 0.289 | prior loss = 1.206 | diffusion loss = 0.102

[2026-07-11 14:48:45,442][root][INFO] - Epoch 33: duration loss = 0.289 | prior loss = 1.206 | diffusion loss = 0.100

[2026-07-11 14:50:28,295][root][INFO] - Epoch 34: duration loss = 0.289 | prior loss = 1.206 | diffusion loss = 0.101

[2026-07-11 14:52:10,553][root][INFO] - Epoch 35: duration loss = 0.290 | prior loss = 1.206 | diffusion loss = 0.101

[2026-07-11 14:53:52,455][root][INFO] - Epoch 36: duration loss = 0.289 | prior loss = 1.206 | diffusion loss = 0.099

[2026-07-11 14:55:33,934][root][INFO] - Epoch 37: duration loss = 0.289 | prior loss = 1.206 | diffusion loss = 0.099

[2026-07-11 14:57:15,676][root][INFO] - Epoch 38: duration loss = 0.290 | prior loss = 1.206 | diffusion loss = 0.097

[2026-07-11 14:58:57,782][root][INFO] - Epoch 39: duration loss = 0.289 | prior loss = 1.206 | diffusion loss = 0.099

[2026-07-11 15:00:38,918][root][INFO] - Epoch 40: duration loss = 0.290 | prior loss = 1.206 | diffusion loss = 0.098

[2026-07-11 15:02:21,180][root][INFO] - Epoch 41: duration loss = 0.289 | prior loss = 1.206 | diffusion loss = 0.098

[2026-07-11 15:04:03,916][root][INFO] - Epoch 42: duration loss = 0.289 | prior loss = 1.206 | diffusion loss = 0.101

[2026-07-11 15:05:45,975][root][INFO] - Epoch 43: duration loss = 0.289 | prior loss = 1.206 | diffusion loss = 0.100

[2026-07-11 15:07:28,743][root][INFO] - Epoch 44: duration loss = 0.289 | prior loss = 1.206 | diffusion loss = 0.097

[2026-07-11 15:09:10,937][root][INFO] - Epoch 45: duration loss = 0.290 | prior loss = 1.206 | diffusion loss = 0.098

[2026-07-11 15:10:53,104][root][INFO] - Epoch 46: duration loss = 0.290 | prior loss = 1.206 | diffusion loss = 0.097

[2026-07-11 15:12:35,430][root][INFO] - Epoch 47: duration loss = 0.290 | prior loss = 1.206 | diffusion loss = 0.097

[2026-07-11 15:14:17,555][root][INFO] - Epoch 48: duration loss = 0.290 | prior loss = 1.206 | diffusion loss = 0.100

[2026-07-11 15:15:59,979][root][INFO] - Epoch 49: duration loss = 0.289 | prior loss = 1.206 | diffusion loss = 0.100

[2026-07-11 15:17:42,398][root][INFO] - Epoch 50: duration loss = 0.289 | prior loss = 1.206 | diffusion loss = 0.097

[2026-07-11 15:19:25,201][root][INFO] - Epoch 51: duration loss = 0.289 | prior loss = 1.206 | diffusion loss = 0.100

[2026-07-11 15:21:07,255][root][INFO] - Epoch 52: duration loss = 0.289 | prior loss = 1.206 | diffusion loss = 0.098

[2026-07-11 15:22:49,676][root][INFO] - Epoch 53: duration loss = 0.290 | prior loss = 1.206 | diffusion loss = 0.099

[2026-07-11 15:24:32,695][root][INFO] - Epoch 54: duration loss = 0.290 | prior loss = 1.206 | diffusion loss = 0.097

[2026-07-11 15:26:14,885][root][INFO] - Epoch 55: duration loss = 0.289 | prior loss = 1.206 | diffusion loss = 0.096

[2026-07-11 15:27:57,951][root][INFO] - Epoch 56: duration loss = 0.290 | prior loss = 1.206 | diffusion loss = 0.098

[2026-07-11 15:29:40,813][root][INFO] - Epoch 57: duration loss = 0.290 | prior loss = 1.206 | diffusion loss = 0.096

[2026-07-11 15:31:23,613][root][INFO] - Epoch 58: duration loss = 0.289 | prior loss = 1.206 | diffusion loss = 0.097

[2026-07-11 15:33:06,189][root][INFO] - Epoch 59: duration loss = 0.290 | prior loss = 1.206 | diffusion loss = 0.096

[2026-07-11 15:34:48,800][root][INFO] - Epoch 60: duration loss = 0.289 | prior loss = 1.206 | diffusion loss = 0.095

[2026-07-11 15:36:31,651][root][INFO] - Epoch 61: duration loss = 0.289 | prior loss = 1.206 | diffusion loss = 0.097

[2026-07-11 15:38:14,194][root][INFO] - Epoch 62: duration loss = 0.289 | prior loss = 1.206 | diffusion loss = 0.099

[2026-07-11 15:39:56,384][root][INFO] - Epoch 63: duration loss = 0.289 | prior loss = 1.206 | diffusion loss = 0.096

[2026-07-11 15:41:39,258][root][INFO] - Epoch 64: duration loss = 0.289 | prior loss = 1.206 | diffusion loss = 0.095

[2026-07-11 15:43:21,525][root][INFO] - Epoch 65: duration loss = 0.289 | prior loss = 1.206 | diffusion loss = 0.094

[2026-07-11 15:45:03,623][root][INFO] - Epoch 66: duration loss = 0.289 | prior loss = 1.206 | diffusion loss = 0.096

[2026-07-11 15:46:45,502][root][INFO] - Epoch 67: duration loss = 0.290 | prior loss = 1.206 | diffusion loss = 0.098

[2026-07-11 15:48:27,893][root][INFO] - Epoch 68: duration loss = 0.289 | prior loss = 1.206 | diffusion loss = 0.093

[2026-07-11 15:50:09,604][root][INFO] - Epoch 69: duration loss = 0.289 | prior loss = 1.206 | diffusion loss = 0.096

[2026-07-11 15:51:51,680][root][INFO] - Epoch 70: duration loss = 0.289 | prior loss = 1.206 | diffusion loss = 0.095

[2026-07-11 15:53:33,771][root][INFO] - Epoch 71: duration loss = 0.290 | prior loss = 1.206 | diffusion loss = 0.095

[2026-07-11 15:55:16,764][root][INFO] - Epoch 72: duration loss = 0.289 | prior loss = 1.206 | diffusion loss = 0.096

[2026-07-11 15:56:58,585][root][INFO] - Epoch 73: duration loss = 0.289 | prior loss = 1.206 | diffusion loss = 0.095

[2026-07-11 15:58:40,966][root][INFO] - Epoch 74: duration loss = 0.290 | prior loss = 1.206 | diffusion loss = 0.095

[2026-07-11 16:00:23,780][root][INFO] - Epoch 75: duration loss = 0.289 | prior loss = 1.206 | diffusion loss = 0.094

[2026-07-11 16:02:06,670][root][INFO] - Epoch 76: duration loss = 0.290 | prior loss = 1.206 | diffusion loss = 0.095

[2026-07-11 16:03:49,724][root][INFO] - Epoch 77: duration loss = 0.290 | prior loss = 1.206 | diffusion loss = 0.093

[2026-07-11 16:05:32,051][root][INFO] - Epoch 78: duration loss = 0.289 | prior loss = 1.206 | diffusion loss = 0.096

[2026-07-11 16:07:14,838][root][INFO] - Epoch 79: duration loss = 0.289 | prior loss = 1.206 | diffusion loss = 0.094

[2026-07-11 16:08:57,689][root][INFO] - Epoch 80: duration loss = 0.290 | prior loss = 1.206 | diffusion loss = 0.094

[2026-07-11 16:10:39,886][root][INFO] - Epoch 81: duration loss = 0.289 | prior loss = 1.206 | diffusion loss = 0.094

[2026-07-11 16:12:21,863][root][INFO] - Epoch 82: duration loss = 0.290 | prior loss = 1.206 | diffusion loss = 0.092

[2026-07-11 16:14:04,263][root][INFO] - Epoch 83: duration loss = 0.290 | prior loss = 1.206 | diffusion loss = 0.097

[2026-07-11 16:15:46,841][root][INFO] - Epoch 84: duration loss = 0.289 | prior loss = 1.206 | diffusion loss = 0.094

[2026-07-11 16:17:30,514][root][INFO] - Epoch 85: duration loss = 0.290 | prior loss = 1.206 | diffusion loss = 0.094

[2026-07-11 16:19:13,118][root][INFO] - Epoch 86: duration loss = 0.289 | prior loss = 1.206 | diffusion loss = 0.096

[2026-07-11 16:20:55,894][root][INFO] - Epoch 87: duration loss = 0.290 | prior loss = 1.206 | diffusion loss = 0.091

[2026-07-11 16:22:39,306][root][INFO] - Epoch 88: duration loss = 0.289 | prior loss = 1.206 | diffusion loss = 0.093

[2026-07-11 16:24:22,327][root][INFO] - Epoch 89: duration loss = 0.289 | prior loss = 1.206 | diffusion loss = 0.094

[2026-07-11 16:26:05,004][root][INFO] - Epoch 90: duration loss = 0.289 | prior loss = 1.206 | diffusion loss = 0.093

[2026-07-11 16:27:47,946][root][INFO] - Epoch 91: duration loss = 0.290 | prior loss = 1.206 | diffusion loss = 0.091

[2026-07-11 16:29:30,970][root][INFO] - Epoch 92: duration loss = 0.290 | prior loss = 1.206 | diffusion loss = 0.092

[2026-07-11 16:31:14,368][root][INFO] - Epoch 93: duration loss = 0.289 | prior loss = 1.206 | diffusion loss = 0.092

[2026-07-11 16:32:57,173][root][INFO] - Epoch 94: duration loss = 0.289 | prior loss = 1.206 | diffusion loss = 0.091

[2026-07-11 16:34:40,781][root][INFO] - Epoch 95: duration loss = 0.290 | prior loss = 1.206 | diffusion loss = 0.094

[2026-07-11 16:36:23,780][root][INFO] - Epoch 96: duration loss = 0.290 | prior loss = 1.206 | diffusion loss = 0.092

[2026-07-11 16:38:06,747][root][INFO] - Epoch 97: duration loss = 0.290 | prior loss = 1.206 | diffusion loss = 0.094

[2026-07-11 16:39:49,327][root][INFO] - Epoch 98: duration loss = 0.289 | prior loss = 1.206 | diffusion loss = 0.092

[2026-07-11 16:41:32,190][root][INFO] - Epoch 99: duration loss = 0.290 | prior loss = 1.207 | diffusion loss = 0.091

[2026-07-11 16:43:15,249][root][INFO] - Epoch 100: duration loss = 0.290 | prior loss = 1.206 | diffusion loss = 0.095

[2026-07-11 16:44:58,902][root][INFO] - Epoch 101: duration loss = 0.289 | prior loss = 1.206 | diffusion loss = 0.093

[2026-07-11 16:46:42,752][root][INFO] - Epoch 102: duration loss = 0.290 | prior loss = 1.206 | diffusion loss = 0.093

[2026-07-11 16:48:22,916][root][INFO] - Epoch 103: duration loss = 0.289 | prior loss = 1.206 | diffusion loss = 0.093

[2026-07-11 16:50:03,680][root][INFO] - Epoch 104: duration loss = 0.289 | prior loss = 1.206 | diffusion loss = 0.092

[2026-07-11 16:51:44,587][root][INFO] - Epoch 105: duration loss = 0.289 | prior loss = 1.206 | diffusion loss = 0.095

[2026-07-11 16:53:20,717][root][INFO] - Epoch 106: duration loss = 0.290 | prior loss = 1.206 | diffusion loss = 0.094

[2026-07-11 16:55:01,228][root][INFO] - Epoch 107: duration loss = 0.289 | prior loss = 1.206 | diffusion loss = 0.092

[2026-07-11 16:56:42,109][root][INFO] - Epoch 108: duration loss = 0.289 | prior loss = 1.206 | diffusion loss = 0.094

[2026-07-11 16:58:23,499][root][INFO] - Epoch 109: duration loss = 0.289 | prior loss = 1.206 | diffusion loss = 0.091

[2026-07-11 17:00:04,371][root][INFO] - Epoch 110: duration loss = 0.289 | prior loss = 1.206 | diffusion loss = 0.093

[2026-07-11 17:01:45,657][root][INFO] - Epoch 111: duration loss = 0.289 | prior loss = 1.206 | diffusion loss = 0.092

[2026-07-11 17:03:27,330][root][INFO] - Epoch 112: duration loss = 0.289 | prior loss = 1.206 | diffusion loss = 0.091

[2026-07-11 17:05:09,317][root][INFO] - Epoch 113: duration loss = 0.289 | prior loss = 1.206 | diffusion loss = 0.091

[2026-07-11 17:06:51,921][root][INFO] - Epoch 114: duration loss = 0.289 | prior loss = 1.206 | diffusion loss = 0.091

[2026-07-11 17:08:33,375][root][INFO] - Epoch 115: duration loss = 0.289 | prior loss = 1.206 | diffusion loss = 0.091

[2026-07-11 17:10:15,009][root][INFO] - Epoch 116: duration loss = 0.289 | prior loss = 1.206 | diffusion loss = 0.091

[2026-07-11 17:11:57,660][root][INFO] - Epoch 117: duration loss = 0.289 | prior loss = 1.206 | diffusion loss = 0.091

[2026-07-11 17:13:39,662][root][INFO] - Epoch 118: duration loss = 0.290 | prior loss = 1.206 | diffusion loss = 0.091

[2026-07-11 17:15:20,280][root][INFO] - Epoch 119: duration loss = 0.289 | prior loss = 1.206 | diffusion loss = 0.092

[2026-07-11 17:17:01,689][root][INFO] - Epoch 120: duration loss = 0.290 | prior loss = 1.206 | diffusion loss = 0.091

[2026-07-11 17:18:42,818][root][INFO] - Epoch 121: duration loss = 0.290 | prior loss = 1.206 | diffusion loss = 0.091

[2026-07-11 17:20:23,976][root][INFO] - Epoch 122: duration loss = 0.289 | prior loss = 1.206 | diffusion loss = 0.093

[2026-07-11 17:22:06,324][root][INFO] - Epoch 123: duration loss = 0.289 | prior loss = 1.206 | diffusion loss = 0.092

[2026-07-11 17:23:48,535][root][INFO] - Epoch 124: duration loss = 0.289 | prior loss = 1.206 | diffusion loss = 0.093

[2026-07-11 17:25:30,695][root][INFO] - Epoch 125: duration loss = 0.289 | prior loss = 1.206 | diffusion loss = 0.092

[2026-07-11 17:27:12,982][root][INFO] - Epoch 126: duration loss = 0.290 | prior loss = 1.206 | diffusion loss = 0.091

[2026-07-11 17:28:54,750][root][INFO] - Epoch 127: duration loss = 0.289 | prior loss = 1.206 | diffusion loss = 0.090

[2026-07-11 17:30:36,312][root][INFO] - Epoch 128: duration loss = 0.289 | prior loss = 1.206 | diffusion loss = 0.090

[2026-07-11 17:32:17,930][root][INFO] - Epoch 129: duration loss = 0.290 | prior loss = 1.206 | diffusion loss = 0.091

[2026-07-11 17:34:00,641][root][INFO] - Epoch 130: duration loss = 0.289 | prior loss = 1.206 | diffusion loss = 0.093

[2026-07-11 17:35:42,405][root][INFO] - Epoch 131: duration loss = 0.289 | prior loss = 1.206 | diffusion loss = 0.091

[2026-07-11 17:37:25,055][root][INFO] - Epoch 132: duration loss = 0.289 | prior loss = 1.206 | diffusion loss = 0.092

[2026-07-11 17:39:08,403][root][INFO] - Epoch 133: duration loss = 0.289 | prior loss = 1.206 | diffusion loss = 0.091

[2026-07-11 17:40:51,252][root][INFO] - Epoch 134: duration loss = 0.290 | prior loss = 1.206 | diffusion loss = 0.094

[2026-07-11 17:42:34,004][root][INFO] - Epoch 135: duration loss = 0.289 | prior loss = 1.206 | diffusion loss = 0.092

[2026-07-11 17:44:17,464][root][INFO] - Epoch 136: duration loss = 0.289 | prior loss = 1.206 | diffusion loss = 0.092

[2026-07-11 17:46:00,347][root][INFO] - Epoch 137: duration loss = 0.289 | prior loss = 1.206 | diffusion loss = 0.092

[2026-07-11 17:47:43,649][root][INFO] - Epoch 138: duration loss = 0.290 | prior loss = 1.206 | diffusion loss = 0.091

[2026-07-11 17:49:26,767][root][INFO] - Epoch 139: duration loss = 0.289 | prior loss = 1.206 | diffusion loss = 0.091

[2026-07-11 17:51:10,131][root][INFO] - Epoch 140: duration loss = 0.289 | prior loss = 1.206 | diffusion loss = 0.091

[2026-07-11 17:52:54,482][root][INFO] - Epoch 141: duration loss = 0.290 | prior loss = 1.206 | diffusion loss = 0.091

[2026-07-11 17:54:37,698][root][INFO] - Epoch 142: duration loss = 0.290 | prior loss = 1.206 | diffusion loss = 0.090

[2026-07-11 17:56:21,340][root][INFO] - Epoch 143: duration loss = 0.290 | prior loss = 1.206 | diffusion loss = 0.090

[2026-07-11 17:58:04,100][root][INFO] - Epoch 144: duration loss = 0.290 | prior loss = 1.206 | diffusion loss = 0.090

[2026-07-11 17:59:45,579][root][INFO] - Epoch 145: duration loss = 0.289 | prior loss = 1.206 | diffusion loss = 0.093

[2026-07-11 18:01:29,367][root][INFO] - Epoch 146: duration loss = 0.289 | prior loss = 1.206 | diffusion loss = 0.090

[2026-07-11 18:03:12,012][root][INFO] - Epoch 147: duration loss = 0.289 | prior loss = 1.206 | diffusion loss = 0.090

[2026-07-11 18:04:55,036][root][INFO] - Epoch 148: duration loss = 0.289 | prior loss = 1.206 | diffusion loss = 0.091

[2026-07-11 18:06:37,914][root][INFO] - Epoch 149: duration loss = 0.290 | prior loss = 1.206 | diffusion loss = 0.091

[2026-07-11 18:08:18,896][root][INFO] - Epoch 150: duration loss = 0.290 | prior loss = 1.206 | diffusion loss = 0.091

[2026-07-11 18:10:01,629][root][INFO] - Epoch 151: duration loss = 0.289 | prior loss = 1.206 | diffusion loss = 0.092

[2026-07-11 18:11:43,277][root][INFO] - Epoch 152: duration loss = 0.290 | prior loss = 1.206 | diffusion loss = 0.091

[2026-07-11 18:13:26,065][root][INFO] - Epoch 153: duration loss = 0.289 | prior loss = 1.206 | diffusion loss = 0.089

[2026-07-11 18:15:07,707][root][INFO] - Epoch 154: duration loss = 0.290 | prior loss = 1.206 | diffusion loss = 0.092

[2026-07-11 18:16:49,791][root][INFO] - Epoch 155: duration loss = 0.289 | prior loss = 1.206 | diffusion loss = 0.090

[2026-07-11 18:18:32,049][root][INFO] - Epoch 156: duration loss = 0.289 | prior loss = 1.205 | diffusion loss = 0.091

[2026-07-11 18:20:13,797][root][INFO] - Epoch 157: duration loss = 0.289 | prior loss = 1.206 | diffusion loss = 0.090

[2026-07-11 18:21:55,627][root][INFO] - Epoch 158: duration loss = 0.289 | prior loss = 1.206 | diffusion loss = 0.090

[2026-07-11 18:23:37,084][root][INFO] - Epoch 159: duration loss = 0.289 | prior loss = 1.206 | diffusion loss = 0.091

[2026-07-11 18:25:18,388][root][INFO] - Epoch 160: duration loss = 0.290 | prior loss = 1.206 | diffusion loss = 0.092

[2026-07-11 18:27:00,803][root][INFO] - Epoch 161: duration loss = 0.290 | prior loss = 1.206 | diffusion loss = 0.091

[2026-07-11 18:28:43,675][root][INFO] - Epoch 162: duration loss = 0.289 | prior loss = 1.206 | diffusion loss = 0.088

[2026-07-11 18:30:27,057][root][INFO] - Epoch 163: duration loss = 0.289 | prior loss = 1.206 | diffusion loss = 0.089

[2026-07-11 18:32:09,243][root][INFO] - Epoch 164: duration loss = 0.290 | prior loss = 1.206 | diffusion loss = 0.091

[2026-07-11 18:33:51,785][root][INFO] - Epoch 165: duration loss = 0.289 | prior loss = 1.206 | diffusion loss = 0.090

[2026-07-11 18:35:35,111][root][INFO] - Epoch 166: duration loss = 0.290 | prior loss = 1.206 | diffusion loss = 0.087

[2026-07-11 18:37:18,305][root][INFO] - Epoch 167: duration loss = 0.289 | prior loss = 1.206 | diffusion loss = 0.091

[2026-07-11 18:39:00,825][root][INFO] - Epoch 168: duration loss = 0.289 | prior loss = 1.206 | diffusion loss = 0.092

[2026-07-11 18:40:42,527][root][INFO] - Epoch 169: duration loss = 0.289 | prior loss = 1.206 | diffusion loss = 0.091

[2026-07-11 18:42:25,182][root][INFO] - Epoch 170: duration loss = 0.290 | prior loss = 1.206 | diffusion loss = 0.089

[2026-07-11 18:44:07,987][root][INFO] - Epoch 171: duration loss = 0.290 | prior loss = 1.206 | diffusion loss = 0.089

[2026-07-11 18:45:50,372][root][INFO] - Epoch 172: duration loss = 0.290 | prior loss = 1.206 | diffusion loss = 0.092

[2026-07-11 18:47:32,701][root][INFO] - Epoch 173: duration loss = 0.289 | prior loss = 1.206 | diffusion loss = 0.089

[2026-07-11 18:49:15,139][root][INFO] - Epoch 174: duration loss = 0.290 | prior loss = 1.206 | diffusion loss = 0.093

[2026-07-11 18:50:57,711][root][INFO] - Epoch 175: duration loss = 0.289 | prior loss = 1.206 | diffusion loss = 0.091

[2026-07-11 18:52:40,109][root][INFO] - Epoch 176: duration loss = 0.289 | prior loss = 1.206 | diffusion loss = 0.090

[2026-07-11 18:54:22,431][root][INFO] - Epoch 177: duration loss = 0.289 | prior loss = 1.206 | diffusion loss = 0.090

[2026-07-11 18:56:04,922][root][INFO] - Epoch 178: duration loss = 0.289 | prior loss = 1.206 | diffusion loss = 0.091

[2026-07-11 18:57:47,159][root][INFO] - Epoch 179: duration loss = 0.289 | prior loss = 1.206 | diffusion loss = 0.090

[2026-07-11 18:59:29,257][root][INFO] - Epoch 180: duration loss = 0.289 | prior loss = 1.206 | diffusion loss = 0.090

[2026-07-11 19:01:11,526][root][INFO] - Epoch 181: duration loss = 0.289 | prior loss = 1.206 | diffusion loss = 0.088

[2026-07-11 19:02:53,997][root][INFO] - Epoch 182: duration loss = 0.290 | prior loss = 1.206 | diffusion loss = 0.085

[2026-07-11 19:04:35,736][root][INFO] - Epoch 183: duration loss = 0.289 | prior loss = 1.206 | diffusion loss = 0.089

[2026-07-11 19:06:17,711][root][INFO] - Epoch 184: duration loss = 0.290 | prior loss = 1.206 | diffusion loss = 0.087

[2026-07-11 19:08:00,270][root][INFO] - Epoch 185: duration loss = 0.289 | prior loss = 1.206 | diffusion loss = 0.090

[2026-07-11 19:09:42,014][root][INFO] - Epoch 186: duration loss = 0.290 | prior loss = 1.206 | diffusion loss = 0.090

[2026-07-11 19:11:25,244][root][INFO] - Epoch 187: duration loss = 0.289 | prior loss = 1.206 | diffusion loss = 0.091

[2026-07-11 19:13:07,033][root][INFO] - Epoch 188: duration loss = 0.289 | prior loss = 1.205 | diffusion loss = 0.091

[2026-07-11 19:14:49,166][root][INFO] - Epoch 189: duration loss = 0.289 | prior loss = 1.206 | diffusion loss = 0.089

[2026-07-11 19:16:31,114][root][INFO] - Epoch 190: duration loss = 0.290 | prior loss = 1.206 | diffusion loss = 0.090

[2026-07-11 19:18:13,371][root][INFO] - Epoch 191: duration loss = 0.289 | prior loss = 1.206 | diffusion loss = 0.089

[2026-07-11 19:19:55,689][root][INFO] - Epoch 192: duration loss = 0.289 | prior loss = 1.206 | diffusion loss = 0.090

[2026-07-11 19:21:38,616][root][INFO] - Epoch 193: duration loss = 0.289 | prior loss = 1.206 | diffusion loss = 0.087

[2026-07-11 19:23:20,402][root][INFO] - Epoch 194: duration loss = 0.290 | prior loss = 1.206 | diffusion loss = 0.088

[2026-07-11 19:25:02,542][root][INFO] - Epoch 195: duration loss = 0.290 | prior loss = 1.206 | diffusion loss = 0.090

[2026-07-11 19:26:44,308][root][INFO] - Epoch 196: duration loss = 0.289 | prior loss = 1.206 | diffusion loss = 0.088

[2026-07-11 19:28:26,305][root][INFO] - Epoch 197: duration loss = 0.289 | prior loss = 1.206 | diffusion loss = 0.089

[2026-07-11 19:30:08,104][root][INFO] - Epoch 198: duration loss = 0.290 | prior loss = 1.207 | diffusion loss = 0.090

[2026-07-11 19:31:49,780][root][INFO] - Epoch 199: duration loss = 0.289 | prior loss = 1.206 | diffusion loss = 0.088

[2026-07-11 19:33:31,987][root][INFO] - Epoch 200: duration loss = 0.289 | prior loss = 1.206 | diffusion loss = 0.087

[2026-07-11 19:35:14,851][root][INFO] - Epoch 201: duration loss = 0.289 | prior loss = 1.206 | diffusion loss = 0.087

[2026-07-11 19:36:56,083][root][INFO] - Epoch 202: duration loss = 0.290 | prior loss = 1.206 | diffusion loss = 0.088

[2026-07-11 19:38:37,703][root][INFO] - Epoch 203: duration loss = 0.290 | prior loss = 1.206 | diffusion loss = 0.089

[2026-07-11 19:40:19,598][root][INFO] - Epoch 204: duration loss = 0.289 | prior loss = 1.206 | diffusion loss = 0.092

[2026-07-11 19:42:00,762][root][INFO] - Epoch 205: duration loss = 0.290 | prior loss = 1.206 | diffusion loss = 0.089

[2026-07-11 19:43:42,632][root][INFO] - Epoch 206: duration loss = 0.290 | prior loss = 1.206 | diffusion loss = 0.088

[2026-07-11 19:45:24,779][root][INFO] - Epoch 207: duration loss = 0.289 | prior loss = 1.206 | diffusion loss = 0.087

[2026-07-11 19:47:06,716][root][INFO] - Epoch 208: duration loss = 0.289 | prior loss = 1.206 | diffusion loss = 0.088

[2026-07-11 19:48:47,960][root][INFO] - Epoch 209: duration loss = 0.289 | prior loss = 1.206 | diffusion loss = 0.089

[2026-07-11 19:50:30,273][root][INFO] - Epoch 210: duration loss = 0.290 | prior loss = 1.206 | diffusion loss = 0.089

[2026-07-11 19:52:11,943][root][INFO] - Epoch 211: duration loss = 0.289 | prior loss = 1.206 | diffusion loss = 0.088

[2026-07-11 19:53:53,603][root][INFO] - Epoch 212: duration loss = 0.290 | prior loss = 1.207 | diffusion loss = 0.089

[2026-07-11 19:55:36,171][root][INFO] - Epoch 213: duration loss = 0.289 | prior loss = 1.206 | diffusion loss = 0.089

[2026-07-11 19:57:18,462][root][INFO] - Epoch 214: duration loss = 0.290 | prior loss = 1.206 | diffusion loss = 0.087

[2026-07-11 19:59:00,558][root][INFO] - Epoch 215: duration loss = 0.289 | prior loss = 1.206 | diffusion loss = 0.088

[2026-07-11 20:00:43,014][root][INFO] - Epoch 216: duration loss = 0.289 | prior loss = 1.206 | diffusion loss = 0.088

[2026-07-11 20:02:55,381][root][INFO] - Epoch 217: duration loss = 0.290 | prior loss = 1.206 | diffusion loss = 0.088

[2026-07-11 20:05:55,788][root][INFO] - Epoch 218: duration loss = 0.289 | prior loss = 1.207 | diffusion loss = 0.089

[2026-07-11 20:07:38,603][root][INFO] - Epoch 219: duration loss = 0.289 | prior loss = 1.206 | diffusion loss = 0.088

[2026-07-11 20:09:20,725][root][INFO] - Epoch 220: duration loss = 0.289 | prior loss = 1.206 | diffusion loss = 0.090

[2026-07-11 20:11:03,572][root][INFO] - Epoch 221: duration loss = 0.290 | prior loss = 1.206 | diffusion loss = 0.087

[2026-07-11 20:12:45,939][root][INFO] - Epoch 222: duration loss = 0.289 | prior loss = 1.206 | diffusion loss = 0.088

[2026-07-11 20:14:28,274][root][INFO] - Epoch 223: duration loss = 0.290 | prior loss = 1.206 | diffusion loss = 0.090

[2026-07-11 20:16:10,723][root][INFO] - Epoch 224: duration loss = 0.289 | prior loss = 1.206 | diffusion loss = 0.088

[2026-07-11 20:17:56,281][root][INFO] - Epoch 225: duration loss = 0.289 | prior loss = 1.206 | diffusion loss = 0.086

[2026-07-11 20:19:40,040][root][INFO] - Epoch 226: duration loss = 0.290 | prior loss = 1.206 | diffusion loss = 0.086

[2026-07-11 20:21:26,343][root][INFO] - Epoch 227: duration loss = 0.289 | prior loss = 1.206 | diffusion loss = 0.088

[2026-07-11 20:23:09,578][root][INFO] - Epoch 228: duration loss = 0.289 | prior loss = 1.206 | diffusion loss = 0.088

[2026-07-11 20:24:52,360][root][INFO] - Epoch 229: duration loss = 0.289 | prior loss = 1.206 | diffusion loss = 0.088

[2026-07-11 20:26:34,277][root][INFO] - Epoch 230: duration loss = 0.289 | prior loss = 1.206 | diffusion loss = 0.089

[2026-07-11 20:28:16,584][root][INFO] - Epoch 231: duration loss = 0.289 | prior loss = 1.206 | diffusion loss = 0.090

[2026-07-11 20:29:58,619][root][INFO] - Epoch 232: duration loss = 0.289 | prior loss = 1.206 | diffusion loss = 0.090

[2026-07-11 20:31:42,758][root][INFO] - Epoch 233: duration loss = 0.289 | prior loss = 1.206 | diffusion loss = 0.088

[2026-07-11 20:33:23,850][root][INFO] - Epoch 234: duration loss = 0.289 | prior loss = 1.206 | diffusion loss = 0.088

[2026-07-11 20:35:05,376][root][INFO] - Epoch 235: duration loss = 0.290 | prior loss = 1.206 | diffusion loss = 0.088

[2026-07-11 20:36:46,581][root][INFO] - Epoch 236: duration loss = 0.289 | prior loss = 1.206 | diffusion loss = 0.091

[2026-07-11 20:38:28,345][root][INFO] - Epoch 237: duration loss = 0.290 | prior loss = 1.206 | diffusion loss = 0.088

[2026-07-11 20:40:09,738][root][INFO] - Epoch 238: duration loss = 0.290 | prior loss = 1.206 | diffusion loss = 0.091

[2026-07-11 20:41:51,091][root][INFO] - Epoch 239: duration loss = 0.289 | prior loss = 1.206 | diffusion loss = 0.087

[2026-07-11 20:43:32,113][root][INFO] - Epoch 240: duration loss = 0.290 | prior loss = 1.206 | diffusion loss = 0.088

[2026-07-11 20:45:14,183][root][INFO] - Epoch 241: duration loss = 0.289 | prior loss = 1.206 | diffusion loss = 0.089

[2026-07-11 20:46:55,249][root][INFO] - Epoch 242: duration loss = 0.289 | prior loss = 1.206 | diffusion loss = 0.086

[2026-07-11 20:48:36,694][root][INFO] - Epoch 243: duration loss = 0.290 | prior loss = 1.206 | diffusion loss = 0.086

[2026-07-11 20:50:17,993][root][INFO] - Epoch 244: duration loss = 0.289 | prior loss = 1.206 | diffusion loss = 0.088

[2026-07-11 20:51:58,921][root][INFO] - Epoch 245: duration loss = 0.289 | prior loss = 1.206 | diffusion loss = 0.087

[2026-07-11 20:53:39,626][root][INFO] - Epoch 246: duration loss = 0.289 | prior loss = 1.206 | diffusion loss = 0.088

[2026-07-11 20:55:20,547][root][INFO] - Epoch 247: duration loss = 0.289 | prior loss = 1.206 | diffusion loss = 0.087

[2026-07-11 20:57:01,530][root][INFO] - Epoch 248: duration loss = 0.289 | prior loss = 1.206 | diffusion loss = 0.089

[2026-07-11 20:58:42,501][root][INFO] - Epoch 249: duration loss = 0.289 | prior loss = 1.206 | diffusion loss = 0.087

[2026-07-11 21:00:23,628][root][INFO] - Epoch 250: duration loss = 0.289 | prior loss = 1.206 | diffusion loss = 0.087

[2026-07-11 21:02:05,402][root][INFO] - Epoch 251: duration loss = 0.289 | prior loss = 1.206 | diffusion loss = 0.088

[2026-07-11 21:03:46,997][root][INFO] - Epoch 252: duration loss = 0.289 | prior loss = 1.206 | diffusion loss = 0.090

[2026-07-11 21:05:27,803][root][INFO] - Epoch 253: duration loss = 0.289 | prior loss = 1.206 | diffusion loss = 0.089

[2026-07-11 21:07:09,022][root][INFO] - Epoch 254: duration loss = 0.289 | prior loss = 1.206 | diffusion loss = 0.088

[2026-07-11 21:08:49,619][root][INFO] - Epoch 255: duration loss = 0.289 | prior loss = 1.206 | diffusion loss = 0.088

[2026-07-11 21:10:31,129][root][INFO] - Epoch 256: duration loss = 0.289 | prior loss = 1.206 | diffusion loss = 0.089

[2026-07-11 21:12:12,744][root][INFO] - Epoch 257: duration loss = 0.289 | prior loss = 1.206 | diffusion loss = 0.088

[2026-07-11 21:13:54,270][root][INFO] - Epoch 258: duration loss = 0.290 | prior loss = 1.206 | diffusion loss = 0.088

[2026-07-11 21:15:35,559][root][INFO] - Epoch 259: duration loss = 0.290 | prior loss = 1.206 | diffusion loss = 0.089

[2026-07-11 21:17:16,411][root][INFO] - Epoch 260: duration loss = 0.289 | prior loss = 1.206 | diffusion loss = 0.088

[2026-07-11 21:18:56,367][root][INFO] - Epoch 261: duration loss = 0.289 | prior loss = 1.206 | diffusion loss = 0.086

[2026-07-11 21:20:35,893][root][INFO] - Epoch 262: duration loss = 0.289 | prior loss = 1.206 | diffusion loss = 0.086

[2026-07-11 21:22:15,995][root][INFO] - Epoch 263: duration loss = 0.289 | prior loss = 1.206 | diffusion loss = 0.089

[2026-07-11 21:23:56,131][root][INFO] - Epoch 264: duration loss = 0.289 | prior loss = 1.206 | diffusion loss = 0.088

[2026-07-11 21:25:35,283][root][INFO] - Epoch 265: duration loss = 0.289 | prior loss = 1.206 | diffusion loss = 0.087

[2026-07-11 21:27:15,805][root][INFO] - Epoch 266: duration loss = 0.290 | prior loss = 1.206 | diffusion loss = 0.087

[2026-07-11 21:28:56,049][root][INFO] - Epoch 267: duration loss = 0.290 | prior loss = 1.206 | diffusion loss = 0.087

[2026-07-11 21:30:36,438][root][INFO] - Epoch 268: duration loss = 0.290 | prior loss = 1.206 | diffusion loss = 0.088

[2026-07-11 21:32:17,019][root][INFO] - Epoch 269: duration loss = 0.290 | prior loss = 1.207 | diffusion loss = 0.086

[2026-07-11 21:33:57,427][root][INFO] - Epoch 270: duration loss = 0.290 | prior loss = 1.206 | diffusion loss = 0.088

[2026-07-11 21:35:35,042][root][INFO] - Epoch 271: duration loss = 0.290 | prior loss = 1.206 | diffusion loss = 0.090

[2026-07-11 21:37:14,608][root][INFO] - Epoch 272: duration loss = 0.289 | prior loss = 1.206 | diffusion loss = 0.087

[2026-07-11 21:38:54,840][root][INFO] - Epoch 273: duration loss = 0.289 | prior loss = 1.206 | diffusion loss = 0.090

[2026-07-11 21:40:35,498][root][INFO] - Epoch 274: duration loss = 0.289 | prior loss = 1.206 | diffusion loss = 0.089

[2026-07-11 21:42:15,726][root][INFO] - Epoch 275: duration loss = 0.289 | prior loss = 1.206 | diffusion loss = 0.086

[2026-07-11 21:43:55,861][root][INFO] - Epoch 276: duration loss = 0.289 | prior loss = 1.206 | diffusion loss = 0.089

[2026-07-11 21:45:36,257][root][INFO] - Epoch 277: duration loss = 0.289 | prior loss = 1.206 | diffusion loss = 0.085

[2026-07-11 21:47:15,920][root][INFO] - Epoch 278: duration loss = 0.289 | prior loss = 1.206 | diffusion loss = 0.088

[2026-07-11 21:48:56,078][root][INFO] - Epoch 279: duration loss = 0.289 | prior loss = 1.206 | diffusion loss = 0.088

[2026-07-11 21:50:36,760][root][INFO] - Epoch 280: duration loss = 0.289 | prior loss = 1.206 | diffusion loss = 0.087

[2026-07-11 21:52:18,771][root][INFO] - Epoch 281: duration loss = 0.289 | prior loss = 1.206 | diffusion loss = 0.089

[2026-07-11 21:54:00,018][root][INFO] - Epoch 282: duration loss = 0.290 | prior loss = 1.206 | diffusion loss = 0.088

[2026-07-11 21:55:41,761][root][INFO] - Epoch 283: duration loss = 0.289 | prior loss = 1.206 | diffusion loss = 0.086

[2026-07-11 21:57:25,526][root][INFO] - Epoch 284: duration loss = 0.290 | prior loss = 1.206 | diffusion loss = 0.089

[2026-07-11 21:59:09,035][root][INFO] - Epoch 285: duration loss = 0.289 | prior loss = 1.206 | diffusion loss = 0.088

[2026-07-11 22:00:52,113][root][INFO] - Epoch 286: duration loss = 0.289 | prior loss = 1.206 | diffusion loss = 0.087

[2026-07-11 22:02:34,739][root][INFO] - Epoch 287: duration loss = 0.290 | prior loss = 1.206 | diffusion loss = 0.086

[2026-07-11 22:04:16,730][root][INFO] - Epoch 288: duration loss = 0.290 | prior loss = 1.206 | diffusion loss = 0.087

[2026-07-11 22:05:59,604][root][INFO] - Epoch 289: duration loss = 0.289 | prior loss = 1.206 | diffusion loss = 0.088

[2026-07-11 22:07:41,721][root][INFO] - Epoch 290: duration loss = 0.290 | prior loss = 1.206 | diffusion loss = 0.085

[2026-07-11 22:09:23,473][root][INFO] - Epoch 291: duration loss = 0.289 | prior loss = 1.206 | diffusion loss = 0.086

[2026-07-11 22:11:04,940][root][INFO] - Epoch 292: duration loss = 0.289 | prior loss = 1.206 | diffusion loss = 0.086

[2026-07-11 22:12:45,840][root][INFO] - Epoch 293: duration loss = 0.290 | prior loss = 1.206 | diffusion loss = 0.088

[2026-07-11 22:14:27,148][root][INFO] - Epoch 294: duration loss = 0.290 | prior loss = 1.206 | diffusion loss = 0.087

[2026-07-11 22:16:09,097][root][INFO] - Epoch 295: duration loss = 0.289 | prior loss = 1.206 | diffusion loss = 0.089

[2026-07-11 22:17:50,259][root][INFO] - Epoch 296: duration loss = 0.289 | prior loss = 1.206 | diffusion loss = 0.087

[2026-07-11 22:19:33,431][root][INFO] - Epoch 297: duration loss = 0.289 | prior loss = 1.206 | diffusion loss = 0.087

[2026-07-11 22:21:16,074][root][INFO] - Epoch 298: duration loss = 0.289 | prior loss = 1.206 | diffusion loss = 0.085

[2026-07-11 22:22:59,347][root][INFO] - Epoch 299: duration loss = 0.289 | prior loss = 1.206 | diffusion loss = 0.085

[2026-07-11 22:24:42,409][root][INFO] - Epoch 300: duration loss = 0.289 | prior loss = 1.206 | diffusion loss = 0.087

[2026-07-11 22:26:25,246][root][INFO] - Epoch 301: duration loss = 0.290 | prior loss = 1.206 | diffusion loss = 0.088

[2026-07-11 22:28:07,309][root][INFO] - Epoch 302: duration loss = 0.289 | prior loss = 1.206 | diffusion loss = 0.085

[2026-07-11 22:29:49,602][root][INFO] - Epoch 303: duration loss = 0.289 | prior loss = 1.206 | diffusion loss = 0.086

[2026-07-11 22:31:32,149][root][INFO] - Epoch 304: duration loss = 0.289 | prior loss = 1.206 | diffusion loss = 0.088

[2026-07-11 22:33:15,205][root][INFO] - Epoch 305: duration loss = 0.290 | prior loss = 1.206 | diffusion loss = 0.088

[2026-07-11 22:34:56,959][root][INFO] - Epoch 306: duration loss = 0.290 | prior loss = 1.206 | diffusion loss = 0.088

[2026-07-11 22:36:38,458][root][INFO] - Epoch 307: duration loss = 0.290 | prior loss = 1.206 | diffusion loss = 0.085

[2026-07-11 22:38:20,333][root][INFO] - Epoch 308: duration loss = 0.289 | prior loss = 1.206 | diffusion loss = 0.089

[2026-07-11 22:40:01,502][root][INFO] - Epoch 309: duration loss = 0.289 | prior loss = 1.206 | diffusion loss = 0.085

[2026-07-11 22:41:42,694][root][INFO] - Epoch 310: duration loss = 0.289 | prior loss = 1.206 | diffusion loss = 0.085

[2026-07-11 22:43:23,744][root][INFO] - Epoch 311: duration loss = 0.290 | prior loss = 1.206 | diffusion loss = 0.088

[2026-07-11 22:45:04,521][root][INFO] - Epoch 312: duration loss = 0.290 | prior loss = 1.206 | diffusion loss = 0.089

[2026-07-11 22:46:44,989][root][INFO] - Epoch 313: duration loss = 0.290 | prior loss = 1.206 | diffusion loss = 0.087

[2026-07-11 22:48:26,098][root][INFO] - Epoch 314: duration loss = 0.289 | prior loss = 1.206 | diffusion loss = 0.087

[2026-07-11 22:50:06,235][root][INFO] - Epoch 315: duration loss = 0.289 | prior loss = 1.206 | diffusion loss = 0.086

[2026-07-11 22:51:47,022][root][INFO] - Epoch 316: duration loss = 0.290 | prior loss = 1.206 | diffusion loss = 0.086

[2026-07-11 22:53:27,605][root][INFO] - Epoch 317: duration loss = 0.289 | prior loss = 1.206 | diffusion loss = 0.087

[2026-07-11 22:55:07,888][root][INFO] - Epoch 318: duration loss = 0.289 | prior loss = 1.206 | diffusion loss = 0.088

[2026-07-11 22:56:48,847][root][INFO] - Epoch 319: duration loss = 0.290 | prior loss = 1.206 | diffusion loss = 0.089

[2026-07-11 22:58:29,313][root][INFO] - Epoch 320: duration loss = 0.290 | prior loss = 1.206 | diffusion loss = 0.087

[2026-07-11 23:00:10,670][root][INFO] - Epoch 321: duration loss = 0.290 | prior loss = 1.206 | diffusion loss = 0.085

[2026-07-11 23:01:51,934][root][INFO] - Epoch 322: duration loss = 0.290 | prior loss = 1.206 | diffusion loss = 0.086

[2026-07-11 23:03:32,715][root][INFO] - Epoch 323: duration loss = 0.289 | prior loss = 1.206 | diffusion loss = 0.087

[2026-07-11 23:05:13,762][root][INFO] - Epoch 324: duration loss = 0.289 | prior loss = 1.206 | diffusion loss = 0.087

[2026-07-11 23:06:55,166][root][INFO] - Epoch 325: duration loss = 0.290 | prior loss = 1.206 | diffusion loss = 0.086

[2026-07-11 23:08:36,445][root][INFO] - Epoch 326: duration loss = 0.289 | prior loss = 1.206 | diffusion loss = 0.086

[2026-07-11 23:10:18,527][root][INFO] - Epoch 327: duration loss = 0.289 | prior loss = 1.206 | diffusion loss = 0.088

[2026-07-11 23:11:59,820][root][INFO] - Epoch 328: duration loss = 0.289 | prior loss = 1.207 | diffusion loss = 0.087

[2026-07-11 23:13:42,484][root][INFO] - Epoch 329: duration loss = 0.289 | prior loss = 1.206 | diffusion loss = 0.087

[2026-07-11 23:15:24,765][root][INFO] - Epoch 330: duration loss = 0.289 | prior loss = 1.206 | diffusion loss = 0.087

[2026-07-11 23:17:07,875][root][INFO] - Epoch 331: duration loss = 0.290 | prior loss = 1.206 | diffusion loss = 0.086

[2026-07-11 23:18:50,946][root][INFO] - Epoch 332: duration loss = 0.290 | prior loss = 1.206 | diffusion loss = 0.086

[2026-07-11 23:20:33,703][root][INFO] - Epoch 333: duration loss = 0.289 | prior loss = 1.206 | diffusion loss = 0.087

[2026-07-11 23:22:16,325][root][INFO] - Epoch 334: duration loss = 0.289 | prior loss = 1.205 | diffusion loss = 0.088

[2026-07-11 23:23:58,840][root][INFO] - Epoch 335: duration loss = 0.289 | prior loss = 1.206 | diffusion loss = 0.084

[2026-07-11 23:25:40,100][root][INFO] - Epoch 336: duration loss = 0.289 | prior loss = 1.206 | diffusion loss = 0.087

[2026-07-11 23:27:21,287][root][INFO] - Epoch 337: duration loss = 0.289 | prior loss = 1.206 | diffusion loss = 0.084

[2026-07-11 23:29:03,499][root][INFO] - Epoch 338: duration loss = 0.289 | prior loss = 1.206 | diffusion loss = 0.086

[2026-07-11 23:30:46,513][root][INFO] - Epoch 339: duration loss = 0.289 | prior loss = 1.206 | diffusion loss = 0.087

[2026-07-11 23:32:30,924][root][INFO] - Epoch 340: duration loss = 0.290 | prior loss = 1.206 | diffusion loss = 0.084

[2026-07-11 23:34:13,468][root][INFO] - Epoch 341: duration loss = 0.289 | prior loss = 1.206 | diffusion loss = 0.088

[2026-07-11 23:35:55,457][root][INFO] - Epoch 342: duration loss = 0.289 | prior loss = 1.206 | diffusion loss = 0.086

[2026-07-11 23:37:37,899][root][INFO] - Epoch 343: duration loss = 0.290 | prior loss = 1.207 | diffusion loss = 0.088

[2026-07-11 23:39:20,246][root][INFO] - Epoch 344: duration loss = 0.289 | prior loss = 1.206 | diffusion loss = 0.087

[2026-07-11 23:41:02,387][root][INFO] - Epoch 345: duration loss = 0.289 | prior loss = 1.206 | diffusion loss = 0.088

[2026-07-11 23:42:44,523][root][INFO] - Epoch 346: duration loss = 0.290 | prior loss = 1.206 | diffusion loss = 0.087

[2026-07-11 23:44:26,289][root][INFO] - Epoch 347: duration loss = 0.289 | prior loss = 1.206 | diffusion loss = 0.085

[2026-07-11 23:46:07,585][root][INFO] - Epoch 348: duration loss = 0.289 | prior loss = 1.206 | diffusion loss = 0.086

[2026-07-11 23:47:50,373][root][INFO] - Epoch 349: duration loss = 0.289 | prior loss = 1.206 | diffusion loss = 0.087

[2026-07-11 23:49:32,232][root][INFO] - Epoch 350: duration loss = 0.290 | prior loss = 1.206 | diffusion loss = 0.087

[2026-07-11 23:51:13,382][root][INFO] - Epoch 351: duration loss = 0.289 | prior loss = 1.206 | diffusion loss = 0.086

[2026-07-11 23:52:53,958][root][INFO] - Epoch 352: duration loss = 0.290 | prior loss = 1.205 | diffusion loss = 0.088

[2026-07-11 23:54:35,136][root][INFO] - Epoch 353: duration loss = 0.290 | prior loss = 1.206 | diffusion loss = 0.086

[2026-07-11 23:56:15,839][root][INFO] - Epoch 354: duration loss = 0.290 | prior loss = 1.206 | diffusion loss = 0.085

[2026-07-11 23:57:56,339][root][INFO] - Epoch 355: duration loss = 0.289 | prior loss = 1.206 | diffusion loss = 0.087

[2026-07-11 23:59:36,973][root][INFO] - Epoch 356: duration loss = 0.289 | prior loss = 1.206 | diffusion loss = 0.087

[2026-07-12 00:01:17,585][root][INFO] - Epoch 357: duration loss = 0.289 | prior loss = 1.206 | diffusion loss = 0.086

[2026-07-12 00:02:58,604][root][INFO] - Epoch 358: duration loss = 0.289 | prior loss = 1.206 | diffusion loss = 0.087

[2026-07-12 00:04:39,877][root][INFO] - Epoch 359: duration loss = 0.290 | prior loss = 1.206 | diffusion loss = 0.086

[2026-07-12 00:06:19,927][root][INFO] - Epoch 360: duration loss = 0.289 | prior loss = 1.206 | diffusion loss = 0.085

[2026-07-12 00:08:00,232][root][INFO] - Epoch 361: duration loss = 0.289 | prior loss = 1.207 | diffusion loss = 0.088

[2026-07-12 00:09:40,057][root][INFO] - Epoch 362: duration loss = 0.289 | prior loss = 1.206 | diffusion loss = 0.086

[2026-07-12 00:11:21,139][root][INFO] - Epoch 363: duration loss = 0.289 | prior loss = 1.206 | diffusion loss = 0.087

[2026-07-12 00:13:01,571][root][INFO] - Epoch 364: duration loss = 0.289 | prior loss = 1.206 | diffusion loss = 0.086

[2026-07-12 00:14:43,550][root][INFO] - Epoch 365: duration loss = 0.289 | prior loss = 1.206 | diffusion loss = 0.085

[2026-07-12 00:16:25,494][root][INFO] - Epoch 366: duration loss = 0.290 | prior loss = 1.206 | diffusion loss = 0.086

[2026-07-12 00:18:07,099][root][INFO] - Epoch 367: duration loss = 0.290 | prior loss = 1.206 | diffusion loss = 0.086

[2026-07-12 00:19:48,149][root][INFO] - Epoch 368: duration loss = 0.289 | prior loss = 1.206 | diffusion loss = 0.088

[2026-07-12 00:21:29,794][root][INFO] - Epoch 369: duration loss = 0.289 | prior loss = 1.206 | diffusion loss = 0.087

[2026-07-12 00:23:11,081][root][INFO] - Epoch 370: duration loss = 0.290 | prior loss = 1.206 | diffusion loss = 0.087

[2026-07-12 00:24:52,440][root][INFO] - Epoch 371: duration loss = 0.289 | prior loss = 1.206 | diffusion loss = 0.086

[2026-07-12 00:26:33,954][root][INFO] - Epoch 372: duration loss = 0.289 | prior loss = 1.206 | diffusion loss = 0.085

[2026-07-12 00:28:15,759][root][INFO] - Epoch 373: duration loss = 0.289 | prior loss = 1.206 | diffusion loss = 0.087

[2026-07-12 00:29:57,633][root][INFO] - Epoch 374: duration loss = 0.289 | prior loss = 1.206 | diffusion loss = 0.087

[2026-07-12 00:31:39,872][root][INFO] - Epoch 375: duration loss = 0.290 | prior loss = 1.206 | diffusion loss = 0.084

[2026-07-12 00:33:22,467][root][INFO] - Epoch 376: duration loss = 0.289 | prior loss = 1.206 | diffusion loss = 0.088

[2026-07-12 00:35:05,175][root][INFO] - Epoch 377: duration loss = 0.289 | prior loss = 1.206 | diffusion loss = 0.084

[2026-07-12 00:36:48,567][root][INFO] - Epoch 378: duration loss = 0.290 | prior loss = 1.206 | diffusion loss = 0.090

[2026-07-12 00:38:31,645][root][INFO] - Epoch 379: duration loss = 0.290 | prior loss = 1.206 | diffusion loss = 0.086

[2026-07-12 00:40:13,302][root][INFO] - Epoch 380: duration loss = 0.290 | prior loss = 1.206 | diffusion loss = 0.088

[2026-07-12 00:41:55,632][root][INFO] - Epoch 381: duration loss = 0.290 | prior loss = 1.206 | diffusion loss = 0.086

[2026-07-12 00:43:37,424][root][INFO] - Epoch 382: duration loss = 0.289 | prior loss = 1.206 | diffusion loss = 0.087

[2026-07-12 00:45:19,162][root][INFO] - Epoch 383: duration loss = 0.289 | prior loss = 1.206 | diffusion loss = 0.086

[2026-07-12 00:47:01,119][root][INFO] - Epoch 384: duration loss = 0.289 | prior loss = 1.206 | diffusion loss = 0.086

[2026-07-12 00:48:43,277][root][INFO] - Epoch 385: duration loss = 0.289 | prior loss = 1.206 | diffusion loss = 0.086

[2026-07-12 00:50:25,179][root][INFO] - Epoch 386: duration loss = 0.290 | prior loss = 1.206 | diffusion loss = 0.087

[2026-07-12 00:52:07,121][root][INFO] - Epoch 387: duration loss = 0.289 | prior loss = 1.206 | diffusion loss = 0.089

[2026-07-12 00:53:49,808][root][INFO] - Epoch 388: duration loss = 0.289 | prior loss = 1.206 | diffusion loss = 0.085

[2026-07-12 00:55:32,426][root][INFO] - Epoch 389: duration loss = 0.289 | prior loss = 1.206 | diffusion loss = 0.084

[2026-07-12 00:57:15,263][root][INFO] - Epoch 390: duration loss = 0.289 | prior loss = 1.206 | diffusion loss = 0.084

[2026-07-12 00:58:58,255][root][INFO] - Epoch 391: duration loss = 0.289 | prior loss = 1.206 | diffusion loss = 0.087

[2026-07-12 01:00:40,486][root][INFO] - Epoch 392: duration loss = 0.289 | prior loss = 1.206 | diffusion loss = 0.085

[2026-07-12 01:02:23,217][root][INFO] - Epoch 393: duration loss = 0.289 | prior loss = 1.206 | diffusion loss = 0.085

[2026-07-12 01:04:06,037][root][INFO] - Epoch 394: duration loss = 0.289 | prior loss = 1.206 | diffusion loss = 0.085

[2026-07-12 01:05:48,193][root][INFO] - Epoch 395: duration loss = 0.289 | prior loss = 1.206 | diffusion loss = 0.085

[2026-07-12 01:07:30,896][root][INFO] - Epoch 396: duration loss = 0.289 | prior loss = 1.206 | diffusion loss = 0.087

[2026-07-12 01:09:12,804][root][INFO] - Epoch 397: duration loss = 0.290 | prior loss = 1.206 | diffusion loss = 0.085

[2026-07-12 01:10:54,564][root][INFO] - Epoch 398: duration loss = 0.290 | prior loss = 1.206 | diffusion loss = 0.086

[2026-07-12 01:12:35,641][root][INFO] - Epoch 399: duration loss = 0.290 | prior loss = 1.207 | diffusion loss = 0.086

[2026-07-12 01:14:17,025][root][INFO] - Epoch 400: duration loss = 0.289 | prior loss = 1.206 | diffusion loss = 0.086

[2026-07-12 01:15:58,639][root][INFO] - Epoch 401: duration loss = 0.290 | prior loss = 1.206 | diffusion loss = 0.084

[2026-07-12 01:17:39,514][root][INFO] - Epoch 402: duration loss = 0.289 | prior loss = 1.206 | diffusion loss = 0.087

[2026-07-12 01:19:20,963][root][INFO] - Epoch 403: duration loss = 0.290 | prior loss = 1.206 | diffusion loss = 0.085

[2026-07-12 01:21:02,231][root][INFO] - Epoch 404: duration loss = 0.290 | prior loss = 1.206 | diffusion loss = 0.085

[2026-07-12 01:22:44,420][root][INFO] - Epoch 405: duration loss = 0.290 | prior loss = 1.206 | diffusion loss = 0.087

[2026-07-12 01:24:25,900][root][INFO] - Epoch 406: duration loss = 0.289 | prior loss = 1.206 | diffusion loss = 0.084

[2026-07-12 01:26:06,830][root][INFO] - Epoch 407: duration loss = 0.289 | prior loss = 1.206 | diffusion loss = 0.085

[2026-07-12 01:27:48,040][root][INFO] - Epoch 408: duration loss = 0.290 | prior loss = 1.206 | diffusion loss = 0.087

[2026-07-12 01:29:29,562][root][INFO] - Epoch 409: duration loss = 0.290 | prior loss = 1.206 | diffusion loss = 0.086

[2026-07-12 01:31:10,859][root][INFO] - Epoch 410: duration loss = 0.290 | prior loss = 1.206 | diffusion loss = 0.087

[2026-07-12 01:32:52,471][root][INFO] - Epoch 411: duration loss = 0.290 | prior loss = 1.206 | diffusion loss = 0.086

[2026-07-12 01:34:33,782][root][INFO] - Epoch 412: duration loss = 0.290 | prior loss = 1.206 | diffusion loss = 0.086

[2026-07-12 01:36:14,616][root][INFO] - Epoch 413: duration loss = 0.289 | prior loss = 1.206 | diffusion loss = 0.086

[2026-07-12 01:37:55,258][root][INFO] - Epoch 414: duration loss = 0.290 | prior loss = 1.206 | diffusion loss = 0.088

[2026-07-12 01:39:36,591][root][INFO] - Epoch 415: duration loss = 0.289 | prior loss = 1.206 | diffusion loss = 0.085

[2026-07-12 01:41:17,322][root][INFO] - Epoch 416: duration loss = 0.289 | prior loss = 1.205 | diffusion loss = 0.086

[2026-07-12 01:42:57,809][root][INFO] - Epoch 417: duration loss = 0.290 | prior loss = 1.205 | diffusion loss = 0.084

[2026-07-12 01:44:38,594][root][INFO] - Epoch 418: duration loss = 0.290 | prior loss = 1.206 | diffusion loss = 0.086

[2026-07-12 01:46:19,157][root][INFO] - Epoch 419: duration loss = 0.289 | prior loss = 1.206 | diffusion loss = 0.085

[2026-07-12 01:48:00,129][root][INFO] - Epoch 420: duration loss = 0.290 | prior loss = 1.206 | diffusion loss = 0.086

[2026-07-12 01:49:40,835][root][INFO] - Epoch 421: duration loss = 0.289 | prior loss = 1.206 | diffusion loss = 0.086

[2026-07-12 01:51:21,686][root][INFO] - Epoch 422: duration loss = 0.289 | prior loss = 1.206 | diffusion loss = 0.085

[2026-07-12 01:53:01,817][root][INFO] - Epoch 423: duration loss = 0.289 | prior loss = 1.206 | diffusion loss = 0.087

[2026-07-12 01:54:42,356][root][INFO] - Epoch 424: duration loss = 0.290 | prior loss = 1.206 | diffusion loss = 0.085

[2026-07-12 01:56:22,987][root][INFO] - Epoch 425: duration loss = 0.289 | prior loss = 1.206 | diffusion loss = 0.087

[2026-07-12 01:58:04,129][root][INFO] - Epoch 426: duration loss = 0.289 | prior loss = 1.206 | diffusion loss = 0.085

[2026-07-12 01:59:45,390][root][INFO] - Epoch 427: duration loss = 0.289 | prior loss = 1.206 | diffusion loss = 0.086

[2026-07-12 02:01:26,060][root][INFO] - Epoch 428: duration loss = 0.289 | prior loss = 1.206 | diffusion loss = 0.086

[2026-07-12 02:03:06,682][root][INFO] - Epoch 429: duration loss = 0.289 | prior loss = 1.206 | diffusion loss = 0.088

[2026-07-12 02:04:47,933][root][INFO] - Epoch 430: duration loss = 0.290 | prior loss = 1.206 | diffusion loss = 0.084

[2026-07-12 02:06:29,145][root][INFO] - Epoch 431: duration loss = 0.289 | prior loss = 1.206 | diffusion loss = 0.085

[2026-07-12 02:08:09,844][root][INFO] - Epoch 432: duration loss = 0.289 | prior loss = 1.206 | diffusion loss = 0.087

[2026-07-12 02:09:50,987][root][INFO] - Epoch 433: duration loss = 0.289 | prior loss = 1.206 | diffusion loss = 0.085

[2026-07-12 02:11:32,297][root][INFO] - Epoch 434: duration loss = 0.290 | prior loss = 1.206 | diffusion loss = 0.087

[2026-07-12 02:13:13,113][root][INFO] - Epoch 435: duration loss = 0.289 | prior loss = 1.206 | diffusion loss = 0.086

[2026-07-12 02:14:54,134][root][INFO] - Epoch 436: duration loss = 0.290 | prior loss = 1.206 | diffusion loss = 0.085

[2026-07-12 02:16:35,270][root][INFO] - Epoch 437: duration loss = 0.290 | prior loss = 1.206 | diffusion loss = 0.086

[2026-07-12 02:18:16,005][root][INFO] - Epoch 438: duration loss = 0.289 | prior loss = 1.206 | diffusion loss = 0.086

[2026-07-12 02:19:56,926][root][INFO] - Epoch 439: duration loss = 0.289 | prior loss = 1.206 | diffusion loss = 0.084

[2026-07-12 02:21:38,143][root][INFO] - Epoch 440: duration loss = 0.289 | prior loss = 1.206 | diffusion loss = 0.086

[2026-07-12 02:23:20,106][root][INFO] - Epoch 441: duration loss = 0.290 | prior loss = 1.206 | diffusion loss = 0.086

[2026-07-12 02:25:01,861][root][INFO] - Epoch 442: duration loss = 0.289 | prior loss = 1.206 | diffusion loss = 0.083

[2026-07-12 02:26:42,833][root][INFO] - Epoch 443: duration loss = 0.290 | prior loss = 1.206 | diffusion loss = 0.085

[2026-07-12 02:28:24,816][root][INFO] - Epoch 444: duration loss = 0.290 | prior loss = 1.206 | diffusion loss = 0.087

[2026-07-12 02:30:06,962][root][INFO] - Epoch 445: duration loss = 0.290 | prior loss = 1.206 | diffusion loss = 0.084

[2026-07-12 02:31:49,008][root][INFO] - Epoch 446: duration loss = 0.289 | prior loss = 1.206 | diffusion loss = 0.085

[2026-07-12 02:33:30,849][root][INFO] - Epoch 447: duration loss = 0.289 | prior loss = 1.206 | diffusion loss = 0.088

[2026-07-12 02:35:12,088][root][INFO] - Epoch 448: duration loss = 0.289 | prior loss = 1.206 | diffusion loss = 0.084

[2026-07-12 02:36:53,379][root][INFO] - Epoch 449: duration loss = 0.289 | prior loss = 1.206 | diffusion loss = 0.083

[2026-07-12 02:38:34,910][root][INFO] - Epoch 450: duration loss = 0.289 | prior loss = 1.206 | diffusion loss = 0.085

[2026-07-12 02:40:16,168][root][INFO] - Epoch 451: duration loss = 0.289 | prior loss = 1.206 | diffusion loss = 0.086

[2026-07-12 02:41:57,815][root][INFO] - Epoch 452: duration loss = 0.290 | prior loss = 1.206 | diffusion loss = 0.087

[2026-07-12 02:43:39,518][root][INFO] - Epoch 453: duration loss = 0.290 | prior loss = 1.206 | diffusion loss = 0.086

[2026-07-12 02:45:21,336][root][INFO] - Epoch 454: duration loss = 0.290 | prior loss = 1.206 | diffusion loss = 0.085

[2026-07-12 02:47:03,291][root][INFO] - Epoch 455: duration loss = 0.289 | prior loss = 1.206 | diffusion loss = 0.085

[2026-07-12 02:48:44,824][root][INFO] - Epoch 456: duration loss = 0.289 | prior loss = 1.206 | diffusion loss = 0.085

[2026-07-12 02:50:26,441][root][INFO] - Epoch 457: duration loss = 0.289 | prior loss = 1.206 | diffusion loss = 0.086

[2026-07-12 02:52:08,253][root][INFO] - Epoch 458: duration loss = 0.290 | prior loss = 1.206 | diffusion loss = 0.087

[2026-07-12 02:53:50,100][root][INFO] - Epoch 459: duration loss = 0.289 | prior loss = 1.206 | diffusion loss = 0.086

[2026-07-12 02:55:32,091][root][INFO] - Epoch 460: duration loss = 0.290 | prior loss = 1.206 | diffusion loss = 0.086

[2026-07-12 02:57:14,242][root][INFO] - Epoch 461: duration loss = 0.290 | prior loss = 1.207 | diffusion loss = 0.086

[2026-07-12 02:58:55,952][root][INFO] - Epoch 462: duration loss = 0.290 | prior loss = 1.206 | diffusion loss = 0.085

[2026-07-12 03:00:37,824][root][INFO] - Epoch 463: duration loss = 0.289 | prior loss = 1.206 | diffusion loss = 0.086

[2026-07-12 03:02:19,788][root][INFO] - Epoch 464: duration loss = 0.290 | prior loss = 1.206 | diffusion loss = 0.084

[2026-07-12 03:04:01,656][root][INFO] - Epoch 465: duration loss = 0.290 | prior loss = 1.206 | diffusion loss = 0.085

[2026-07-12 03:05:43,757][root][INFO] - Epoch 466: duration loss = 0.290 | prior loss = 1.206 | diffusion loss = 0.084

[2026-07-12 03:07:25,486][root][INFO] - Epoch 467: duration loss = 0.290 | prior loss = 1.206 | diffusion loss = 0.086

[2026-07-12 03:09:07,071][root][INFO] - Epoch 468: duration loss = 0.289 | prior loss = 1.206 | diffusion loss = 0.086

[2026-07-12 03:10:49,729][root][INFO] - Epoch 469: duration loss = 0.290 | prior loss = 1.206 | diffusion loss = 0.086

[2026-07-12 03:12:30,817][root][INFO] - Epoch 470: duration loss = 0.289 | prior loss = 1.206 | diffusion loss = 0.085

[2026-07-12 03:14:12,489][root][INFO] - Epoch 471: duration loss = 0.289 | prior loss = 1.206 | diffusion loss = 0.084

[2026-07-12 03:15:53,697][root][INFO] - Epoch 472: duration loss = 0.290 | prior loss = 1.206 | diffusion loss = 0.086

[2026-07-12 03:17:35,869][root][INFO] - Epoch 473: duration loss = 0.289 | prior loss = 1.206 | diffusion loss = 0.086

[2026-07-12 03:19:17,515][root][INFO] - Epoch 474: duration loss = 0.289 | prior loss = 1.206 | diffusion loss = 0.081

[2026-07-12 03:20:59,360][root][INFO] - Epoch 475: duration loss = 0.289 | prior loss = 1.207 | diffusion loss = 0.086

[2026-07-12 03:22:41,135][root][INFO] - Epoch 476: duration loss = 0.289 | prior loss = 1.206 | diffusion loss = 0.083

[2026-07-12 03:24:22,939][root][INFO] - Epoch 477: duration loss = 0.289 | prior loss = 1.206 | diffusion loss = 0.087

[2026-07-12 03:26:04,590][root][INFO] - Epoch 478: duration loss = 0.290 | prior loss = 1.206 | diffusion loss = 0.085

[2026-07-12 03:27:46,555][root][INFO] - Epoch 479: duration loss = 0.289 | prior loss = 1.206 | diffusion loss = 0.083

[2026-07-12 03:29:27,887][root][INFO] - Epoch 480: duration loss = 0.289 | prior loss = 1.206 | diffusion loss = 0.084

[2026-07-12 03:31:09,983][root][INFO] - Epoch 481: duration loss = 0.289 | prior loss = 1.206 | diffusion loss = 0.087

[2026-07-12 03:32:52,419][root][INFO] - Epoch 482: duration loss = 0.290 | prior loss = 1.206 | diffusion loss = 0.084

[2026-07-12 03:34:34,365][root][INFO] - Epoch 483: duration loss = 0.289 | prior loss = 1.206 | diffusion loss = 0.085

[2026-07-12 03:36:16,504][root][INFO] - Epoch 484: duration loss = 0.289 | prior loss = 1.205 | diffusion loss = 0.083

[2026-07-12 03:37:57,646][root][INFO] - Epoch 485: duration loss = 0.289 | prior loss = 1.206 | diffusion loss = 0.085

[2026-07-12 03:39:38,873][root][INFO] - Epoch 486: duration loss = 0.290 | prior loss = 1.206 | diffusion loss = 0.086

[2026-07-12 03:41:20,577][root][INFO] - Epoch 487: duration loss = 0.289 | prior loss = 1.206 | diffusion loss = 0.086

[2026-07-12 03:43:03,010][root][INFO] - Epoch 488: duration loss = 0.289 | prior loss = 1.206 | diffusion loss = 0.087

[2026-07-12 03:44:45,070][root][INFO] - Epoch 489: duration loss = 0.290 | prior loss = 1.206 | diffusion loss = 0.086

[2026-07-12 03:46:26,906][root][INFO] - Epoch 490: duration loss = 0.289 | prior loss = 1.206 | diffusion loss = 0.084

[2026-07-12 03:48:10,094][root][INFO] - Epoch 491: duration loss = 0.290 | prior loss = 1.206 | diffusion loss = 0.084

[2026-07-12 03:49:51,737][root][INFO] - Epoch 492: duration loss = 0.289 | prior loss = 1.206 | diffusion loss = 0.083

[2026-07-12 03:51:33,677][root][INFO] - Epoch 493: duration loss = 0.290 | prior loss = 1.206 | diffusion loss = 0.084

[2026-07-12 03:53:15,487][root][INFO] - Epoch 494: duration loss = 0.289 | prior loss = 1.206 | diffusion loss = 0.084

[2026-07-12 03:54:57,621][root][INFO] - Epoch 495: duration loss = 0.289 | prior loss = 1.206 | diffusion loss = 0.084

[2026-07-12 03:56:39,814][root][INFO] - Epoch 496: duration loss = 0.289 | prior loss = 1.206 | diffusion loss = 0.085

[2026-07-12 03:58:21,530][root][INFO] - Epoch 497: duration loss = 0.289 | prior loss = 1.206 | diffusion loss = 0.084

[2026-07-12 04:00:03,578][root][INFO] - Epoch 498: duration loss = 0.289 | prior loss = 1.206 | diffusion loss = 0.084

[2026-07-12 04:01:45,905][root][INFO] - Epoch 499: duration loss = 0.289 | prior loss = 1.206 | diffusion loss = 0.084

[2026-07-12 04:03:38,673][root][INFO] - Epoch 500: duration loss = 0.286 | prior loss = 1.204 | diffusion loss = 0.084

[2026-07-12 04:05:31,734][root][INFO] - Epoch 501: duration loss = 0.285 | prior loss = 1.202 | diffusion loss = 0.083

[2026-07-12 04:07:25,273][root][INFO] - Epoch 502: duration loss = 0.284 | prior loss = 1.202 | diffusion loss = 0.085

[2026-07-12 04:09:18,857][root][INFO] - Epoch 503: duration loss = 0.283 | prior loss = 1.201 | diffusion loss = 0.086

[2026-07-12 04:11:12,782][root][INFO] - Epoch 504: duration loss = 0.283 | prior loss = 1.201 | diffusion loss = 0.085

[2026-07-12 04:13:06,112][root][INFO] - Epoch 505: duration loss = 0.282 | prior loss = 1.200 | diffusion loss = 0.087

[2026-07-12 04:14:58,982][root][INFO] - Epoch 506: duration loss = 0.282 | prior loss = 1.200 | diffusion loss = 0.085

[2026-07-12 04:16:52,731][root][INFO] - Epoch 507: duration loss = 0.282 | prior loss = 1.200 | diffusion loss = 0.085

[2026-07-12 04:18:46,260][root][INFO] - Epoch 508: duration loss = 0.282 | prior loss = 1.199 | diffusion loss = 0.083

[2026-07-12 04:20:39,806][root][INFO] - Epoch 509: duration loss = 0.282 | prior loss = 1.200 | diffusion loss = 0.084

[2026-07-12 04:22:33,561][root][INFO] - Epoch 510: duration loss = 0.282 | prior loss = 1.199 | diffusion loss = 0.085

[2026-07-12 04:24:24,830][root][INFO] - Epoch 511: duration loss = 0.281 | prior loss = 1.199 | diffusion loss = 0.085

[2026-07-12 04:26:16,073][root][INFO] - Epoch 512: duration loss = 0.281 | prior loss = 1.199 | diffusion loss = 0.085

[2026-07-12 04:28:07,304][root][INFO] - Epoch 513: duration loss = 0.281 | prior loss = 1.199 | diffusion loss = 0.085

[2026-07-12 04:29:58,824][root][INFO] - Epoch 514: duration loss = 0.280 | prior loss = 1.199 | diffusion loss = 0.083

[2026-07-12 04:31:49,518][root][INFO] - Epoch 515: duration loss = 0.281 | prior loss = 1.199 | diffusion loss = 0.085

[2026-07-12 04:33:42,989][root][INFO] - Epoch 516: duration loss = 0.280 | prior loss = 1.198 | diffusion loss = 0.084

[2026-07-12 04:35:37,037][root][INFO] - Epoch 517: duration loss = 0.281 | prior loss = 1.199 | diffusion loss = 0.083

[2026-07-12 04:37:30,902][root][INFO] - Epoch 518: duration loss = 0.281 | prior loss = 1.198 | diffusion loss = 0.085

[2026-07-12 04:39:24,697][root][INFO] - Epoch 519: duration loss = 0.280 | prior loss = 1.198 | diffusion loss = 0.084

[2026-07-12 04:41:18,650][root][INFO] - Epoch 520: duration loss = 0.280 | prior loss = 1.198 | diffusion loss = 0.083

[2026-07-12 04:43:12,532][root][INFO] - Epoch 521: duration loss = 0.280 | prior loss = 1.198 | diffusion loss = 0.084

[2026-07-12 04:45:06,865][root][INFO] - Epoch 522: duration loss = 0.280 | prior loss = 1.198 | diffusion loss = 0.084

[2026-07-12 04:47:00,016][root][INFO] - Epoch 523: duration loss = 0.280 | prior loss = 1.198 | diffusion loss = 0.084

[2026-07-12 04:48:51,309][root][INFO] - Epoch 524: duration loss = 0.280 | prior loss = 1.198 | diffusion loss = 0.085

[2026-07-12 04:50:42,870][root][INFO] - Epoch 525: duration loss = 0.279 | prior loss = 1.198 | diffusion loss = 0.084

[2026-07-12 04:52:32,333][root][INFO] - Epoch 526: duration loss = 0.280 | prior loss = 1.197 | diffusion loss = 0.082

[2026-07-12 04:54:21,605][root][INFO] - Epoch 527: duration loss = 0.280 | prior loss = 1.198 | diffusion loss = 0.084

[2026-07-12 04:56:10,199][root][INFO] - Epoch 528: duration loss = 0.279 | prior loss = 1.198 | diffusion loss = 0.084

[2026-07-12 04:57:59,514][root][INFO] - Epoch 529: duration loss = 0.279 | prior loss = 1.197 | diffusion loss = 0.081

[2026-07-12 04:59:48,232][root][INFO] - Epoch 530: duration loss = 0.280 | prior loss = 1.198 | diffusion loss = 0.084

[2026-07-12 05:01:38,027][root][INFO] - Epoch 531: duration loss = 0.279 | prior loss = 1.197 | diffusion loss = 0.083

[2026-07-12 05:03:27,921][root][INFO] - Epoch 532: duration loss = 0.280 | prior loss = 1.197 | diffusion loss = 0.083

[2026-07-12 05:05:16,775][root][INFO] - Epoch 533: duration loss = 0.280 | prior loss = 1.197 | diffusion loss = 0.082

[2026-07-12 05:07:05,437][root][INFO] - Epoch 534: duration loss = 0.280 | prior loss = 1.198 | diffusion loss = 0.083

[2026-07-12 05:08:54,353][root][INFO] - Epoch 535: duration loss = 0.279 | prior loss = 1.197 | diffusion loss = 0.085

[2026-07-12 05:10:46,035][root][INFO] - Epoch 536: duration loss = 0.279 | prior loss = 1.197 | diffusion loss = 0.083

[2026-07-12 05:12:38,267][root][INFO] - Epoch 537: duration loss = 0.279 | prior loss = 1.197 | diffusion loss = 0.081

[2026-07-12 05:14:29,193][root][INFO] - Epoch 538: duration loss = 0.279 | prior loss = 1.197 | diffusion loss = 0.082

[2026-07-12 05:16:20,484][root][INFO] - Epoch 539: duration loss = 0.279 | prior loss = 1.197 | diffusion loss = 0.084

[2026-07-12 05:18:11,219][root][INFO] - Epoch 540: duration loss = 0.279 | prior loss = 1.197 | diffusion loss = 0.084

[2026-07-12 05:20:02,483][root][INFO] - Epoch 541: duration loss = 0.279 | prior loss = 1.197 | diffusion loss = 0.082

[2026-07-12 05:21:53,927][root][INFO] - Epoch 542: duration loss = 0.279 | prior loss = 1.197 | diffusion loss = 0.082

[2026-07-12 05:23:46,177][root][INFO] - Epoch 543: duration loss = 0.279 | prior loss = 1.197 | diffusion loss = 0.085

[2026-07-12 05:25:37,917][root][INFO] - Epoch 544: duration loss = 0.279 | prior loss = 1.197 | diffusion loss = 0.084

[2026-07-12 05:27:29,543][root][INFO] - Epoch 545: duration loss = 0.279 | prior loss = 1.197 | diffusion loss = 0.082

[2026-07-12 05:29:18,866][root][INFO] - Epoch 546: duration loss = 0.278 | prior loss = 1.197 | diffusion loss = 0.082

[2026-07-12 05:31:09,168][root][INFO] - Epoch 547: duration loss = 0.279 | prior loss = 1.197 | diffusion loss = 0.083

[2026-07-12 05:32:59,852][root][INFO] - Epoch 548: duration loss = 0.279 | prior loss = 1.196 | diffusion loss = 0.082

[2026-07-12 05:34:51,202][root][INFO] - Epoch 549: duration loss = 0.279 | prior loss = 1.197 | diffusion loss = 0.083

[2026-07-12 05:36:42,240][root][INFO] - Epoch 550: duration loss = 0.279 | prior loss = 1.196 | diffusion loss = 0.082

[2026-07-12 05:38:33,917][root][INFO] - Epoch 551: duration loss = 0.279 | prior loss = 1.196 | diffusion loss = 0.083

[2026-07-12 05:40:26,254][root][INFO] - Epoch 552: duration loss = 0.278 | prior loss = 1.196 | diffusion loss = 0.080

[2026-07-12 05:42:19,281][root][INFO] - Epoch 553: duration loss = 0.278 | prior loss = 1.196 | diffusion loss = 0.083

[2026-07-12 05:44:11,449][root][INFO] - Epoch 554: duration loss = 0.278 | prior loss = 1.196 | diffusion loss = 0.084

[2026-07-12 05:46:03,178][root][INFO] - Epoch 555: duration loss = 0.278 | prior loss = 1.197 | diffusion loss = 0.082

[2026-07-12 05:47:54,647][root][INFO] - Epoch 556: duration loss = 0.278 | prior loss = 1.196 | diffusion loss = 0.084

[2026-07-12 05:49:46,054][root][INFO] - Epoch 557: duration loss = 0.278 | prior loss = 1.196 | diffusion loss = 0.083

[2026-07-12 05:51:37,982][root][INFO] - Epoch 558: duration loss = 0.278 | prior loss = 1.196 | diffusion loss = 0.083

[2026-07-12 05:53:29,863][root][INFO] - Epoch 559: duration loss = 0.279 | prior loss = 1.196 | diffusion loss = 0.083

[2026-07-12 05:55:21,507][root][INFO] - Epoch 560: duration loss = 0.278 | prior loss = 1.196 | diffusion loss = 0.083

[2026-07-12 05:57:13,989][root][INFO] - Epoch 561: duration loss = 0.278 | prior loss = 1.196 | diffusion loss = 0.083

[2026-07-12 05:59:06,098][root][INFO] - Epoch 562: duration loss = 0.278 | prior loss = 1.196 | diffusion loss = 0.083

[2026-07-12 06:00:57,483][root][INFO] - Epoch 563: duration loss = 0.278 | prior loss = 1.196 | diffusion loss = 0.081

[2026-07-12 06:02:48,330][root][INFO] - Epoch 564: duration loss = 0.278 | prior loss = 1.196 | diffusion loss = 0.082

[2026-07-12 06:04:41,455][root][INFO] - Epoch 565: duration loss = 0.278 | prior loss = 1.196 | diffusion loss = 0.083

[2026-07-12 06:06:34,288][root][INFO] - Epoch 566: duration loss = 0.278 | prior loss = 1.196 | diffusion loss = 0.083

[2026-07-12 06:08:27,644][root][INFO] - Epoch 567: duration loss = 0.278 | prior loss = 1.196 | diffusion loss = 0.084

[2026-07-12 06:10:19,704][root][INFO] - Epoch 568: duration loss = 0.278 | prior loss = 1.196 | diffusion loss = 0.084

[2026-07-12 06:12:12,546][root][INFO] - Epoch 569: duration loss = 0.278 | prior loss = 1.196 | diffusion loss = 0.082

[2026-07-12 06:14:05,222][root][INFO] - Epoch 570: duration loss = 0.278 | prior loss = 1.196 | diffusion loss = 0.082

[2026-07-12 06:15:56,355][root][INFO] - Epoch 571: duration loss = 0.278 | prior loss = 1.196 | diffusion loss = 0.081

[2026-07-12 06:17:46,393][root][INFO] - Epoch 572: duration loss = 0.278 | prior loss = 1.196 | diffusion loss = 0.083

[2026-07-12 06:19:37,118][root][INFO] - Epoch 573: duration loss = 0.278 | prior loss = 1.196 | diffusion loss = 0.083

[2026-07-12 06:21:27,474][root][INFO] - Epoch 574: duration loss = 0.278 | prior loss = 1.196 | diffusion loss = 0.083

[2026-07-12 06:23:17,479][root][INFO] - Epoch 575: duration loss = 0.277 | prior loss = 1.196 | diffusion loss = 0.082

[2026-07-12 06:25:09,820][root][INFO] - Epoch 576: duration loss = 0.278 | prior loss = 1.196 | diffusion loss = 0.082

[2026-07-12 06:27:02,409][root][INFO] - Epoch 577: duration loss = 0.278 | prior loss = 1.196 | diffusion loss = 0.085

[2026-07-12 06:28:55,516][root][INFO] - Epoch 578: duration loss = 0.278 | prior loss = 1.196 | diffusion loss = 0.081

[2026-07-12 06:30:48,093][root][INFO] - Epoch 579: duration loss = 0.278 | prior loss = 1.196 | diffusion loss = 0.081

[2026-07-12 06:32:40,812][root][INFO] - Epoch 580: duration loss = 0.278 | prior loss = 1.196 | diffusion loss = 0.084

[2026-07-12 06:34:33,744][root][INFO] - Epoch 581: duration loss = 0.278 | prior loss = 1.196 | diffusion loss = 0.080

[2026-07-12 06:36:26,502][root][INFO] - Epoch 582: duration loss = 0.278 | prior loss = 1.196 | diffusion loss = 0.083

[2026-07-12 06:38:18,827][root][INFO] - Epoch 583: duration loss = 0.277 | prior loss = 1.195 | diffusion loss = 0.081

[2026-07-12 06:40:11,990][root][INFO] - Epoch 584: duration loss = 0.277 | prior loss = 1.196 | diffusion loss = 0.081

[2026-07-12 06:42:04,401][root][INFO] - Epoch 585: duration loss = 0.278 | prior loss = 1.195 | diffusion loss = 0.084

[2026-07-12 06:43:54,481][root][INFO] - Epoch 586: duration loss = 0.278 | prior loss = 1.195 | diffusion loss = 0.082

[2026-07-12 06:45:44,491][root][INFO] - Epoch 587: duration loss = 0.278 | prior loss = 1.196 | diffusion loss = 0.083

[2026-07-12 06:47:34,099][root][INFO] - Epoch 588: duration loss = 0.278 | prior loss = 1.196 | diffusion loss = 0.082

[2026-07-12 06:49:23,930][root][INFO] - Epoch 589: duration loss = 0.277 | prior loss = 1.196 | diffusion loss = 0.082

[2026-07-12 06:51:14,341][root][INFO] - Epoch 590: duration loss = 0.277 | prior loss = 1.196 | diffusion loss = 0.083

[2026-07-12 06:53:06,847][root][INFO] - Epoch 591: duration loss = 0.277 | prior loss = 1.195 | diffusion loss = 0.082

[2026-07-12 06:54:59,902][root][INFO] - Epoch 592: duration loss = 0.277 | prior loss = 1.195 | diffusion loss = 0.084

[2026-07-12 06:56:48,074][root][INFO] - Epoch 593: duration loss = 0.277 | prior loss = 1.195 | diffusion loss = 0.083

[2026-07-12 06:58:39,724][root][INFO] - Epoch 594: duration loss = 0.277 | prior loss = 1.195 | diffusion loss = 0.080

[2026-07-12 07:00:30,970][root][INFO] - Epoch 595: duration loss = 0.277 | prior loss = 1.195 | diffusion loss = 0.084

[2026-07-12 07:02:20,533][root][INFO] - Epoch 596: duration loss = 0.277 | prior loss = 1.196 | diffusion loss = 0.084

[2026-07-12 07:04:09,934][root][INFO] - Epoch 597: duration loss = 0.277 | prior loss = 1.195 | diffusion loss = 0.082

[2026-07-12 07:05:59,475][root][INFO] - Epoch 598: duration loss = 0.277 | prior loss = 1.195 | diffusion loss = 0.083

[2026-07-12 07:07:49,191][root][INFO] - Epoch 599: duration loss = 0.277 | prior loss = 1.195 | diffusion loss = 0.082

[2026-09-12 12:32:12,612][root][INFO] - Initializing logger...
[2026-09-12 12:32:12,633][root][INFO] - Initializing data loaders...
[2026-09-12 12:32:13,532][root][INFO] - Initializing model...
[2026-09-12 12:32:14,261][root][INFO] - Number of encoder parameters = 7.20m
[2026-09-12 12:32:14,272][root][INFO] - Number of decoder parameters = 7.49m
