[2026-07-11 12:46:53,858][root][INFO] - Initializing logger...
[2026-07-11 12:46:53,863][root][INFO] - Initializing data loaders...
[2026-07-11 12:46:54,556][root][INFO] - Initializing model...
[2026-07-11 12:46:54,653][root][INFO] - Number of encoder parameters = 7.20m
[2026-07-11 12:46:54,661][root][INFO] - Number of decoder parameters = 7.49m
[2026-07-12 05:54:37,268][root][INFO] - Initializing logger...
[2026-07-12 05:54:37,274][root][INFO] - Initializing data loaders...
[2026-07-12 05:54:38,342][root][INFO] - Initializing model...
[2026-07-12 05:54:38,465][root][INFO] - Number of encoder parameters = 7.20m
[2026-07-12 05:54:38,474][root][INFO] - Number of decoder parameters = 7.49m
[2026-07-12 05:54:38,893][root][INFO] - Initializing optimizer...
[2026-07-12 05:54:38,895][root][INFO] - Start training...
[2026-07-12 05:56:19,650][root][INFO] - Epoch 1: duration loss = 0.289 | prior loss = 1.206 | diffusion loss = 7.847

[2026-07-12 05:58:00,537][root][INFO] - Epoch 2: duration loss = 0.290 | prior loss = 1.206 | diffusion loss = 2.798

[2026-07-12 05:59:42,541][root][INFO] - Epoch 3: duration loss = 0.290 | prior loss = 1.206 | diffusion loss = 0.664

[2026-07-12 06:01:23,471][root][INFO] - Epoch 4: duration loss = 0.289 | prior loss = 1.206 | diffusion loss = 0.324

[2026-07-12 06:03:04,043][root][INFO] - Epoch 5: duration loss = 0.290 | prior loss = 1.206 | diffusion loss = 0.300

[2026-07-12 06:04:44,109][root][INFO] - Epoch 6: duration loss = 0.289 | prior loss = 1.206 | diffusion loss = 0.287

[2026-07-12 06:06:24,214][root][INFO] - Epoch 7: duration loss = 0.290 | prior loss = 1.206 | diffusion loss = 0.283

[2026-07-12 06:08:04,351][root][INFO] - Epoch 8: duration loss = 0.289 | prior loss = 1.206 | diffusion loss = 0.283

[2026-07-12 06:09:45,023][root][INFO] - Epoch 9: duration loss = 0.289 | prior loss = 1.206 | diffusion loss = 0.278

[2026-07-12 06:11:26,378][root][INFO] - Epoch 10: duration loss = 0.289 | prior loss = 1.206 | diffusion loss = 0.273

[2026-07-12 06:13:07,770][root][INFO] - Epoch 11: duration loss = 0.289 | prior loss = 1.206 | diffusion loss = 0.272

[2026-07-12 06:14:49,489][root][INFO] - Epoch 12: duration loss = 0.289 | prior loss = 1.206 | diffusion loss = 0.268

[2026-07-12 06:16:30,918][root][INFO] - Epoch 13: duration loss = 0.290 | prior loss = 1.206 | diffusion loss = 0.268

[2026-07-12 06:18:12,745][root][INFO] - Epoch 14: duration loss = 0.290 | prior loss = 1.206 | diffusion loss = 0.269

[2026-07-12 06:19:53,992][root][INFO] - Epoch 15: duration loss = 0.289 | prior loss = 1.206 | diffusion loss = 0.261

[2026-07-12 06:21:34,584][root][INFO] - Epoch 16: duration loss = 0.289 | prior loss = 1.206 | diffusion loss = 0.262

[2026-07-12 06:23:15,658][root][INFO] - Epoch 17: duration loss = 0.289 | prior loss = 1.205 | diffusion loss = 0.262

[2026-07-12 06:24:58,516][root][INFO] - Epoch 18: duration loss = 0.289 | prior loss = 1.206 | diffusion loss = 0.259

[2026-07-12 06:26:39,418][root][INFO] - Epoch 19: duration loss = 0.289 | prior loss = 1.206 | diffusion loss = 0.262

[2026-07-12 06:28:21,136][root][INFO] - Epoch 20: duration loss = 0.290 | prior loss = 1.206 | diffusion loss = 0.260

[2026-07-12 06:30:06,689][root][INFO] - Epoch 21: duration loss = 0.289 | prior loss = 1.206 | diffusion loss = 0.258

[2026-07-12 06:31:51,630][root][INFO] - Epoch 22: duration loss = 0.290 | prior loss = 1.206 | diffusion loss = 0.260

[2026-07-12 06:33:36,431][root][INFO] - Epoch 23: duration loss = 0.289 | prior loss = 1.206 | diffusion loss = 0.258

[2026-07-12 06:35:21,366][root][INFO] - Epoch 24: duration loss = 0.289 | prior loss = 1.206 | diffusion loss = 0.258

[2026-07-12 06:37:06,809][root][INFO] - Epoch 25: duration loss = 0.289 | prior loss = 1.206 | diffusion loss = 0.256

[2026-07-12 06:38:50,710][root][INFO] - Epoch 26: duration loss = 0.289 | prior loss = 1.205 | diffusion loss = 0.253

[2026-07-12 06:40:34,565][root][INFO] - Epoch 27: duration loss = 0.290 | prior loss = 1.206 | diffusion loss = 0.256

[2026-07-12 06:42:18,422][root][INFO] - Epoch 28: duration loss = 0.289 | prior loss = 1.206 | diffusion loss = 0.251

[2026-07-12 06:44:02,214][root][INFO] - Epoch 29: duration loss = 0.289 | prior loss = 1.206 | diffusion loss = 0.254

[2026-07-12 06:45:45,982][root][INFO] - Epoch 30: duration loss = 0.289 | prior loss = 1.206 | diffusion loss = 0.256

[2026-07-12 06:47:29,190][root][INFO] - Epoch 31: duration loss = 0.290 | prior loss = 1.206 | diffusion loss = 0.252

[2026-07-12 06:49:12,236][root][INFO] - Epoch 32: duration loss = 0.289 | prior loss = 1.206 | diffusion loss = 0.252

[2026-07-12 06:50:55,098][root][INFO] - Epoch 33: duration loss = 0.289 | prior loss = 1.206 | diffusion loss = 0.251

[2026-07-12 06:52:38,420][root][INFO] - Epoch 34: duration loss = 0.289 | prior loss = 1.206 | diffusion loss = 0.252

[2026-07-12 06:54:19,821][root][INFO] - Epoch 35: duration loss = 0.290 | prior loss = 1.206 | diffusion loss = 0.250

[2026-07-12 06:56:00,722][root][INFO] - Epoch 36: duration loss = 0.289 | prior loss = 1.206 | diffusion loss = 0.249

[2026-07-12 06:57:42,368][root][INFO] - Epoch 37: duration loss = 0.289 | prior loss = 1.206 | diffusion loss = 0.247

[2026-07-12 06:59:24,791][root][INFO] - Epoch 38: duration loss = 0.290 | prior loss = 1.206 | diffusion loss = 0.248

[2026-07-12 07:01:08,183][root][INFO] - Epoch 39: duration loss = 0.289 | prior loss = 1.206 | diffusion loss = 0.248

[2026-07-12 07:02:52,492][root][INFO] - Epoch 40: duration loss = 0.290 | prior loss = 1.206 | diffusion loss = 0.247

[2026-07-12 07:04:36,703][root][INFO] - Epoch 41: duration loss = 0.289 | prior loss = 1.206 | diffusion loss = 0.248

[2026-07-12 07:06:21,478][root][INFO] - Epoch 42: duration loss = 0.289 | prior loss = 1.206 | diffusion loss = 0.248

[2026-07-12 07:08:05,115][root][INFO] - Epoch 43: duration loss = 0.289 | prior loss = 1.206 | diffusion loss = 0.247

[2026-07-12 07:09:49,086][root][INFO] - Epoch 44: duration loss = 0.289 | prior loss = 1.206 | diffusion loss = 0.244

[2026-07-12 07:11:33,046][root][INFO] - Epoch 45: duration loss = 0.290 | prior loss = 1.206 | diffusion loss = 0.247

[2026-07-12 07:13:15,870][root][INFO] - Epoch 46: duration loss = 0.290 | prior loss = 1.206 | diffusion loss = 0.245

[2026-07-12 07:14:58,087][root][INFO] - Epoch 47: duration loss = 0.290 | prior loss = 1.206 | diffusion loss = 0.245

[2026-07-12 07:16:41,946][root][INFO] - Epoch 48: duration loss = 0.290 | prior loss = 1.206 | diffusion loss = 0.246

[2026-07-12 07:18:25,606][root][INFO] - Epoch 49: duration loss = 0.289 | prior loss = 1.206 | diffusion loss = 0.247

[2026-07-12 07:20:08,923][root][INFO] - Epoch 50: duration loss = 0.289 | prior loss = 1.206 | diffusion loss = 0.244

[2026-07-12 07:21:51,750][root][INFO] - Epoch 51: duration loss = 0.289 | prior loss = 1.206 | diffusion loss = 0.247

[2026-07-12 07:23:34,393][root][INFO] - Epoch 52: duration loss = 0.289 | prior loss = 1.206 | diffusion loss = 0.244

[2026-07-12 07:25:17,340][root][INFO] - Epoch 53: duration loss = 0.290 | prior loss = 1.206 | diffusion loss = 0.244

[2026-07-12 07:26:59,391][root][INFO] - Epoch 54: duration loss = 0.290 | prior loss = 1.206 | diffusion loss = 0.243

[2026-07-12 07:28:40,112][root][INFO] - Epoch 55: duration loss = 0.289 | prior loss = 1.206 | diffusion loss = 0.244

[2026-07-12 07:30:20,767][root][INFO] - Epoch 56: duration loss = 0.290 | prior loss = 1.206 | diffusion loss = 0.244

[2026-07-12 07:32:02,212][root][INFO] - Epoch 57: duration loss = 0.290 | prior loss = 1.206 | diffusion loss = 0.242

[2026-07-12 07:33:47,504][root][INFO] - Epoch 58: duration loss = 0.289 | prior loss = 1.206 | diffusion loss = 0.242

[2026-07-12 07:35:31,999][root][INFO] - Epoch 59: duration loss = 0.290 | prior loss = 1.206 | diffusion loss = 0.243

[2026-07-12 07:37:16,707][root][INFO] - Epoch 60: duration loss = 0.289 | prior loss = 1.206 | diffusion loss = 0.240

[2026-07-12 07:39:01,055][root][INFO] - Epoch 61: duration loss = 0.289 | prior loss = 1.206 | diffusion loss = 0.241

[2026-07-12 07:40:44,530][root][INFO] - Epoch 62: duration loss = 0.289 | prior loss = 1.206 | diffusion loss = 0.245

[2026-07-12 07:42:28,070][root][INFO] - Epoch 63: duration loss = 0.289 | prior loss = 1.206 | diffusion loss = 0.241

[2026-07-12 07:44:12,434][root][INFO] - Epoch 64: duration loss = 0.289 | prior loss = 1.206 | diffusion loss = 0.240

[2026-07-12 07:45:57,092][root][INFO] - Epoch 65: duration loss = 0.289 | prior loss = 1.206 | diffusion loss = 0.239

[2026-07-12 07:47:41,046][root][INFO] - Epoch 66: duration loss = 0.289 | prior loss = 1.206 | diffusion loss = 0.240

[2026-07-12 07:49:24,315][root][INFO] - Epoch 67: duration loss = 0.290 | prior loss = 1.206 | diffusion loss = 0.242

[2026-07-12 07:51:07,854][root][INFO] - Epoch 68: duration loss = 0.289 | prior loss = 1.206 | diffusion loss = 0.237

[2026-07-12 07:52:53,721][root][INFO] - Epoch 69: duration loss = 0.289 | prior loss = 1.206 | diffusion loss = 0.238

[2026-07-12 07:54:38,636][root][INFO] - Epoch 70: duration loss = 0.289 | prior loss = 1.206 | diffusion loss = 0.239

[2026-07-12 07:56:22,419][root][INFO] - Epoch 71: duration loss = 0.290 | prior loss = 1.206 | diffusion loss = 0.238

[2026-07-12 07:58:04,764][root][INFO] - Epoch 72: duration loss = 0.289 | prior loss = 1.206 | diffusion loss = 0.237

[2026-07-12 07:59:47,015][root][INFO] - Epoch 73: duration loss = 0.289 | prior loss = 1.206 | diffusion loss = 0.240

[2026-07-12 08:01:29,259][root][INFO] - Epoch 74: duration loss = 0.290 | prior loss = 1.206 | diffusion loss = 0.237

[2026-07-12 08:03:12,733][root][INFO] - Epoch 75: duration loss = 0.289 | prior loss = 1.206 | diffusion loss = 0.237

[2026-07-12 08:04:56,770][root][INFO] - Epoch 76: duration loss = 0.290 | prior loss = 1.206 | diffusion loss = 0.237

[2026-07-12 08:06:42,002][root][INFO] - Epoch 77: duration loss = 0.290 | prior loss = 1.206 | diffusion loss = 0.236

[2026-07-12 08:08:26,793][root][INFO] - Epoch 78: duration loss = 0.289 | prior loss = 1.206 | diffusion loss = 0.240

[2026-07-12 08:10:11,997][root][INFO] - Epoch 79: duration loss = 0.289 | prior loss = 1.206 | diffusion loss = 0.237

[2026-07-12 08:11:56,980][root][INFO] - Epoch 80: duration loss = 0.290 | prior loss = 1.206 | diffusion loss = 0.236

[2026-07-12 08:13:41,991][root][INFO] - Epoch 81: duration loss = 0.289 | prior loss = 1.206 | diffusion loss = 0.236

[2026-07-12 08:15:26,691][root][INFO] - Epoch 82: duration loss = 0.290 | prior loss = 1.206 | diffusion loss = 0.236

[2026-07-12 08:17:10,827][root][INFO] - Epoch 83: duration loss = 0.290 | prior loss = 1.206 | diffusion loss = 0.239

[2026-07-12 08:18:55,502][root][INFO] - Epoch 84: duration loss = 0.289 | prior loss = 1.206 | diffusion loss = 0.235

[2026-07-12 08:20:39,993][root][INFO] - Epoch 85: duration loss = 0.290 | prior loss = 1.206 | diffusion loss = 0.237

[2026-07-12 08:22:23,755][root][INFO] - Epoch 86: duration loss = 0.289 | prior loss = 1.206 | diffusion loss = 0.236

[2026-07-12 08:24:07,502][root][INFO] - Epoch 87: duration loss = 0.290 | prior loss = 1.206 | diffusion loss = 0.234

[2026-07-12 08:25:51,273][root][INFO] - Epoch 88: duration loss = 0.289 | prior loss = 1.206 | diffusion loss = 0.234

[2026-07-12 08:27:36,147][root][INFO] - Epoch 89: duration loss = 0.289 | prior loss = 1.206 | diffusion loss = 0.234

[2026-07-12 08:29:20,363][root][INFO] - Epoch 90: duration loss = 0.289 | prior loss = 1.206 | diffusion loss = 0.235

[2026-07-12 08:31:01,372][root][INFO] - Epoch 91: duration loss = 0.290 | prior loss = 1.206 | diffusion loss = 0.233

[2026-07-12 08:32:42,229][root][INFO] - Epoch 92: duration loss = 0.290 | prior loss = 1.206 | diffusion loss = 0.234

[2026-07-12 08:34:22,535][root][INFO] - Epoch 93: duration loss = 0.289 | prior loss = 1.206 | diffusion loss = 0.235

[2026-07-12 08:36:03,521][root][INFO] - Epoch 94: duration loss = 0.289 | prior loss = 1.206 | diffusion loss = 0.232

[2026-07-12 08:37:47,539][root][INFO] - Epoch 95: duration loss = 0.290 | prior loss = 1.206 | diffusion loss = 0.235

[2026-07-12 08:39:33,256][root][INFO] - Epoch 96: duration loss = 0.290 | prior loss = 1.206 | diffusion loss = 0.232

[2026-07-12 08:41:18,791][root][INFO] - Epoch 97: duration loss = 0.290 | prior loss = 1.206 | diffusion loss = 0.235

[2026-07-12 08:43:04,203][root][INFO] - Epoch 98: duration loss = 0.289 | prior loss = 1.206 | diffusion loss = 0.234

[2026-07-12 08:44:49,189][root][INFO] - Epoch 99: duration loss = 0.290 | prior loss = 1.207 | diffusion loss = 0.232

[2026-07-12 08:46:34,444][root][INFO] - Epoch 100: duration loss = 0.290 | prior loss = 1.206 | diffusion loss = 0.235

[2026-07-12 08:48:20,011][root][INFO] - Epoch 101: duration loss = 0.289 | prior loss = 1.206 | diffusion loss = 0.235

[2026-07-12 08:50:04,125][root][INFO] - Epoch 102: duration loss = 0.290 | prior loss = 1.206 | diffusion loss = 0.233

[2026-07-12 08:51:48,796][root][INFO] - Epoch 103: duration loss = 0.289 | prior loss = 1.206 | diffusion loss = 0.234

[2026-07-12 08:53:33,401][root][INFO] - Epoch 104: duration loss = 0.289 | prior loss = 1.206 | diffusion loss = 0.232

[2026-07-12 08:55:18,495][root][INFO] - Epoch 105: duration loss = 0.289 | prior loss = 1.206 | diffusion loss = 0.235

[2026-07-12 08:57:02,374][root][INFO] - Epoch 106: duration loss = 0.290 | prior loss = 1.206 | diffusion loss = 0.233

[2026-07-12 08:58:47,246][root][INFO] - Epoch 107: duration loss = 0.289 | prior loss = 1.206 | diffusion loss = 0.232

[2026-07-12 09:00:32,203][root][INFO] - Epoch 108: duration loss = 0.289 | prior loss = 1.206 | diffusion loss = 0.233

[2026-07-12 09:02:17,143][root][INFO] - Epoch 109: duration loss = 0.289 | prior loss = 1.206 | diffusion loss = 0.231

[2026-07-12 09:04:00,476][root][INFO] - Epoch 110: duration loss = 0.289 | prior loss = 1.206 | diffusion loss = 0.231

[2026-07-12 09:05:43,696][root][INFO] - Epoch 111: duration loss = 0.289 | prior loss = 1.206 | diffusion loss = 0.233

[2026-07-12 09:07:26,680][root][INFO] - Epoch 112: duration loss = 0.289 | prior loss = 1.206 | diffusion loss = 0.232

[2026-07-12 09:09:09,013][root][INFO] - Epoch 113: duration loss = 0.289 | prior loss = 1.206 | diffusion loss = 0.230

[2026-07-12 09:10:52,650][root][INFO] - Epoch 114: duration loss = 0.289 | prior loss = 1.206 | diffusion loss = 0.228

[2026-07-12 09:12:35,671][root][INFO] - Epoch 115: duration loss = 0.289 | prior loss = 1.206 | diffusion loss = 0.230

[2026-07-12 09:14:18,563][root][INFO] - Epoch 116: duration loss = 0.289 | prior loss = 1.206 | diffusion loss = 0.231

[2026-07-12 09:16:01,485][root][INFO] - Epoch 117: duration loss = 0.289 | prior loss = 1.206 | diffusion loss = 0.230

[2026-07-12 09:17:44,277][root][INFO] - Epoch 118: duration loss = 0.290 | prior loss = 1.206 | diffusion loss = 0.229

[2026-07-12 09:19:27,231][root][INFO] - Epoch 119: duration loss = 0.289 | prior loss = 1.206 | diffusion loss = 0.230

[2026-07-12 09:21:10,559][root][INFO] - Epoch 120: duration loss = 0.290 | prior loss = 1.206 | diffusion loss = 0.231

[2026-07-12 09:22:53,624][root][INFO] - Epoch 121: duration loss = 0.290 | prior loss = 1.206 | diffusion loss = 0.230

[2026-07-12 09:24:36,756][root][INFO] - Epoch 122: duration loss = 0.289 | prior loss = 1.206 | diffusion loss = 0.229

[2026-07-12 09:26:19,870][root][INFO] - Epoch 123: duration loss = 0.289 | prior loss = 1.206 | diffusion loss = 0.230

[2026-07-12 09:28:03,284][root][INFO] - Epoch 124: duration loss = 0.289 | prior loss = 1.206 | diffusion loss = 0.232

[2026-07-12 09:29:46,696][root][INFO] - Epoch 125: duration loss = 0.289 | prior loss = 1.206 | diffusion loss = 0.231

[2026-07-12 09:31:28,915][root][INFO] - Epoch 126: duration loss = 0.290 | prior loss = 1.206 | diffusion loss = 0.230

[2026-07-12 09:33:11,838][root][INFO] - Epoch 127: duration loss = 0.289 | prior loss = 1.206 | diffusion loss = 0.229

[2026-07-12 09:34:53,132][root][INFO] - Epoch 128: duration loss = 0.289 | prior loss = 1.206 | diffusion loss = 0.228

[2026-07-12 09:36:36,613][root][INFO] - Epoch 129: duration loss = 0.290 | prior loss = 1.206 | diffusion loss = 0.229

[2026-07-12 09:38:18,643][root][INFO] - Epoch 130: duration loss = 0.289 | prior loss = 1.206 | diffusion loss = 0.229

[2026-07-12 09:40:02,254][root][INFO] - Epoch 131: duration loss = 0.289 | prior loss = 1.206 | diffusion loss = 0.229

[2026-07-12 09:41:47,056][root][INFO] - Epoch 132: duration loss = 0.289 | prior loss = 1.206 | diffusion loss = 0.229

[2026-07-12 09:43:31,663][root][INFO] - Epoch 133: duration loss = 0.289 | prior loss = 1.206 | diffusion loss = 0.228

[2026-07-12 09:45:16,095][root][INFO] - Epoch 134: duration loss = 0.290 | prior loss = 1.206 | diffusion loss = 0.231

[2026-07-12 09:47:00,324][root][INFO] - Epoch 135: duration loss = 0.289 | prior loss = 1.206 | diffusion loss = 0.230

[2026-07-12 09:48:44,245][root][INFO] - Epoch 136: duration loss = 0.289 | prior loss = 1.206 | diffusion loss = 0.231

[2026-07-12 09:50:28,595][root][INFO] - Epoch 137: duration loss = 0.289 | prior loss = 1.206 | diffusion loss = 0.229

[2026-07-12 09:52:12,411][root][INFO] - Epoch 138: duration loss = 0.290 | prior loss = 1.206 | diffusion loss = 0.229

[2026-07-12 09:53:56,810][root][INFO] - Epoch 139: duration loss = 0.289 | prior loss = 1.206 | diffusion loss = 0.228

[2026-07-12 09:55:41,035][root][INFO] - Epoch 140: duration loss = 0.289 | prior loss = 1.206 | diffusion loss = 0.228

[2026-07-12 09:57:24,832][root][INFO] - Epoch 141: duration loss = 0.290 | prior loss = 1.206 | diffusion loss = 0.228

[2026-07-12 09:59:08,446][root][INFO] - Epoch 142: duration loss = 0.290 | prior loss = 1.206 | diffusion loss = 0.227

[2026-07-12 10:00:51,888][root][INFO] - Epoch 143: duration loss = 0.290 | prior loss = 1.206 | diffusion loss = 0.226

[2026-07-12 10:02:36,619][root][INFO] - Epoch 144: duration loss = 0.290 | prior loss = 1.206 | diffusion loss = 0.228

[2026-07-12 10:04:20,907][root][INFO] - Epoch 145: duration loss = 0.289 | prior loss = 1.206 | diffusion loss = 0.229

[2026-07-12 10:06:04,383][root][INFO] - Epoch 146: duration loss = 0.289 | prior loss = 1.206 | diffusion loss = 0.227

[2026-07-12 10:07:46,804][root][INFO] - Epoch 147: duration loss = 0.289 | prior loss = 1.206 | diffusion loss = 0.227

[2026-07-12 10:09:30,003][root][INFO] - Epoch 148: duration loss = 0.289 | prior loss = 1.206 | diffusion loss = 0.227

[2026-07-12 10:11:14,582][root][INFO] - Epoch 149: duration loss = 0.290 | prior loss = 1.206 | diffusion loss = 0.229

[2026-07-12 10:12:57,164][root][INFO] - Epoch 150: duration loss = 0.290 | prior loss = 1.206 | diffusion loss = 0.227

[2026-07-12 10:14:39,748][root][INFO] - Epoch 151: duration loss = 0.289 | prior loss = 1.206 | diffusion loss = 0.229

[2026-07-12 10:16:22,338][root][INFO] - Epoch 152: duration loss = 0.290 | prior loss = 1.206 | diffusion loss = 0.226

[2026-07-12 10:18:04,713][root][INFO] - Epoch 153: duration loss = 0.289 | prior loss = 1.206 | diffusion loss = 0.224

[2026-07-12 10:19:46,929][root][INFO] - Epoch 154: duration loss = 0.290 | prior loss = 1.206 | diffusion loss = 0.228

[2026-07-12 10:21:29,757][root][INFO] - Epoch 155: duration loss = 0.289 | prior loss = 1.206 | diffusion loss = 0.226

[2026-07-12 10:23:12,514][root][INFO] - Epoch 156: duration loss = 0.289 | prior loss = 1.205 | diffusion loss = 0.226

[2026-07-12 10:24:54,994][root][INFO] - Epoch 157: duration loss = 0.289 | prior loss = 1.206 | diffusion loss = 0.227

[2026-07-12 10:26:37,570][root][INFO] - Epoch 158: duration loss = 0.289 | prior loss = 1.206 | diffusion loss = 0.225

[2026-07-12 10:28:20,888][root][INFO] - Epoch 159: duration loss = 0.289 | prior loss = 1.206 | diffusion loss = 0.226

[2026-07-12 10:30:03,445][root][INFO] - Epoch 160: duration loss = 0.290 | prior loss = 1.206 | diffusion loss = 0.227

[2026-07-12 10:31:45,772][root][INFO] - Epoch 161: duration loss = 0.290 | prior loss = 1.206 | diffusion loss = 0.228

[2026-07-12 10:33:28,298][root][INFO] - Epoch 162: duration loss = 0.289 | prior loss = 1.206 | diffusion loss = 0.224

[2026-07-12 10:35:11,146][root][INFO] - Epoch 163: duration loss = 0.289 | prior loss = 1.206 | diffusion loss = 0.225

[2026-07-12 10:36:53,468][root][INFO] - Epoch 164: duration loss = 0.290 | prior loss = 1.206 | diffusion loss = 0.227

[2026-07-12 10:38:35,409][root][INFO] - Epoch 165: duration loss = 0.289 | prior loss = 1.206 | diffusion loss = 0.226

[2026-07-12 10:40:17,044][root][INFO] - Epoch 166: duration loss = 0.290 | prior loss = 1.206 | diffusion loss = 0.223

[2026-07-12 10:41:59,006][root][INFO] - Epoch 167: duration loss = 0.289 | prior loss = 1.206 | diffusion loss = 0.225

[2026-07-12 10:43:41,840][root][INFO] - Epoch 168: duration loss = 0.289 | prior loss = 1.206 | diffusion loss = 0.227

[2026-07-12 10:45:25,089][root][INFO] - Epoch 169: duration loss = 0.289 | prior loss = 1.206 | diffusion loss = 0.226

[2026-07-12 10:47:09,334][root][INFO] - Epoch 170: duration loss = 0.290 | prior loss = 1.206 | diffusion loss = 0.226

[2026-07-12 10:48:53,051][root][INFO] - Epoch 171: duration loss = 0.290 | prior loss = 1.206 | diffusion loss = 0.224

[2026-07-12 10:50:37,644][root][INFO] - Epoch 172: duration loss = 0.290 | prior loss = 1.206 | diffusion loss = 0.226

[2026-07-12 10:52:22,090][root][INFO] - Epoch 173: duration loss = 0.289 | prior loss = 1.206 | diffusion loss = 0.225

[2026-07-12 10:54:06,149][root][INFO] - Epoch 174: duration loss = 0.290 | prior loss = 1.206 | diffusion loss = 0.228

[2026-07-12 10:55:50,222][root][INFO] - Epoch 175: duration loss = 0.289 | prior loss = 1.206 | diffusion loss = 0.226

[2026-07-12 10:57:33,985][root][INFO] - Epoch 176: duration loss = 0.289 | prior loss = 1.206 | diffusion loss = 0.226

[2026-07-12 10:59:17,631][root][INFO] - Epoch 177: duration loss = 0.289 | prior loss = 1.206 | diffusion loss = 0.225

[2026-07-12 11:01:00,192][root][INFO] - Epoch 178: duration loss = 0.289 | prior loss = 1.206 | diffusion loss = 0.224

[2026-07-12 11:02:44,839][root][INFO] - Epoch 179: duration loss = 0.289 | prior loss = 1.206 | diffusion loss = 0.225

[2026-07-12 11:04:29,215][root][INFO] - Epoch 180: duration loss = 0.289 | prior loss = 1.206 | diffusion loss = 0.224

[2026-07-12 11:06:14,823][root][INFO] - Epoch 181: duration loss = 0.289 | prior loss = 1.206 | diffusion loss = 0.222

[2026-07-12 11:07:58,029][root][INFO] - Epoch 182: duration loss = 0.290 | prior loss = 1.206 | diffusion loss = 0.221

[2026-07-12 11:09:41,703][root][INFO] - Epoch 183: duration loss = 0.289 | prior loss = 1.206 | diffusion loss = 0.224

[2026-07-12 11:11:24,483][root][INFO] - Epoch 184: duration loss = 0.290 | prior loss = 1.206 | diffusion loss = 0.221

[2026-07-12 11:13:06,698][root][INFO] - Epoch 185: duration loss = 0.289 | prior loss = 1.206 | diffusion loss = 0.225

[2026-07-12 11:14:50,806][root][INFO] - Epoch 186: duration loss = 0.290 | prior loss = 1.206 | diffusion loss = 0.224

[2026-07-12 11:16:33,768][root][INFO] - Epoch 187: duration loss = 0.289 | prior loss = 1.206 | diffusion loss = 0.225

[2026-07-12 11:18:16,425][root][INFO] - Epoch 188: duration loss = 0.289 | prior loss = 1.205 | diffusion loss = 0.226

[2026-07-12 11:19:59,790][root][INFO] - Epoch 189: duration loss = 0.289 | prior loss = 1.206 | diffusion loss = 0.223

[2026-07-12 11:21:43,771][root][INFO] - Epoch 190: duration loss = 0.290 | prior loss = 1.206 | diffusion loss = 0.225

[2026-07-12 11:23:28,100][root][INFO] - Epoch 191: duration loss = 0.289 | prior loss = 1.206 | diffusion loss = 0.224

[2026-07-12 11:25:11,335][root][INFO] - Epoch 192: duration loss = 0.289 | prior loss = 1.206 | diffusion loss = 0.224

[2026-07-12 11:26:55,587][root][INFO] - Epoch 193: duration loss = 0.289 | prior loss = 1.206 | diffusion loss = 0.221

[2026-07-12 11:28:39,958][root][INFO] - Epoch 194: duration loss = 0.290 | prior loss = 1.206 | diffusion loss = 0.222

[2026-07-12 11:30:24,240][root][INFO] - Epoch 195: duration loss = 0.290 | prior loss = 1.206 | diffusion loss = 0.224

[2026-07-12 11:32:09,035][root][INFO] - Epoch 196: duration loss = 0.289 | prior loss = 1.206 | diffusion loss = 0.221

[2026-07-12 11:33:53,636][root][INFO] - Epoch 197: duration loss = 0.289 | prior loss = 1.206 | diffusion loss = 0.225

[2026-07-12 11:35:38,387][root][INFO] - Epoch 198: duration loss = 0.290 | prior loss = 1.207 | diffusion loss = 0.223

[2026-07-12 11:37:22,222][root][INFO] - Epoch 199: duration loss = 0.289 | prior loss = 1.206 | diffusion loss = 0.222

[2026-07-12 11:39:06,367][root][INFO] - Epoch 200: duration loss = 0.289 | prior loss = 1.206 | diffusion loss = 0.222

[2026-07-12 11:40:50,674][root][INFO] - Epoch 201: duration loss = 0.289 | prior loss = 1.206 | diffusion loss = 0.221

[2026-07-12 11:42:35,133][root][INFO] - Epoch 202: duration loss = 0.290 | prior loss = 1.206 | diffusion loss = 0.222

[2026-07-12 11:44:18,660][root][INFO] - Epoch 203: duration loss = 0.290 | prior loss = 1.206 | diffusion loss = 0.222

[2026-07-12 11:46:04,432][root][INFO] - Epoch 204: duration loss = 0.289 | prior loss = 1.206 | diffusion loss = 0.225

[2026-07-12 11:47:47,865][root][INFO] - Epoch 205: duration loss = 0.290 | prior loss = 1.206 | diffusion loss = 0.222

[2026-07-12 11:49:31,481][root][INFO] - Epoch 206: duration loss = 0.290 | prior loss = 1.206 | diffusion loss = 0.220

[2026-07-12 11:51:15,933][root][INFO] - Epoch 207: duration loss = 0.289 | prior loss = 1.206 | diffusion loss = 0.221

[2026-07-12 11:53:01,425][root][INFO] - Epoch 208: duration loss = 0.289 | prior loss = 1.206 | diffusion loss = 0.221

[2026-07-12 11:54:45,249][root][INFO] - Epoch 209: duration loss = 0.289 | prior loss = 1.206 | diffusion loss = 0.222

[2026-07-12 11:56:28,395][root][INFO] - Epoch 210: duration loss = 0.290 | prior loss = 1.206 | diffusion loss = 0.222

[2026-07-12 11:58:12,580][root][INFO] - Epoch 211: duration loss = 0.289 | prior loss = 1.206 | diffusion loss = 0.223

[2026-07-12 11:59:55,546][root][INFO] - Epoch 212: duration loss = 0.290 | prior loss = 1.207 | diffusion loss = 0.222

[2026-07-12 12:01:39,241][root][INFO] - Epoch 213: duration loss = 0.289 | prior loss = 1.206 | diffusion loss = 0.222

[2026-07-12 12:03:23,506][root][INFO] - Epoch 214: duration loss = 0.290 | prior loss = 1.206 | diffusion loss = 0.220

[2026-07-12 12:05:06,451][root][INFO] - Epoch 215: duration loss = 0.289 | prior loss = 1.206 | diffusion loss = 0.221

[2026-07-12 12:06:49,883][root][INFO] - Epoch 216: duration loss = 0.289 | prior loss = 1.206 | diffusion loss = 0.220

[2026-07-12 12:08:34,530][root][INFO] - Epoch 217: duration loss = 0.290 | prior loss = 1.206 | diffusion loss = 0.222

[2026-07-12 12:10:19,958][root][INFO] - Epoch 218: duration loss = 0.289 | prior loss = 1.207 | diffusion loss = 0.222

[2026-07-12 12:12:05,077][root][INFO] - Epoch 219: duration loss = 0.289 | prior loss = 1.206 | diffusion loss = 0.220

[2026-07-12 12:13:58,996][root][INFO] - Epoch 220: duration loss = 0.289 | prior loss = 1.206 | diffusion loss = 0.222

[2026-07-12 12:15:44,536][root][INFO] - Epoch 221: duration loss = 0.290 | prior loss = 1.206 | diffusion loss = 0.221

[2026-07-12 12:17:30,690][root][INFO] - Epoch 222: duration loss = 0.289 | prior loss = 1.206 | diffusion loss = 0.221

[2026-07-12 12:19:16,881][root][INFO] - Epoch 223: duration loss = 0.290 | prior loss = 1.206 | diffusion loss = 0.222

[2026-07-12 12:21:02,779][root][INFO] - Epoch 224: duration loss = 0.289 | prior loss = 1.206 | diffusion loss = 0.220

[2026-07-12 12:22:48,661][root][INFO] - Epoch 225: duration loss = 0.289 | prior loss = 1.206 | diffusion loss = 0.218

[2026-07-12 12:24:34,559][root][INFO] - Epoch 226: duration loss = 0.290 | prior loss = 1.206 | diffusion loss = 0.219

[2026-07-12 12:26:20,071][root][INFO] - Epoch 227: duration loss = 0.289 | prior loss = 1.206 | diffusion loss = 0.221

[2026-07-12 12:28:11,038][root][INFO] - Epoch 228: duration loss = 0.289 | prior loss = 1.206 | diffusion loss = 0.220

[2026-07-12 12:29:56,590][root][INFO] - Epoch 229: duration loss = 0.289 | prior loss = 1.206 | diffusion loss = 0.220

[2026-07-12 12:31:42,526][root][INFO] - Epoch 230: duration loss = 0.289 | prior loss = 1.206 | diffusion loss = 0.222

[2026-07-12 12:33:28,395][root][INFO] - Epoch 231: duration loss = 0.289 | prior loss = 1.206 | diffusion loss = 0.223

[2026-07-12 12:35:15,127][root][INFO] - Epoch 232: duration loss = 0.289 | prior loss = 1.206 | diffusion loss = 0.222

[2026-07-12 12:37:01,901][root][INFO] - Epoch 233: duration loss = 0.289 | prior loss = 1.206 | diffusion loss = 0.220

[2026-07-12 12:38:47,145][root][INFO] - Epoch 234: duration loss = 0.289 | prior loss = 1.206 | diffusion loss = 0.221

[2026-07-12 12:40:32,707][root][INFO] - Epoch 235: duration loss = 0.290 | prior loss = 1.206 | diffusion loss = 0.220

[2026-07-12 12:42:17,379][root][INFO] - Epoch 236: duration loss = 0.289 | prior loss = 1.206 | diffusion loss = 0.223

[2026-07-12 12:44:02,346][root][INFO] - Epoch 237: duration loss = 0.290 | prior loss = 1.206 | diffusion loss = 0.220

[2026-07-12 12:45:47,031][root][INFO] - Epoch 238: duration loss = 0.290 | prior loss = 1.206 | diffusion loss = 0.222

[2026-07-12 12:47:31,851][root][INFO] - Epoch 239: duration loss = 0.289 | prior loss = 1.206 | diffusion loss = 0.220

[2026-07-12 12:49:18,381][root][INFO] - Epoch 240: duration loss = 0.290 | prior loss = 1.206 | diffusion loss = 0.220

[2026-07-12 12:51:04,056][root][INFO] - Epoch 241: duration loss = 0.289 | prior loss = 1.206 | diffusion loss = 0.221

[2026-07-12 12:52:50,316][root][INFO] - Epoch 242: duration loss = 0.289 | prior loss = 1.206 | diffusion loss = 0.219

[2026-07-12 12:54:37,063][root][INFO] - Epoch 243: duration loss = 0.290 | prior loss = 1.206 | diffusion loss = 0.218

[2026-07-12 12:56:22,709][root][INFO] - Epoch 244: duration loss = 0.289 | prior loss = 1.206 | diffusion loss = 0.219

[2026-07-12 12:58:09,440][root][INFO] - Epoch 245: duration loss = 0.289 | prior loss = 1.206 | diffusion loss = 0.220

[2026-07-12 12:59:56,645][root][INFO] - Epoch 246: duration loss = 0.289 | prior loss = 1.206 | diffusion loss = 0.220

[2026-07-12 13:01:42,855][root][INFO] - Epoch 247: duration loss = 0.289 | prior loss = 1.206 | diffusion loss = 0.219

[2026-07-12 13:03:29,852][root][INFO] - Epoch 248: duration loss = 0.289 | prior loss = 1.206 | diffusion loss = 0.220

[2026-07-12 13:05:20,531][root][INFO] - Epoch 249: duration loss = 0.289 | prior loss = 1.206 | diffusion loss = 0.219

[2026-07-12 13:07:12,133][root][INFO] - Epoch 250: duration loss = 0.289 | prior loss = 1.206 | diffusion loss = 0.219

[2026-07-12 13:09:03,450][root][INFO] - Epoch 251: duration loss = 0.289 | prior loss = 1.206 | diffusion loss = 0.219

[2026-07-12 13:10:56,497][root][INFO] - Epoch 252: duration loss = 0.289 | prior loss = 1.206 | diffusion loss = 0.222

[2026-07-12 13:12:46,823][root][INFO] - Epoch 253: duration loss = 0.289 | prior loss = 1.206 | diffusion loss = 0.220

[2026-07-12 13:14:37,177][root][INFO] - Epoch 254: duration loss = 0.289 | prior loss = 1.206 | diffusion loss = 0.218

[2026-07-12 13:16:28,983][root][INFO] - Epoch 255: duration loss = 0.289 | prior loss = 1.206 | diffusion loss = 0.219

[2026-07-12 13:18:20,048][root][INFO] - Epoch 256: duration loss = 0.289 | prior loss = 1.206 | diffusion loss = 0.221

[2026-07-12 13:20:12,171][root][INFO] - Epoch 257: duration loss = 0.289 | prior loss = 1.206 | diffusion loss = 0.219

[2026-07-12 13:22:03,575][root][INFO] - Epoch 258: duration loss = 0.290 | prior loss = 1.206 | diffusion loss = 0.219

[2026-07-12 13:23:55,621][root][INFO] - Epoch 259: duration loss = 0.290 | prior loss = 1.206 | diffusion loss = 0.220

[2026-07-12 13:25:44,125][root][INFO] - Epoch 260: duration loss = 0.289 | prior loss = 1.206 | diffusion loss = 0.218

[2026-07-12 13:27:33,299][root][INFO] - Epoch 261: duration loss = 0.289 | prior loss = 1.206 | diffusion loss = 0.218

[2026-07-12 13:29:23,424][root][INFO] - Epoch 262: duration loss = 0.289 | prior loss = 1.206 | diffusion loss = 0.216

[2026-07-12 13:31:13,089][root][INFO] - Epoch 263: duration loss = 0.289 | prior loss = 1.206 | diffusion loss = 0.220

[2026-07-12 13:33:04,131][root][INFO] - Epoch 264: duration loss = 0.289 | prior loss = 1.206 | diffusion loss = 0.219

[2026-07-12 13:34:55,844][root][INFO] - Epoch 265: duration loss = 0.289 | prior loss = 1.206 | diffusion loss = 0.218

[2026-07-12 13:36:48,646][root][INFO] - Epoch 266: duration loss = 0.290 | prior loss = 1.206 | diffusion loss = 0.217

[2026-07-12 13:38:40,611][root][INFO] - Epoch 267: duration loss = 0.290 | prior loss = 1.206 | diffusion loss = 0.216

[2026-07-12 13:40:32,793][root][INFO] - Epoch 268: duration loss = 0.290 | prior loss = 1.206 | diffusion loss = 0.219

[2026-07-12 13:42:26,641][root][INFO] - Epoch 269: duration loss = 0.290 | prior loss = 1.207 | diffusion loss = 0.216

[2026-07-12 13:44:22,655][root][INFO] - Epoch 270: duration loss = 0.290 | prior loss = 1.206 | diffusion loss = 0.218

[2026-07-12 13:46:17,858][root][INFO] - Epoch 271: duration loss = 0.290 | prior loss = 1.206 | diffusion loss = 0.220

[2026-07-12 13:48:14,053][root][INFO] - Epoch 272: duration loss = 0.289 | prior loss = 1.206 | diffusion loss = 0.218

[2026-07-12 13:50:06,112][root][INFO] - Epoch 273: duration loss = 0.289 | prior loss = 1.206 | diffusion loss = 0.221

[2026-07-12 13:52:00,175][root][INFO] - Epoch 274: duration loss = 0.289 | prior loss = 1.206 | diffusion loss = 0.219

[2026-07-12 13:53:54,134][root][INFO] - Epoch 275: duration loss = 0.289 | prior loss = 1.206 | diffusion loss = 0.217

[2026-07-12 13:55:48,436][root][INFO] - Epoch 276: duration loss = 0.289 | prior loss = 1.206 | diffusion loss = 0.219

[2026-07-12 13:57:42,028][root][INFO] - Epoch 277: duration loss = 0.289 | prior loss = 1.206 | diffusion loss = 0.216

[2026-07-12 13:59:34,282][root][INFO] - Epoch 278: duration loss = 0.289 | prior loss = 1.206 | diffusion loss = 0.219

[2026-07-12 14:01:28,823][root][INFO] - Epoch 279: duration loss = 0.289 | prior loss = 1.206 | diffusion loss = 0.219

[2026-07-12 14:03:21,832][root][INFO] - Epoch 280: duration loss = 0.289 | prior loss = 1.206 | diffusion loss = 0.217

[2026-07-12 14:05:15,348][root][INFO] - Epoch 281: duration loss = 0.289 | prior loss = 1.206 | diffusion loss = 0.219

[2026-07-12 14:07:08,011][root][INFO] - Epoch 282: duration loss = 0.290 | prior loss = 1.206 | diffusion loss = 0.218

[2026-07-12 14:08:59,517][root][INFO] - Epoch 283: duration loss = 0.289 | prior loss = 1.206 | diffusion loss = 0.217

[2026-07-12 14:10:50,680][root][INFO] - Epoch 284: duration loss = 0.290 | prior loss = 1.206 | diffusion loss = 0.218

[2026-07-12 14:12:41,870][root][INFO] - Epoch 285: duration loss = 0.289 | prior loss = 1.206 | diffusion loss = 0.218

[2026-07-12 14:14:32,532][root][INFO] - Epoch 286: duration loss = 0.289 | prior loss = 1.206 | diffusion loss = 0.216

[2026-07-12 14:16:13,661][root][INFO] - Epoch 287: duration loss = 0.290 | prior loss = 1.206 | diffusion loss = 0.216

[2026-07-12 14:17:54,656][root][INFO] - Epoch 288: duration loss = 0.290 | prior loss = 1.206 | diffusion loss = 0.216

[2026-07-12 14:19:36,691][root][INFO] - Epoch 289: duration loss = 0.289 | prior loss = 1.206 | diffusion loss = 0.219

[2026-07-12 14:21:16,715][root][INFO] - Epoch 290: duration loss = 0.290 | prior loss = 1.206 | diffusion loss = 0.215

[2026-07-12 14:23:01,465][root][INFO] - Epoch 291: duration loss = 0.289 | prior loss = 1.206 | diffusion loss = 0.216

[2026-07-12 14:24:44,393][root][INFO] - Epoch 292: duration loss = 0.289 | prior loss = 1.206 | diffusion loss = 0.218

[2026-07-12 14:26:27,880][root][INFO] - Epoch 293: duration loss = 0.290 | prior loss = 1.206 | diffusion loss = 0.217

[2026-07-12 14:28:12,612][root][INFO] - Epoch 294: duration loss = 0.290 | prior loss = 1.206 | diffusion loss = 0.217

[2026-07-12 14:29:58,107][root][INFO] - Epoch 295: duration loss = 0.289 | prior loss = 1.206 | diffusion loss = 0.218

[2026-07-12 14:31:43,657][root][INFO] - Epoch 296: duration loss = 0.289 | prior loss = 1.206 | diffusion loss = 0.217

[2026-07-12 14:33:29,120][root][INFO] - Epoch 297: duration loss = 0.289 | prior loss = 1.206 | diffusion loss = 0.217

[2026-07-12 14:35:15,106][root][INFO] - Epoch 298: duration loss = 0.289 | prior loss = 1.206 | diffusion loss = 0.215

[2026-07-12 14:37:01,722][root][INFO] - Epoch 299: duration loss = 0.289 | prior loss = 1.206 | diffusion loss = 0.216

[2026-07-12 14:38:50,455][root][INFO] - Epoch 300: duration loss = 0.289 | prior loss = 1.206 | diffusion loss = 0.216

[2026-07-12 14:40:39,107][root][INFO] - Epoch 301: duration loss = 0.290 | prior loss = 1.206 | diffusion loss = 0.218

[2026-07-12 14:42:25,347][root][INFO] - Epoch 302: duration loss = 0.289 | prior loss = 1.206 | diffusion loss = 0.215

[2026-07-12 14:44:13,833][root][INFO] - Epoch 303: duration loss = 0.289 | prior loss = 1.206 | diffusion loss = 0.215

[2026-07-12 14:46:01,864][root][INFO] - Epoch 304: duration loss = 0.289 | prior loss = 1.206 | diffusion loss = 0.217

[2026-07-12 14:47:48,408][root][INFO] - Epoch 305: duration loss = 0.290 | prior loss = 1.206 | diffusion loss = 0.217

[2026-07-12 14:49:34,542][root][INFO] - Epoch 306: duration loss = 0.290 | prior loss = 1.206 | diffusion loss = 0.216

[2026-07-12 14:51:18,637][root][INFO] - Epoch 307: duration loss = 0.290 | prior loss = 1.206 | diffusion loss = 0.215

[2026-07-12 14:53:05,585][root][INFO] - Epoch 308: duration loss = 0.289 | prior loss = 1.206 | diffusion loss = 0.217

[2026-07-12 14:54:49,566][root][INFO] - Epoch 309: duration loss = 0.289 | prior loss = 1.206 | diffusion loss = 0.215

[2026-07-12 14:56:35,330][root][INFO] - Epoch 310: duration loss = 0.289 | prior loss = 1.206 | diffusion loss = 0.215

[2026-07-12 14:58:23,343][root][INFO] - Epoch 311: duration loss = 0.290 | prior loss = 1.206 | diffusion loss = 0.218

[2026-07-12 15:00:11,165][root][INFO] - Epoch 312: duration loss = 0.290 | prior loss = 1.206 | diffusion loss = 0.218

[2026-07-12 15:01:59,576][root][INFO] - Epoch 313: duration loss = 0.290 | prior loss = 1.206 | diffusion loss = 0.217

[2026-07-12 15:03:43,740][root][INFO] - Epoch 314: duration loss = 0.289 | prior loss = 1.206 | diffusion loss = 0.217

[2026-07-12 15:05:29,739][root][INFO] - Epoch 315: duration loss = 0.289 | prior loss = 1.206 | diffusion loss = 0.216

[2026-07-12 15:07:15,865][root][INFO] - Epoch 316: duration loss = 0.290 | prior loss = 1.206 | diffusion loss = 0.217

[2026-07-12 15:08:59,613][root][INFO] - Epoch 317: duration loss = 0.289 | prior loss = 1.206 | diffusion loss = 0.216

[2026-07-12 15:10:43,611][root][INFO] - Epoch 318: duration loss = 0.289 | prior loss = 1.206 | diffusion loss = 0.216

[2026-07-12 15:12:27,138][root][INFO] - Epoch 319: duration loss = 0.290 | prior loss = 1.206 | diffusion loss = 0.217

[2026-07-12 15:14:11,879][root][INFO] - Epoch 320: duration loss = 0.290 | prior loss = 1.206 | diffusion loss = 0.216

[2026-07-12 15:15:56,491][root][INFO] - Epoch 321: duration loss = 0.290 | prior loss = 1.206 | diffusion loss = 0.214

[2026-07-12 15:17:43,938][root][INFO] - Epoch 322: duration loss = 0.290 | prior loss = 1.206 | diffusion loss = 0.215

[2026-07-12 15:19:32,574][root][INFO] - Epoch 323: duration loss = 0.289 | prior loss = 1.206 | diffusion loss = 0.216

[2026-07-12 15:21:19,407][root][INFO] - Epoch 324: duration loss = 0.289 | prior loss = 1.206 | diffusion loss = 0.216

[2026-07-12 15:23:07,049][root][INFO] - Epoch 325: duration loss = 0.290 | prior loss = 1.206 | diffusion loss = 0.216

[2026-07-12 15:24:54,255][root][INFO] - Epoch 326: duration loss = 0.289 | prior loss = 1.206 | diffusion loss = 0.215

[2026-07-12 15:26:39,765][root][INFO] - Epoch 327: duration loss = 0.289 | prior loss = 1.206 | diffusion loss = 0.216

[2026-07-12 15:28:24,722][root][INFO] - Epoch 328: duration loss = 0.289 | prior loss = 1.207 | diffusion loss = 0.216

[2026-07-12 15:30:11,638][root][INFO] - Epoch 329: duration loss = 0.289 | prior loss = 1.206 | diffusion loss = 0.216

[2026-07-12 15:31:57,823][root][INFO] - Epoch 330: duration loss = 0.289 | prior loss = 1.206 | diffusion loss = 0.216

[2026-07-12 15:33:43,247][root][INFO] - Epoch 331: duration loss = 0.290 | prior loss = 1.206 | diffusion loss = 0.216

[2026-07-12 15:35:29,047][root][INFO] - Epoch 332: duration loss = 0.290 | prior loss = 1.206 | diffusion loss = 0.215

[2026-07-12 15:37:17,662][root][INFO] - Epoch 333: duration loss = 0.289 | prior loss = 1.206 | diffusion loss = 0.216

[2026-07-12 15:39:06,585][root][INFO] - Epoch 334: duration loss = 0.289 | prior loss = 1.205 | diffusion loss = 0.216

[2026-07-12 15:40:54,631][root][INFO] - Epoch 335: duration loss = 0.289 | prior loss = 1.206 | diffusion loss = 0.214

[2026-07-12 15:42:43,508][root][INFO] - Epoch 336: duration loss = 0.289 | prior loss = 1.206 | diffusion loss = 0.216

[2026-07-12 15:44:34,044][root][INFO] - Epoch 337: duration loss = 0.289 | prior loss = 1.206 | diffusion loss = 0.213

[2026-07-12 15:46:21,448][root][INFO] - Epoch 338: duration loss = 0.289 | prior loss = 1.206 | diffusion loss = 0.216

[2026-07-12 15:48:08,346][root][INFO] - Epoch 339: duration loss = 0.289 | prior loss = 1.206 | diffusion loss = 0.215

[2026-07-12 15:49:57,003][root][INFO] - Epoch 340: duration loss = 0.290 | prior loss = 1.206 | diffusion loss = 0.213

[2026-07-12 15:51:42,972][root][INFO] - Epoch 341: duration loss = 0.289 | prior loss = 1.206 | diffusion loss = 0.216

[2026-07-12 15:53:28,197][root][INFO] - Epoch 342: duration loss = 0.289 | prior loss = 1.206 | diffusion loss = 0.216

[2026-07-12 15:55:14,563][root][INFO] - Epoch 343: duration loss = 0.290 | prior loss = 1.207 | diffusion loss = 0.216

[2026-07-12 15:56:59,962][root][INFO] - Epoch 344: duration loss = 0.289 | prior loss = 1.206 | diffusion loss = 0.215

[2026-07-12 15:58:44,203][root][INFO] - Epoch 345: duration loss = 0.289 | prior loss = 1.206 | diffusion loss = 0.217

[2026-07-12 16:00:29,152][root][INFO] - Epoch 346: duration loss = 0.290 | prior loss = 1.206 | diffusion loss = 0.216

[2026-07-12 16:02:14,475][root][INFO] - Epoch 347: duration loss = 0.289 | prior loss = 1.206 | diffusion loss = 0.213

[2026-07-12 16:03:59,253][root][INFO] - Epoch 348: duration loss = 0.289 | prior loss = 1.206 | diffusion loss = 0.215

[2026-07-12 16:05:42,870][root][INFO] - Epoch 349: duration loss = 0.289 | prior loss = 1.206 | diffusion loss = 0.215

[2026-07-12 16:07:28,764][root][INFO] - Epoch 350: duration loss = 0.290 | prior loss = 1.206 | diffusion loss = 0.215

[2026-07-12 16:09:13,574][root][INFO] - Epoch 351: duration loss = 0.289 | prior loss = 1.206 | diffusion loss = 0.214

[2026-07-12 16:11:03,250][root][INFO] - Epoch 352: duration loss = 0.290 | prior loss = 1.205 | diffusion loss = 0.216

[2026-07-12 16:12:48,757][root][INFO] - Epoch 353: duration loss = 0.290 | prior loss = 1.206 | diffusion loss = 0.214

[2026-07-12 16:14:34,392][root][INFO] - Epoch 354: duration loss = 0.290 | prior loss = 1.206 | diffusion loss = 0.214

[2026-07-12 16:16:18,083][root][INFO] - Epoch 355: duration loss = 0.289 | prior loss = 1.206 | diffusion loss = 0.215

[2026-07-12 16:18:03,137][root][INFO] - Epoch 356: duration loss = 0.289 | prior loss = 1.206 | diffusion loss = 0.216

[2026-07-12 16:19:47,950][root][INFO] - Epoch 357: duration loss = 0.289 | prior loss = 1.206 | diffusion loss = 0.215

[2026-07-12 16:21:33,596][root][INFO] - Epoch 358: duration loss = 0.289 | prior loss = 1.206 | diffusion loss = 0.215

[2026-07-12 16:23:16,737][root][INFO] - Epoch 359: duration loss = 0.290 | prior loss = 1.206 | diffusion loss = 0.214

[2026-07-12 16:25:02,851][root][INFO] - Epoch 360: duration loss = 0.289 | prior loss = 1.206 | diffusion loss = 0.214

[2026-07-12 16:26:46,873][root][INFO] - Epoch 361: duration loss = 0.289 | prior loss = 1.207 | diffusion loss = 0.216

[2026-07-12 16:28:29,664][root][INFO] - Epoch 362: duration loss = 0.289 | prior loss = 1.206 | diffusion loss = 0.215

[2026-07-12 16:30:13,088][root][INFO] - Epoch 363: duration loss = 0.289 | prior loss = 1.206 | diffusion loss = 0.214

[2026-07-12 16:31:57,490][root][INFO] - Epoch 364: duration loss = 0.289 | prior loss = 1.206 | diffusion loss = 0.215

[2026-07-12 16:33:40,878][root][INFO] - Epoch 365: duration loss = 0.289 | prior loss = 1.206 | diffusion loss = 0.214

[2026-07-12 16:35:28,457][root][INFO] - Epoch 366: duration loss = 0.290 | prior loss = 1.206 | diffusion loss = 0.213

[2026-07-12 16:37:15,294][root][INFO] - Epoch 367: duration loss = 0.290 | prior loss = 1.206 | diffusion loss = 0.215

[2026-07-12 16:39:02,160][root][INFO] - Epoch 368: duration loss = 0.289 | prior loss = 1.206 | diffusion loss = 0.215

[2026-07-12 16:40:49,419][root][INFO] - Epoch 369: duration loss = 0.289 | prior loss = 1.206 | diffusion loss = 0.214

[2026-07-12 16:42:37,235][root][INFO] - Epoch 370: duration loss = 0.290 | prior loss = 1.206 | diffusion loss = 0.216

[2026-07-12 16:44:22,864][root][INFO] - Epoch 371: duration loss = 0.289 | prior loss = 1.206 | diffusion loss = 0.213

[2026-07-12 16:46:07,508][root][INFO] - Epoch 372: duration loss = 0.289 | prior loss = 1.206 | diffusion loss = 0.213

[2026-07-12 16:47:52,513][root][INFO] - Epoch 373: duration loss = 0.289 | prior loss = 1.206 | diffusion loss = 0.215

[2026-07-12 16:49:36,634][root][INFO] - Epoch 374: duration loss = 0.289 | prior loss = 1.206 | diffusion loss = 0.215

[2026-07-12 16:51:21,426][root][INFO] - Epoch 375: duration loss = 0.290 | prior loss = 1.206 | diffusion loss = 0.213

[2026-07-12 16:53:07,767][root][INFO] - Epoch 376: duration loss = 0.289 | prior loss = 1.206 | diffusion loss = 0.216

[2026-07-12 16:54:54,101][root][INFO] - Epoch 377: duration loss = 0.289 | prior loss = 1.206 | diffusion loss = 0.213

[2026-07-12 16:56:41,195][root][INFO] - Epoch 378: duration loss = 0.290 | prior loss = 1.206 | diffusion loss = 0.218

[2026-07-12 16:58:28,986][root][INFO] - Epoch 379: duration loss = 0.290 | prior loss = 1.206 | diffusion loss = 0.213

[2026-07-12 17:00:16,729][root][INFO] - Epoch 380: duration loss = 0.290 | prior loss = 1.206 | diffusion loss = 0.217

[2026-07-12 17:02:03,131][root][INFO] - Epoch 381: duration loss = 0.290 | prior loss = 1.206 | diffusion loss = 0.213

[2026-07-12 17:03:49,822][root][INFO] - Epoch 382: duration loss = 0.289 | prior loss = 1.206 | diffusion loss = 0.214

[2026-07-12 17:05:35,561][root][INFO] - Epoch 383: duration loss = 0.289 | prior loss = 1.206 | diffusion loss = 0.214

[2026-07-12 17:07:21,640][root][INFO] - Epoch 384: duration loss = 0.289 | prior loss = 1.206 | diffusion loss = 0.214

[2026-07-12 17:09:08,121][root][INFO] - Epoch 385: duration loss = 0.289 | prior loss = 1.206 | diffusion loss = 0.215

[2026-07-12 17:10:54,180][root][INFO] - Epoch 386: duration loss = 0.290 | prior loss = 1.206 | diffusion loss = 0.216

[2026-07-12 17:12:40,094][root][INFO] - Epoch 387: duration loss = 0.289 | prior loss = 1.206 | diffusion loss = 0.216

[2026-07-12 17:14:26,943][root][INFO] - Epoch 388: duration loss = 0.289 | prior loss = 1.206 | diffusion loss = 0.212

[2026-07-12 17:16:14,561][root][INFO] - Epoch 389: duration loss = 0.289 | prior loss = 1.206 | diffusion loss = 0.213

[2026-07-12 17:18:01,000][root][INFO] - Epoch 390: duration loss = 0.289 | prior loss = 1.206 | diffusion loss = 0.213

[2026-07-12 17:19:47,823][root][INFO] - Epoch 391: duration loss = 0.289 | prior loss = 1.206 | diffusion loss = 0.214

[2026-07-12 17:21:35,403][root][INFO] - Epoch 392: duration loss = 0.289 | prior loss = 1.206 | diffusion loss = 0.213

[2026-07-12 17:23:21,419][root][INFO] - Epoch 393: duration loss = 0.289 | prior loss = 1.206 | diffusion loss = 0.211

[2026-07-12 17:25:06,944][root][INFO] - Epoch 394: duration loss = 0.289 | prior loss = 1.206 | diffusion loss = 0.212

[2026-07-12 17:26:52,372][root][INFO] - Epoch 395: duration loss = 0.289 | prior loss = 1.206 | diffusion loss = 0.213

[2026-07-12 17:28:38,034][root][INFO] - Epoch 396: duration loss = 0.289 | prior loss = 1.206 | diffusion loss = 0.215

[2026-07-12 17:30:23,357][root][INFO] - Epoch 397: duration loss = 0.290 | prior loss = 1.206 | diffusion loss = 0.211

[2026-07-12 17:32:08,598][root][INFO] - Epoch 398: duration loss = 0.290 | prior loss = 1.206 | diffusion loss = 0.212

[2026-07-12 17:33:55,157][root][INFO] - Epoch 399: duration loss = 0.290 | prior loss = 1.207 | diffusion loss = 0.214

[2026-07-12 17:35:42,173][root][INFO] - Epoch 400: duration loss = 0.289 | prior loss = 1.206 | diffusion loss = 0.214

[2026-07-12 17:37:29,214][root][INFO] - Epoch 401: duration loss = 0.290 | prior loss = 1.206 | diffusion loss = 0.212

[2026-07-12 17:39:16,007][root][INFO] - Epoch 402: duration loss = 0.289 | prior loss = 1.206 | diffusion loss = 0.215

[2026-07-12 17:41:02,548][root][INFO] - Epoch 403: duration loss = 0.290 | prior loss = 1.206 | diffusion loss = 0.213

[2026-07-12 17:42:49,010][root][INFO] - Epoch 404: duration loss = 0.290 | prior loss = 1.206 | diffusion loss = 0.213

[2026-07-12 17:44:35,042][root][INFO] - Epoch 405: duration loss = 0.290 | prior loss = 1.206 | diffusion loss = 0.215

[2026-07-12 17:46:21,000][root][INFO] - Epoch 406: duration loss = 0.289 | prior loss = 1.206 | diffusion loss = 0.212

[2026-07-12 17:48:10,428][root][INFO] - Epoch 407: duration loss = 0.289 | prior loss = 1.206 | diffusion loss = 0.214

[2026-07-12 17:49:57,014][root][INFO] - Epoch 408: duration loss = 0.290 | prior loss = 1.206 | diffusion loss = 0.213

[2026-07-12 17:51:43,130][root][INFO] - Epoch 409: duration loss = 0.290 | prior loss = 1.206 | diffusion loss = 0.212

[2026-07-12 17:53:30,714][root][INFO] - Epoch 410: duration loss = 0.290 | prior loss = 1.206 | diffusion loss = 0.214

[2026-07-12 17:55:18,531][root][INFO] - Epoch 411: duration loss = 0.290 | prior loss = 1.206 | diffusion loss = 0.213

[2026-07-12 17:57:03,644][root][INFO] - Epoch 412: duration loss = 0.290 | prior loss = 1.206 | diffusion loss = 0.214

[2026-07-12 17:58:59,881][root][INFO] - Epoch 413: duration loss = 0.289 | prior loss = 1.206 | diffusion loss = 0.214

[2026-07-12 18:00:58,932][root][INFO] - Epoch 414: duration loss = 0.290 | prior loss = 1.206 | diffusion loss = 0.214

[2026-07-12 18:02:53,684][root][INFO] - Epoch 415: duration loss = 0.289 | prior loss = 1.206 | diffusion loss = 0.214

[2026-07-12 18:04:53,781][root][INFO] - Epoch 416: duration loss = 0.289 | prior loss = 1.205 | diffusion loss = 0.212

[2026-07-12 18:06:51,184][root][INFO] - Epoch 417: duration loss = 0.290 | prior loss = 1.205 | diffusion loss = 0.211

[2026-07-12 18:08:48,249][root][INFO] - Epoch 418: duration loss = 0.290 | prior loss = 1.206 | diffusion loss = 0.211

[2026-07-12 18:10:42,026][root][INFO] - Epoch 419: duration loss = 0.289 | prior loss = 1.206 | diffusion loss = 0.213

[2026-07-12 18:12:34,654][root][INFO] - Epoch 420: duration loss = 0.290 | prior loss = 1.206 | diffusion loss = 0.213

[2026-07-12 18:14:30,292][root][INFO] - Epoch 421: duration loss = 0.289 | prior loss = 1.206 | diffusion loss = 0.212

[2026-07-12 18:16:25,499][root][INFO] - Epoch 422: duration loss = 0.289 | prior loss = 1.206 | diffusion loss = 0.212

[2026-07-12 18:18:21,280][root][INFO] - Epoch 423: duration loss = 0.289 | prior loss = 1.206 | diffusion loss = 0.213

[2026-07-12 18:20:08,209][root][INFO] - Epoch 424: duration loss = 0.290 | prior loss = 1.206 | diffusion loss = 0.212

[2026-07-12 18:21:54,066][root][INFO] - Epoch 425: duration loss = 0.289 | prior loss = 1.206 | diffusion loss = 0.214

[2026-07-12 18:23:39,497][root][INFO] - Epoch 426: duration loss = 0.289 | prior loss = 1.206 | diffusion loss = 0.212

[2026-07-12 18:25:25,077][root][INFO] - Epoch 427: duration loss = 0.289 | prior loss = 1.206 | diffusion loss = 0.213

[2026-07-12 18:27:10,340][root][INFO] - Epoch 428: duration loss = 0.289 | prior loss = 1.206 | diffusion loss = 0.213

[2026-07-12 18:28:55,410][root][INFO] - Epoch 429: duration loss = 0.289 | prior loss = 1.206 | diffusion loss = 0.213

[2026-07-12 18:30:41,300][root][INFO] - Epoch 430: duration loss = 0.290 | prior loss = 1.206 | diffusion loss = 0.211

[2026-07-12 18:32:29,378][root][INFO] - Epoch 431: duration loss = 0.289 | prior loss = 1.206 | diffusion loss = 0.211

[2026-07-12 18:34:15,447][root][INFO] - Epoch 432: duration loss = 0.289 | prior loss = 1.206 | diffusion loss = 0.215

[2026-07-12 18:36:01,981][root][INFO] - Epoch 433: duration loss = 0.289 | prior loss = 1.206 | diffusion loss = 0.212

[2026-07-12 18:37:49,040][root][INFO] - Epoch 434: duration loss = 0.290 | prior loss = 1.206 | diffusion loss = 0.214

[2026-07-12 18:39:35,981][root][INFO] - Epoch 435: duration loss = 0.289 | prior loss = 1.206 | diffusion loss = 0.212

[2026-07-12 18:41:21,533][root][INFO] - Epoch 436: duration loss = 0.290 | prior loss = 1.206 | diffusion loss = 0.212

[2026-07-12 18:43:07,479][root][INFO] - Epoch 437: duration loss = 0.290 | prior loss = 1.206 | diffusion loss = 0.212

[2026-07-12 18:44:53,534][root][INFO] - Epoch 438: duration loss = 0.289 | prior loss = 1.206 | diffusion loss = 0.213

[2026-07-12 18:46:40,397][root][INFO] - Epoch 439: duration loss = 0.289 | prior loss = 1.206 | diffusion loss = 0.211

[2026-07-12 18:48:25,402][root][INFO] - Epoch 440: duration loss = 0.289 | prior loss = 1.206 | diffusion loss = 0.213

[2026-07-12 18:50:11,384][root][INFO] - Epoch 441: duration loss = 0.290 | prior loss = 1.206 | diffusion loss = 0.212

[2026-07-12 18:51:59,309][root][INFO] - Epoch 442: duration loss = 0.289 | prior loss = 1.206 | diffusion loss = 0.210

[2026-07-12 18:53:46,616][root][INFO] - Epoch 443: duration loss = 0.290 | prior loss = 1.206 | diffusion loss = 0.211

[2026-07-12 18:55:33,760][root][INFO] - Epoch 444: duration loss = 0.290 | prior loss = 1.206 | diffusion loss = 0.213

[2026-07-12 18:57:21,806][root][INFO] - Epoch 445: duration loss = 0.290 | prior loss = 1.206 | diffusion loss = 0.212

[2026-07-12 18:59:09,539][root][INFO] - Epoch 446: duration loss = 0.289 | prior loss = 1.206 | diffusion loss = 0.212

[2026-07-12 19:00:56,953][root][INFO] - Epoch 447: duration loss = 0.289 | prior loss = 1.206 | diffusion loss = 0.213

[2026-07-12 19:02:43,537][root][INFO] - Epoch 448: duration loss = 0.289 | prior loss = 1.206 | diffusion loss = 0.210

[2026-07-12 19:04:29,605][root][INFO] - Epoch 449: duration loss = 0.289 | prior loss = 1.206 | diffusion loss = 0.210

[2026-07-12 19:06:15,958][root][INFO] - Epoch 450: duration loss = 0.289 | prior loss = 1.206 | diffusion loss = 0.210

[2026-07-12 19:08:02,666][root][INFO] - Epoch 451: duration loss = 0.289 | prior loss = 1.206 | diffusion loss = 0.211

[2026-07-12 19:09:48,872][root][INFO] - Epoch 452: duration loss = 0.290 | prior loss = 1.206 | diffusion loss = 0.214

[2026-07-12 19:11:38,058][root][INFO] - Epoch 453: duration loss = 0.290 | prior loss = 1.206 | diffusion loss = 0.212

[2026-07-12 19:13:26,350][root][INFO] - Epoch 454: duration loss = 0.290 | prior loss = 1.206 | diffusion loss = 0.212

[2026-07-12 19:15:14,329][root][INFO] - Epoch 455: duration loss = 0.289 | prior loss = 1.206 | diffusion loss = 0.211

[2026-07-12 19:17:01,482][root][INFO] - Epoch 456: duration loss = 0.289 | prior loss = 1.206 | diffusion loss = 0.210

[2026-07-12 19:18:49,750][root][INFO] - Epoch 457: duration loss = 0.289 | prior loss = 1.206 | diffusion loss = 0.213

[2026-07-12 19:20:35,730][root][INFO] - Epoch 458: duration loss = 0.290 | prior loss = 1.206 | diffusion loss = 0.211

[2026-07-12 19:22:21,727][root][INFO] - Epoch 459: duration loss = 0.289 | prior loss = 1.206 | diffusion loss = 0.211

[2026-07-12 19:24:07,559][root][INFO] - Epoch 460: duration loss = 0.290 | prior loss = 1.206 | diffusion loss = 0.212

[2026-07-12 19:25:53,266][root][INFO] - Epoch 461: duration loss = 0.290 | prior loss = 1.207 | diffusion loss = 0.211

[2026-07-12 19:27:38,933][root][INFO] - Epoch 462: duration loss = 0.290 | prior loss = 1.206 | diffusion loss = 0.212

[2026-07-12 19:29:24,399][root][INFO] - Epoch 463: duration loss = 0.289 | prior loss = 1.206 | diffusion loss = 0.211

[2026-07-12 19:31:11,907][root][INFO] - Epoch 464: duration loss = 0.290 | prior loss = 1.206 | diffusion loss = 0.211

[2026-07-12 19:32:58,324][root][INFO] - Epoch 465: duration loss = 0.290 | prior loss = 1.206 | diffusion loss = 0.212

[2026-07-12 19:34:45,246][root][INFO] - Epoch 466: duration loss = 0.290 | prior loss = 1.206 | diffusion loss = 0.211

[2026-07-12 19:36:32,305][root][INFO] - Epoch 467: duration loss = 0.290 | prior loss = 1.206 | diffusion loss = 0.213

[2026-07-12 19:38:18,759][root][INFO] - Epoch 468: duration loss = 0.289 | prior loss = 1.206 | diffusion loss = 0.211

[2026-07-12 19:40:09,603][root][INFO] - Epoch 469: duration loss = 0.290 | prior loss = 1.206 | diffusion loss = 0.211

[2026-07-12 19:41:54,744][root][INFO] - Epoch 470: duration loss = 0.289 | prior loss = 1.206 | diffusion loss = 0.211

[2026-07-12 19:43:40,628][root][INFO] - Epoch 471: duration loss = 0.289 | prior loss = 1.206 | diffusion loss = 0.209

[2026-07-12 19:45:25,627][root][INFO] - Epoch 472: duration loss = 0.290 | prior loss = 1.206 | diffusion loss = 0.212

[2026-07-12 19:47:10,824][root][INFO] - Epoch 473: duration loss = 0.289 | prior loss = 1.206 | diffusion loss = 0.211

[2026-07-12 19:48:56,786][root][INFO] - Epoch 474: duration loss = 0.289 | prior loss = 1.206 | diffusion loss = 0.207

[2026-07-12 19:50:43,675][root][INFO] - Epoch 475: duration loss = 0.289 | prior loss = 1.207 | diffusion loss = 0.211

[2026-07-12 19:52:30,823][root][INFO] - Epoch 476: duration loss = 0.289 | prior loss = 1.206 | diffusion loss = 0.209

[2026-07-12 19:54:17,979][root][INFO] - Epoch 477: duration loss = 0.289 | prior loss = 1.206 | diffusion loss = 0.211

[2026-07-12 19:56:05,227][root][INFO] - Epoch 478: duration loss = 0.290 | prior loss = 1.206 | diffusion loss = 0.211

[2026-07-12 19:57:52,672][root][INFO] - Epoch 479: duration loss = 0.289 | prior loss = 1.206 | diffusion loss = 0.209

[2026-07-12 19:59:39,001][root][INFO] - Epoch 480: duration loss = 0.289 | prior loss = 1.206 | diffusion loss = 0.210

[2026-07-12 20:01:23,765][root][INFO] - Epoch 481: duration loss = 0.289 | prior loss = 1.206 | diffusion loss = 0.212

[2026-07-12 20:03:09,589][root][INFO] - Epoch 482: duration loss = 0.290 | prior loss = 1.206 | diffusion loss = 0.209

[2026-07-12 20:04:55,548][root][INFO] - Epoch 483: duration loss = 0.289 | prior loss = 1.206 | diffusion loss = 0.210

[2026-07-12 20:06:41,452][root][INFO] - Epoch 484: duration loss = 0.289 | prior loss = 1.205 | diffusion loss = 0.210

[2026-07-12 20:08:27,132][root][INFO] - Epoch 485: duration loss = 0.289 | prior loss = 1.206 | diffusion loss = 0.211

[2026-07-12 20:10:20,071][root][INFO] - Epoch 486: duration loss = 0.290 | prior loss = 1.206 | diffusion loss = 0.211

[2026-07-12 20:12:07,013][root][INFO] - Epoch 487: duration loss = 0.289 | prior loss = 1.206 | diffusion loss = 0.211

[2026-07-12 20:13:54,419][root][INFO] - Epoch 488: duration loss = 0.289 | prior loss = 1.206 | diffusion loss = 0.213

[2026-07-12 20:15:41,700][root][INFO] - Epoch 489: duration loss = 0.290 | prior loss = 1.206 | diffusion loss = 0.211

[2026-07-12 20:17:29,545][root][INFO] - Epoch 490: duration loss = 0.289 | prior loss = 1.206 | diffusion loss = 0.209

[2026-07-12 20:19:15,672][root][INFO] - Epoch 491: duration loss = 0.290 | prior loss = 1.206 | diffusion loss = 0.209

[2026-07-12 20:21:01,028][root][INFO] - Epoch 492: duration loss = 0.289 | prior loss = 1.206 | diffusion loss = 0.209

[2026-07-12 20:22:46,879][root][INFO] - Epoch 493: duration loss = 0.290 | prior loss = 1.206 | diffusion loss = 0.210

[2026-07-12 20:24:33,478][root][INFO] - Epoch 494: duration loss = 0.289 | prior loss = 1.206 | diffusion loss = 0.209

[2026-07-12 20:26:19,594][root][INFO] - Epoch 495: duration loss = 0.289 | prior loss = 1.206 | diffusion loss = 0.210

[2026-07-12 20:28:05,254][root][INFO] - Epoch 496: duration loss = 0.289 | prior loss = 1.206 | diffusion loss = 0.211

[2026-07-12 20:29:49,673][root][INFO] - Epoch 497: duration loss = 0.289 | prior loss = 1.206 | diffusion loss = 0.209

[2026-07-12 20:31:34,093][root][INFO] - Epoch 498: duration loss = 0.289 | prior loss = 1.206 | diffusion loss = 0.209

[2026-07-12 20:33:18,402][root][INFO] - Epoch 499: duration loss = 0.289 | prior loss = 1.206 | diffusion loss = 0.209

[2026-07-12 20:35:09,653][root][INFO] - Epoch 500: duration loss = 0.288 | prior loss = 1.204 | diffusion loss = 0.208

[2026-07-12 20:37:01,370][root][INFO] - Epoch 501: duration loss = 0.286 | prior loss = 1.203 | diffusion loss = 0.208

[2026-07-12 20:38:52,695][root][INFO] - Epoch 502: duration loss = 0.285 | prior loss = 1.202 | diffusion loss = 0.209

[2026-07-12 20:40:43,832][root][INFO] - Epoch 503: duration loss = 0.285 | prior loss = 1.202 | diffusion loss = 0.208

[2026-07-12 20:42:35,934][root][INFO] - Epoch 504: duration loss = 0.284 | prior loss = 1.202 | diffusion loss = 0.208

[2026-07-12 20:44:27,625][root][INFO] - Epoch 505: duration loss = 0.284 | prior loss = 1.201 | diffusion loss = 0.209

[2026-07-12 20:46:19,179][root][INFO] - Epoch 506: duration loss = 0.284 | prior loss = 1.201 | diffusion loss = 0.208

[2026-07-12 20:48:10,883][root][INFO] - Epoch 507: duration loss = 0.283 | prior loss = 1.201 | diffusion loss = 0.209

[2026-07-12 20:50:02,268][root][INFO] - Epoch 508: duration loss = 0.283 | prior loss = 1.201 | diffusion loss = 0.206

[2026-07-12 20:51:54,007][root][INFO] - Epoch 509: duration loss = 0.283 | prior loss = 1.201 | diffusion loss = 0.206

[2026-07-12 20:53:46,005][root][INFO] - Epoch 510: duration loss = 0.283 | prior loss = 1.200 | diffusion loss = 0.208

[2026-07-12 20:55:39,682][root][INFO] - Epoch 511: duration loss = 0.282 | prior loss = 1.200 | diffusion loss = 0.208

[2026-07-12 20:57:34,728][root][INFO] - Epoch 512: duration loss = 0.283 | prior loss = 1.200 | diffusion loss = 0.208

[2026-07-12 20:59:34,727][root][INFO] - Epoch 513: duration loss = 0.282 | prior loss = 1.200 | diffusion loss = 0.207

[2026-07-12 21:01:29,332][root][INFO] - Epoch 514: duration loss = 0.282 | prior loss = 1.200 | diffusion loss = 0.205

[2026-07-12 21:03:22,142][root][INFO] - Epoch 515: duration loss = 0.283 | prior loss = 1.200 | diffusion loss = 0.207

[2026-07-12 21:05:14,428][root][INFO] - Epoch 516: duration loss = 0.282 | prior loss = 1.200 | diffusion loss = 0.207

[2026-07-12 21:07:05,965][root][INFO] - Epoch 517: duration loss = 0.283 | prior loss = 1.200 | diffusion loss = 0.205

[2026-07-12 21:08:57,728][root][INFO] - Epoch 518: duration loss = 0.282 | prior loss = 1.199 | diffusion loss = 0.207

[2026-07-12 21:10:49,315][root][INFO] - Epoch 519: duration loss = 0.282 | prior loss = 1.199 | diffusion loss = 0.207

[2026-07-12 21:12:44,814][root][INFO] - Epoch 520: duration loss = 0.282 | prior loss = 1.199 | diffusion loss = 0.206

[2026-07-12 21:14:36,090][root][INFO] - Epoch 521: duration loss = 0.282 | prior loss = 1.199 | diffusion loss = 0.205

[2026-07-12 21:16:27,578][root][INFO] - Epoch 522: duration loss = 0.282 | prior loss = 1.199 | diffusion loss = 0.206

[2026-07-12 21:18:19,176][root][INFO] - Epoch 523: duration loss = 0.282 | prior loss = 1.199 | diffusion loss = 0.206

[2026-07-12 21:20:10,978][root][INFO] - Epoch 524: duration loss = 0.282 | prior loss = 1.199 | diffusion loss = 0.206

[2026-07-12 21:22:02,342][root][INFO] - Epoch 525: duration loss = 0.281 | prior loss = 1.199 | diffusion loss = 0.205

[2026-07-12 21:23:52,492][root][INFO] - Epoch 526: duration loss = 0.282 | prior loss = 1.199 | diffusion loss = 0.204

[2026-07-12 21:25:42,618][root][INFO] - Epoch 527: duration loss = 0.282 | prior loss = 1.199 | diffusion loss = 0.206

[2026-07-12 21:27:33,054][root][INFO] - Epoch 528: duration loss = 0.281 | prior loss = 1.199 | diffusion loss = 0.206

[2026-07-12 21:29:23,264][root][INFO] - Epoch 529: duration loss = 0.281 | prior loss = 1.198 | diffusion loss = 0.203

[2026-07-12 21:31:13,291][root][INFO] - Epoch 530: duration loss = 0.281 | prior loss = 1.199 | diffusion loss = 0.205

[2026-07-12 21:33:03,509][root][INFO] - Epoch 531: duration loss = 0.282 | prior loss = 1.199 | diffusion loss = 0.204

[2026-07-12 21:34:53,918][root][INFO] - Epoch 532: duration loss = 0.282 | prior loss = 1.199 | diffusion loss = 0.205

[2026-07-12 21:36:44,210][root][INFO] - Epoch 533: duration loss = 0.281 | prior loss = 1.199 | diffusion loss = 0.203

[2026-07-12 21:38:34,070][root][INFO] - Epoch 534: duration loss = 0.281 | prior loss = 1.199 | diffusion loss = 0.205

[2026-07-12 21:40:23,648][root][INFO] - Epoch 535: duration loss = 0.281 | prior loss = 1.198 | diffusion loss = 0.205

[2026-07-12 21:42:13,661][root][INFO] - Epoch 536: duration loss = 0.281 | prior loss = 1.198 | diffusion loss = 0.205

[2026-07-12 21:44:03,052][root][INFO] - Epoch 537: duration loss = 0.281 | prior loss = 1.198 | diffusion loss = 0.203

[2026-07-12 21:45:52,229][root][INFO] - Epoch 538: duration loss = 0.281 | prior loss = 1.198 | diffusion loss = 0.204

[2026-07-12 21:47:41,889][root][INFO] - Epoch 539: duration loss = 0.281 | prior loss = 1.198 | diffusion loss = 0.205

[2026-07-12 21:49:33,006][root][INFO] - Epoch 540: duration loss = 0.281 | prior loss = 1.198 | diffusion loss = 0.205

[2026-07-12 21:51:24,218][root][INFO] - Epoch 541: duration loss = 0.281 | prior loss = 1.199 | diffusion loss = 0.204

[2026-07-12 21:53:17,116][root][INFO] - Epoch 542: duration loss = 0.281 | prior loss = 1.198 | diffusion loss = 0.203

[2026-07-12 21:55:09,549][root][INFO] - Epoch 543: duration loss = 0.281 | prior loss = 1.198 | diffusion loss = 0.205

[2026-07-12 21:57:02,142][root][INFO] - Epoch 544: duration loss = 0.281 | prior loss = 1.198 | diffusion loss = 0.205

[2026-07-12 21:58:55,012][root][INFO] - Epoch 545: duration loss = 0.280 | prior loss = 1.198 | diffusion loss = 0.203

[2026-07-12 22:00:47,286][root][INFO] - Epoch 546: duration loss = 0.281 | prior loss = 1.198 | diffusion loss = 0.203

[2026-07-12 22:02:39,590][root][INFO] - Epoch 547: duration loss = 0.281 | prior loss = 1.198 | diffusion loss = 0.204

[2026-07-12 22:04:30,992][root][INFO] - Epoch 548: duration loss = 0.281 | prior loss = 1.197 | diffusion loss = 0.202

[2026-07-12 22:06:22,697][root][INFO] - Epoch 549: duration loss = 0.281 | prior loss = 1.198 | diffusion loss = 0.204

[2026-07-12 22:08:13,867][root][INFO] - Epoch 550: duration loss = 0.280 | prior loss = 1.197 | diffusion loss = 0.204

[2026-07-12 22:10:04,976][root][INFO] - Epoch 551: duration loss = 0.281 | prior loss = 1.197 | diffusion loss = 0.204

[2026-07-12 22:11:55,973][root][INFO] - Epoch 552: duration loss = 0.280 | prior loss = 1.198 | diffusion loss = 0.202

[2026-07-12 22:13:47,424][root][INFO] - Epoch 553: duration loss = 0.281 | prior loss = 1.198 | diffusion loss = 0.204

[2026-07-12 22:15:38,217][root][INFO] - Epoch 554: duration loss = 0.280 | prior loss = 1.198 | diffusion loss = 0.204

[2026-07-12 22:17:28,450][root][INFO] - Epoch 555: duration loss = 0.280 | prior loss = 1.198 | diffusion loss = 0.203

[2026-07-12 22:19:18,702][root][INFO] - Epoch 556: duration loss = 0.280 | prior loss = 1.197 | diffusion loss = 0.203

[2026-07-12 22:21:09,505][root][INFO] - Epoch 557: duration loss = 0.280 | prior loss = 1.197 | diffusion loss = 0.204

[2026-07-12 22:23:00,715][root][INFO] - Epoch 558: duration loss = 0.280 | prior loss = 1.197 | diffusion loss = 0.203

[2026-07-12 22:24:51,187][root][INFO] - Epoch 559: duration loss = 0.281 | prior loss = 1.197 | diffusion loss = 0.203

[2026-07-12 22:26:42,305][root][INFO] - Epoch 560: duration loss = 0.280 | prior loss = 1.197 | diffusion loss = 0.203

[2026-07-12 22:28:33,629][root][INFO] - Epoch 561: duration loss = 0.280 | prior loss = 1.198 | diffusion loss = 0.204

[2026-07-12 22:30:25,012][root][INFO] - Epoch 562: duration loss = 0.280 | prior loss = 1.197 | diffusion loss = 0.203

[2026-07-12 22:32:15,174][root][INFO] - Epoch 563: duration loss = 0.280 | prior loss = 1.197 | diffusion loss = 0.201

[2026-07-12 22:34:05,479][root][INFO] - Epoch 564: duration loss = 0.280 | prior loss = 1.197 | diffusion loss = 0.202

[2026-07-12 22:35:56,493][root][INFO] - Epoch 565: duration loss = 0.280 | prior loss = 1.197 | diffusion loss = 0.203

[2026-07-12 22:37:48,629][root][INFO] - Epoch 566: duration loss = 0.280 | prior loss = 1.198 | diffusion loss = 0.204

[2026-07-12 22:39:39,586][root][INFO] - Epoch 567: duration loss = 0.281 | prior loss = 1.198 | diffusion loss = 0.204

[2026-07-12 22:41:30,474][root][INFO] - Epoch 568: duration loss = 0.280 | prior loss = 1.197 | diffusion loss = 0.204

[2026-07-12 22:43:22,235][root][INFO] - Epoch 569: duration loss = 0.280 | prior loss = 1.198 | diffusion loss = 0.203

[2026-07-12 22:45:14,341][root][INFO] - Epoch 570: duration loss = 0.280 | prior loss = 1.197 | diffusion loss = 0.203

[2026-07-12 22:47:06,027][root][INFO] - Epoch 571: duration loss = 0.280 | prior loss = 1.197 | diffusion loss = 0.202

[2026-07-12 22:48:58,153][root][INFO] - Epoch 572: duration loss = 0.280 | prior loss = 1.197 | diffusion loss = 0.204

[2026-07-12 22:50:50,238][root][INFO] - Epoch 573: duration loss = 0.280 | prior loss = 1.197 | diffusion loss = 0.202

[2026-07-12 22:52:42,406][root][INFO] - Epoch 574: duration loss = 0.280 | prior loss = 1.197 | diffusion loss = 0.203

[2026-07-12 22:54:36,864][root][INFO] - Epoch 575: duration loss = 0.280 | prior loss = 1.197 | diffusion loss = 0.203

[2026-07-12 22:56:29,024][root][INFO] - Epoch 576: duration loss = 0.280 | prior loss = 1.197 | diffusion loss = 0.202

[2026-07-12 22:58:20,725][root][INFO] - Epoch 577: duration loss = 0.280 | prior loss = 1.197 | diffusion loss = 0.204

[2026-07-12 23:00:12,615][root][INFO] - Epoch 578: duration loss = 0.280 | prior loss = 1.197 | diffusion loss = 0.201

[2026-07-12 23:02:04,790][root][INFO] - Epoch 579: duration loss = 0.280 | prior loss = 1.197 | diffusion loss = 0.201

[2026-07-12 23:03:56,741][root][INFO] - Epoch 580: duration loss = 0.280 | prior loss = 1.197 | diffusion loss = 0.202

[2026-07-12 23:05:48,797][root][INFO] - Epoch 581: duration loss = 0.280 | prior loss = 1.197 | diffusion loss = 0.201

[2026-07-12 23:07:40,342][root][INFO] - Epoch 582: duration loss = 0.280 | prior loss = 1.197 | diffusion loss = 0.201

[2026-07-12 23:09:32,568][root][INFO] - Epoch 583: duration loss = 0.280 | prior loss = 1.197 | diffusion loss = 0.201

[2026-07-12 23:11:24,463][root][INFO] - Epoch 584: duration loss = 0.279 | prior loss = 1.197 | diffusion loss = 0.201

[2026-07-12 23:13:15,859][root][INFO] - Epoch 585: duration loss = 0.280 | prior loss = 1.197 | diffusion loss = 0.203

[2026-07-12 23:15:07,389][root][INFO] - Epoch 586: duration loss = 0.280 | prior loss = 1.196 | diffusion loss = 0.202

[2026-07-12 23:16:58,934][root][INFO] - Epoch 587: duration loss = 0.280 | prior loss = 1.197 | diffusion loss = 0.203

[2026-07-12 23:18:50,907][root][INFO] - Epoch 588: duration loss = 0.280 | prior loss = 1.197 | diffusion loss = 0.201

[2026-07-12 23:20:42,916][root][INFO] - Epoch 589: duration loss = 0.280 | prior loss = 1.197 | diffusion loss = 0.202

[2026-07-12 23:22:34,640][root][INFO] - Epoch 590: duration loss = 0.279 | prior loss = 1.197 | diffusion loss = 0.201

[2026-07-12 23:24:26,497][root][INFO] - Epoch 591: duration loss = 0.279 | prior loss = 1.197 | diffusion loss = 0.202

[2026-07-12 23:26:18,153][root][INFO] - Epoch 592: duration loss = 0.280 | prior loss = 1.197 | diffusion loss = 0.202

[2026-07-12 23:28:09,942][root][INFO] - Epoch 593: duration loss = 0.279 | prior loss = 1.197 | diffusion loss = 0.203

[2026-07-12 23:30:01,962][root][INFO] - Epoch 594: duration loss = 0.280 | prior loss = 1.197 | diffusion loss = 0.199

[2026-07-12 23:31:53,661][root][INFO] - Epoch 595: duration loss = 0.280 | prior loss = 1.196 | diffusion loss = 0.202

[2026-07-12 23:33:45,475][root][INFO] - Epoch 596: duration loss = 0.280 | prior loss = 1.197 | diffusion loss = 0.202

[2026-07-12 23:35:37,217][root][INFO] - Epoch 597: duration loss = 0.280 | prior loss = 1.196 | diffusion loss = 0.202

[2026-07-12 23:37:29,425][root][INFO] - Epoch 598: duration loss = 0.280 | prior loss = 1.197 | diffusion loss = 0.202

[2026-07-12 23:39:21,570][root][INFO] - Epoch 599: duration loss = 0.279 | prior loss = 1.196 | diffusion loss = 0.201

