[2026-07-12 06:41:34,475][root][INFO] - Initializing logger...
[2026-07-12 06:41:34,480][root][INFO] - Initializing data loaders...
[2026-07-12 06:41:35,448][root][INFO] - Initializing model...
[2026-07-12 06:41:35,577][root][INFO] - Number of encoder parameters = 7.20m
[2026-07-12 06:41:35,587][root][INFO] - Number of decoder parameters = 7.63m
[2026-07-12 06:41:36,018][root][INFO] - Initializing optimizer...
[2026-07-12 06:41:36,020][root][INFO] - Start training...
[2026-07-12 06:43:16,735][root][INFO] - Epoch 1: duration loss = 0.289 | prior loss = 1.206 | diffusion loss = 0.311

[2026-07-12 06:44:56,711][root][INFO] - Epoch 2: duration loss = 0.290 | prior loss = 1.206 | diffusion loss = 0.208

[2026-07-12 06:46:37,872][root][INFO] - Epoch 3: duration loss = 0.290 | prior loss = 1.206 | diffusion loss = 0.183

[2026-07-12 06:48:19,873][root][INFO] - Epoch 4: duration loss = 0.289 | prior loss = 1.206 | diffusion loss = 0.178

[2026-07-12 06:50:01,172][root][INFO] - Epoch 5: duration loss = 0.290 | prior loss = 1.206 | diffusion loss = 0.172

[2026-07-12 06:51:40,645][root][INFO] - Epoch 6: duration loss = 0.289 | prior loss = 1.206 | diffusion loss = 0.164

[2026-07-12 06:53:19,225][root][INFO] - Epoch 7: duration loss = 0.290 | prior loss = 1.206 | diffusion loss = 0.164

[2026-07-12 06:54:57,892][root][INFO] - Epoch 8: duration loss = 0.289 | prior loss = 1.206 | diffusion loss = 0.161

[2026-07-12 06:56:37,968][root][INFO] - Epoch 9: duration loss = 0.289 | prior loss = 1.206 | diffusion loss = 0.160

[2026-07-12 06:58:18,844][root][INFO] - Epoch 10: duration loss = 0.289 | prior loss = 1.206 | diffusion loss = 0.157

[2026-07-12 06:59:59,200][root][INFO] - Epoch 11: duration loss = 0.289 | prior loss = 1.206 | diffusion loss = 0.157

[2026-07-12 07:01:37,328][root][INFO] - Epoch 12: duration loss = 0.289 | prior loss = 1.206 | diffusion loss = 0.156

[2026-07-12 07:03:13,707][root][INFO] - Epoch 13: duration loss = 0.290 | prior loss = 1.206 | diffusion loss = 0.151

[2026-07-12 07:04:55,061][root][INFO] - Epoch 14: duration loss = 0.290 | prior loss = 1.206 | diffusion loss = 0.152

[2026-07-12 07:06:35,312][root][INFO] - Epoch 15: duration loss = 0.289 | prior loss = 1.206 | diffusion loss = 0.154

[2026-07-12 07:08:15,450][root][INFO] - Epoch 16: duration loss = 0.289 | prior loss = 1.206 | diffusion loss = 0.149

[2026-07-12 07:09:55,154][root][INFO] - Epoch 17: duration loss = 0.289 | prior loss = 1.205 | diffusion loss = 0.152

[2026-07-12 07:11:36,649][root][INFO] - Epoch 18: duration loss = 0.289 | prior loss = 1.206 | diffusion loss = 0.151

[2026-07-12 07:13:17,694][root][INFO] - Epoch 19: duration loss = 0.289 | prior loss = 1.206 | diffusion loss = 0.149

[2026-07-12 07:15:00,965][root][INFO] - Epoch 20: duration loss = 0.290 | prior loss = 1.206 | diffusion loss = 0.149

[2026-07-12 07:16:43,997][root][INFO] - Epoch 21: duration loss = 0.289 | prior loss = 1.206 | diffusion loss = 0.149

[2026-07-12 07:18:26,512][root][INFO] - Epoch 22: duration loss = 0.290 | prior loss = 1.206 | diffusion loss = 0.150

[2026-07-12 07:20:04,971][root][INFO] - Epoch 23: duration loss = 0.289 | prior loss = 1.206 | diffusion loss = 0.148

[2026-07-12 07:21:43,730][root][INFO] - Epoch 24: duration loss = 0.289 | prior loss = 1.206 | diffusion loss = 0.146

[2026-07-12 07:23:24,832][root][INFO] - Epoch 25: duration loss = 0.289 | prior loss = 1.206 | diffusion loss = 0.148

[2026-07-12 07:25:07,434][root][INFO] - Epoch 26: duration loss = 0.289 | prior loss = 1.205 | diffusion loss = 0.142

[2026-07-12 07:26:47,228][root][INFO] - Epoch 27: duration loss = 0.290 | prior loss = 1.206 | diffusion loss = 0.146

[2026-07-12 07:28:28,292][root][INFO] - Epoch 28: duration loss = 0.289 | prior loss = 1.206 | diffusion loss = 0.146

[2026-07-12 07:30:10,900][root][INFO] - Epoch 29: duration loss = 0.289 | prior loss = 1.206 | diffusion loss = 0.144

[2026-07-12 07:31:51,585][root][INFO] - Epoch 30: duration loss = 0.289 | prior loss = 1.206 | diffusion loss = 0.142

[2026-07-12 07:33:35,496][root][INFO] - Epoch 31: duration loss = 0.290 | prior loss = 1.206 | diffusion loss = 0.143

[2026-07-12 07:35:18,368][root][INFO] - Epoch 32: duration loss = 0.289 | prior loss = 1.206 | diffusion loss = 0.144

[2026-07-12 07:37:00,508][root][INFO] - Epoch 33: duration loss = 0.289 | prior loss = 1.206 | diffusion loss = 0.146

[2026-07-12 07:38:40,965][root][INFO] - Epoch 34: duration loss = 0.289 | prior loss = 1.206 | diffusion loss = 0.147

[2026-07-12 07:40:23,770][root][INFO] - Epoch 35: duration loss = 0.290 | prior loss = 1.206 | diffusion loss = 0.143

[2026-07-12 07:42:03,804][root][INFO] - Epoch 36: duration loss = 0.289 | prior loss = 1.206 | diffusion loss = 0.146

[2026-07-12 07:43:43,419][root][INFO] - Epoch 37: duration loss = 0.289 | prior loss = 1.206 | diffusion loss = 0.146

[2026-07-12 07:45:21,735][root][INFO] - Epoch 38: duration loss = 0.290 | prior loss = 1.206 | diffusion loss = 0.143

[2026-07-12 07:47:01,104][root][INFO] - Epoch 39: duration loss = 0.289 | prior loss = 1.206 | diffusion loss = 0.144

[2026-07-12 07:48:41,118][root][INFO] - Epoch 40: duration loss = 0.290 | prior loss = 1.206 | diffusion loss = 0.144

[2026-07-12 07:50:21,815][root][INFO] - Epoch 41: duration loss = 0.289 | prior loss = 1.206 | diffusion loss = 0.145

[2026-07-12 07:52:02,544][root][INFO] - Epoch 42: duration loss = 0.289 | prior loss = 1.206 | diffusion loss = 0.142

[2026-07-12 07:53:40,049][root][INFO] - Epoch 43: duration loss = 0.289 | prior loss = 1.206 | diffusion loss = 0.145

[2026-07-12 07:55:15,982][root][INFO] - Epoch 44: duration loss = 0.289 | prior loss = 1.206 | diffusion loss = 0.140

[2026-07-12 07:56:52,405][root][INFO] - Epoch 45: duration loss = 0.290 | prior loss = 1.206 | diffusion loss = 0.140

[2026-07-12 07:58:27,859][root][INFO] - Epoch 46: duration loss = 0.290 | prior loss = 1.206 | diffusion loss = 0.139

[2026-07-12 08:00:04,593][root][INFO] - Epoch 47: duration loss = 0.290 | prior loss = 1.206 | diffusion loss = 0.144

[2026-07-12 08:01:40,833][root][INFO] - Epoch 48: duration loss = 0.290 | prior loss = 1.206 | diffusion loss = 0.140

[2026-07-12 08:03:16,686][root][INFO] - Epoch 49: duration loss = 0.289 | prior loss = 1.206 | diffusion loss = 0.143

[2026-07-12 08:04:52,970][root][INFO] - Epoch 50: duration loss = 0.289 | prior loss = 1.206 | diffusion loss = 0.144

[2026-07-12 08:06:28,801][root][INFO] - Epoch 51: duration loss = 0.289 | prior loss = 1.206 | diffusion loss = 0.143

[2026-07-12 08:08:07,649][root][INFO] - Epoch 52: duration loss = 0.289 | prior loss = 1.206 | diffusion loss = 0.143

[2026-07-12 08:09:42,471][root][INFO] - Epoch 53: duration loss = 0.290 | prior loss = 1.206 | diffusion loss = 0.145

[2026-07-12 08:11:18,229][root][INFO] - Epoch 54: duration loss = 0.290 | prior loss = 1.206 | diffusion loss = 0.140

[2026-07-12 08:12:53,568][root][INFO] - Epoch 55: duration loss = 0.289 | prior loss = 1.206 | diffusion loss = 0.141

[2026-07-12 08:14:29,385][root][INFO] - Epoch 56: duration loss = 0.290 | prior loss = 1.206 | diffusion loss = 0.140

[2026-07-12 08:16:06,236][root][INFO] - Epoch 57: duration loss = 0.290 | prior loss = 1.206 | diffusion loss = 0.142

[2026-07-12 08:17:42,153][root][INFO] - Epoch 58: duration loss = 0.289 | prior loss = 1.206 | diffusion loss = 0.140

[2026-07-12 08:19:19,914][root][INFO] - Epoch 59: duration loss = 0.290 | prior loss = 1.206 | diffusion loss = 0.140

[2026-07-12 08:20:55,498][root][INFO] - Epoch 60: duration loss = 0.289 | prior loss = 1.206 | diffusion loss = 0.140

[2026-07-12 08:22:32,173][root][INFO] - Epoch 61: duration loss = 0.289 | prior loss = 1.206 | diffusion loss = 0.136

[2026-07-12 08:24:08,024][root][INFO] - Epoch 62: duration loss = 0.289 | prior loss = 1.206 | diffusion loss = 0.141

[2026-07-12 08:25:43,314][root][INFO] - Epoch 63: duration loss = 0.289 | prior loss = 1.206 | diffusion loss = 0.141

[2026-07-12 08:27:17,573][root][INFO] - Epoch 64: duration loss = 0.289 | prior loss = 1.206 | diffusion loss = 0.141

[2026-07-12 08:28:53,526][root][INFO] - Epoch 65: duration loss = 0.289 | prior loss = 1.206 | diffusion loss = 0.140

[2026-07-12 08:30:28,684][root][INFO] - Epoch 66: duration loss = 0.289 | prior loss = 1.206 | diffusion loss = 0.143

[2026-07-12 08:32:04,694][root][INFO] - Epoch 67: duration loss = 0.290 | prior loss = 1.206 | diffusion loss = 0.140

[2026-07-12 08:33:40,520][root][INFO] - Epoch 68: duration loss = 0.289 | prior loss = 1.206 | diffusion loss = 0.138

[2026-07-12 08:35:15,362][root][INFO] - Epoch 69: duration loss = 0.289 | prior loss = 1.206 | diffusion loss = 0.139

[2026-07-12 08:36:50,956][root][INFO] - Epoch 70: duration loss = 0.289 | prior loss = 1.206 | diffusion loss = 0.140

[2026-07-12 08:38:30,884][root][INFO] - Epoch 71: duration loss = 0.290 | prior loss = 1.206 | diffusion loss = 0.140

[2026-07-12 08:40:08,654][root][INFO] - Epoch 72: duration loss = 0.289 | prior loss = 1.206 | diffusion loss = 0.139

[2026-07-12 08:41:45,388][root][INFO] - Epoch 73: duration loss = 0.289 | prior loss = 1.206 | diffusion loss = 0.139

[2026-07-12 08:43:20,675][root][INFO] - Epoch 74: duration loss = 0.290 | prior loss = 1.206 | diffusion loss = 0.139

[2026-07-12 08:44:56,435][root][INFO] - Epoch 75: duration loss = 0.289 | prior loss = 1.206 | diffusion loss = 0.138

[2026-07-12 08:46:31,577][root][INFO] - Epoch 76: duration loss = 0.290 | prior loss = 1.206 | diffusion loss = 0.138

[2026-07-12 08:48:08,681][root][INFO] - Epoch 77: duration loss = 0.290 | prior loss = 1.206 | diffusion loss = 0.141

[2026-07-12 08:49:43,440][root][INFO] - Epoch 78: duration loss = 0.289 | prior loss = 1.206 | diffusion loss = 0.140

[2026-07-12 08:51:18,798][root][INFO] - Epoch 79: duration loss = 0.289 | prior loss = 1.206 | diffusion loss = 0.137

[2026-07-12 08:52:54,286][root][INFO] - Epoch 80: duration loss = 0.290 | prior loss = 1.206 | diffusion loss = 0.138

[2026-07-12 08:54:29,586][root][INFO] - Epoch 81: duration loss = 0.289 | prior loss = 1.206 | diffusion loss = 0.138

[2026-07-12 08:56:05,762][root][INFO] - Epoch 82: duration loss = 0.290 | prior loss = 1.206 | diffusion loss = 0.142

[2026-07-12 08:57:42,251][root][INFO] - Epoch 83: duration loss = 0.290 | prior loss = 1.206 | diffusion loss = 0.136

[2026-07-12 08:59:23,303][root][INFO] - Epoch 84: duration loss = 0.289 | prior loss = 1.206 | diffusion loss = 0.138

[2026-07-12 09:00:59,909][root][INFO] - Epoch 85: duration loss = 0.290 | prior loss = 1.206 | diffusion loss = 0.141

[2026-07-12 09:02:36,089][root][INFO] - Epoch 86: duration loss = 0.289 | prior loss = 1.206 | diffusion loss = 0.136

[2026-07-12 09:04:15,201][root][INFO] - Epoch 87: duration loss = 0.290 | prior loss = 1.206 | diffusion loss = 0.140

[2026-07-12 09:05:50,865][root][INFO] - Epoch 88: duration loss = 0.289 | prior loss = 1.206 | diffusion loss = 0.143

[2026-07-12 09:07:27,594][root][INFO] - Epoch 89: duration loss = 0.289 | prior loss = 1.206 | diffusion loss = 0.138

[2026-07-12 09:09:03,869][root][INFO] - Epoch 90: duration loss = 0.289 | prior loss = 1.206 | diffusion loss = 0.138

[2026-07-12 09:10:39,550][root][INFO] - Epoch 91: duration loss = 0.290 | prior loss = 1.206 | diffusion loss = 0.140

[2026-07-12 09:12:15,849][root][INFO] - Epoch 92: duration loss = 0.290 | prior loss = 1.206 | diffusion loss = 0.139

[2026-07-12 09:13:50,713][root][INFO] - Epoch 93: duration loss = 0.289 | prior loss = 1.206 | diffusion loss = 0.140

[2026-07-12 09:15:27,764][root][INFO] - Epoch 94: duration loss = 0.289 | prior loss = 1.206 | diffusion loss = 0.138

[2026-07-12 09:17:03,646][root][INFO] - Epoch 95: duration loss = 0.290 | prior loss = 1.206 | diffusion loss = 0.139

[2026-07-12 09:18:38,902][root][INFO] - Epoch 96: duration loss = 0.290 | prior loss = 1.206 | diffusion loss = 0.138

[2026-07-12 09:20:15,995][root][INFO] - Epoch 97: duration loss = 0.290 | prior loss = 1.206 | diffusion loss = 0.138

[2026-07-12 09:21:54,303][root][INFO] - Epoch 98: duration loss = 0.289 | prior loss = 1.206 | diffusion loss = 0.139

[2026-07-12 09:23:31,339][root][INFO] - Epoch 99: duration loss = 0.290 | prior loss = 1.207 | diffusion loss = 0.138

[2026-07-12 09:25:07,847][root][INFO] - Epoch 100: duration loss = 0.290 | prior loss = 1.206 | diffusion loss = 0.136

[2026-07-12 09:26:42,996][root][INFO] - Epoch 101: duration loss = 0.289 | prior loss = 1.206 | diffusion loss = 0.141

[2026-07-12 09:28:18,402][root][INFO] - Epoch 102: duration loss = 0.290 | prior loss = 1.206 | diffusion loss = 0.136

[2026-07-12 09:29:53,888][root][INFO] - Epoch 103: duration loss = 0.289 | prior loss = 1.206 | diffusion loss = 0.139

[2026-07-12 09:31:29,694][root][INFO] - Epoch 104: duration loss = 0.289 | prior loss = 1.206 | diffusion loss = 0.139

[2026-07-12 09:33:05,307][root][INFO] - Epoch 105: duration loss = 0.289 | prior loss = 1.206 | diffusion loss = 0.136

[2026-07-12 09:34:41,440][root][INFO] - Epoch 106: duration loss = 0.290 | prior loss = 1.206 | diffusion loss = 0.138

[2026-07-12 09:36:18,173][root][INFO] - Epoch 107: duration loss = 0.289 | prior loss = 1.206 | diffusion loss = 0.139

[2026-07-12 09:37:55,876][root][INFO] - Epoch 108: duration loss = 0.289 | prior loss = 1.206 | diffusion loss = 0.136

[2026-07-12 09:39:32,469][root][INFO] - Epoch 109: duration loss = 0.289 | prior loss = 1.206 | diffusion loss = 0.134

[2026-07-12 09:41:09,627][root][INFO] - Epoch 110: duration loss = 0.289 | prior loss = 1.206 | diffusion loss = 0.136

[2026-07-12 09:42:46,097][root][INFO] - Epoch 111: duration loss = 0.289 | prior loss = 1.206 | diffusion loss = 0.140

[2026-07-12 09:44:22,140][root][INFO] - Epoch 112: duration loss = 0.289 | prior loss = 1.206 | diffusion loss = 0.139

[2026-07-12 09:45:57,601][root][INFO] - Epoch 113: duration loss = 0.289 | prior loss = 1.206 | diffusion loss = 0.133

[2026-07-12 09:47:34,053][root][INFO] - Epoch 114: duration loss = 0.289 | prior loss = 1.206 | diffusion loss = 0.138

[2026-07-12 09:49:10,348][root][INFO] - Epoch 115: duration loss = 0.289 | prior loss = 1.206 | diffusion loss = 0.138

[2026-07-12 09:50:46,806][root][INFO] - Epoch 116: duration loss = 0.289 | prior loss = 1.206 | diffusion loss = 0.137

[2026-07-12 09:52:23,421][root][INFO] - Epoch 117: duration loss = 0.289 | prior loss = 1.206 | diffusion loss = 0.137

[2026-07-12 09:53:59,978][root][INFO] - Epoch 118: duration loss = 0.290 | prior loss = 1.206 | diffusion loss = 0.137

[2026-07-12 09:55:34,221][root][INFO] - Epoch 119: duration loss = 0.289 | prior loss = 1.206 | diffusion loss = 0.135

[2026-07-12 09:57:09,201][root][INFO] - Epoch 120: duration loss = 0.290 | prior loss = 1.206 | diffusion loss = 0.136

[2026-07-12 09:58:45,158][root][INFO] - Epoch 121: duration loss = 0.290 | prior loss = 1.206 | diffusion loss = 0.134

[2026-07-12 10:00:19,819][root][INFO] - Epoch 122: duration loss = 0.289 | prior loss = 1.206 | diffusion loss = 0.139

[2026-07-12 10:01:55,587][root][INFO] - Epoch 123: duration loss = 0.289 | prior loss = 1.206 | diffusion loss = 0.138

[2026-07-12 10:03:33,313][root][INFO] - Epoch 124: duration loss = 0.289 | prior loss = 1.206 | diffusion loss = 0.136

[2026-07-12 10:05:08,385][root][INFO] - Epoch 125: duration loss = 0.289 | prior loss = 1.206 | diffusion loss = 0.137

[2026-07-12 10:06:43,840][root][INFO] - Epoch 126: duration loss = 0.290 | prior loss = 1.206 | diffusion loss = 0.139

[2026-07-12 10:08:20,491][root][INFO] - Epoch 127: duration loss = 0.289 | prior loss = 1.206 | diffusion loss = 0.135

[2026-07-12 10:09:56,306][root][INFO] - Epoch 128: duration loss = 0.289 | prior loss = 1.206 | diffusion loss = 0.134

[2026-07-12 10:11:32,402][root][INFO] - Epoch 129: duration loss = 0.290 | prior loss = 1.206 | diffusion loss = 0.135

[2026-07-12 10:13:08,643][root][INFO] - Epoch 130: duration loss = 0.289 | prior loss = 1.206 | diffusion loss = 0.134

[2026-07-12 10:14:44,773][root][INFO] - Epoch 131: duration loss = 0.289 | prior loss = 1.206 | diffusion loss = 0.140

[2026-07-12 10:16:21,083][root][INFO] - Epoch 132: duration loss = 0.289 | prior loss = 1.206 | diffusion loss = 0.139

[2026-07-12 10:17:58,496][root][INFO] - Epoch 133: duration loss = 0.289 | prior loss = 1.206 | diffusion loss = 0.136

[2026-07-12 10:19:34,327][root][INFO] - Epoch 134: duration loss = 0.290 | prior loss = 1.206 | diffusion loss = 0.139

[2026-07-12 10:21:09,673][root][INFO] - Epoch 135: duration loss = 0.289 | prior loss = 1.206 | diffusion loss = 0.138

[2026-07-12 10:22:48,110][root][INFO] - Epoch 136: duration loss = 0.289 | prior loss = 1.206 | diffusion loss = 0.134

[2026-07-12 10:24:26,627][root][INFO] - Epoch 137: duration loss = 0.289 | prior loss = 1.206 | diffusion loss = 0.138

[2026-07-12 10:26:02,940][root][INFO] - Epoch 138: duration loss = 0.290 | prior loss = 1.206 | diffusion loss = 0.137

[2026-07-12 10:27:39,008][root][INFO] - Epoch 139: duration loss = 0.289 | prior loss = 1.206 | diffusion loss = 0.133

[2026-07-12 10:29:14,877][root][INFO] - Epoch 140: duration loss = 0.289 | prior loss = 1.206 | diffusion loss = 0.138

[2026-07-12 10:30:49,552][root][INFO] - Epoch 141: duration loss = 0.290 | prior loss = 1.206 | diffusion loss = 0.136

[2026-07-12 10:32:25,108][root][INFO] - Epoch 142: duration loss = 0.290 | prior loss = 1.206 | diffusion loss = 0.136

[2026-07-12 10:34:00,556][root][INFO] - Epoch 143: duration loss = 0.290 | prior loss = 1.206 | diffusion loss = 0.139

[2026-07-12 10:35:36,867][root][INFO] - Epoch 144: duration loss = 0.290 | prior loss = 1.206 | diffusion loss = 0.135

[2026-07-12 10:37:11,704][root][INFO] - Epoch 145: duration loss = 0.289 | prior loss = 1.206 | diffusion loss = 0.134

[2026-07-12 10:38:46,913][root][INFO] - Epoch 146: duration loss = 0.289 | prior loss = 1.206 | diffusion loss = 0.130

[2026-07-12 10:40:20,440][root][INFO] - Epoch 147: duration loss = 0.289 | prior loss = 1.206 | diffusion loss = 0.136

[2026-07-12 10:41:54,646][root][INFO] - Epoch 148: duration loss = 0.289 | prior loss = 1.206 | diffusion loss = 0.133

[2026-07-12 10:43:33,126][root][INFO] - Epoch 149: duration loss = 0.290 | prior loss = 1.206 | diffusion loss = 0.138

[2026-07-12 10:45:11,115][root][INFO] - Epoch 150: duration loss = 0.290 | prior loss = 1.206 | diffusion loss = 0.132

[2026-07-12 10:46:46,927][root][INFO] - Epoch 151: duration loss = 0.289 | prior loss = 1.206 | diffusion loss = 0.132

[2026-07-12 10:48:21,834][root][INFO] - Epoch 152: duration loss = 0.290 | prior loss = 1.206 | diffusion loss = 0.134

[2026-07-12 10:49:59,180][root][INFO] - Epoch 153: duration loss = 0.289 | prior loss = 1.206 | diffusion loss = 0.135

[2026-07-12 10:51:38,740][root][INFO] - Epoch 154: duration loss = 0.290 | prior loss = 1.206 | diffusion loss = 0.135

[2026-07-12 10:53:14,507][root][INFO] - Epoch 155: duration loss = 0.289 | prior loss = 1.206 | diffusion loss = 0.133

[2026-07-12 10:54:50,175][root][INFO] - Epoch 156: duration loss = 0.289 | prior loss = 1.205 | diffusion loss = 0.138

[2026-07-12 10:56:27,675][root][INFO] - Epoch 157: duration loss = 0.289 | prior loss = 1.206 | diffusion loss = 0.136

[2026-07-12 10:58:03,643][root][INFO] - Epoch 158: duration loss = 0.289 | prior loss = 1.206 | diffusion loss = 0.134

[2026-07-12 10:59:38,925][root][INFO] - Epoch 159: duration loss = 0.289 | prior loss = 1.206 | diffusion loss = 0.135

[2026-07-12 11:01:14,279][root][INFO] - Epoch 160: duration loss = 0.290 | prior loss = 1.206 | diffusion loss = 0.136

[2026-07-12 11:02:49,419][root][INFO] - Epoch 161: duration loss = 0.290 | prior loss = 1.206 | diffusion loss = 0.137

[2026-07-12 11:04:25,734][root][INFO] - Epoch 162: duration loss = 0.289 | prior loss = 1.206 | diffusion loss = 0.134

[2026-07-12 11:06:01,719][root][INFO] - Epoch 163: duration loss = 0.289 | prior loss = 1.206 | diffusion loss = 0.136

[2026-07-12 11:07:37,429][root][INFO] - Epoch 164: duration loss = 0.290 | prior loss = 1.206 | diffusion loss = 0.134

[2026-07-12 11:09:12,725][root][INFO] - Epoch 165: duration loss = 0.289 | prior loss = 1.206 | diffusion loss = 0.133

[2026-07-12 11:10:47,851][root][INFO] - Epoch 166: duration loss = 0.290 | prior loss = 1.206 | diffusion loss = 0.137

[2026-07-12 11:12:23,364][root][INFO] - Epoch 167: duration loss = 0.289 | prior loss = 1.206 | diffusion loss = 0.132

[2026-07-12 11:13:58,441][root][INFO] - Epoch 168: duration loss = 0.289 | prior loss = 1.206 | diffusion loss = 0.136

[2026-07-12 11:15:30,814][root][INFO] - Epoch 169: duration loss = 0.289 | prior loss = 1.206 | diffusion loss = 0.130

[2026-07-12 11:17:23,053][root][INFO] - Epoch 170: duration loss = 0.290 | prior loss = 1.206 | diffusion loss = 0.131

[2026-07-12 11:19:22,076][root][INFO] - Epoch 171: duration loss = 0.290 | prior loss = 1.206 | diffusion loss = 0.134

[2026-07-12 11:20:57,213][root][INFO] - Epoch 172: duration loss = 0.290 | prior loss = 1.206 | diffusion loss = 0.133

[2026-07-12 11:22:31,600][root][INFO] - Epoch 173: duration loss = 0.289 | prior loss = 1.206 | diffusion loss = 0.136

[2026-07-12 11:24:06,678][root][INFO] - Epoch 174: duration loss = 0.290 | prior loss = 1.206 | diffusion loss = 0.134

[2026-07-12 11:25:40,713][root][INFO] - Epoch 175: duration loss = 0.289 | prior loss = 1.206 | diffusion loss = 0.133

[2026-07-12 11:27:35,286][root][INFO] - Epoch 176: duration loss = 0.289 | prior loss = 1.206 | diffusion loss = 0.132

[2026-07-12 11:29:15,801][root][INFO] - Epoch 177: duration loss = 0.289 | prior loss = 1.206 | diffusion loss = 0.136

[2026-07-12 11:30:58,320][root][INFO] - Epoch 178: duration loss = 0.289 | prior loss = 1.206 | diffusion loss = 0.135

[2026-07-12 11:32:39,291][root][INFO] - Epoch 179: duration loss = 0.289 | prior loss = 1.206 | diffusion loss = 0.136

[2026-07-12 11:34:23,707][root][INFO] - Epoch 180: duration loss = 0.289 | prior loss = 1.206 | diffusion loss = 0.136

[2026-07-12 11:36:06,057][root][INFO] - Epoch 181: duration loss = 0.289 | prior loss = 1.206 | diffusion loss = 0.135

[2026-07-12 11:37:49,154][root][INFO] - Epoch 182: duration loss = 0.290 | prior loss = 1.206 | diffusion loss = 0.134

[2026-07-12 11:39:29,822][root][INFO] - Epoch 183: duration loss = 0.289 | prior loss = 1.206 | diffusion loss = 0.132

[2026-07-12 11:41:10,976][root][INFO] - Epoch 184: duration loss = 0.290 | prior loss = 1.206 | diffusion loss = 0.133

[2026-07-12 11:42:53,371][root][INFO] - Epoch 185: duration loss = 0.289 | prior loss = 1.206 | diffusion loss = 0.131

[2026-07-12 11:44:35,254][root][INFO] - Epoch 186: duration loss = 0.290 | prior loss = 1.206 | diffusion loss = 0.136

[2026-07-12 11:46:14,696][root][INFO] - Epoch 187: duration loss = 0.289 | prior loss = 1.206 | diffusion loss = 0.133

[2026-07-12 11:47:54,325][root][INFO] - Epoch 188: duration loss = 0.289 | prior loss = 1.205 | diffusion loss = 0.135

[2026-07-12 11:49:34,058][root][INFO] - Epoch 189: duration loss = 0.289 | prior loss = 1.206 | diffusion loss = 0.134

[2026-07-12 11:51:13,331][root][INFO] - Epoch 190: duration loss = 0.290 | prior loss = 1.206 | diffusion loss = 0.133

[2026-07-12 11:52:52,752][root][INFO] - Epoch 191: duration loss = 0.289 | prior loss = 1.206 | diffusion loss = 0.137

[2026-07-12 11:54:32,209][root][INFO] - Epoch 192: duration loss = 0.289 | prior loss = 1.206 | diffusion loss = 0.135

[2026-07-12 11:56:11,602][root][INFO] - Epoch 193: duration loss = 0.289 | prior loss = 1.206 | diffusion loss = 0.137

[2026-07-12 11:57:50,835][root][INFO] - Epoch 194: duration loss = 0.290 | prior loss = 1.206 | diffusion loss = 0.136

[2026-07-12 11:59:30,668][root][INFO] - Epoch 195: duration loss = 0.290 | prior loss = 1.206 | diffusion loss = 0.134

[2026-07-12 12:01:09,414][root][INFO] - Epoch 196: duration loss = 0.289 | prior loss = 1.206 | diffusion loss = 0.133

[2026-07-12 12:02:48,055][root][INFO] - Epoch 197: duration loss = 0.289 | prior loss = 1.206 | diffusion loss = 0.132

[2026-07-12 12:04:26,957][root][INFO] - Epoch 198: duration loss = 0.290 | prior loss = 1.207 | diffusion loss = 0.135

[2026-07-12 12:06:05,953][root][INFO] - Epoch 199: duration loss = 0.289 | prior loss = 1.206 | diffusion loss = 0.135

[2026-07-12 12:07:43,658][root][INFO] - Epoch 200: duration loss = 0.289 | prior loss = 1.206 | diffusion loss = 0.135

[2026-07-12 12:09:22,186][root][INFO] - Epoch 201: duration loss = 0.289 | prior loss = 1.206 | diffusion loss = 0.135

[2026-07-12 12:11:01,731][root][INFO] - Epoch 202: duration loss = 0.290 | prior loss = 1.206 | diffusion loss = 0.137

[2026-07-12 12:12:40,651][root][INFO] - Epoch 203: duration loss = 0.290 | prior loss = 1.206 | diffusion loss = 0.131

[2026-07-12 12:14:19,498][root][INFO] - Epoch 204: duration loss = 0.289 | prior loss = 1.206 | diffusion loss = 0.137

[2026-07-12 12:15:59,006][root][INFO] - Epoch 205: duration loss = 0.290 | prior loss = 1.206 | diffusion loss = 0.134

[2026-07-12 12:17:38,878][root][INFO] - Epoch 206: duration loss = 0.290 | prior loss = 1.206 | diffusion loss = 0.134

[2026-07-12 12:19:17,713][root][INFO] - Epoch 207: duration loss = 0.289 | prior loss = 1.206 | diffusion loss = 0.137

[2026-07-12 12:20:58,249][root][INFO] - Epoch 208: duration loss = 0.289 | prior loss = 1.206 | diffusion loss = 0.137

[2026-07-12 12:22:38,588][root][INFO] - Epoch 209: duration loss = 0.289 | prior loss = 1.206 | diffusion loss = 0.134

[2026-07-12 12:24:20,388][root][INFO] - Epoch 210: duration loss = 0.290 | prior loss = 1.206 | diffusion loss = 0.132

[2026-07-12 12:26:02,373][root][INFO] - Epoch 211: duration loss = 0.289 | prior loss = 1.206 | diffusion loss = 0.133

[2026-07-12 12:27:41,185][root][INFO] - Epoch 212: duration loss = 0.290 | prior loss = 1.207 | diffusion loss = 0.135

[2026-07-12 12:29:21,419][root][INFO] - Epoch 213: duration loss = 0.289 | prior loss = 1.206 | diffusion loss = 0.136

[2026-07-12 12:31:01,375][root][INFO] - Epoch 214: duration loss = 0.290 | prior loss = 1.206 | diffusion loss = 0.135

[2026-07-12 12:32:42,420][root][INFO] - Epoch 215: duration loss = 0.289 | prior loss = 1.206 | diffusion loss = 0.135

[2026-07-12 12:34:22,246][root][INFO] - Epoch 216: duration loss = 0.289 | prior loss = 1.206 | diffusion loss = 0.134

[2026-07-12 12:36:03,445][root][INFO] - Epoch 217: duration loss = 0.290 | prior loss = 1.206 | diffusion loss = 0.132

[2026-07-12 12:37:45,298][root][INFO] - Epoch 218: duration loss = 0.289 | prior loss = 1.207 | diffusion loss = 0.136

[2026-07-12 12:39:25,764][root][INFO] - Epoch 219: duration loss = 0.289 | prior loss = 1.206 | diffusion loss = 0.134

[2026-07-12 12:41:07,537][root][INFO] - Epoch 220: duration loss = 0.289 | prior loss = 1.206 | diffusion loss = 0.134

[2026-07-12 12:42:48,177][root][INFO] - Epoch 221: duration loss = 0.290 | prior loss = 1.206 | diffusion loss = 0.133

[2026-07-12 12:44:27,159][root][INFO] - Epoch 222: duration loss = 0.289 | prior loss = 1.206 | diffusion loss = 0.135

[2026-07-12 12:46:07,536][root][INFO] - Epoch 223: duration loss = 0.290 | prior loss = 1.206 | diffusion loss = 0.137

[2026-07-12 12:47:50,637][root][INFO] - Epoch 224: duration loss = 0.289 | prior loss = 1.206 | diffusion loss = 0.132

[2026-07-12 12:49:31,489][root][INFO] - Epoch 225: duration loss = 0.289 | prior loss = 1.206 | diffusion loss = 0.133

[2026-07-12 12:51:11,232][root][INFO] - Epoch 226: duration loss = 0.290 | prior loss = 1.206 | diffusion loss = 0.130

[2026-07-12 12:52:50,979][root][INFO] - Epoch 227: duration loss = 0.289 | prior loss = 1.206 | diffusion loss = 0.134

[2026-07-12 12:54:30,693][root][INFO] - Epoch 228: duration loss = 0.289 | prior loss = 1.206 | diffusion loss = 0.134

[2026-07-12 12:56:09,661][root][INFO] - Epoch 229: duration loss = 0.289 | prior loss = 1.206 | diffusion loss = 0.135

[2026-07-12 12:57:48,371][root][INFO] - Epoch 230: duration loss = 0.289 | prior loss = 1.206 | diffusion loss = 0.135

[2026-07-12 12:59:27,069][root][INFO] - Epoch 231: duration loss = 0.289 | prior loss = 1.206 | diffusion loss = 0.134

[2026-07-12 13:01:07,003][root][INFO] - Epoch 232: duration loss = 0.289 | prior loss = 1.206 | diffusion loss = 0.130

[2026-07-12 13:02:45,315][root][INFO] - Epoch 233: duration loss = 0.289 | prior loss = 1.206 | diffusion loss = 0.136

[2026-07-12 13:04:24,903][root][INFO] - Epoch 234: duration loss = 0.289 | prior loss = 1.206 | diffusion loss = 0.132

[2026-07-12 13:06:04,458][root][INFO] - Epoch 235: duration loss = 0.290 | prior loss = 1.206 | diffusion loss = 0.129

[2026-07-12 13:07:44,581][root][INFO] - Epoch 236: duration loss = 0.289 | prior loss = 1.206 | diffusion loss = 0.133

[2026-07-12 13:09:22,723][root][INFO] - Epoch 237: duration loss = 0.290 | prior loss = 1.206 | diffusion loss = 0.135

[2026-07-12 13:11:02,320][root][INFO] - Epoch 238: duration loss = 0.290 | prior loss = 1.206 | diffusion loss = 0.134

[2026-07-12 13:12:41,581][root][INFO] - Epoch 239: duration loss = 0.289 | prior loss = 1.206 | diffusion loss = 0.137

[2026-07-12 13:14:22,254][root][INFO] - Epoch 240: duration loss = 0.290 | prior loss = 1.206 | diffusion loss = 0.131

[2026-07-12 13:16:01,827][root][INFO] - Epoch 241: duration loss = 0.289 | prior loss = 1.206 | diffusion loss = 0.134

[2026-07-12 13:17:41,192][root][INFO] - Epoch 242: duration loss = 0.289 | prior loss = 1.206 | diffusion loss = 0.133

[2026-07-12 13:19:21,827][root][INFO] - Epoch 243: duration loss = 0.290 | prior loss = 1.206 | diffusion loss = 0.131

[2026-07-12 13:21:00,498][root][INFO] - Epoch 244: duration loss = 0.289 | prior loss = 1.206 | diffusion loss = 0.136

[2026-07-12 13:22:40,442][root][INFO] - Epoch 245: duration loss = 0.289 | prior loss = 1.206 | diffusion loss = 0.133

[2026-07-12 13:24:19,654][root][INFO] - Epoch 246: duration loss = 0.289 | prior loss = 1.206 | diffusion loss = 0.133

[2026-07-12 13:25:57,541][root][INFO] - Epoch 247: duration loss = 0.289 | prior loss = 1.206 | diffusion loss = 0.134

[2026-07-12 13:27:36,481][root][INFO] - Epoch 248: duration loss = 0.289 | prior loss = 1.206 | diffusion loss = 0.136

[2026-07-12 13:29:15,897][root][INFO] - Epoch 249: duration loss = 0.289 | prior loss = 1.206 | diffusion loss = 0.134

[2026-07-12 13:30:54,778][root][INFO] - Epoch 250: duration loss = 0.289 | prior loss = 1.206 | diffusion loss = 0.132

[2026-07-12 13:32:35,149][root][INFO] - Epoch 251: duration loss = 0.289 | prior loss = 1.206 | diffusion loss = 0.133

[2026-07-12 13:34:17,526][root][INFO] - Epoch 252: duration loss = 0.289 | prior loss = 1.206 | diffusion loss = 0.133

[2026-07-12 13:35:59,964][root][INFO] - Epoch 253: duration loss = 0.289 | prior loss = 1.206 | diffusion loss = 0.137

[2026-07-12 13:37:41,655][root][INFO] - Epoch 254: duration loss = 0.289 | prior loss = 1.206 | diffusion loss = 0.132

[2026-07-12 13:39:22,679][root][INFO] - Epoch 255: duration loss = 0.289 | prior loss = 1.206 | diffusion loss = 0.133

[2026-07-12 13:41:06,964][root][INFO] - Epoch 256: duration loss = 0.289 | prior loss = 1.206 | diffusion loss = 0.131

[2026-07-12 13:42:48,925][root][INFO] - Epoch 257: duration loss = 0.289 | prior loss = 1.206 | diffusion loss = 0.131

[2026-07-12 13:44:31,633][root][INFO] - Epoch 258: duration loss = 0.290 | prior loss = 1.206 | diffusion loss = 0.137

[2026-07-12 13:46:12,880][root][INFO] - Epoch 259: duration loss = 0.290 | prior loss = 1.206 | diffusion loss = 0.134

[2026-07-12 13:47:56,084][root][INFO] - Epoch 260: duration loss = 0.289 | prior loss = 1.206 | diffusion loss = 0.137

[2026-07-12 13:49:38,555][root][INFO] - Epoch 261: duration loss = 0.289 | prior loss = 1.206 | diffusion loss = 0.135

[2026-07-12 13:51:21,091][root][INFO] - Epoch 262: duration loss = 0.289 | prior loss = 1.206 | diffusion loss = 0.133

[2026-07-12 13:53:01,646][root][INFO] - Epoch 263: duration loss = 0.289 | prior loss = 1.206 | diffusion loss = 0.137

[2026-07-12 13:54:43,707][root][INFO] - Epoch 264: duration loss = 0.289 | prior loss = 1.206 | diffusion loss = 0.139

[2026-07-12 13:56:24,087][root][INFO] - Epoch 265: duration loss = 0.289 | prior loss = 1.206 | diffusion loss = 0.131

[2026-07-12 13:58:05,802][root][INFO] - Epoch 266: duration loss = 0.290 | prior loss = 1.206 | diffusion loss = 0.133

[2026-07-12 13:59:46,719][root][INFO] - Epoch 267: duration loss = 0.290 | prior loss = 1.206 | diffusion loss = 0.136

[2026-07-12 14:01:28,885][root][INFO] - Epoch 268: duration loss = 0.290 | prior loss = 1.206 | diffusion loss = 0.131

[2026-07-12 14:03:13,261][root][INFO] - Epoch 269: duration loss = 0.290 | prior loss = 1.207 | diffusion loss = 0.131

[2026-07-12 14:04:54,865][root][INFO] - Epoch 270: duration loss = 0.290 | prior loss = 1.206 | diffusion loss = 0.131

[2026-07-12 14:06:35,905][root][INFO] - Epoch 271: duration loss = 0.290 | prior loss = 1.206 | diffusion loss = 0.130

[2026-07-12 14:08:17,534][root][INFO] - Epoch 272: duration loss = 0.289 | prior loss = 1.206 | diffusion loss = 0.130

[2026-07-12 14:09:58,596][root][INFO] - Epoch 273: duration loss = 0.289 | prior loss = 1.206 | diffusion loss = 0.133

[2026-07-12 14:11:39,554][root][INFO] - Epoch 274: duration loss = 0.289 | prior loss = 1.206 | diffusion loss = 0.132

[2026-07-12 14:13:21,731][root][INFO] - Epoch 275: duration loss = 0.289 | prior loss = 1.206 | diffusion loss = 0.135

[2026-07-12 14:15:03,670][root][INFO] - Epoch 276: duration loss = 0.289 | prior loss = 1.206 | diffusion loss = 0.131

[2026-07-12 14:16:44,769][root][INFO] - Epoch 277: duration loss = 0.289 | prior loss = 1.206 | diffusion loss = 0.134

[2026-07-12 14:18:25,837][root][INFO] - Epoch 278: duration loss = 0.289 | prior loss = 1.206 | diffusion loss = 0.134

[2026-07-12 14:20:07,271][root][INFO] - Epoch 279: duration loss = 0.289 | prior loss = 1.206 | diffusion loss = 0.130

[2026-07-12 14:21:49,977][root][INFO] - Epoch 280: duration loss = 0.289 | prior loss = 1.206 | diffusion loss = 0.137

[2026-07-12 14:23:31,585][root][INFO] - Epoch 281: duration loss = 0.289 | prior loss = 1.206 | diffusion loss = 0.138

[2026-07-12 14:25:12,831][root][INFO] - Epoch 282: duration loss = 0.290 | prior loss = 1.206 | diffusion loss = 0.130

[2026-07-12 14:26:54,527][root][INFO] - Epoch 283: duration loss = 0.289 | prior loss = 1.206 | diffusion loss = 0.129

[2026-07-12 14:28:36,394][root][INFO] - Epoch 284: duration loss = 0.290 | prior loss = 1.206 | diffusion loss = 0.134

[2026-07-12 14:30:17,259][root][INFO] - Epoch 285: duration loss = 0.289 | prior loss = 1.206 | diffusion loss = 0.132

[2026-07-12 14:31:58,437][root][INFO] - Epoch 286: duration loss = 0.289 | prior loss = 1.206 | diffusion loss = 0.131

[2026-07-12 14:33:39,649][root][INFO] - Epoch 287: duration loss = 0.290 | prior loss = 1.206 | diffusion loss = 0.138

[2026-07-12 14:35:20,951][root][INFO] - Epoch 288: duration loss = 0.290 | prior loss = 1.206 | diffusion loss = 0.131

[2026-07-12 14:37:02,208][root][INFO] - Epoch 289: duration loss = 0.289 | prior loss = 1.206 | diffusion loss = 0.131

[2026-07-12 14:38:43,639][root][INFO] - Epoch 290: duration loss = 0.290 | prior loss = 1.206 | diffusion loss = 0.134

[2026-07-12 14:40:25,138][root][INFO] - Epoch 291: duration loss = 0.289 | prior loss = 1.206 | diffusion loss = 0.132

[2026-07-12 14:42:05,127][root][INFO] - Epoch 292: duration loss = 0.289 | prior loss = 1.206 | diffusion loss = 0.133

[2026-07-12 14:43:46,947][root][INFO] - Epoch 293: duration loss = 0.290 | prior loss = 1.206 | diffusion loss = 0.132

[2026-07-12 14:45:27,737][root][INFO] - Epoch 294: duration loss = 0.290 | prior loss = 1.206 | diffusion loss = 0.136

[2026-07-12 14:47:08,644][root][INFO] - Epoch 295: duration loss = 0.289 | prior loss = 1.206 | diffusion loss = 0.132

[2026-07-12 14:48:49,663][root][INFO] - Epoch 296: duration loss = 0.289 | prior loss = 1.206 | diffusion loss = 0.131

[2026-07-12 14:50:30,870][root][INFO] - Epoch 297: duration loss = 0.289 | prior loss = 1.206 | diffusion loss = 0.132

[2026-07-12 14:52:12,363][root][INFO] - Epoch 298: duration loss = 0.289 | prior loss = 1.206 | diffusion loss = 0.132

[2026-07-12 14:53:54,612][root][INFO] - Epoch 299: duration loss = 0.289 | prior loss = 1.206 | diffusion loss = 0.135

[2026-07-12 14:55:35,913][root][INFO] - Epoch 300: duration loss = 0.289 | prior loss = 1.206 | diffusion loss = 0.134

[2026-07-12 14:57:18,222][root][INFO] - Epoch 301: duration loss = 0.290 | prior loss = 1.206 | diffusion loss = 0.131

[2026-07-12 14:59:00,216][root][INFO] - Epoch 302: duration loss = 0.289 | prior loss = 1.206 | diffusion loss = 0.132

[2026-07-12 15:00:41,765][root][INFO] - Epoch 303: duration loss = 0.289 | prior loss = 1.206 | diffusion loss = 0.131

[2026-07-12 15:02:23,046][root][INFO] - Epoch 304: duration loss = 0.289 | prior loss = 1.206 | diffusion loss = 0.131

[2026-07-12 15:04:04,015][root][INFO] - Epoch 305: duration loss = 0.290 | prior loss = 1.206 | diffusion loss = 0.132

[2026-07-12 15:05:46,268][root][INFO] - Epoch 306: duration loss = 0.290 | prior loss = 1.206 | diffusion loss = 0.133

[2026-07-12 15:07:27,317][root][INFO] - Epoch 307: duration loss = 0.290 | prior loss = 1.206 | diffusion loss = 0.131

[2026-07-12 15:09:09,086][root][INFO] - Epoch 308: duration loss = 0.289 | prior loss = 1.206 | diffusion loss = 0.136

[2026-07-12 15:10:51,035][root][INFO] - Epoch 309: duration loss = 0.289 | prior loss = 1.206 | diffusion loss = 0.134

[2026-07-12 15:12:32,569][root][INFO] - Epoch 310: duration loss = 0.289 | prior loss = 1.206 | diffusion loss = 0.131

[2026-07-12 15:14:13,030][root][INFO] - Epoch 311: duration loss = 0.290 | prior loss = 1.206 | diffusion loss = 0.132

[2026-07-12 15:15:54,380][root][INFO] - Epoch 312: duration loss = 0.290 | prior loss = 1.206 | diffusion loss = 0.130

[2026-07-12 15:17:34,756][root][INFO] - Epoch 313: duration loss = 0.290 | prior loss = 1.206 | diffusion loss = 0.132

[2026-07-12 15:19:17,136][root][INFO] - Epoch 314: duration loss = 0.289 | prior loss = 1.206 | diffusion loss = 0.131

[2026-07-12 15:20:57,902][root][INFO] - Epoch 315: duration loss = 0.289 | prior loss = 1.206 | diffusion loss = 0.132

[2026-07-12 15:22:39,513][root][INFO] - Epoch 316: duration loss = 0.290 | prior loss = 1.206 | diffusion loss = 0.130

[2026-07-12 15:24:20,548][root][INFO] - Epoch 317: duration loss = 0.289 | prior loss = 1.206 | diffusion loss = 0.130

[2026-07-12 15:26:00,490][root][INFO] - Epoch 318: duration loss = 0.289 | prior loss = 1.206 | diffusion loss = 0.133

[2026-07-12 15:27:41,455][root][INFO] - Epoch 319: duration loss = 0.290 | prior loss = 1.206 | diffusion loss = 0.133

[2026-07-12 15:29:25,085][root][INFO] - Epoch 320: duration loss = 0.290 | prior loss = 1.206 | diffusion loss = 0.134

[2026-07-12 15:31:06,583][root][INFO] - Epoch 321: duration loss = 0.290 | prior loss = 1.206 | diffusion loss = 0.132

[2026-07-12 15:32:49,514][root][INFO] - Epoch 322: duration loss = 0.290 | prior loss = 1.206 | diffusion loss = 0.131

[2026-07-12 15:34:31,400][root][INFO] - Epoch 323: duration loss = 0.289 | prior loss = 1.206 | diffusion loss = 0.136

[2026-07-12 15:36:15,202][root][INFO] - Epoch 324: duration loss = 0.289 | prior loss = 1.206 | diffusion loss = 0.135

[2026-07-12 15:37:58,290][root][INFO] - Epoch 325: duration loss = 0.290 | prior loss = 1.206 | diffusion loss = 0.134

[2026-07-12 15:39:41,087][root][INFO] - Epoch 326: duration loss = 0.289 | prior loss = 1.206 | diffusion loss = 0.136

[2026-07-12 15:41:19,841][root][INFO] - Epoch 327: duration loss = 0.289 | prior loss = 1.206 | diffusion loss = 0.130

[2026-07-12 15:42:57,870][root][INFO] - Epoch 328: duration loss = 0.289 | prior loss = 1.207 | diffusion loss = 0.133

[2026-07-12 15:44:41,487][root][INFO] - Epoch 329: duration loss = 0.289 | prior loss = 1.206 | diffusion loss = 0.134

[2026-07-12 15:46:23,960][root][INFO] - Epoch 330: duration loss = 0.289 | prior loss = 1.206 | diffusion loss = 0.133

[2026-07-12 15:48:05,108][root][INFO] - Epoch 331: duration loss = 0.290 | prior loss = 1.206 | diffusion loss = 0.130

[2026-07-12 15:49:46,546][root][INFO] - Epoch 332: duration loss = 0.290 | prior loss = 1.206 | diffusion loss = 0.132

[2026-07-12 15:51:30,415][root][INFO] - Epoch 333: duration loss = 0.289 | prior loss = 1.206 | diffusion loss = 0.134

[2026-07-12 15:53:12,545][root][INFO] - Epoch 334: duration loss = 0.289 | prior loss = 1.205 | diffusion loss = 0.136

[2026-07-12 15:54:53,141][root][INFO] - Epoch 335: duration loss = 0.289 | prior loss = 1.206 | diffusion loss = 0.134

[2026-07-12 15:56:35,465][root][INFO] - Epoch 336: duration loss = 0.289 | prior loss = 1.206 | diffusion loss = 0.132

[2026-07-12 15:58:17,020][root][INFO] - Epoch 337: duration loss = 0.289 | prior loss = 1.206 | diffusion loss = 0.129

[2026-07-12 15:59:55,669][root][INFO] - Epoch 338: duration loss = 0.289 | prior loss = 1.206 | diffusion loss = 0.130

[2026-07-12 16:01:38,857][root][INFO] - Epoch 339: duration loss = 0.289 | prior loss = 1.206 | diffusion loss = 0.131

[2026-07-12 16:03:21,191][root][INFO] - Epoch 340: duration loss = 0.290 | prior loss = 1.206 | diffusion loss = 0.132

[2026-07-12 16:05:03,178][root][INFO] - Epoch 341: duration loss = 0.289 | prior loss = 1.206 | diffusion loss = 0.133

[2026-07-12 16:06:44,427][root][INFO] - Epoch 342: duration loss = 0.289 | prior loss = 1.206 | diffusion loss = 0.131

[2026-07-12 16:08:20,021][root][INFO] - Epoch 343: duration loss = 0.290 | prior loss = 1.207 | diffusion loss = 0.133

[2026-07-12 16:09:55,917][root][INFO] - Epoch 344: duration loss = 0.289 | prior loss = 1.206 | diffusion loss = 0.131

[2026-07-12 16:11:30,878][root][INFO] - Epoch 345: duration loss = 0.289 | prior loss = 1.206 | diffusion loss = 0.132

[2026-07-12 16:13:08,584][root][INFO] - Epoch 346: duration loss = 0.290 | prior loss = 1.206 | diffusion loss = 0.132

[2026-07-12 16:14:37,269][root][INFO] - Epoch 347: duration loss = 0.289 | prior loss = 1.206 | diffusion loss = 0.131

[2026-07-12 16:16:12,371][root][INFO] - Epoch 348: duration loss = 0.289 | prior loss = 1.206 | diffusion loss = 0.128

[2026-07-12 16:17:50,356][root][INFO] - Epoch 349: duration loss = 0.289 | prior loss = 1.206 | diffusion loss = 0.131

[2026-07-12 16:19:27,968][root][INFO] - Epoch 350: duration loss = 0.290 | prior loss = 1.206 | diffusion loss = 0.131

[2026-07-12 16:21:02,748][root][INFO] - Epoch 351: duration loss = 0.289 | prior loss = 1.206 | diffusion loss = 0.132

[2026-07-12 16:22:38,573][root][INFO] - Epoch 352: duration loss = 0.290 | prior loss = 1.205 | diffusion loss = 0.132

[2026-07-12 16:24:16,279][root][INFO] - Epoch 353: duration loss = 0.290 | prior loss = 1.206 | diffusion loss = 0.130

[2026-07-12 16:25:51,576][root][INFO] - Epoch 354: duration loss = 0.290 | prior loss = 1.206 | diffusion loss = 0.131

[2026-07-12 16:27:27,047][root][INFO] - Epoch 355: duration loss = 0.289 | prior loss = 1.206 | diffusion loss = 0.132

[2026-07-12 16:29:01,817][root][INFO] - Epoch 356: duration loss = 0.289 | prior loss = 1.206 | diffusion loss = 0.133

[2026-07-12 16:30:38,094][root][INFO] - Epoch 357: duration loss = 0.289 | prior loss = 1.206 | diffusion loss = 0.132

[2026-07-12 16:32:14,502][root][INFO] - Epoch 358: duration loss = 0.289 | prior loss = 1.206 | diffusion loss = 0.132

[2026-07-12 16:33:50,748][root][INFO] - Epoch 359: duration loss = 0.290 | prior loss = 1.206 | diffusion loss = 0.131

[2026-07-12 16:35:26,845][root][INFO] - Epoch 360: duration loss = 0.289 | prior loss = 1.206 | diffusion loss = 0.133

[2026-07-12 16:37:01,956][root][INFO] - Epoch 361: duration loss = 0.289 | prior loss = 1.207 | diffusion loss = 0.130

[2026-07-12 16:38:37,913][root][INFO] - Epoch 362: duration loss = 0.289 | prior loss = 1.206 | diffusion loss = 0.130

[2026-07-12 16:40:14,419][root][INFO] - Epoch 363: duration loss = 0.289 | prior loss = 1.206 | diffusion loss = 0.135

[2026-07-12 16:41:49,924][root][INFO] - Epoch 364: duration loss = 0.289 | prior loss = 1.206 | diffusion loss = 0.135

[2026-07-12 16:43:25,682][root][INFO] - Epoch 365: duration loss = 0.289 | prior loss = 1.206 | diffusion loss = 0.132

[2026-07-12 16:45:01,147][root][INFO] - Epoch 366: duration loss = 0.290 | prior loss = 1.206 | diffusion loss = 0.130

[2026-07-12 16:46:37,380][root][INFO] - Epoch 367: duration loss = 0.290 | prior loss = 1.206 | diffusion loss = 0.132

[2026-07-12 16:48:14,820][root][INFO] - Epoch 368: duration loss = 0.289 | prior loss = 1.206 | diffusion loss = 0.134

[2026-07-12 16:49:50,606][root][INFO] - Epoch 369: duration loss = 0.289 | prior loss = 1.206 | diffusion loss = 0.134

[2026-07-12 16:51:27,431][root][INFO] - Epoch 370: duration loss = 0.290 | prior loss = 1.206 | diffusion loss = 0.134

[2026-07-12 16:53:02,869][root][INFO] - Epoch 371: duration loss = 0.289 | prior loss = 1.206 | diffusion loss = 0.128

[2026-07-12 16:54:37,456][root][INFO] - Epoch 372: duration loss = 0.289 | prior loss = 1.206 | diffusion loss = 0.131

[2026-07-12 16:56:13,356][root][INFO] - Epoch 373: duration loss = 0.289 | prior loss = 1.206 | diffusion loss = 0.130

[2026-07-12 16:57:47,494][root][INFO] - Epoch 374: duration loss = 0.289 | prior loss = 1.206 | diffusion loss = 0.131

[2026-07-12 16:59:23,354][root][INFO] - Epoch 375: duration loss = 0.290 | prior loss = 1.206 | diffusion loss = 0.135

[2026-07-12 17:00:58,010][root][INFO] - Epoch 376: duration loss = 0.289 | prior loss = 1.206 | diffusion loss = 0.135

[2026-07-12 17:02:32,836][root][INFO] - Epoch 377: duration loss = 0.289 | prior loss = 1.206 | diffusion loss = 0.132

[2026-07-12 17:04:08,577][root][INFO] - Epoch 378: duration loss = 0.290 | prior loss = 1.206 | diffusion loss = 0.130

[2026-07-12 17:05:44,391][root][INFO] - Epoch 379: duration loss = 0.290 | prior loss = 1.206 | diffusion loss = 0.133

[2026-07-12 17:07:18,496][root][INFO] - Epoch 380: duration loss = 0.290 | prior loss = 1.206 | diffusion loss = 0.132

[2026-07-12 17:08:54,174][root][INFO] - Epoch 381: duration loss = 0.290 | prior loss = 1.206 | diffusion loss = 0.131

[2026-07-12 17:10:30,327][root][INFO] - Epoch 382: duration loss = 0.289 | prior loss = 1.206 | diffusion loss = 0.130

[2026-07-12 17:12:05,195][root][INFO] - Epoch 383: duration loss = 0.289 | prior loss = 1.206 | diffusion loss = 0.134

[2026-07-12 17:13:42,572][root][INFO] - Epoch 384: duration loss = 0.289 | prior loss = 1.206 | diffusion loss = 0.135

[2026-07-12 17:15:20,059][root][INFO] - Epoch 385: duration loss = 0.289 | prior loss = 1.206 | diffusion loss = 0.133

[2026-07-12 17:16:55,884][root][INFO] - Epoch 386: duration loss = 0.290 | prior loss = 1.206 | diffusion loss = 0.133

[2026-07-12 17:18:30,715][root][INFO] - Epoch 387: duration loss = 0.289 | prior loss = 1.206 | diffusion loss = 0.133

[2026-07-12 17:20:06,294][root][INFO] - Epoch 388: duration loss = 0.289 | prior loss = 1.206 | diffusion loss = 0.132

[2026-07-12 17:21:41,004][root][INFO] - Epoch 389: duration loss = 0.289 | prior loss = 1.206 | diffusion loss = 0.130

[2026-07-12 17:23:15,863][root][INFO] - Epoch 390: duration loss = 0.289 | prior loss = 1.206 | diffusion loss = 0.131

[2026-07-12 17:24:51,547][root][INFO] - Epoch 391: duration loss = 0.289 | prior loss = 1.206 | diffusion loss = 0.133

[2026-07-12 17:26:26,848][root][INFO] - Epoch 392: duration loss = 0.289 | prior loss = 1.206 | diffusion loss = 0.131

[2026-07-12 17:28:03,262][root][INFO] - Epoch 393: duration loss = 0.289 | prior loss = 1.206 | diffusion loss = 0.132

[2026-07-12 17:29:39,303][root][INFO] - Epoch 394: duration loss = 0.289 | prior loss = 1.206 | diffusion loss = 0.134

[2026-07-12 17:31:14,255][root][INFO] - Epoch 395: duration loss = 0.289 | prior loss = 1.206 | diffusion loss = 0.131

[2026-07-12 17:32:49,199][root][INFO] - Epoch 396: duration loss = 0.289 | prior loss = 1.206 | diffusion loss = 0.132

[2026-07-12 17:34:24,765][root][INFO] - Epoch 397: duration loss = 0.290 | prior loss = 1.206 | diffusion loss = 0.129

[2026-07-12 17:36:02,176][root][INFO] - Epoch 398: duration loss = 0.290 | prior loss = 1.206 | diffusion loss = 0.134

[2026-07-12 17:37:40,471][root][INFO] - Epoch 399: duration loss = 0.290 | prior loss = 1.207 | diffusion loss = 0.130

[2026-07-12 17:39:16,956][root][INFO] - Epoch 400: duration loss = 0.289 | prior loss = 1.206 | diffusion loss = 0.128

[2026-07-12 17:40:52,974][root][INFO] - Epoch 401: duration loss = 0.290 | prior loss = 1.206 | diffusion loss = 0.128

[2026-07-12 17:42:27,256][root][INFO] - Epoch 402: duration loss = 0.289 | prior loss = 1.206 | diffusion loss = 0.129

[2026-07-12 17:44:01,888][root][INFO] - Epoch 403: duration loss = 0.290 | prior loss = 1.206 | diffusion loss = 0.129

[2026-07-12 17:45:38,562][root][INFO] - Epoch 404: duration loss = 0.290 | prior loss = 1.206 | diffusion loss = 0.132

[2026-07-12 17:47:13,901][root][INFO] - Epoch 405: duration loss = 0.290 | prior loss = 1.206 | diffusion loss = 0.129

[2026-07-12 17:48:48,371][root][INFO] - Epoch 406: duration loss = 0.289 | prior loss = 1.206 | diffusion loss = 0.130

[2026-07-12 17:50:20,429][root][INFO] - Epoch 407: duration loss = 0.289 | prior loss = 1.206 | diffusion loss = 0.132

[2026-07-12 17:51:56,100][root][INFO] - Epoch 408: duration loss = 0.290 | prior loss = 1.206 | diffusion loss = 0.131

[2026-07-12 17:53:32,691][root][INFO] - Epoch 409: duration loss = 0.290 | prior loss = 1.206 | diffusion loss = 0.134

[2026-07-12 17:55:14,598][root][INFO] - Epoch 410: duration loss = 0.290 | prior loss = 1.206 | diffusion loss = 0.130

[2026-07-12 17:56:56,810][root][INFO] - Epoch 411: duration loss = 0.290 | prior loss = 1.206 | diffusion loss = 0.131

[2026-07-12 17:58:39,526][root][INFO] - Epoch 412: duration loss = 0.290 | prior loss = 1.206 | diffusion loss = 0.132

[2026-07-12 18:00:21,770][root][INFO] - Epoch 413: duration loss = 0.289 | prior loss = 1.206 | diffusion loss = 0.132

[2026-07-12 18:02:03,592][root][INFO] - Epoch 414: duration loss = 0.290 | prior loss = 1.206 | diffusion loss = 0.129

[2026-07-12 18:03:45,915][root][INFO] - Epoch 415: duration loss = 0.289 | prior loss = 1.206 | diffusion loss = 0.130

[2026-07-12 18:05:28,925][root][INFO] - Epoch 416: duration loss = 0.289 | prior loss = 1.205 | diffusion loss = 0.129

[2026-07-12 18:07:12,703][root][INFO] - Epoch 417: duration loss = 0.290 | prior loss = 1.205 | diffusion loss = 0.134

[2026-07-12 18:08:55,384][root][INFO] - Epoch 418: duration loss = 0.290 | prior loss = 1.206 | diffusion loss = 0.132

[2026-07-12 18:10:38,852][root][INFO] - Epoch 419: duration loss = 0.289 | prior loss = 1.206 | diffusion loss = 0.134

[2026-07-12 18:12:21,518][root][INFO] - Epoch 420: duration loss = 0.290 | prior loss = 1.206 | diffusion loss = 0.131

[2026-07-12 18:14:04,989][root][INFO] - Epoch 421: duration loss = 0.289 | prior loss = 1.206 | diffusion loss = 0.135

[2026-07-12 18:15:49,581][root][INFO] - Epoch 422: duration loss = 0.289 | prior loss = 1.206 | diffusion loss = 0.130

[2026-07-12 18:17:34,562][root][INFO] - Epoch 423: duration loss = 0.289 | prior loss = 1.206 | diffusion loss = 0.131

[2026-07-12 18:19:19,157][root][INFO] - Epoch 424: duration loss = 0.290 | prior loss = 1.206 | diffusion loss = 0.132

[2026-07-12 18:21:03,116][root][INFO] - Epoch 425: duration loss = 0.289 | prior loss = 1.206 | diffusion loss = 0.131

[2026-07-12 18:22:47,137][root][INFO] - Epoch 426: duration loss = 0.289 | prior loss = 1.206 | diffusion loss = 0.131

[2026-07-12 18:24:32,795][root][INFO] - Epoch 427: duration loss = 0.289 | prior loss = 1.206 | diffusion loss = 0.132

[2026-07-12 18:26:16,964][root][INFO] - Epoch 428: duration loss = 0.289 | prior loss = 1.206 | diffusion loss = 0.129

[2026-07-12 18:28:00,306][root][INFO] - Epoch 429: duration loss = 0.289 | prior loss = 1.206 | diffusion loss = 0.134

[2026-07-12 18:29:45,255][root][INFO] - Epoch 430: duration loss = 0.290 | prior loss = 1.206 | diffusion loss = 0.135

[2026-07-12 18:31:29,716][root][INFO] - Epoch 431: duration loss = 0.289 | prior loss = 1.206 | diffusion loss = 0.132

[2026-07-12 18:33:13,385][root][INFO] - Epoch 432: duration loss = 0.289 | prior loss = 1.206 | diffusion loss = 0.135

[2026-07-12 18:34:57,593][root][INFO] - Epoch 433: duration loss = 0.289 | prior loss = 1.206 | diffusion loss = 0.130

[2026-07-12 18:36:42,244][root][INFO] - Epoch 434: duration loss = 0.290 | prior loss = 1.206 | diffusion loss = 0.134

[2026-07-12 18:38:25,709][root][INFO] - Epoch 435: duration loss = 0.289 | prior loss = 1.206 | diffusion loss = 0.130

[2026-07-12 18:40:09,899][root][INFO] - Epoch 436: duration loss = 0.290 | prior loss = 1.206 | diffusion loss = 0.132

[2026-07-12 18:41:53,875][root][INFO] - Epoch 437: duration loss = 0.290 | prior loss = 1.206 | diffusion loss = 0.132

[2026-07-12 18:43:38,144][root][INFO] - Epoch 438: duration loss = 0.289 | prior loss = 1.206 | diffusion loss = 0.134

[2026-07-12 18:45:22,465][root][INFO] - Epoch 439: duration loss = 0.289 | prior loss = 1.206 | diffusion loss = 0.131

[2026-07-12 18:47:06,371][root][INFO] - Epoch 440: duration loss = 0.289 | prior loss = 1.206 | diffusion loss = 0.131

[2026-07-12 18:48:50,876][root][INFO] - Epoch 441: duration loss = 0.290 | prior loss = 1.206 | diffusion loss = 0.133

[2026-07-12 18:50:35,422][root][INFO] - Epoch 442: duration loss = 0.289 | prior loss = 1.206 | diffusion loss = 0.132

[2026-07-12 18:52:19,324][root][INFO] - Epoch 443: duration loss = 0.290 | prior loss = 1.206 | diffusion loss = 0.129

[2026-07-12 18:54:04,211][root][INFO] - Epoch 444: duration loss = 0.290 | prior loss = 1.206 | diffusion loss = 0.135

[2026-07-12 18:55:49,485][root][INFO] - Epoch 445: duration loss = 0.290 | prior loss = 1.206 | diffusion loss = 0.138

[2026-07-12 18:57:35,232][root][INFO] - Epoch 446: duration loss = 0.289 | prior loss = 1.206 | diffusion loss = 0.130

[2026-07-12 18:59:19,952][root][INFO] - Epoch 447: duration loss = 0.289 | prior loss = 1.206 | diffusion loss = 0.131

[2026-07-12 19:01:05,065][root][INFO] - Epoch 448: duration loss = 0.289 | prior loss = 1.206 | diffusion loss = 0.130

[2026-07-12 19:02:51,267][root][INFO] - Epoch 449: duration loss = 0.289 | prior loss = 1.206 | diffusion loss = 0.134

[2026-07-12 19:04:37,114][root][INFO] - Epoch 450: duration loss = 0.289 | prior loss = 1.206 | diffusion loss = 0.130

[2026-07-12 19:06:22,135][root][INFO] - Epoch 451: duration loss = 0.289 | prior loss = 1.206 | diffusion loss = 0.129

[2026-07-12 19:08:07,070][root][INFO] - Epoch 452: duration loss = 0.290 | prior loss = 1.206 | diffusion loss = 0.131

[2026-07-12 19:09:51,765][root][INFO] - Epoch 453: duration loss = 0.290 | prior loss = 1.206 | diffusion loss = 0.133

[2026-07-12 19:11:36,092][root][INFO] - Epoch 454: duration loss = 0.290 | prior loss = 1.206 | diffusion loss = 0.132

[2026-07-12 19:13:21,005][root][INFO] - Epoch 455: duration loss = 0.289 | prior loss = 1.206 | diffusion loss = 0.134

[2026-07-12 19:15:05,659][root][INFO] - Epoch 456: duration loss = 0.289 | prior loss = 1.206 | diffusion loss = 0.131

[2026-07-12 19:16:50,598][root][INFO] - Epoch 457: duration loss = 0.289 | prior loss = 1.206 | diffusion loss = 0.129

[2026-07-12 19:18:34,865][root][INFO] - Epoch 458: duration loss = 0.290 | prior loss = 1.206 | diffusion loss = 0.128

[2026-07-12 19:20:19,340][root][INFO] - Epoch 459: duration loss = 0.289 | prior loss = 1.206 | diffusion loss = 0.130

[2026-07-12 19:22:03,975][root][INFO] - Epoch 460: duration loss = 0.290 | prior loss = 1.206 | diffusion loss = 0.133

[2026-07-12 19:23:49,128][root][INFO] - Epoch 461: duration loss = 0.290 | prior loss = 1.207 | diffusion loss = 0.127

[2026-07-12 19:25:33,575][root][INFO] - Epoch 462: duration loss = 0.290 | prior loss = 1.206 | diffusion loss = 0.135

[2026-07-12 19:27:17,732][root][INFO] - Epoch 463: duration loss = 0.289 | prior loss = 1.206 | diffusion loss = 0.130

[2026-07-12 19:29:01,823][root][INFO] - Epoch 464: duration loss = 0.290 | prior loss = 1.206 | diffusion loss = 0.131

[2026-07-12 19:30:46,248][root][INFO] - Epoch 465: duration loss = 0.290 | prior loss = 1.206 | diffusion loss = 0.133

[2026-07-12 19:32:30,331][root][INFO] - Epoch 466: duration loss = 0.290 | prior loss = 1.206 | diffusion loss = 0.131

[2026-07-12 19:34:14,503][root][INFO] - Epoch 467: duration loss = 0.290 | prior loss = 1.206 | diffusion loss = 0.131

[2026-07-12 19:35:59,022][root][INFO] - Epoch 468: duration loss = 0.289 | prior loss = 1.206 | diffusion loss = 0.132

[2026-07-12 19:37:42,813][root][INFO] - Epoch 469: duration loss = 0.290 | prior loss = 1.206 | diffusion loss = 0.131

[2026-07-12 19:39:27,591][root][INFO] - Epoch 470: duration loss = 0.289 | prior loss = 1.206 | diffusion loss = 0.128

[2026-07-12 19:41:12,480][root][INFO] - Epoch 471: duration loss = 0.289 | prior loss = 1.206 | diffusion loss = 0.131

[2026-07-12 19:42:57,410][root][INFO] - Epoch 472: duration loss = 0.290 | prior loss = 1.206 | diffusion loss = 0.131

[2026-07-12 19:44:40,972][root][INFO] - Epoch 473: duration loss = 0.289 | prior loss = 1.206 | diffusion loss = 0.132

[2026-07-12 19:46:25,482][root][INFO] - Epoch 474: duration loss = 0.289 | prior loss = 1.206 | diffusion loss = 0.131

[2026-07-12 19:48:09,297][root][INFO] - Epoch 475: duration loss = 0.289 | prior loss = 1.207 | diffusion loss = 0.133

[2026-07-12 19:49:53,171][root][INFO] - Epoch 476: duration loss = 0.289 | prior loss = 1.206 | diffusion loss = 0.130

[2026-07-12 19:51:36,173][root][INFO] - Epoch 477: duration loss = 0.289 | prior loss = 1.206 | diffusion loss = 0.133

[2026-07-12 19:53:18,970][root][INFO] - Epoch 478: duration loss = 0.290 | prior loss = 1.206 | diffusion loss = 0.132

[2026-07-12 19:55:02,975][root][INFO] - Epoch 479: duration loss = 0.289 | prior loss = 1.206 | diffusion loss = 0.131

[2026-07-12 19:56:47,184][root][INFO] - Epoch 480: duration loss = 0.289 | prior loss = 1.206 | diffusion loss = 0.129

[2026-07-12 19:58:31,036][root][INFO] - Epoch 481: duration loss = 0.289 | prior loss = 1.206 | diffusion loss = 0.130

[2026-07-12 20:00:15,132][root][INFO] - Epoch 482: duration loss = 0.290 | prior loss = 1.206 | diffusion loss = 0.134

[2026-07-12 20:01:58,838][root][INFO] - Epoch 483: duration loss = 0.289 | prior loss = 1.206 | diffusion loss = 0.132

[2026-07-12 20:03:42,264][root][INFO] - Epoch 484: duration loss = 0.289 | prior loss = 1.205 | diffusion loss = 0.127

[2026-07-12 20:05:26,474][root][INFO] - Epoch 485: duration loss = 0.289 | prior loss = 1.206 | diffusion loss = 0.133

[2026-07-12 20:07:10,657][root][INFO] - Epoch 486: duration loss = 0.290 | prior loss = 1.206 | diffusion loss = 0.130

[2026-07-12 20:08:55,514][root][INFO] - Epoch 487: duration loss = 0.289 | prior loss = 1.206 | diffusion loss = 0.133

[2026-07-12 20:10:40,232][root][INFO] - Epoch 488: duration loss = 0.289 | prior loss = 1.206 | diffusion loss = 0.129

[2026-07-12 20:12:25,573][root][INFO] - Epoch 489: duration loss = 0.290 | prior loss = 1.206 | diffusion loss = 0.130

[2026-07-12 20:14:11,045][root][INFO] - Epoch 490: duration loss = 0.289 | prior loss = 1.206 | diffusion loss = 0.133

[2026-07-12 20:15:55,326][root][INFO] - Epoch 491: duration loss = 0.290 | prior loss = 1.206 | diffusion loss = 0.130

[2026-07-12 20:17:40,126][root][INFO] - Epoch 492: duration loss = 0.289 | prior loss = 1.206 | diffusion loss = 0.130

[2026-07-12 20:19:24,973][root][INFO] - Epoch 493: duration loss = 0.290 | prior loss = 1.206 | diffusion loss = 0.132

[2026-07-12 20:21:10,358][root][INFO] - Epoch 494: duration loss = 0.289 | prior loss = 1.206 | diffusion loss = 0.129

[2026-07-12 20:22:55,117][root][INFO] - Epoch 495: duration loss = 0.289 | prior loss = 1.206 | diffusion loss = 0.132

[2026-07-12 20:24:39,945][root][INFO] - Epoch 496: duration loss = 0.289 | prior loss = 1.206 | diffusion loss = 0.130

[2026-07-12 20:26:24,859][root][INFO] - Epoch 497: duration loss = 0.289 | prior loss = 1.206 | diffusion loss = 0.133

[2026-07-12 20:28:09,303][root][INFO] - Epoch 498: duration loss = 0.289 | prior loss = 1.206 | diffusion loss = 0.132

[2026-07-12 20:29:54,311][root][INFO] - Epoch 499: duration loss = 0.289 | prior loss = 1.206 | diffusion loss = 0.133

[2026-07-12 20:31:47,122][root][INFO] - Epoch 500: duration loss = 0.286 | prior loss = 1.203 | diffusion loss = 0.134

[2026-07-12 20:33:40,098][root][INFO] - Epoch 501: duration loss = 0.284 | prior loss = 1.202 | diffusion loss = 0.130

[2026-07-12 20:35:31,758][root][INFO] - Epoch 502: duration loss = 0.283 | prior loss = 1.201 | diffusion loss = 0.124

[2026-07-12 20:37:24,809][root][INFO] - Epoch 503: duration loss = 0.282 | prior loss = 1.200 | diffusion loss = 0.129

[2026-07-12 20:39:17,312][root][INFO] - Epoch 504: duration loss = 0.282 | prior loss = 1.200 | diffusion loss = 0.130

[2026-07-12 20:41:09,965][root][INFO] - Epoch 505: duration loss = 0.281 | prior loss = 1.199 | diffusion loss = 0.130

[2026-07-12 20:43:01,620][root][INFO] - Epoch 506: duration loss = 0.282 | prior loss = 1.199 | diffusion loss = 0.133

[2026-07-12 20:44:53,718][root][INFO] - Epoch 507: duration loss = 0.281 | prior loss = 1.199 | diffusion loss = 0.135

[2026-07-12 20:46:45,896][root][INFO] - Epoch 508: duration loss = 0.281 | prior loss = 1.199 | diffusion loss = 0.133

[2026-07-12 20:48:38,786][root][INFO] - Epoch 509: duration loss = 0.281 | prior loss = 1.199 | diffusion loss = 0.130

[2026-07-12 20:50:31,298][root][INFO] - Epoch 510: duration loss = 0.280 | prior loss = 1.198 | diffusion loss = 0.131

[2026-07-12 20:52:23,578][root][INFO] - Epoch 511: duration loss = 0.280 | prior loss = 1.198 | diffusion loss = 0.130

[2026-07-12 20:54:15,554][root][INFO] - Epoch 512: duration loss = 0.279 | prior loss = 1.198 | diffusion loss = 0.131

[2026-07-12 20:56:07,591][root][INFO] - Epoch 513: duration loss = 0.280 | prior loss = 1.198 | diffusion loss = 0.131

[2026-07-12 20:57:59,468][root][INFO] - Epoch 514: duration loss = 0.279 | prior loss = 1.198 | diffusion loss = 0.131

[2026-07-12 20:59:51,676][root][INFO] - Epoch 515: duration loss = 0.280 | prior loss = 1.197 | diffusion loss = 0.131

[2026-07-12 21:01:43,851][root][INFO] - Epoch 516: duration loss = 0.280 | prior loss = 1.197 | diffusion loss = 0.133

[2026-07-12 21:03:36,181][root][INFO] - Epoch 517: duration loss = 0.280 | prior loss = 1.198 | diffusion loss = 0.131

[2026-07-12 21:05:29,019][root][INFO] - Epoch 518: duration loss = 0.280 | prior loss = 1.197 | diffusion loss = 0.133

[2026-07-12 21:07:21,764][root][INFO] - Epoch 519: duration loss = 0.279 | prior loss = 1.197 | diffusion loss = 0.131

[2026-07-12 21:09:13,996][root][INFO] - Epoch 520: duration loss = 0.279 | prior loss = 1.197 | diffusion loss = 0.131

[2026-07-12 21:11:06,828][root][INFO] - Epoch 521: duration loss = 0.279 | prior loss = 1.197 | diffusion loss = 0.133

[2026-07-12 21:12:59,274][root][INFO] - Epoch 522: duration loss = 0.279 | prior loss = 1.197 | diffusion loss = 0.129

[2026-07-12 21:14:51,071][root][INFO] - Epoch 523: duration loss = 0.279 | prior loss = 1.197 | diffusion loss = 0.128

[2026-07-12 21:16:43,772][root][INFO] - Epoch 524: duration loss = 0.279 | prior loss = 1.196 | diffusion loss = 0.125

[2026-07-12 21:18:36,829][root][INFO] - Epoch 525: duration loss = 0.278 | prior loss = 1.196 | diffusion loss = 0.130

[2026-07-12 21:20:30,199][root][INFO] - Epoch 526: duration loss = 0.278 | prior loss = 1.196 | diffusion loss = 0.134

[2026-07-12 21:22:22,232][root][INFO] - Epoch 527: duration loss = 0.278 | prior loss = 1.196 | diffusion loss = 0.131

[2026-07-12 21:24:14,352][root][INFO] - Epoch 528: duration loss = 0.278 | prior loss = 1.196 | diffusion loss = 0.126

[2026-07-12 21:26:06,422][root][INFO] - Epoch 529: duration loss = 0.278 | prior loss = 1.196 | diffusion loss = 0.128

[2026-07-12 21:27:58,734][root][INFO] - Epoch 530: duration loss = 0.278 | prior loss = 1.196 | diffusion loss = 0.134

[2026-07-12 21:29:51,288][root][INFO] - Epoch 531: duration loss = 0.278 | prior loss = 1.196 | diffusion loss = 0.131

[2026-07-12 21:31:42,842][root][INFO] - Epoch 532: duration loss = 0.278 | prior loss = 1.196 | diffusion loss = 0.129

[2026-07-12 21:33:35,727][root][INFO] - Epoch 533: duration loss = 0.278 | prior loss = 1.196 | diffusion loss = 0.126

[2026-07-12 21:35:28,344][root][INFO] - Epoch 534: duration loss = 0.278 | prior loss = 1.196 | diffusion loss = 0.129

[2026-07-12 21:37:20,564][root][INFO] - Epoch 535: duration loss = 0.278 | prior loss = 1.196 | diffusion loss = 0.127

[2026-07-12 21:39:12,534][root][INFO] - Epoch 536: duration loss = 0.277 | prior loss = 1.196 | diffusion loss = 0.132

[2026-07-12 21:41:04,876][root][INFO] - Epoch 537: duration loss = 0.278 | prior loss = 1.196 | diffusion loss = 0.132

[2026-07-12 21:42:57,456][root][INFO] - Epoch 538: duration loss = 0.277 | prior loss = 1.195 | diffusion loss = 0.131

[2026-07-12 21:44:49,510][root][INFO] - Epoch 539: duration loss = 0.277 | prior loss = 1.196 | diffusion loss = 0.129

[2026-07-12 21:46:42,447][root][INFO] - Epoch 540: duration loss = 0.277 | prior loss = 1.196 | diffusion loss = 0.130

[2026-07-12 21:48:34,903][root][INFO] - Epoch 541: duration loss = 0.277 | prior loss = 1.196 | diffusion loss = 0.129

[2026-07-12 21:50:27,239][root][INFO] - Epoch 542: duration loss = 0.277 | prior loss = 1.195 | diffusion loss = 0.128

[2026-07-12 21:52:19,817][root][INFO] - Epoch 543: duration loss = 0.277 | prior loss = 1.195 | diffusion loss = 0.130

[2026-07-12 21:54:12,456][root][INFO] - Epoch 544: duration loss = 0.277 | prior loss = 1.196 | diffusion loss = 0.129

[2026-07-12 21:56:05,517][root][INFO] - Epoch 545: duration loss = 0.277 | prior loss = 1.195 | diffusion loss = 0.128

[2026-07-12 21:57:57,824][root][INFO] - Epoch 546: duration loss = 0.277 | prior loss = 1.195 | diffusion loss = 0.129

[2026-07-12 21:59:50,704][root][INFO] - Epoch 547: duration loss = 0.277 | prior loss = 1.196 | diffusion loss = 0.129

[2026-07-12 22:01:43,801][root][INFO] - Epoch 548: duration loss = 0.277 | prior loss = 1.195 | diffusion loss = 0.129

[2026-07-12 22:03:37,791][root][INFO] - Epoch 549: duration loss = 0.277 | prior loss = 1.196 | diffusion loss = 0.131

[2026-07-12 22:05:31,163][root][INFO] - Epoch 550: duration loss = 0.277 | prior loss = 1.195 | diffusion loss = 0.131

[2026-07-12 22:07:23,598][root][INFO] - Epoch 551: duration loss = 0.277 | prior loss = 1.195 | diffusion loss = 0.135

[2026-07-12 22:09:16,311][root][INFO] - Epoch 552: duration loss = 0.276 | prior loss = 1.195 | diffusion loss = 0.134

[2026-07-12 22:11:08,719][root][INFO] - Epoch 553: duration loss = 0.277 | prior loss = 1.195 | diffusion loss = 0.130

[2026-07-12 22:13:00,944][root][INFO] - Epoch 554: duration loss = 0.276 | prior loss = 1.195 | diffusion loss = 0.129

[2026-07-12 22:14:53,046][root][INFO] - Epoch 555: duration loss = 0.276 | prior loss = 1.195 | diffusion loss = 0.129

[2026-07-12 22:16:45,414][root][INFO] - Epoch 556: duration loss = 0.276 | prior loss = 1.195 | diffusion loss = 0.128

[2026-07-12 22:18:38,126][root][INFO] - Epoch 557: duration loss = 0.276 | prior loss = 1.194 | diffusion loss = 0.133

[2026-07-12 22:20:29,717][root][INFO] - Epoch 558: duration loss = 0.276 | prior loss = 1.194 | diffusion loss = 0.131

[2026-07-12 22:22:22,037][root][INFO] - Epoch 559: duration loss = 0.277 | prior loss = 1.195 | diffusion loss = 0.131

[2026-07-12 22:24:14,674][root][INFO] - Epoch 560: duration loss = 0.276 | prior loss = 1.195 | diffusion loss = 0.130

[2026-07-12 22:26:05,531][root][INFO] - Epoch 561: duration loss = 0.276 | prior loss = 1.195 | diffusion loss = 0.129

[2026-07-12 22:27:57,170][root][INFO] - Epoch 562: duration loss = 0.276 | prior loss = 1.195 | diffusion loss = 0.131

[2026-07-12 22:29:49,348][root][INFO] - Epoch 563: duration loss = 0.276 | prior loss = 1.195 | diffusion loss = 0.131

[2026-07-12 22:31:41,703][root][INFO] - Epoch 564: duration loss = 0.276 | prior loss = 1.195 | diffusion loss = 0.129

[2026-07-12 22:33:33,599][root][INFO] - Epoch 565: duration loss = 0.276 | prior loss = 1.194 | diffusion loss = 0.130

[2026-07-12 22:35:24,859][root][INFO] - Epoch 566: duration loss = 0.276 | prior loss = 1.195 | diffusion loss = 0.133

[2026-07-12 22:37:16,464][root][INFO] - Epoch 567: duration loss = 0.276 | prior loss = 1.195 | diffusion loss = 0.128

[2026-07-12 22:39:08,568][root][INFO] - Epoch 568: duration loss = 0.276 | prior loss = 1.195 | diffusion loss = 0.129

[2026-07-12 22:41:00,165][root][INFO] - Epoch 569: duration loss = 0.275 | prior loss = 1.195 | diffusion loss = 0.127

[2026-07-12 22:42:51,864][root][INFO] - Epoch 570: duration loss = 0.276 | prior loss = 1.194 | diffusion loss = 0.131

[2026-07-12 22:44:44,153][root][INFO] - Epoch 571: duration loss = 0.276 | prior loss = 1.195 | diffusion loss = 0.134

[2026-07-12 22:46:36,254][root][INFO] - Epoch 572: duration loss = 0.275 | prior loss = 1.194 | diffusion loss = 0.125

[2026-07-12 22:48:29,669][root][INFO] - Epoch 573: duration loss = 0.276 | prior loss = 1.194 | diffusion loss = 0.129

[2026-07-12 22:50:21,616][root][INFO] - Epoch 574: duration loss = 0.276 | prior loss = 1.195 | diffusion loss = 0.131

[2026-07-12 22:52:14,245][root][INFO] - Epoch 575: duration loss = 0.275 | prior loss = 1.195 | diffusion loss = 0.128

[2026-07-12 22:54:06,605][root][INFO] - Epoch 576: duration loss = 0.276 | prior loss = 1.194 | diffusion loss = 0.130

[2026-07-12 22:55:58,739][root][INFO] - Epoch 577: duration loss = 0.275 | prior loss = 1.195 | diffusion loss = 0.129

[2026-07-12 22:57:51,397][root][INFO] - Epoch 578: duration loss = 0.275 | prior loss = 1.194 | diffusion loss = 0.129

[2026-07-12 22:59:43,880][root][INFO] - Epoch 579: duration loss = 0.275 | prior loss = 1.194 | diffusion loss = 0.130

[2026-07-12 23:01:36,693][root][INFO] - Epoch 580: duration loss = 0.275 | prior loss = 1.194 | diffusion loss = 0.129

[2026-07-12 23:03:27,838][root][INFO] - Epoch 581: duration loss = 0.275 | prior loss = 1.194 | diffusion loss = 0.130

[2026-07-12 23:05:20,476][root][INFO] - Epoch 582: duration loss = 0.275 | prior loss = 1.194 | diffusion loss = 0.132

[2026-07-12 23:07:13,934][root][INFO] - Epoch 583: duration loss = 0.275 | prior loss = 1.194 | diffusion loss = 0.131

[2026-07-12 23:09:07,356][root][INFO] - Epoch 584: duration loss = 0.274 | prior loss = 1.194 | diffusion loss = 0.127

[2026-07-12 23:10:59,594][root][INFO] - Epoch 585: duration loss = 0.275 | prior loss = 1.194 | diffusion loss = 0.131

[2026-07-12 23:12:51,234][root][INFO] - Epoch 586: duration loss = 0.275 | prior loss = 1.194 | diffusion loss = 0.131

[2026-07-12 23:14:43,848][root][INFO] - Epoch 587: duration loss = 0.275 | prior loss = 1.194 | diffusion loss = 0.130

[2026-07-12 23:16:36,433][root][INFO] - Epoch 588: duration loss = 0.275 | prior loss = 1.194 | diffusion loss = 0.128

[2026-07-12 23:18:29,267][root][INFO] - Epoch 589: duration loss = 0.275 | prior loss = 1.194 | diffusion loss = 0.132

[2026-07-12 23:20:20,472][root][INFO] - Epoch 590: duration loss = 0.275 | prior loss = 1.194 | diffusion loss = 0.128

[2026-07-12 23:22:13,238][root][INFO] - Epoch 591: duration loss = 0.275 | prior loss = 1.194 | diffusion loss = 0.131

[2026-07-12 23:24:06,613][root][INFO] - Epoch 592: duration loss = 0.275 | prior loss = 1.194 | diffusion loss = 0.132

[2026-07-12 23:26:00,021][root][INFO] - Epoch 593: duration loss = 0.275 | prior loss = 1.194 | diffusion loss = 0.133

[2026-07-12 23:27:53,164][root][INFO] - Epoch 594: duration loss = 0.275 | prior loss = 1.194 | diffusion loss = 0.130

[2026-07-12 23:29:45,279][root][INFO] - Epoch 595: duration loss = 0.275 | prior loss = 1.193 | diffusion loss = 0.133

[2026-07-12 23:31:37,549][root][INFO] - Epoch 596: duration loss = 0.275 | prior loss = 1.194 | diffusion loss = 0.134

[2026-07-12 23:33:30,723][root][INFO] - Epoch 597: duration loss = 0.275 | prior loss = 1.193 | diffusion loss = 0.130

[2026-07-12 23:35:22,796][root][INFO] - Epoch 598: duration loss = 0.275 | prior loss = 1.194 | diffusion loss = 0.130

[2026-07-12 23:37:15,447][root][INFO] - Epoch 599: duration loss = 0.274 | prior loss = 1.193 | diffusion loss = 0.130

