[2026-08-01 01:25:46,074][root][INFO] - Initializing logger...
[2026-08-01 01:25:46,077][root][INFO] - Initializing data loaders...
[2026-08-01 01:25:46,857][root][INFO] - Initializing model...
[2026-08-01 01:25:47,417][root][INFO] - Number of encoder parameters = 7.20m
[2026-08-01 01:25:47,427][root][INFO] - Number of decoder parameters = 7.63m
[2026-08-01 01:25:47,603][root][INFO] - Initializing optimizer...
[2026-08-01 01:25:48,301][root][INFO] - Start training...
[2026-08-01 01:28:30,087][root][INFO] - Epoch 1: duration loss = 0.289 | prior loss = 1.206 | diffusion loss = 7.661

[2026-08-01 01:30:11,598][root][INFO] - Epoch 2: duration loss = 0.290 | prior loss = 1.206 | diffusion loss = 2.782

[2026-08-01 01:31:53,263][root][INFO] - Epoch 3: duration loss = 0.290 | prior loss = 1.206 | diffusion loss = 0.680

[2026-08-01 01:33:35,161][root][INFO] - Epoch 4: duration loss = 0.289 | prior loss = 1.206 | diffusion loss = 0.330

[2026-08-01 01:35:17,682][root][INFO] - Epoch 5: duration loss = 0.290 | prior loss = 1.206 | diffusion loss = 0.304

[2026-08-01 01:37:03,559][root][INFO] - Epoch 6: duration loss = 0.289 | prior loss = 1.206 | diffusion loss = 0.292

[2026-08-01 01:38:49,763][root][INFO] - Epoch 7: duration loss = 0.290 | prior loss = 1.206 | diffusion loss = 0.287

[2026-08-01 01:40:35,882][root][INFO] - Epoch 8: duration loss = 0.289 | prior loss = 1.206 | diffusion loss = 0.281

[2026-08-01 01:42:22,159][root][INFO] - Epoch 9: duration loss = 0.289 | prior loss = 1.206 | diffusion loss = 0.279

[2026-08-01 01:44:08,779][root][INFO] - Epoch 10: duration loss = 0.289 | prior loss = 1.206 | diffusion loss = 0.276

[2026-08-01 01:45:54,942][root][INFO] - Epoch 11: duration loss = 0.289 | prior loss = 1.206 | diffusion loss = 0.274

[2026-08-01 01:47:37,229][root][INFO] - Epoch 12: duration loss = 0.289 | prior loss = 1.206 | diffusion loss = 0.271

[2026-08-01 01:49:17,223][root][INFO] - Epoch 13: duration loss = 0.290 | prior loss = 1.206 | diffusion loss = 0.267

[2026-08-01 01:50:56,098][root][INFO] - Epoch 14: duration loss = 0.290 | prior loss = 1.206 | diffusion loss = 0.267

[2026-08-01 01:52:38,545][root][INFO] - Epoch 15: duration loss = 0.289 | prior loss = 1.206 | diffusion loss = 0.265

[2026-08-01 01:54:19,477][root][INFO] - Epoch 16: duration loss = 0.289 | prior loss = 1.206 | diffusion loss = 0.263

[2026-08-01 01:56:01,102][root][INFO] - Epoch 17: duration loss = 0.289 | prior loss = 1.205 | diffusion loss = 0.264

[2026-08-01 01:57:42,700][root][INFO] - Epoch 18: duration loss = 0.289 | prior loss = 1.206 | diffusion loss = 0.263

[2026-08-01 01:59:23,456][root][INFO] - Epoch 19: duration loss = 0.289 | prior loss = 1.206 | diffusion loss = 0.260

[2026-08-01 02:01:04,152][root][INFO] - Epoch 20: duration loss = 0.290 | prior loss = 1.206 | diffusion loss = 0.261

[2026-08-01 02:02:45,289][root][INFO] - Epoch 21: duration loss = 0.289 | prior loss = 1.206 | diffusion loss = 0.259

[2026-08-01 02:04:25,095][root][INFO] - Epoch 22: duration loss = 0.290 | prior loss = 1.206 | diffusion loss = 0.258

[2026-08-01 02:06:05,933][root][INFO] - Epoch 23: duration loss = 0.289 | prior loss = 1.206 | diffusion loss = 0.258

[2026-08-01 02:07:47,559][root][INFO] - Epoch 24: duration loss = 0.289 | prior loss = 1.206 | diffusion loss = 0.256

[2026-08-01 02:09:27,585][root][INFO] - Epoch 25: duration loss = 0.289 | prior loss = 1.206 | diffusion loss = 0.256

[2026-08-01 02:11:07,670][root][INFO] - Epoch 26: duration loss = 0.289 | prior loss = 1.205 | diffusion loss = 0.255

[2026-08-01 02:12:47,202][root][INFO] - Epoch 27: duration loss = 0.290 | prior loss = 1.206 | diffusion loss = 0.255

[2026-08-01 02:14:27,980][root][INFO] - Epoch 28: duration loss = 0.289 | prior loss = 1.206 | diffusion loss = 0.254

[2026-08-01 02:16:09,257][root][INFO] - Epoch 29: duration loss = 0.289 | prior loss = 1.206 | diffusion loss = 0.253

[2026-08-01 02:17:48,945][root][INFO] - Epoch 30: duration loss = 0.289 | prior loss = 1.206 | diffusion loss = 0.252

[2026-08-01 02:19:29,499][root][INFO] - Epoch 31: duration loss = 0.290 | prior loss = 1.206 | diffusion loss = 0.251

[2026-08-01 02:21:11,991][root][INFO] - Epoch 32: duration loss = 0.289 | prior loss = 1.206 | diffusion loss = 0.252

[2026-08-01 02:22:54,682][root][INFO] - Epoch 33: duration loss = 0.289 | prior loss = 1.206 | diffusion loss = 0.253

[2026-08-01 02:24:37,259][root][INFO] - Epoch 34: duration loss = 0.289 | prior loss = 1.206 | diffusion loss = 0.253

[2026-08-01 02:26:21,405][root][INFO] - Epoch 35: duration loss = 0.290 | prior loss = 1.206 | diffusion loss = 0.251

[2026-08-01 02:28:05,298][root][INFO] - Epoch 36: duration loss = 0.289 | prior loss = 1.206 | diffusion loss = 0.251

[2026-08-01 02:29:47,559][root][INFO] - Epoch 37: duration loss = 0.289 | prior loss = 1.206 | diffusion loss = 0.251

[2026-08-01 02:31:28,106][root][INFO] - Epoch 38: duration loss = 0.290 | prior loss = 1.206 | diffusion loss = 0.250

[2026-08-01 02:33:09,435][root][INFO] - Epoch 39: duration loss = 0.289 | prior loss = 1.206 | diffusion loss = 0.250

[2026-08-01 02:34:51,433][root][INFO] - Epoch 40: duration loss = 0.290 | prior loss = 1.206 | diffusion loss = 0.249

[2026-08-01 02:36:32,887][root][INFO] - Epoch 41: duration loss = 0.289 | prior loss = 1.206 | diffusion loss = 0.250

[2026-08-01 02:38:14,793][root][INFO] - Epoch 42: duration loss = 0.289 | prior loss = 1.206 | diffusion loss = 0.248

[2026-08-01 02:39:56,945][root][INFO] - Epoch 43: duration loss = 0.289 | prior loss = 1.206 | diffusion loss = 0.249

[2026-08-01 02:41:39,132][root][INFO] - Epoch 44: duration loss = 0.289 | prior loss = 1.206 | diffusion loss = 0.247

[2026-08-01 02:43:20,653][root][INFO] - Epoch 45: duration loss = 0.290 | prior loss = 1.206 | diffusion loss = 0.247

[2026-08-01 02:45:02,143][root][INFO] - Epoch 46: duration loss = 0.290 | prior loss = 1.206 | diffusion loss = 0.246

[2026-08-01 02:46:43,592][root][INFO] - Epoch 47: duration loss = 0.290 | prior loss = 1.206 | diffusion loss = 0.248

[2026-08-01 02:48:27,508][root][INFO] - Epoch 48: duration loss = 0.290 | prior loss = 1.206 | diffusion loss = 0.246

[2026-08-01 02:50:09,320][root][INFO] - Epoch 49: duration loss = 0.289 | prior loss = 1.206 | diffusion loss = 0.247

[2026-08-01 02:51:50,853][root][INFO] - Epoch 50: duration loss = 0.289 | prior loss = 1.206 | diffusion loss = 0.247

[2026-08-01 02:53:31,500][root][INFO] - Epoch 51: duration loss = 0.289 | prior loss = 1.206 | diffusion loss = 0.246

[2026-08-01 02:55:13,025][root][INFO] - Epoch 52: duration loss = 0.289 | prior loss = 1.206 | diffusion loss = 0.247

[2026-08-01 02:56:53,427][root][INFO] - Epoch 53: duration loss = 0.290 | prior loss = 1.206 | diffusion loss = 0.247

[2026-08-01 02:58:31,580][root][INFO] - Epoch 54: duration loss = 0.290 | prior loss = 1.206 | diffusion loss = 0.245

[2026-08-01 03:00:11,964][root][INFO] - Epoch 55: duration loss = 0.289 | prior loss = 1.206 | diffusion loss = 0.245

[2026-08-01 03:01:51,614][root][INFO] - Epoch 56: duration loss = 0.290 | prior loss = 1.206 | diffusion loss = 0.244

[2026-08-01 03:03:31,209][root][INFO] - Epoch 57: duration loss = 0.290 | prior loss = 1.206 | diffusion loss = 0.245

[2026-08-01 03:05:12,584][root][INFO] - Epoch 58: duration loss = 0.289 | prior loss = 1.206 | diffusion loss = 0.244

[2026-08-01 03:06:54,155][root][INFO] - Epoch 59: duration loss = 0.290 | prior loss = 1.206 | diffusion loss = 0.244

[2026-08-01 03:08:37,977][root][INFO] - Epoch 60: duration loss = 0.289 | prior loss = 1.206 | diffusion loss = 0.244

[2026-08-01 03:10:19,054][root][INFO] - Epoch 61: duration loss = 0.289 | prior loss = 1.206 | diffusion loss = 0.242

[2026-08-01 03:11:59,545][root][INFO] - Epoch 62: duration loss = 0.289 | prior loss = 1.206 | diffusion loss = 0.244

[2026-08-01 03:13:42,560][root][INFO] - Epoch 63: duration loss = 0.289 | prior loss = 1.206 | diffusion loss = 0.244

[2026-08-01 03:15:24,588][root][INFO] - Epoch 64: duration loss = 0.289 | prior loss = 1.206 | diffusion loss = 0.243

[2026-08-01 03:17:04,696][root][INFO] - Epoch 65: duration loss = 0.289 | prior loss = 1.206 | diffusion loss = 0.243

[2026-08-01 03:18:46,600][root][INFO] - Epoch 66: duration loss = 0.289 | prior loss = 1.206 | diffusion loss = 0.244

[2026-08-01 03:20:27,400][root][INFO] - Epoch 67: duration loss = 0.290 | prior loss = 1.206 | diffusion loss = 0.243

[2026-08-01 03:22:08,306][root][INFO] - Epoch 68: duration loss = 0.289 | prior loss = 1.206 | diffusion loss = 0.242

[2026-08-01 03:23:48,925][root][INFO] - Epoch 69: duration loss = 0.289 | prior loss = 1.206 | diffusion loss = 0.242

[2026-08-01 03:25:30,022][root][INFO] - Epoch 70: duration loss = 0.289 | prior loss = 1.206 | diffusion loss = 0.242

[2026-08-01 03:27:11,521][root][INFO] - Epoch 71: duration loss = 0.290 | prior loss = 1.206 | diffusion loss = 0.243

[2026-08-01 03:28:54,571][root][INFO] - Epoch 72: duration loss = 0.289 | prior loss = 1.206 | diffusion loss = 0.242

[2026-08-01 03:30:37,034][root][INFO] - Epoch 73: duration loss = 0.289 | prior loss = 1.206 | diffusion loss = 0.241

[2026-08-01 03:32:19,467][root][INFO] - Epoch 74: duration loss = 0.290 | prior loss = 1.206 | diffusion loss = 0.242

[2026-08-01 03:34:01,658][root][INFO] - Epoch 75: duration loss = 0.289 | prior loss = 1.206 | diffusion loss = 0.241

[2026-08-01 03:35:42,517][root][INFO] - Epoch 76: duration loss = 0.290 | prior loss = 1.206 | diffusion loss = 0.241

[2026-08-01 03:37:21,664][root][INFO] - Epoch 77: duration loss = 0.290 | prior loss = 1.206 | diffusion loss = 0.242

[2026-08-01 03:39:01,566][root][INFO] - Epoch 78: duration loss = 0.289 | prior loss = 1.206 | diffusion loss = 0.242

[2026-08-01 03:40:43,016][root][INFO] - Epoch 79: duration loss = 0.289 | prior loss = 1.206 | diffusion loss = 0.240

[2026-08-01 03:42:25,339][root][INFO] - Epoch 80: duration loss = 0.290 | prior loss = 1.206 | diffusion loss = 0.241

[2026-08-01 03:44:07,003][root][INFO] - Epoch 81: duration loss = 0.289 | prior loss = 1.206 | diffusion loss = 0.240

[2026-08-01 03:45:49,407][root][INFO] - Epoch 82: duration loss = 0.290 | prior loss = 1.206 | diffusion loss = 0.241

[2026-08-01 03:47:29,933][root][INFO] - Epoch 83: duration loss = 0.290 | prior loss = 1.206 | diffusion loss = 0.239

[2026-08-01 03:49:10,693][root][INFO] - Epoch 84: duration loss = 0.289 | prior loss = 1.206 | diffusion loss = 0.240

[2026-08-01 03:50:51,647][root][INFO] - Epoch 85: duration loss = 0.290 | prior loss = 1.206 | diffusion loss = 0.241

[2026-08-01 03:52:31,411][root][INFO] - Epoch 86: duration loss = 0.289 | prior loss = 1.206 | diffusion loss = 0.240

[2026-08-01 03:54:11,475][root][INFO] - Epoch 87: duration loss = 0.290 | prior loss = 1.206 | diffusion loss = 0.240

[2026-08-01 03:55:51,227][root][INFO] - Epoch 88: duration loss = 0.289 | prior loss = 1.206 | diffusion loss = 0.241

[2026-08-01 03:57:31,625][root][INFO] - Epoch 89: duration loss = 0.289 | prior loss = 1.206 | diffusion loss = 0.240

[2026-08-01 03:59:11,144][root][INFO] - Epoch 90: duration loss = 0.289 | prior loss = 1.206 | diffusion loss = 0.239

[2026-08-01 04:00:51,531][root][INFO] - Epoch 91: duration loss = 0.290 | prior loss = 1.206 | diffusion loss = 0.240

[2026-08-01 04:02:31,336][root][INFO] - Epoch 92: duration loss = 0.290 | prior loss = 1.206 | diffusion loss = 0.240

[2026-08-01 04:04:11,996][root][INFO] - Epoch 93: duration loss = 0.289 | prior loss = 1.206 | diffusion loss = 0.240

[2026-08-01 04:05:52,678][root][INFO] - Epoch 94: duration loss = 0.289 | prior loss = 1.206 | diffusion loss = 0.239

[2026-08-01 04:07:33,877][root][INFO] - Epoch 95: duration loss = 0.290 | prior loss = 1.206 | diffusion loss = 0.239

[2026-08-01 04:09:13,817][root][INFO] - Epoch 96: duration loss = 0.290 | prior loss = 1.206 | diffusion loss = 0.240

[2026-08-01 04:10:54,372][root][INFO] - Epoch 97: duration loss = 0.290 | prior loss = 1.206 | diffusion loss = 0.239

[2026-08-01 04:12:34,770][root][INFO] - Epoch 98: duration loss = 0.289 | prior loss = 1.206 | diffusion loss = 0.239

[2026-08-01 04:14:15,351][root][INFO] - Epoch 99: duration loss = 0.290 | prior loss = 1.207 | diffusion loss = 0.239

[2026-08-01 04:15:56,614][root][INFO] - Epoch 100: duration loss = 0.290 | prior loss = 1.206 | diffusion loss = 0.238

[2026-08-01 04:17:37,384][root][INFO] - Epoch 101: duration loss = 0.289 | prior loss = 1.206 | diffusion loss = 0.239

[2026-08-01 04:19:18,425][root][INFO] - Epoch 102: duration loss = 0.290 | prior loss = 1.206 | diffusion loss = 0.237

[2026-08-01 04:20:58,179][root][INFO] - Epoch 103: duration loss = 0.289 | prior loss = 1.206 | diffusion loss = 0.238

[2026-08-01 04:22:39,679][root][INFO] - Epoch 104: duration loss = 0.289 | prior loss = 1.206 | diffusion loss = 0.239

[2026-08-01 04:24:23,549][root][INFO] - Epoch 105: duration loss = 0.289 | prior loss = 1.206 | diffusion loss = 0.237

[2026-08-01 04:26:05,135][root][INFO] - Epoch 106: duration loss = 0.290 | prior loss = 1.206 | diffusion loss = 0.238

[2026-08-01 04:27:45,129][root][INFO] - Epoch 107: duration loss = 0.289 | prior loss = 1.206 | diffusion loss = 0.238

[2026-08-01 04:29:25,035][root][INFO] - Epoch 108: duration loss = 0.289 | prior loss = 1.206 | diffusion loss = 0.238

[2026-08-01 04:31:05,661][root][INFO] - Epoch 109: duration loss = 0.289 | prior loss = 1.206 | diffusion loss = 0.236

[2026-08-01 04:32:44,889][root][INFO] - Epoch 110: duration loss = 0.289 | prior loss = 1.206 | diffusion loss = 0.237

[2026-08-01 04:34:25,219][root][INFO] - Epoch 111: duration loss = 0.289 | prior loss = 1.206 | diffusion loss = 0.238

[2026-08-01 04:36:04,718][root][INFO] - Epoch 112: duration loss = 0.289 | prior loss = 1.206 | diffusion loss = 0.238

[2026-08-01 04:37:44,667][root][INFO] - Epoch 113: duration loss = 0.289 | prior loss = 1.206 | diffusion loss = 0.236

[2026-08-01 04:39:24,948][root][INFO] - Epoch 114: duration loss = 0.289 | prior loss = 1.206 | diffusion loss = 0.237

[2026-08-01 04:41:07,543][root][INFO] - Epoch 115: duration loss = 0.289 | prior loss = 1.206 | diffusion loss = 0.237

[2026-08-01 04:42:47,612][root][INFO] - Epoch 116: duration loss = 0.289 | prior loss = 1.206 | diffusion loss = 0.237

[2026-08-01 04:44:27,738][root][INFO] - Epoch 117: duration loss = 0.289 | prior loss = 1.206 | diffusion loss = 0.237

[2026-08-01 04:46:08,756][root][INFO] - Epoch 118: duration loss = 0.290 | prior loss = 1.206 | diffusion loss = 0.237

[2026-08-01 04:47:49,424][root][INFO] - Epoch 119: duration loss = 0.289 | prior loss = 1.206 | diffusion loss = 0.236

[2026-08-01 04:49:31,714][root][INFO] - Epoch 120: duration loss = 0.290 | prior loss = 1.206 | diffusion loss = 0.236

[2026-08-01 04:51:11,943][root][INFO] - Epoch 121: duration loss = 0.290 | prior loss = 1.206 | diffusion loss = 0.236

[2026-08-01 04:52:53,300][root][INFO] - Epoch 122: duration loss = 0.289 | prior loss = 1.206 | diffusion loss = 0.237

[2026-08-01 04:54:34,082][root][INFO] - Epoch 123: duration loss = 0.289 | prior loss = 1.206 | diffusion loss = 0.237

[2026-08-01 04:56:16,025][root][INFO] - Epoch 124: duration loss = 0.289 | prior loss = 1.206 | diffusion loss = 0.236

[2026-08-01 04:57:58,083][root][INFO] - Epoch 125: duration loss = 0.289 | prior loss = 1.206 | diffusion loss = 0.236

[2026-08-01 04:59:40,733][root][INFO] - Epoch 126: duration loss = 0.290 | prior loss = 1.206 | diffusion loss = 0.237

[2026-08-01 05:01:23,043][root][INFO] - Epoch 127: duration loss = 0.289 | prior loss = 1.206 | diffusion loss = 0.235

[2026-08-01 05:03:05,182][root][INFO] - Epoch 128: duration loss = 0.289 | prior loss = 1.206 | diffusion loss = 0.235

[2026-08-01 05:04:46,936][root][INFO] - Epoch 129: duration loss = 0.290 | prior loss = 1.206 | diffusion loss = 0.236

[2026-08-01 05:06:27,625][root][INFO] - Epoch 130: duration loss = 0.289 | prior loss = 1.206 | diffusion loss = 0.235

[2026-08-01 05:08:09,287][root][INFO] - Epoch 131: duration loss = 0.289 | prior loss = 1.206 | diffusion loss = 0.237

[2026-08-01 05:09:50,275][root][INFO] - Epoch 132: duration loss = 0.289 | prior loss = 1.206 | diffusion loss = 0.236

[2026-08-01 05:11:31,696][root][INFO] - Epoch 133: duration loss = 0.289 | prior loss = 1.206 | diffusion loss = 0.236

[2026-08-01 05:13:14,072][root][INFO] - Epoch 134: duration loss = 0.290 | prior loss = 1.206 | diffusion loss = 0.236

[2026-08-01 05:14:57,162][root][INFO] - Epoch 135: duration loss = 0.289 | prior loss = 1.206 | diffusion loss = 0.236

[2026-08-01 05:16:39,121][root][INFO] - Epoch 136: duration loss = 0.289 | prior loss = 1.206 | diffusion loss = 0.235

[2026-08-01 05:18:21,415][root][INFO] - Epoch 137: duration loss = 0.289 | prior loss = 1.206 | diffusion loss = 0.235

[2026-08-01 05:20:03,579][root][INFO] - Epoch 138: duration loss = 0.290 | prior loss = 1.206 | diffusion loss = 0.235

[2026-08-01 05:21:44,892][root][INFO] - Epoch 139: duration loss = 0.289 | prior loss = 1.206 | diffusion loss = 0.234

[2026-08-01 05:23:25,376][root][INFO] - Epoch 140: duration loss = 0.289 | prior loss = 1.206 | diffusion loss = 0.235

[2026-08-01 05:25:07,338][root][INFO] - Epoch 141: duration loss = 0.290 | prior loss = 1.206 | diffusion loss = 0.235

[2026-08-01 05:26:49,462][root][INFO] - Epoch 142: duration loss = 0.290 | prior loss = 1.206 | diffusion loss = 0.235

[2026-08-01 05:28:31,139][root][INFO] - Epoch 143: duration loss = 0.290 | prior loss = 1.206 | diffusion loss = 0.236

[2026-08-01 05:30:13,010][root][INFO] - Epoch 144: duration loss = 0.290 | prior loss = 1.206 | diffusion loss = 0.234

[2026-08-01 05:31:56,910][root][INFO] - Epoch 145: duration loss = 0.289 | prior loss = 1.206 | diffusion loss = 0.234

[2026-08-01 05:33:37,722][root][INFO] - Epoch 146: duration loss = 0.289 | prior loss = 1.206 | diffusion loss = 0.233

[2026-08-01 05:35:17,387][root][INFO] - Epoch 147: duration loss = 0.289 | prior loss = 1.206 | diffusion loss = 0.234

[2026-08-01 05:36:59,726][root][INFO] - Epoch 148: duration loss = 0.289 | prior loss = 1.206 | diffusion loss = 0.233

[2026-08-01 05:38:42,830][root][INFO] - Epoch 149: duration loss = 0.290 | prior loss = 1.206 | diffusion loss = 0.235

[2026-08-01 05:40:24,026][root][INFO] - Epoch 150: duration loss = 0.290 | prior loss = 1.206 | diffusion loss = 0.233

[2026-08-01 05:42:05,431][root][INFO] - Epoch 151: duration loss = 0.289 | prior loss = 1.206 | diffusion loss = 0.233

[2026-08-01 05:43:47,604][root][INFO] - Epoch 152: duration loss = 0.290 | prior loss = 1.206 | diffusion loss = 0.234

[2026-08-01 05:45:28,841][root][INFO] - Epoch 153: duration loss = 0.289 | prior loss = 1.206 | diffusion loss = 0.234

[2026-08-01 05:47:11,069][root][INFO] - Epoch 154: duration loss = 0.290 | prior loss = 1.206 | diffusion loss = 0.234

[2026-08-01 05:48:51,763][root][INFO] - Epoch 155: duration loss = 0.289 | prior loss = 1.206 | diffusion loss = 0.233

[2026-08-01 05:50:32,675][root][INFO] - Epoch 156: duration loss = 0.289 | prior loss = 1.205 | diffusion loss = 0.235

[2026-08-01 05:52:14,347][root][INFO] - Epoch 157: duration loss = 0.289 | prior loss = 1.206 | diffusion loss = 0.234

[2026-08-01 05:53:56,769][root][INFO] - Epoch 158: duration loss = 0.289 | prior loss = 1.206 | diffusion loss = 0.233

[2026-08-01 05:55:37,765][root][INFO] - Epoch 159: duration loss = 0.289 | prior loss = 1.206 | diffusion loss = 0.233

[2026-08-01 05:57:20,177][root][INFO] - Epoch 160: duration loss = 0.290 | prior loss = 1.206 | diffusion loss = 0.234

[2026-08-01 05:59:01,125][root][INFO] - Epoch 161: duration loss = 0.290 | prior loss = 1.206 | diffusion loss = 0.234

[2026-08-01 06:00:41,061][root][INFO] - Epoch 162: duration loss = 0.289 | prior loss = 1.206 | diffusion loss = 0.233

[2026-08-01 06:02:23,475][root][INFO] - Epoch 163: duration loss = 0.289 | prior loss = 1.206 | diffusion loss = 0.234

[2026-08-01 06:04:04,094][root][INFO] - Epoch 164: duration loss = 0.290 | prior loss = 1.206 | diffusion loss = 0.233

[2026-08-01 06:05:45,904][root][INFO] - Epoch 165: duration loss = 0.289 | prior loss = 1.206 | diffusion loss = 0.233

[2026-08-01 06:07:27,279][root][INFO] - Epoch 166: duration loss = 0.290 | prior loss = 1.206 | diffusion loss = 0.234

[2026-08-01 06:09:11,188][root][INFO] - Epoch 167: duration loss = 0.289 | prior loss = 1.206 | diffusion loss = 0.232

[2026-08-01 06:10:51,333][root][INFO] - Epoch 168: duration loss = 0.289 | prior loss = 1.206 | diffusion loss = 0.233

[2026-08-01 06:12:33,004][root][INFO] - Epoch 169: duration loss = 0.289 | prior loss = 1.206 | diffusion loss = 0.231

[2026-08-01 06:14:16,270][root][INFO] - Epoch 170: duration loss = 0.290 | prior loss = 1.206 | diffusion loss = 0.232

[2026-08-01 06:15:57,879][root][INFO] - Epoch 171: duration loss = 0.290 | prior loss = 1.206 | diffusion loss = 0.232

[2026-08-01 06:17:36,991][root][INFO] - Epoch 172: duration loss = 0.290 | prior loss = 1.206 | diffusion loss = 0.233

[2026-08-01 06:19:20,289][root][INFO] - Epoch 173: duration loss = 0.289 | prior loss = 1.206 | diffusion loss = 0.233

[2026-08-01 06:21:00,910][root][INFO] - Epoch 174: duration loss = 0.290 | prior loss = 1.206 | diffusion loss = 0.233

[2026-08-01 06:22:43,373][root][INFO] - Epoch 175: duration loss = 0.289 | prior loss = 1.206 | diffusion loss = 0.232

[2026-08-01 06:24:24,171][root][INFO] - Epoch 176: duration loss = 0.289 | prior loss = 1.206 | diffusion loss = 0.232

[2026-08-01 06:26:06,069][root][INFO] - Epoch 177: duration loss = 0.289 | prior loss = 1.206 | diffusion loss = 0.233

[2026-08-01 06:27:48,344][root][INFO] - Epoch 178: duration loss = 0.289 | prior loss = 1.206 | diffusion loss = 0.233

[2026-08-01 06:29:28,886][root][INFO] - Epoch 179: duration loss = 0.289 | prior loss = 1.206 | diffusion loss = 0.233

[2026-08-01 06:31:10,768][root][INFO] - Epoch 180: duration loss = 0.289 | prior loss = 1.206 | diffusion loss = 0.233

[2026-08-01 06:32:52,032][root][INFO] - Epoch 181: duration loss = 0.289 | prior loss = 1.206 | diffusion loss = 0.233

[2026-08-01 06:34:33,900][root][INFO] - Epoch 182: duration loss = 0.290 | prior loss = 1.206 | diffusion loss = 0.232

[2026-08-01 06:36:15,613][root][INFO] - Epoch 183: duration loss = 0.289 | prior loss = 1.206 | diffusion loss = 0.232

[2026-08-01 06:37:57,561][root][INFO] - Epoch 184: duration loss = 0.290 | prior loss = 1.206 | diffusion loss = 0.232

[2026-08-01 06:39:38,380][root][INFO] - Epoch 185: duration loss = 0.289 | prior loss = 1.206 | diffusion loss = 0.231

[2026-08-01 06:41:18,847][root][INFO] - Epoch 186: duration loss = 0.290 | prior loss = 1.206 | diffusion loss = 0.233

[2026-08-01 06:42:58,417][root][INFO] - Epoch 187: duration loss = 0.289 | prior loss = 1.206 | diffusion loss = 0.232

[2026-08-01 06:44:39,084][root][INFO] - Epoch 188: duration loss = 0.289 | prior loss = 1.205 | diffusion loss = 0.232

[2026-08-01 06:46:19,715][root][INFO] - Epoch 189: duration loss = 0.289 | prior loss = 1.206 | diffusion loss = 0.232

[2026-08-01 06:48:01,180][root][INFO] - Epoch 190: duration loss = 0.290 | prior loss = 1.206 | diffusion loss = 0.231

[2026-08-01 06:49:43,750][root][INFO] - Epoch 191: duration loss = 0.289 | prior loss = 1.206 | diffusion loss = 0.233

[2026-08-01 06:51:24,326][root][INFO] - Epoch 192: duration loss = 0.289 | prior loss = 1.206 | diffusion loss = 0.232

[2026-08-01 06:53:06,500][root][INFO] - Epoch 193: duration loss = 0.289 | prior loss = 1.206 | diffusion loss = 0.233

[2026-08-01 06:54:48,844][root][INFO] - Epoch 194: duration loss = 0.290 | prior loss = 1.206 | diffusion loss = 0.232

[2026-08-01 06:56:30,529][root][INFO] - Epoch 195: duration loss = 0.290 | prior loss = 1.206 | diffusion loss = 0.231

[2026-08-01 06:58:12,743][root][INFO] - Epoch 196: duration loss = 0.289 | prior loss = 1.206 | diffusion loss = 0.232

[2026-08-01 06:59:54,048][root][INFO] - Epoch 197: duration loss = 0.289 | prior loss = 1.206 | diffusion loss = 0.231

[2026-08-01 07:01:36,016][root][INFO] - Epoch 198: duration loss = 0.290 | prior loss = 1.207 | diffusion loss = 0.232

[2026-08-01 07:03:17,822][root][INFO] - Epoch 199: duration loss = 0.289 | prior loss = 1.206 | diffusion loss = 0.232

[2026-08-01 07:04:58,935][root][INFO] - Epoch 200: duration loss = 0.289 | prior loss = 1.206 | diffusion loss = 0.232

[2026-08-01 07:06:40,487][root][INFO] - Epoch 201: duration loss = 0.289 | prior loss = 1.206 | diffusion loss = 0.231

[2026-08-01 07:08:21,718][root][INFO] - Epoch 202: duration loss = 0.290 | prior loss = 1.206 | diffusion loss = 0.232

[2026-08-01 07:10:02,979][root][INFO] - Epoch 203: duration loss = 0.290 | prior loss = 1.206 | diffusion loss = 0.231

[2026-08-01 07:11:44,527][root][INFO] - Epoch 204: duration loss = 0.289 | prior loss = 1.206 | diffusion loss = 0.232

[2026-08-01 07:13:29,465][root][INFO] - Epoch 205: duration loss = 0.290 | prior loss = 1.206 | diffusion loss = 0.232

[2026-08-01 07:15:14,559][root][INFO] - Epoch 206: duration loss = 0.290 | prior loss = 1.206 | diffusion loss = 0.231

[2026-08-01 07:16:57,977][root][INFO] - Epoch 207: duration loss = 0.289 | prior loss = 1.206 | diffusion loss = 0.232

[2026-08-01 07:18:44,681][root][INFO] - Epoch 208: duration loss = 0.289 | prior loss = 1.206 | diffusion loss = 0.232

[2026-08-01 07:20:26,492][root][INFO] - Epoch 209: duration loss = 0.289 | prior loss = 1.206 | diffusion loss = 0.231

[2026-08-01 07:22:06,978][root][INFO] - Epoch 210: duration loss = 0.290 | prior loss = 1.206 | diffusion loss = 0.231

[2026-08-01 07:23:48,113][root][INFO] - Epoch 211: duration loss = 0.289 | prior loss = 1.206 | diffusion loss = 0.231

[2026-08-01 07:25:29,859][root][INFO] - Epoch 212: duration loss = 0.290 | prior loss = 1.207 | diffusion loss = 0.232

[2026-08-01 07:27:12,836][root][INFO] - Epoch 213: duration loss = 0.289 | prior loss = 1.206 | diffusion loss = 0.232

[2026-08-01 07:28:53,730][root][INFO] - Epoch 214: duration loss = 0.290 | prior loss = 1.206 | diffusion loss = 0.231

[2026-08-01 07:30:34,618][root][INFO] - Epoch 215: duration loss = 0.289 | prior loss = 1.206 | diffusion loss = 0.231

[2026-08-01 07:32:13,674][root][INFO] - Epoch 216: duration loss = 0.289 | prior loss = 1.206 | diffusion loss = 0.231

[2026-08-01 07:33:54,381][root][INFO] - Epoch 217: duration loss = 0.290 | prior loss = 1.206 | diffusion loss = 0.230

[2026-08-01 07:35:33,725][root][INFO] - Epoch 218: duration loss = 0.289 | prior loss = 1.207 | diffusion loss = 0.231

[2026-08-01 07:37:13,143][root][INFO] - Epoch 219: duration loss = 0.289 | prior loss = 1.206 | diffusion loss = 0.231

[2026-08-01 07:38:53,279][root][INFO] - Epoch 220: duration loss = 0.289 | prior loss = 1.206 | diffusion loss = 0.231

[2026-08-01 07:40:34,804][root][INFO] - Epoch 221: duration loss = 0.290 | prior loss = 1.206 | diffusion loss = 0.231

[2026-08-01 07:42:16,147][root][INFO] - Epoch 222: duration loss = 0.289 | prior loss = 1.206 | diffusion loss = 0.231

[2026-08-01 07:43:58,696][root][INFO] - Epoch 223: duration loss = 0.290 | prior loss = 1.206 | diffusion loss = 0.231

[2026-08-01 07:45:41,103][root][INFO] - Epoch 224: duration loss = 0.289 | prior loss = 1.206 | diffusion loss = 0.230

[2026-08-01 07:47:21,583][root][INFO] - Epoch 225: duration loss = 0.289 | prior loss = 1.206 | diffusion loss = 0.230

[2026-08-01 07:49:03,840][root][INFO] - Epoch 226: duration loss = 0.290 | prior loss = 1.206 | diffusion loss = 0.229

[2026-08-01 07:50:46,200][root][INFO] - Epoch 227: duration loss = 0.289 | prior loss = 1.206 | diffusion loss = 0.230

[2026-08-01 07:52:29,641][root][INFO] - Epoch 228: duration loss = 0.289 | prior loss = 1.206 | diffusion loss = 0.231

[2026-08-01 07:54:12,703][root][INFO] - Epoch 229: duration loss = 0.289 | prior loss = 1.206 | diffusion loss = 0.231

[2026-08-01 07:55:55,790][root][INFO] - Epoch 230: duration loss = 0.289 | prior loss = 1.206 | diffusion loss = 0.231

[2026-08-01 07:57:37,830][root][INFO] - Epoch 231: duration loss = 0.289 | prior loss = 1.206 | diffusion loss = 0.230

[2026-08-01 07:59:21,496][root][INFO] - Epoch 232: duration loss = 0.289 | prior loss = 1.206 | diffusion loss = 0.229

[2026-08-01 08:01:03,460][root][INFO] - Epoch 233: duration loss = 0.289 | prior loss = 1.206 | diffusion loss = 0.231

[2026-08-01 08:02:45,227][root][INFO] - Epoch 234: duration loss = 0.289 | prior loss = 1.206 | diffusion loss = 0.230

[2026-08-01 08:04:27,739][root][INFO] - Epoch 235: duration loss = 0.290 | prior loss = 1.206 | diffusion loss = 0.229

[2026-08-01 08:06:08,743][root][INFO] - Epoch 236: duration loss = 0.289 | prior loss = 1.206 | diffusion loss = 0.230

[2026-08-01 08:07:51,763][root][INFO] - Epoch 237: duration loss = 0.290 | prior loss = 1.206 | diffusion loss = 0.231

[2026-08-01 08:09:33,598][root][INFO] - Epoch 238: duration loss = 0.290 | prior loss = 1.206 | diffusion loss = 0.230

[2026-08-01 08:11:17,863][root][INFO] - Epoch 239: duration loss = 0.289 | prior loss = 1.206 | diffusion loss = 0.231

[2026-08-01 08:13:01,099][root][INFO] - Epoch 240: duration loss = 0.290 | prior loss = 1.206 | diffusion loss = 0.229

[2026-08-01 08:14:44,039][root][INFO] - Epoch 241: duration loss = 0.289 | prior loss = 1.206 | diffusion loss = 0.230

[2026-08-01 08:16:26,232][root][INFO] - Epoch 242: duration loss = 0.289 | prior loss = 1.206 | diffusion loss = 0.230

[2026-08-01 08:18:09,970][root][INFO] - Epoch 243: duration loss = 0.290 | prior loss = 1.206 | diffusion loss = 0.230

[2026-08-01 08:19:53,963][root][INFO] - Epoch 244: duration loss = 0.289 | prior loss = 1.206 | diffusion loss = 0.231

[2026-08-01 08:21:38,744][root][INFO] - Epoch 245: duration loss = 0.289 | prior loss = 1.206 | diffusion loss = 0.229

[2026-08-01 08:23:21,915][root][INFO] - Epoch 246: duration loss = 0.289 | prior loss = 1.206 | diffusion loss = 0.229

[2026-08-01 08:25:05,465][root][INFO] - Epoch 247: duration loss = 0.289 | prior loss = 1.206 | diffusion loss = 0.230

[2026-08-01 08:26:49,289][root][INFO] - Epoch 248: duration loss = 0.289 | prior loss = 1.206 | diffusion loss = 0.231

[2026-08-01 08:28:33,673][root][INFO] - Epoch 249: duration loss = 0.289 | prior loss = 1.206 | diffusion loss = 0.230

[2026-08-01 08:30:18,974][root][INFO] - Epoch 250: duration loss = 0.289 | prior loss = 1.206 | diffusion loss = 0.229

[2026-08-01 08:32:03,652][root][INFO] - Epoch 251: duration loss = 0.289 | prior loss = 1.206 | diffusion loss = 0.229

[2026-08-01 08:33:48,419][root][INFO] - Epoch 252: duration loss = 0.289 | prior loss = 1.206 | diffusion loss = 0.230

[2026-08-01 08:35:32,505][root][INFO] - Epoch 253: duration loss = 0.289 | prior loss = 1.206 | diffusion loss = 0.231

[2026-08-01 08:37:17,644][root][INFO] - Epoch 254: duration loss = 0.289 | prior loss = 1.206 | diffusion loss = 0.229

[2026-08-01 08:39:01,852][root][INFO] - Epoch 255: duration loss = 0.289 | prior loss = 1.206 | diffusion loss = 0.229

[2026-08-01 08:40:46,506][root][INFO] - Epoch 256: duration loss = 0.289 | prior loss = 1.206 | diffusion loss = 0.229

[2026-08-01 08:42:29,410][root][INFO] - Epoch 257: duration loss = 0.289 | prior loss = 1.206 | diffusion loss = 0.229

[2026-08-01 08:44:13,723][root][INFO] - Epoch 258: duration loss = 0.290 | prior loss = 1.206 | diffusion loss = 0.230

[2026-08-01 08:45:57,845][root][INFO] - Epoch 259: duration loss = 0.290 | prior loss = 1.206 | diffusion loss = 0.230

[2026-08-01 08:47:41,638][root][INFO] - Epoch 260: duration loss = 0.289 | prior loss = 1.206 | diffusion loss = 0.230

[2026-08-01 08:49:26,972][root][INFO] - Epoch 261: duration loss = 0.289 | prior loss = 1.206 | diffusion loss = 0.230

[2026-08-01 08:51:12,373][root][INFO] - Epoch 262: duration loss = 0.289 | prior loss = 1.206 | diffusion loss = 0.229

[2026-08-01 08:52:57,705][root][INFO] - Epoch 263: duration loss = 0.289 | prior loss = 1.206 | diffusion loss = 0.230

[2026-08-01 08:54:43,851][root][INFO] - Epoch 264: duration loss = 0.289 | prior loss = 1.206 | diffusion loss = 0.231

[2026-08-01 08:56:29,260][root][INFO] - Epoch 265: duration loss = 0.289 | prior loss = 1.206 | diffusion loss = 0.229

[2026-08-01 08:58:14,245][root][INFO] - Epoch 266: duration loss = 0.290 | prior loss = 1.206 | diffusion loss = 0.229

[2026-08-01 08:59:58,242][root][INFO] - Epoch 267: duration loss = 0.290 | prior loss = 1.206 | diffusion loss = 0.230

[2026-08-01 09:01:43,281][root][INFO] - Epoch 268: duration loss = 0.290 | prior loss = 1.206 | diffusion loss = 0.228

[2026-08-01 09:03:28,662][root][INFO] - Epoch 269: duration loss = 0.290 | prior loss = 1.207 | diffusion loss = 0.229

[2026-08-01 09:05:13,258][root][INFO] - Epoch 270: duration loss = 0.290 | prior loss = 1.206 | diffusion loss = 0.228

[2026-08-01 09:06:58,151][root][INFO] - Epoch 271: duration loss = 0.290 | prior loss = 1.206 | diffusion loss = 0.228

[2026-08-01 09:08:41,816][root][INFO] - Epoch 272: duration loss = 0.289 | prior loss = 1.206 | diffusion loss = 0.228

[2026-08-01 09:10:25,595][root][INFO] - Epoch 273: duration loss = 0.289 | prior loss = 1.206 | diffusion loss = 0.229

[2026-08-01 09:12:10,410][root][INFO] - Epoch 274: duration loss = 0.289 | prior loss = 1.206 | diffusion loss = 0.229

[2026-08-01 09:13:54,291][root][INFO] - Epoch 275: duration loss = 0.289 | prior loss = 1.206 | diffusion loss = 0.229

[2026-08-01 09:15:38,022][root][INFO] - Epoch 276: duration loss = 0.289 | prior loss = 1.206 | diffusion loss = 0.228

[2026-08-01 09:17:21,867][root][INFO] - Epoch 277: duration loss = 0.289 | prior loss = 1.206 | diffusion loss = 0.229

[2026-08-01 09:19:06,897][root][INFO] - Epoch 278: duration loss = 0.289 | prior loss = 1.206 | diffusion loss = 0.229

[2026-08-01 09:20:51,450][root][INFO] - Epoch 279: duration loss = 0.289 | prior loss = 1.206 | diffusion loss = 0.228

[2026-08-01 09:22:37,208][root][INFO] - Epoch 280: duration loss = 0.289 | prior loss = 1.206 | diffusion loss = 0.230

[2026-08-01 09:24:22,378][root][INFO] - Epoch 281: duration loss = 0.289 | prior loss = 1.206 | diffusion loss = 0.230

[2026-08-01 09:26:07,392][root][INFO] - Epoch 282: duration loss = 0.290 | prior loss = 1.206 | diffusion loss = 0.228

[2026-08-01 09:27:53,114][root][INFO] - Epoch 283: duration loss = 0.289 | prior loss = 1.206 | diffusion loss = 0.228

[2026-08-01 09:29:38,625][root][INFO] - Epoch 284: duration loss = 0.290 | prior loss = 1.206 | diffusion loss = 0.229

[2026-08-01 09:31:22,119][root][INFO] - Epoch 285: duration loss = 0.289 | prior loss = 1.206 | diffusion loss = 0.228

[2026-08-01 09:33:05,183][root][INFO] - Epoch 286: duration loss = 0.289 | prior loss = 1.206 | diffusion loss = 0.228

[2026-08-01 09:34:50,052][root][INFO] - Epoch 287: duration loss = 0.290 | prior loss = 1.206 | diffusion loss = 0.230

[2026-08-01 09:36:34,979][root][INFO] - Epoch 288: duration loss = 0.290 | prior loss = 1.206 | diffusion loss = 0.228

[2026-08-01 09:38:18,327][root][INFO] - Epoch 289: duration loss = 0.289 | prior loss = 1.206 | diffusion loss = 0.228

[2026-08-01 09:40:00,891][root][INFO] - Epoch 290: duration loss = 0.290 | prior loss = 1.206 | diffusion loss = 0.229

[2026-08-01 09:41:43,419][root][INFO] - Epoch 291: duration loss = 0.289 | prior loss = 1.206 | diffusion loss = 0.228

[2026-08-01 09:43:27,592][root][INFO] - Epoch 292: duration loss = 0.289 | prior loss = 1.206 | diffusion loss = 0.229

[2026-08-01 09:45:12,263][root][INFO] - Epoch 293: duration loss = 0.290 | prior loss = 1.206 | diffusion loss = 0.228

[2026-08-01 09:46:56,461][root][INFO] - Epoch 294: duration loss = 0.290 | prior loss = 1.206 | diffusion loss = 0.229

[2026-08-01 09:48:41,204][root][INFO] - Epoch 295: duration loss = 0.289 | prior loss = 1.206 | diffusion loss = 0.228

[2026-08-01 09:50:25,743][root][INFO] - Epoch 296: duration loss = 0.289 | prior loss = 1.206 | diffusion loss = 0.228

[2026-08-01 09:52:11,029][root][INFO] - Epoch 297: duration loss = 0.289 | prior loss = 1.206 | diffusion loss = 0.228

[2026-08-01 09:53:56,294][root][INFO] - Epoch 298: duration loss = 0.289 | prior loss = 1.206 | diffusion loss = 0.228

[2026-08-01 09:55:40,211][root][INFO] - Epoch 299: duration loss = 0.289 | prior loss = 1.206 | diffusion loss = 0.229

[2026-08-01 09:57:23,835][root][INFO] - Epoch 300: duration loss = 0.289 | prior loss = 1.206 | diffusion loss = 0.229

[2026-08-01 09:59:07,714][root][INFO] - Epoch 301: duration loss = 0.290 | prior loss = 1.206 | diffusion loss = 0.228

[2026-08-01 10:00:50,536][root][INFO] - Epoch 302: duration loss = 0.289 | prior loss = 1.206 | diffusion loss = 0.228

[2026-08-01 10:02:34,023][root][INFO] - Epoch 303: duration loss = 0.289 | prior loss = 1.206 | diffusion loss = 0.228

[2026-08-01 10:04:17,382][root][INFO] - Epoch 304: duration loss = 0.289 | prior loss = 1.206 | diffusion loss = 0.227

[2026-08-01 10:06:00,371][root][INFO] - Epoch 305: duration loss = 0.290 | prior loss = 1.206 | diffusion loss = 0.228

[2026-08-01 10:07:42,131][root][INFO] - Epoch 306: duration loss = 0.290 | prior loss = 1.206 | diffusion loss = 0.228

[2026-08-01 10:09:25,964][root][INFO] - Epoch 307: duration loss = 0.290 | prior loss = 1.206 | diffusion loss = 0.228

[2026-08-01 10:11:06,523][root][INFO] - Epoch 308: duration loss = 0.289 | prior loss = 1.206 | diffusion loss = 0.229

[2026-08-01 10:12:47,759][root][INFO] - Epoch 309: duration loss = 0.289 | prior loss = 1.206 | diffusion loss = 0.228

[2026-08-01 10:14:30,698][root][INFO] - Epoch 310: duration loss = 0.289 | prior loss = 1.206 | diffusion loss = 0.227

[2026-08-01 10:16:13,332][root][INFO] - Epoch 311: duration loss = 0.290 | prior loss = 1.206 | diffusion loss = 0.228

[2026-08-01 10:17:54,266][root][INFO] - Epoch 312: duration loss = 0.290 | prior loss = 1.206 | diffusion loss = 0.227

[2026-08-01 10:19:35,830][root][INFO] - Epoch 313: duration loss = 0.290 | prior loss = 1.206 | diffusion loss = 0.228

[2026-08-01 10:21:17,345][root][INFO] - Epoch 314: duration loss = 0.289 | prior loss = 1.206 | diffusion loss = 0.227

[2026-08-01 10:22:58,029][root][INFO] - Epoch 315: duration loss = 0.289 | prior loss = 1.206 | diffusion loss = 0.228

[2026-08-01 10:24:38,719][root][INFO] - Epoch 316: duration loss = 0.290 | prior loss = 1.206 | diffusion loss = 0.227

[2026-08-01 10:26:19,101][root][INFO] - Epoch 317: duration loss = 0.289 | prior loss = 1.206 | diffusion loss = 0.227

[2026-08-01 10:27:59,692][root][INFO] - Epoch 318: duration loss = 0.289 | prior loss = 1.206 | diffusion loss = 0.228

[2026-08-01 10:29:40,296][root][INFO] - Epoch 319: duration loss = 0.290 | prior loss = 1.206 | diffusion loss = 0.228

[2026-08-01 10:31:21,598][root][INFO] - Epoch 320: duration loss = 0.290 | prior loss = 1.206 | diffusion loss = 0.228

[2026-08-01 10:33:03,837][root][INFO] - Epoch 321: duration loss = 0.290 | prior loss = 1.206 | diffusion loss = 0.228

[2026-08-01 10:34:47,471][root][INFO] - Epoch 322: duration loss = 0.290 | prior loss = 1.206 | diffusion loss = 0.227

[2026-08-01 10:36:29,707][root][INFO] - Epoch 323: duration loss = 0.289 | prior loss = 1.206 | diffusion loss = 0.229

[2026-08-01 10:38:10,459][root][INFO] - Epoch 324: duration loss = 0.289 | prior loss = 1.206 | diffusion loss = 0.228

[2026-08-01 10:39:52,413][root][INFO] - Epoch 325: duration loss = 0.290 | prior loss = 1.206 | diffusion loss = 0.228

[2026-08-01 10:41:33,957][root][INFO] - Epoch 326: duration loss = 0.289 | prior loss = 1.206 | diffusion loss = 0.229

[2026-08-01 10:43:16,963][root][INFO] - Epoch 327: duration loss = 0.289 | prior loss = 1.206 | diffusion loss = 0.227

[2026-08-01 10:44:59,868][root][INFO] - Epoch 328: duration loss = 0.289 | prior loss = 1.207 | diffusion loss = 0.228

[2026-08-01 10:46:42,719][root][INFO] - Epoch 329: duration loss = 0.289 | prior loss = 1.206 | diffusion loss = 0.228

[2026-08-01 10:48:25,995][root][INFO] - Epoch 330: duration loss = 0.289 | prior loss = 1.206 | diffusion loss = 0.228

[2026-08-01 10:50:07,779][root][INFO] - Epoch 331: duration loss = 0.290 | prior loss = 1.206 | diffusion loss = 0.227

[2026-08-01 10:51:47,155][root][INFO] - Epoch 332: duration loss = 0.290 | prior loss = 1.206 | diffusion loss = 0.228

[2026-08-01 10:53:29,175][root][INFO] - Epoch 333: duration loss = 0.289 | prior loss = 1.206 | diffusion loss = 0.228

[2026-08-01 10:55:10,563][root][INFO] - Epoch 334: duration loss = 0.289 | prior loss = 1.205 | diffusion loss = 0.228

[2026-08-01 10:56:51,145][root][INFO] - Epoch 335: duration loss = 0.289 | prior loss = 1.206 | diffusion loss = 0.228

[2026-08-01 10:58:31,722][root][INFO] - Epoch 336: duration loss = 0.289 | prior loss = 1.206 | diffusion loss = 0.227

[2026-08-01 11:00:11,745][root][INFO] - Epoch 337: duration loss = 0.289 | prior loss = 1.206 | diffusion loss = 0.226

[2026-08-01 11:01:53,452][root][INFO] - Epoch 338: duration loss = 0.289 | prior loss = 1.206 | diffusion loss = 0.227

[2026-08-01 11:03:35,763][root][INFO] - Epoch 339: duration loss = 0.289 | prior loss = 1.206 | diffusion loss = 0.227

[2026-08-01 11:05:18,043][root][INFO] - Epoch 340: duration loss = 0.290 | prior loss = 1.206 | diffusion loss = 0.227

[2026-08-01 11:07:00,384][root][INFO] - Epoch 341: duration loss = 0.289 | prior loss = 1.206 | diffusion loss = 0.227

[2026-08-01 11:08:43,151][root][INFO] - Epoch 342: duration loss = 0.289 | prior loss = 1.206 | diffusion loss = 0.227

[2026-08-01 11:10:27,540][root][INFO] - Epoch 343: duration loss = 0.290 | prior loss = 1.207 | diffusion loss = 0.227

[2026-08-01 11:12:12,536][root][INFO] - Epoch 344: duration loss = 0.289 | prior loss = 1.206 | diffusion loss = 0.227

[2026-08-01 11:13:57,433][root][INFO] - Epoch 345: duration loss = 0.289 | prior loss = 1.206 | diffusion loss = 0.227

[2026-08-01 11:15:40,360][root][INFO] - Epoch 346: duration loss = 0.290 | prior loss = 1.206 | diffusion loss = 0.227

[2026-08-01 11:17:24,596][root][INFO] - Epoch 347: duration loss = 0.289 | prior loss = 1.206 | diffusion loss = 0.226

[2026-08-01 11:19:09,082][root][INFO] - Epoch 348: duration loss = 0.289 | prior loss = 1.206 | diffusion loss = 0.226

[2026-08-01 11:20:51,561][root][INFO] - Epoch 349: duration loss = 0.289 | prior loss = 1.206 | diffusion loss = 0.226

[2026-08-01 11:22:33,810][root][INFO] - Epoch 350: duration loss = 0.290 | prior loss = 1.206 | diffusion loss = 0.227

[2026-08-01 11:24:15,454][root][INFO] - Epoch 351: duration loss = 0.289 | prior loss = 1.206 | diffusion loss = 0.226

[2026-08-01 11:25:55,803][root][INFO] - Epoch 352: duration loss = 0.290 | prior loss = 1.205 | diffusion loss = 0.227

[2026-08-01 11:27:37,197][root][INFO] - Epoch 353: duration loss = 0.290 | prior loss = 1.206 | diffusion loss = 0.226

[2026-08-01 11:29:19,731][root][INFO] - Epoch 354: duration loss = 0.290 | prior loss = 1.206 | diffusion loss = 0.226

[2026-08-01 11:31:00,966][root][INFO] - Epoch 355: duration loss = 0.289 | prior loss = 1.206 | diffusion loss = 0.227

[2026-08-01 11:32:42,494][root][INFO] - Epoch 356: duration loss = 0.289 | prior loss = 1.206 | diffusion loss = 0.227

[2026-08-01 11:34:22,862][root][INFO] - Epoch 357: duration loss = 0.289 | prior loss = 1.206 | diffusion loss = 0.227

[2026-08-01 11:36:03,180][root][INFO] - Epoch 358: duration loss = 0.289 | prior loss = 1.206 | diffusion loss = 0.227

[2026-08-01 11:37:44,398][root][INFO] - Epoch 359: duration loss = 0.290 | prior loss = 1.206 | diffusion loss = 0.227

[2026-08-01 11:39:26,296][root][INFO] - Epoch 360: duration loss = 0.289 | prior loss = 1.206 | diffusion loss = 0.226

[2026-08-01 11:41:09,299][root][INFO] - Epoch 361: duration loss = 0.289 | prior loss = 1.207 | diffusion loss = 0.226

[2026-08-01 11:42:51,985][root][INFO] - Epoch 362: duration loss = 0.289 | prior loss = 1.206 | diffusion loss = 0.226

[2026-08-01 11:44:34,931][root][INFO] - Epoch 363: duration loss = 0.289 | prior loss = 1.206 | diffusion loss = 0.227

[2026-08-01 11:46:19,774][root][INFO] - Epoch 364: duration loss = 0.289 | prior loss = 1.206 | diffusion loss = 0.227

[2026-08-01 11:48:03,977][root][INFO] - Epoch 365: duration loss = 0.289 | prior loss = 1.206 | diffusion loss = 0.227

[2026-08-01 11:49:46,567][root][INFO] - Epoch 366: duration loss = 0.290 | prior loss = 1.206 | diffusion loss = 0.226

[2026-08-01 11:51:28,809][root][INFO] - Epoch 367: duration loss = 0.290 | prior loss = 1.206 | diffusion loss = 0.226

[2026-08-01 11:53:08,168][root][INFO] - Epoch 368: duration loss = 0.289 | prior loss = 1.206 | diffusion loss = 0.227

[2026-08-01 11:54:51,525][root][INFO] - Epoch 369: duration loss = 0.289 | prior loss = 1.206 | diffusion loss = 0.227

[2026-08-01 11:56:34,303][root][INFO] - Epoch 370: duration loss = 0.290 | prior loss = 1.206 | diffusion loss = 0.227

[2026-08-01 11:58:17,441][root][INFO] - Epoch 371: duration loss = 0.289 | prior loss = 1.206 | diffusion loss = 0.225

[2026-08-01 12:00:02,247][root][INFO] - Epoch 372: duration loss = 0.289 | prior loss = 1.206 | diffusion loss = 0.226

[2026-08-01 12:01:43,385][root][INFO] - Epoch 373: duration loss = 0.289 | prior loss = 1.206 | diffusion loss = 0.226

[2026-08-01 12:03:25,365][root][INFO] - Epoch 374: duration loss = 0.289 | prior loss = 1.206 | diffusion loss = 0.226

[2026-08-01 12:05:07,767][root][INFO] - Epoch 375: duration loss = 0.290 | prior loss = 1.206 | diffusion loss = 0.227

[2026-08-01 12:06:49,675][root][INFO] - Epoch 376: duration loss = 0.289 | prior loss = 1.206 | diffusion loss = 0.227

[2026-08-01 12:08:32,076][root][INFO] - Epoch 377: duration loss = 0.289 | prior loss = 1.206 | diffusion loss = 0.226

[2026-08-01 12:10:15,595][root][INFO] - Epoch 378: duration loss = 0.290 | prior loss = 1.206 | diffusion loss = 0.226

[2026-08-01 12:11:57,135][root][INFO] - Epoch 379: duration loss = 0.290 | prior loss = 1.206 | diffusion loss = 0.227

[2026-08-01 12:13:41,102][root][INFO] - Epoch 380: duration loss = 0.290 | prior loss = 1.206 | diffusion loss = 0.226

[2026-08-01 12:15:23,680][root][INFO] - Epoch 381: duration loss = 0.290 | prior loss = 1.206 | diffusion loss = 0.226

[2026-08-01 12:17:06,596][root][INFO] - Epoch 382: duration loss = 0.289 | prior loss = 1.206 | diffusion loss = 0.226

[2026-08-01 12:18:48,902][root][INFO] - Epoch 383: duration loss = 0.289 | prior loss = 1.206 | diffusion loss = 0.227

[2026-08-01 12:20:32,305][root][INFO] - Epoch 384: duration loss = 0.289 | prior loss = 1.206 | diffusion loss = 0.227

[2026-08-01 12:22:15,840][root][INFO] - Epoch 385: duration loss = 0.289 | prior loss = 1.206 | diffusion loss = 0.227

[2026-08-01 12:23:57,907][root][INFO] - Epoch 386: duration loss = 0.290 | prior loss = 1.206 | diffusion loss = 0.227

[2026-08-01 12:25:40,523][root][INFO] - Epoch 387: duration loss = 0.289 | prior loss = 1.206 | diffusion loss = 0.227

[2026-08-01 12:27:23,309][root][INFO] - Epoch 388: duration loss = 0.289 | prior loss = 1.206 | diffusion loss = 0.226

[2026-08-01 12:29:05,741][root][INFO] - Epoch 389: duration loss = 0.289 | prior loss = 1.206 | diffusion loss = 0.225

[2026-08-01 12:30:49,096][root][INFO] - Epoch 390: duration loss = 0.289 | prior loss = 1.206 | diffusion loss = 0.226

[2026-08-01 12:32:33,622][root][INFO] - Epoch 391: duration loss = 0.289 | prior loss = 1.206 | diffusion loss = 0.227

[2026-08-01 12:34:17,435][root][INFO] - Epoch 392: duration loss = 0.289 | prior loss = 1.206 | diffusion loss = 0.226

[2026-08-01 12:35:59,277][root][INFO] - Epoch 393: duration loss = 0.289 | prior loss = 1.206 | diffusion loss = 0.226

[2026-08-01 12:37:40,320][root][INFO] - Epoch 394: duration loss = 0.289 | prior loss = 1.206 | diffusion loss = 0.226

[2026-08-01 12:39:22,744][root][INFO] - Epoch 395: duration loss = 0.289 | prior loss = 1.206 | diffusion loss = 0.226

[2026-08-01 12:41:05,707][root][INFO] - Epoch 396: duration loss = 0.289 | prior loss = 1.206 | diffusion loss = 0.226

[2026-08-01 12:42:48,832][root][INFO] - Epoch 397: duration loss = 0.290 | prior loss = 1.206 | diffusion loss = 0.225

[2026-08-01 12:44:30,774][root][INFO] - Epoch 398: duration loss = 0.290 | prior loss = 1.206 | diffusion loss = 0.227

[2026-08-01 12:46:14,400][root][INFO] - Epoch 399: duration loss = 0.290 | prior loss = 1.207 | diffusion loss = 0.226

[2026-08-01 12:47:57,809][root][INFO] - Epoch 400: duration loss = 0.289 | prior loss = 1.206 | diffusion loss = 0.225

[2026-08-01 12:49:39,078][root][INFO] - Epoch 401: duration loss = 0.290 | prior loss = 1.206 | diffusion loss = 0.225

[2026-08-01 12:51:21,951][root][INFO] - Epoch 402: duration loss = 0.289 | prior loss = 1.206 | diffusion loss = 0.225

[2026-08-01 12:53:05,070][root][INFO] - Epoch 403: duration loss = 0.290 | prior loss = 1.206 | diffusion loss = 0.225

[2026-08-01 12:54:47,078][root][INFO] - Epoch 404: duration loss = 0.290 | prior loss = 1.206 | diffusion loss = 0.226

[2026-08-01 12:56:29,966][root][INFO] - Epoch 405: duration loss = 0.290 | prior loss = 1.206 | diffusion loss = 0.225

[2026-08-01 12:58:12,339][root][INFO] - Epoch 406: duration loss = 0.289 | prior loss = 1.206 | diffusion loss = 0.225

[2026-08-01 12:59:55,149][root][INFO] - Epoch 407: duration loss = 0.289 | prior loss = 1.206 | diffusion loss = 0.226

[2026-08-01 13:01:38,861][root][INFO] - Epoch 408: duration loss = 0.290 | prior loss = 1.206 | diffusion loss = 0.226

[2026-08-01 13:03:21,362][root][INFO] - Epoch 409: duration loss = 0.290 | prior loss = 1.206 | diffusion loss = 0.227

[2026-08-01 13:05:05,235][root][INFO] - Epoch 410: duration loss = 0.290 | prior loss = 1.206 | diffusion loss = 0.225

[2026-08-01 13:06:49,303][root][INFO] - Epoch 411: duration loss = 0.290 | prior loss = 1.206 | diffusion loss = 0.225

[2026-08-01 13:08:32,341][root][INFO] - Epoch 412: duration loss = 0.290 | prior loss = 1.206 | diffusion loss = 0.226

[2026-08-01 13:10:13,759][root][INFO] - Epoch 413: duration loss = 0.289 | prior loss = 1.206 | diffusion loss = 0.226

[2026-08-01 13:11:57,048][root][INFO] - Epoch 414: duration loss = 0.290 | prior loss = 1.206 | diffusion loss = 0.225

[2026-08-01 13:13:41,803][root][INFO] - Epoch 415: duration loss = 0.289 | prior loss = 1.206 | diffusion loss = 0.225

[2026-08-01 13:15:24,985][root][INFO] - Epoch 416: duration loss = 0.289 | prior loss = 1.205 | diffusion loss = 0.225

[2026-08-01 13:17:08,179][root][INFO] - Epoch 417: duration loss = 0.290 | prior loss = 1.205 | diffusion loss = 0.227

[2026-08-01 13:18:50,171][root][INFO] - Epoch 418: duration loss = 0.290 | prior loss = 1.206 | diffusion loss = 0.226

[2026-08-01 13:20:31,356][root][INFO] - Epoch 419: duration loss = 0.289 | prior loss = 1.206 | diffusion loss = 0.227

[2026-08-01 13:22:13,641][root][INFO] - Epoch 420: duration loss = 0.290 | prior loss = 1.206 | diffusion loss = 0.226

[2026-08-01 13:23:55,752][root][INFO] - Epoch 421: duration loss = 0.289 | prior loss = 1.206 | diffusion loss = 0.226

[2026-08-01 13:25:38,242][root][INFO] - Epoch 422: duration loss = 0.289 | prior loss = 1.206 | diffusion loss = 0.225

[2026-08-01 13:27:18,627][root][INFO] - Epoch 423: duration loss = 0.289 | prior loss = 1.206 | diffusion loss = 0.225

[2026-08-01 13:29:00,759][root][INFO] - Epoch 424: duration loss = 0.290 | prior loss = 1.206 | diffusion loss = 0.226

[2026-08-01 13:30:41,948][root][INFO] - Epoch 425: duration loss = 0.289 | prior loss = 1.206 | diffusion loss = 0.225

[2026-08-01 13:32:23,597][root][INFO] - Epoch 426: duration loss = 0.289 | prior loss = 1.206 | diffusion loss = 0.225

[2026-08-01 13:34:04,556][root][INFO] - Epoch 427: duration loss = 0.289 | prior loss = 1.206 | diffusion loss = 0.226

[2026-08-01 13:35:47,444][root][INFO] - Epoch 428: duration loss = 0.289 | prior loss = 1.206 | diffusion loss = 0.225

[2026-08-01 13:37:28,999][root][INFO] - Epoch 429: duration loss = 0.289 | prior loss = 1.206 | diffusion loss = 0.226

[2026-08-01 13:39:10,235][root][INFO] - Epoch 430: duration loss = 0.290 | prior loss = 1.206 | diffusion loss = 0.226

[2026-08-01 13:40:52,783][root][INFO] - Epoch 431: duration loss = 0.289 | prior loss = 1.206 | diffusion loss = 0.226

[2026-08-01 13:42:35,474][root][INFO] - Epoch 432: duration loss = 0.289 | prior loss = 1.206 | diffusion loss = 0.226

[2026-08-01 13:44:18,862][root][INFO] - Epoch 433: duration loss = 0.289 | prior loss = 1.206 | diffusion loss = 0.225

[2026-08-01 13:46:02,312][root][INFO] - Epoch 434: duration loss = 0.290 | prior loss = 1.206 | diffusion loss = 0.226

[2026-08-01 13:47:44,718][root][INFO] - Epoch 435: duration loss = 0.289 | prior loss = 1.206 | diffusion loss = 0.225

[2026-08-01 13:49:26,256][root][INFO] - Epoch 436: duration loss = 0.290 | prior loss = 1.206 | diffusion loss = 0.226

[2026-08-01 13:51:08,025][root][INFO] - Epoch 437: duration loss = 0.290 | prior loss = 1.206 | diffusion loss = 0.226

[2026-08-01 13:52:51,042][root][INFO] - Epoch 438: duration loss = 0.289 | prior loss = 1.206 | diffusion loss = 0.226

[2026-08-01 13:54:32,399][root][INFO] - Epoch 439: duration loss = 0.289 | prior loss = 1.206 | diffusion loss = 0.225

[2026-08-01 13:56:14,933][root][INFO] - Epoch 440: duration loss = 0.289 | prior loss = 1.206 | diffusion loss = 0.225

[2026-08-01 13:57:56,758][root][INFO] - Epoch 441: duration loss = 0.290 | prior loss = 1.206 | diffusion loss = 0.225

[2026-08-01 13:59:38,408][root][INFO] - Epoch 442: duration loss = 0.289 | prior loss = 1.206 | diffusion loss = 0.225

[2026-08-01 14:01:21,896][root][INFO] - Epoch 443: duration loss = 0.290 | prior loss = 1.206 | diffusion loss = 0.225

[2026-08-01 14:03:04,608][root][INFO] - Epoch 444: duration loss = 0.290 | prior loss = 1.206 | diffusion loss = 0.226

[2026-08-01 14:04:47,457][root][INFO] - Epoch 445: duration loss = 0.290 | prior loss = 1.206 | diffusion loss = 0.227

[2026-08-01 14:06:29,695][root][INFO] - Epoch 446: duration loss = 0.289 | prior loss = 1.206 | diffusion loss = 0.225

[2026-08-01 14:08:11,625][root][INFO] - Epoch 447: duration loss = 0.289 | prior loss = 1.206 | diffusion loss = 0.225

[2026-08-01 14:09:53,899][root][INFO] - Epoch 448: duration loss = 0.289 | prior loss = 1.206 | diffusion loss = 0.225

[2026-08-01 14:11:37,295][root][INFO] - Epoch 449: duration loss = 0.289 | prior loss = 1.206 | diffusion loss = 0.226

[2026-08-01 14:13:19,863][root][INFO] - Epoch 450: duration loss = 0.289 | prior loss = 1.206 | diffusion loss = 0.225

[2026-08-01 14:15:02,402][root][INFO] - Epoch 451: duration loss = 0.289 | prior loss = 1.206 | diffusion loss = 0.225

[2026-08-01 14:16:44,977][root][INFO] - Epoch 452: duration loss = 0.290 | prior loss = 1.206 | diffusion loss = 0.225

[2026-08-01 14:18:28,749][root][INFO] - Epoch 453: duration loss = 0.290 | prior loss = 1.206 | diffusion loss = 0.225

[2026-08-01 14:20:11,995][root][INFO] - Epoch 454: duration loss = 0.290 | prior loss = 1.206 | diffusion loss = 0.225

[2026-08-01 14:21:55,797][root][INFO] - Epoch 455: duration loss = 0.289 | prior loss = 1.206 | diffusion loss = 0.226

[2026-08-01 14:23:39,788][root][INFO] - Epoch 456: duration loss = 0.289 | prior loss = 1.206 | diffusion loss = 0.225

[2026-08-01 14:25:23,582][root][INFO] - Epoch 457: duration loss = 0.289 | prior loss = 1.206 | diffusion loss = 0.224

[2026-08-01 14:27:06,681][root][INFO] - Epoch 458: duration loss = 0.290 | prior loss = 1.206 | diffusion loss = 0.224

[2026-08-01 14:28:49,554][root][INFO] - Epoch 459: duration loss = 0.289 | prior loss = 1.206 | diffusion loss = 0.225

[2026-08-01 14:30:33,912][root][INFO] - Epoch 460: duration loss = 0.290 | prior loss = 1.206 | diffusion loss = 0.226

[2026-08-01 14:32:14,611][root][INFO] - Epoch 461: duration loss = 0.290 | prior loss = 1.207 | diffusion loss = 0.224

[2026-08-01 14:33:58,221][root][INFO] - Epoch 462: duration loss = 0.290 | prior loss = 1.206 | diffusion loss = 0.226

[2026-08-01 14:35:41,323][root][INFO] - Epoch 463: duration loss = 0.289 | prior loss = 1.206 | diffusion loss = 0.225

[2026-08-01 14:37:26,447][root][INFO] - Epoch 464: duration loss = 0.290 | prior loss = 1.206 | diffusion loss = 0.225

[2026-08-01 14:39:10,258][root][INFO] - Epoch 465: duration loss = 0.290 | prior loss = 1.206 | diffusion loss = 0.225

[2026-08-01 14:40:53,075][root][INFO] - Epoch 466: duration loss = 0.290 | prior loss = 1.206 | diffusion loss = 0.225

[2026-08-01 14:42:35,318][root][INFO] - Epoch 467: duration loss = 0.290 | prior loss = 1.206 | diffusion loss = 0.225

[2026-08-01 14:44:18,330][root][INFO] - Epoch 468: duration loss = 0.289 | prior loss = 1.206 | diffusion loss = 0.225

[2026-08-01 14:46:01,422][root][INFO] - Epoch 469: duration loss = 0.290 | prior loss = 1.206 | diffusion loss = 0.225

[2026-08-01 14:47:43,824][root][INFO] - Epoch 470: duration loss = 0.289 | prior loss = 1.206 | diffusion loss = 0.224

[2026-08-01 14:49:27,630][root][INFO] - Epoch 471: duration loss = 0.289 | prior loss = 1.206 | diffusion loss = 0.225

[2026-08-01 14:51:10,040][root][INFO] - Epoch 472: duration loss = 0.290 | prior loss = 1.206 | diffusion loss = 0.225

[2026-08-01 14:52:52,482][root][INFO] - Epoch 473: duration loss = 0.289 | prior loss = 1.206 | diffusion loss = 0.225

[2026-08-01 14:54:36,462][root][INFO] - Epoch 474: duration loss = 0.289 | prior loss = 1.206 | diffusion loss = 0.225

[2026-08-01 14:56:19,157][root][INFO] - Epoch 475: duration loss = 0.289 | prior loss = 1.207 | diffusion loss = 0.225

[2026-08-01 14:58:02,625][root][INFO] - Epoch 476: duration loss = 0.289 | prior loss = 1.206 | diffusion loss = 0.224

[2026-08-01 14:59:44,148][root][INFO] - Epoch 477: duration loss = 0.289 | prior loss = 1.206 | diffusion loss = 0.226

[2026-08-01 15:01:26,632][root][INFO] - Epoch 478: duration loss = 0.290 | prior loss = 1.206 | diffusion loss = 0.225

[2026-08-01 15:03:10,568][root][INFO] - Epoch 479: duration loss = 0.289 | prior loss = 1.206 | diffusion loss = 0.225

[2026-08-01 15:04:53,927][root][INFO] - Epoch 480: duration loss = 0.289 | prior loss = 1.206 | diffusion loss = 0.224

[2026-08-01 15:06:37,747][root][INFO] - Epoch 481: duration loss = 0.289 | prior loss = 1.206 | diffusion loss = 0.224

[2026-08-01 15:08:21,161][root][INFO] - Epoch 482: duration loss = 0.290 | prior loss = 1.206 | diffusion loss = 0.225

[2026-08-01 15:10:05,767][root][INFO] - Epoch 483: duration loss = 0.289 | prior loss = 1.206 | diffusion loss = 0.225

[2026-08-01 15:11:47,950][root][INFO] - Epoch 484: duration loss = 0.289 | prior loss = 1.205 | diffusion loss = 0.223

[2026-08-01 15:13:30,528][root][INFO] - Epoch 485: duration loss = 0.289 | prior loss = 1.206 | diffusion loss = 0.225

[2026-08-01 15:15:13,518][root][INFO] - Epoch 486: duration loss = 0.290 | prior loss = 1.206 | diffusion loss = 0.225

[2026-08-01 15:16:56,281][root][INFO] - Epoch 487: duration loss = 0.289 | prior loss = 1.206 | diffusion loss = 0.226

[2026-08-01 15:18:39,001][root][INFO] - Epoch 488: duration loss = 0.289 | prior loss = 1.206 | diffusion loss = 0.224

[2026-08-01 15:20:19,613][root][INFO] - Epoch 489: duration loss = 0.290 | prior loss = 1.206 | diffusion loss = 0.224

[2026-08-01 15:21:59,784][root][INFO] - Epoch 490: duration loss = 0.289 | prior loss = 1.206 | diffusion loss = 0.225

[2026-08-01 15:23:42,265][root][INFO] - Epoch 491: duration loss = 0.290 | prior loss = 1.206 | diffusion loss = 0.224

[2026-08-01 15:25:23,363][root][INFO] - Epoch 492: duration loss = 0.289 | prior loss = 1.206 | diffusion loss = 0.224

[2026-08-01 15:27:05,793][root][INFO] - Epoch 493: duration loss = 0.290 | prior loss = 1.206 | diffusion loss = 0.225

[2026-08-01 15:28:48,365][root][INFO] - Epoch 494: duration loss = 0.289 | prior loss = 1.206 | diffusion loss = 0.224

[2026-08-01 15:30:29,022][root][INFO] - Epoch 495: duration loss = 0.289 | prior loss = 1.206 | diffusion loss = 0.224

[2026-08-01 15:32:09,365][root][INFO] - Epoch 496: duration loss = 0.289 | prior loss = 1.206 | diffusion loss = 0.224

[2026-08-01 15:33:50,461][root][INFO] - Epoch 497: duration loss = 0.289 | prior loss = 1.206 | diffusion loss = 0.225

[2026-08-01 15:35:30,361][root][INFO] - Epoch 498: duration loss = 0.289 | prior loss = 1.206 | diffusion loss = 0.225

[2026-08-01 15:37:11,882][root][INFO] - Epoch 499: duration loss = 0.289 | prior loss = 1.206 | diffusion loss = 0.225

[2026-08-01 15:39:02,034][root][INFO] - Epoch 500: duration loss = 0.286 | prior loss = 1.203 | diffusion loss = 0.225

[2026-08-01 15:40:50,969][root][INFO] - Epoch 501: duration loss = 0.285 | prior loss = 1.202 | diffusion loss = 0.224

[2026-08-01 15:42:40,926][root][INFO] - Epoch 502: duration loss = 0.283 | prior loss = 1.201 | diffusion loss = 0.222

[2026-08-01 15:44:31,835][root][INFO] - Epoch 503: duration loss = 0.283 | prior loss = 1.201 | diffusion loss = 0.223

[2026-08-01 15:46:24,667][root][INFO] - Epoch 504: duration loss = 0.283 | prior loss = 1.201 | diffusion loss = 0.224

[2026-08-01 15:48:16,445][root][INFO] - Epoch 505: duration loss = 0.282 | prior loss = 1.200 | diffusion loss = 0.224

[2026-08-01 15:50:05,867][root][INFO] - Epoch 506: duration loss = 0.282 | prior loss = 1.200 | diffusion loss = 0.224

[2026-08-01 15:51:54,700][root][INFO] - Epoch 507: duration loss = 0.281 | prior loss = 1.200 | diffusion loss = 0.225

[2026-08-01 15:53:43,247][root][INFO] - Epoch 508: duration loss = 0.281 | prior loss = 1.199 | diffusion loss = 0.224

[2026-08-01 15:55:32,155][root][INFO] - Epoch 509: duration loss = 0.281 | prior loss = 1.199 | diffusion loss = 0.223

[2026-08-01 15:57:28,185][root][INFO] - Epoch 510: duration loss = 0.281 | prior loss = 1.199 | diffusion loss = 0.224

[2026-08-01 15:59:19,219][root][INFO] - Epoch 511: duration loss = 0.281 | prior loss = 1.199 | diffusion loss = 0.223

[2026-08-01 16:01:10,308][root][INFO] - Epoch 512: duration loss = 0.280 | prior loss = 1.199 | diffusion loss = 0.223

[2026-08-01 16:03:01,351][root][INFO] - Epoch 513: duration loss = 0.280 | prior loss = 1.198 | diffusion loss = 0.223

[2026-08-01 16:04:53,318][root][INFO] - Epoch 514: duration loss = 0.280 | prior loss = 1.198 | diffusion loss = 0.223

[2026-08-01 16:06:44,933][root][INFO] - Epoch 515: duration loss = 0.280 | prior loss = 1.198 | diffusion loss = 0.223

[2026-08-01 16:08:36,595][root][INFO] - Epoch 516: duration loss = 0.280 | prior loss = 1.198 | diffusion loss = 0.224

[2026-08-01 16:10:28,556][root][INFO] - Epoch 517: duration loss = 0.280 | prior loss = 1.199 | diffusion loss = 0.223

[2026-08-01 16:12:21,060][root][INFO] - Epoch 518: duration loss = 0.280 | prior loss = 1.198 | diffusion loss = 0.224

[2026-08-01 16:14:12,983][root][INFO] - Epoch 519: duration loss = 0.280 | prior loss = 1.198 | diffusion loss = 0.224

[2026-08-01 16:16:05,824][root][INFO] - Epoch 520: duration loss = 0.280 | prior loss = 1.197 | diffusion loss = 0.223

[2026-08-01 16:17:57,444][root][INFO] - Epoch 521: duration loss = 0.280 | prior loss = 1.198 | diffusion loss = 0.223

[2026-08-01 16:19:48,103][root][INFO] - Epoch 522: duration loss = 0.280 | prior loss = 1.198 | diffusion loss = 0.222

[2026-08-01 16:21:39,599][root][INFO] - Epoch 523: duration loss = 0.280 | prior loss = 1.198 | diffusion loss = 0.222

[2026-08-01 16:23:31,740][root][INFO] - Epoch 524: duration loss = 0.279 | prior loss = 1.197 | diffusion loss = 0.222

[2026-08-01 16:25:22,201][root][INFO] - Epoch 525: duration loss = 0.279 | prior loss = 1.197 | diffusion loss = 0.223

[2026-08-01 16:27:14,447][root][INFO] - Epoch 526: duration loss = 0.279 | prior loss = 1.197 | diffusion loss = 0.224

[2026-08-01 16:29:05,542][root][INFO] - Epoch 527: duration loss = 0.279 | prior loss = 1.197 | diffusion loss = 0.223

[2026-08-01 16:30:57,741][root][INFO] - Epoch 528: duration loss = 0.279 | prior loss = 1.197 | diffusion loss = 0.222

[2026-08-01 16:32:49,490][root][INFO] - Epoch 529: duration loss = 0.279 | prior loss = 1.197 | diffusion loss = 0.222

[2026-08-01 16:34:41,326][root][INFO] - Epoch 530: duration loss = 0.279 | prior loss = 1.197 | diffusion loss = 0.224

[2026-08-01 16:36:30,988][root][INFO] - Epoch 531: duration loss = 0.279 | prior loss = 1.197 | diffusion loss = 0.223

[2026-08-01 16:38:20,748][root][INFO] - Epoch 532: duration loss = 0.279 | prior loss = 1.197 | diffusion loss = 0.222

[2026-08-01 16:40:10,295][root][INFO] - Epoch 533: duration loss = 0.279 | prior loss = 1.197 | diffusion loss = 0.222

[2026-08-01 16:41:59,180][root][INFO] - Epoch 534: duration loss = 0.278 | prior loss = 1.197 | diffusion loss = 0.222

[2026-08-01 16:43:47,185][root][INFO] - Epoch 535: duration loss = 0.278 | prior loss = 1.197 | diffusion loss = 0.222

[2026-08-01 16:45:39,149][root][INFO] - Epoch 536: duration loss = 0.278 | prior loss = 1.196 | diffusion loss = 0.223

[2026-08-01 16:47:31,231][root][INFO] - Epoch 537: duration loss = 0.279 | prior loss = 1.197 | diffusion loss = 0.223

[2026-08-01 16:49:23,737][root][INFO] - Epoch 538: duration loss = 0.278 | prior loss = 1.196 | diffusion loss = 0.223

[2026-08-01 16:51:14,764][root][INFO] - Epoch 539: duration loss = 0.278 | prior loss = 1.196 | diffusion loss = 0.222

[2026-08-01 16:53:05,234][root][INFO] - Epoch 540: duration loss = 0.278 | prior loss = 1.197 | diffusion loss = 0.222

[2026-08-01 16:54:54,172][root][INFO] - Epoch 541: duration loss = 0.278 | prior loss = 1.197 | diffusion loss = 0.222

[2026-08-01 16:56:43,301][root][INFO] - Epoch 542: duration loss = 0.278 | prior loss = 1.196 | diffusion loss = 0.222

[2026-08-01 16:58:31,870][root][INFO] - Epoch 543: duration loss = 0.278 | prior loss = 1.196 | diffusion loss = 0.222

[2026-08-01 17:00:22,118][root][INFO] - Epoch 544: duration loss = 0.278 | prior loss = 1.196 | diffusion loss = 0.222

[2026-08-01 17:02:11,483][root][INFO] - Epoch 545: duration loss = 0.278 | prior loss = 1.196 | diffusion loss = 0.222

[2026-08-01 17:04:01,112][root][INFO] - Epoch 546: duration loss = 0.278 | prior loss = 1.196 | diffusion loss = 0.222

[2026-08-01 17:05:53,491][root][INFO] - Epoch 547: duration loss = 0.278 | prior loss = 1.196 | diffusion loss = 0.222

[2026-08-01 17:07:44,258][root][INFO] - Epoch 548: duration loss = 0.278 | prior loss = 1.196 | diffusion loss = 0.222

[2026-08-01 17:09:35,974][root][INFO] - Epoch 549: duration loss = 0.277 | prior loss = 1.196 | diffusion loss = 0.222

[2026-08-01 17:11:31,491][root][INFO] - Epoch 550: duration loss = 0.278 | prior loss = 1.196 | diffusion loss = 0.222

[2026-08-01 17:13:24,419][root][INFO] - Epoch 551: duration loss = 0.278 | prior loss = 1.196 | diffusion loss = 0.224

[2026-08-01 17:15:16,092][root][INFO] - Epoch 552: duration loss = 0.277 | prior loss = 1.196 | diffusion loss = 0.223

[2026-08-01 17:17:07,077][root][INFO] - Epoch 553: duration loss = 0.277 | prior loss = 1.196 | diffusion loss = 0.222

[2026-08-01 17:18:58,410][root][INFO] - Epoch 554: duration loss = 0.277 | prior loss = 1.196 | diffusion loss = 0.222

[2026-08-01 17:20:50,713][root][INFO] - Epoch 555: duration loss = 0.277 | prior loss = 1.196 | diffusion loss = 0.222

[2026-08-01 17:22:42,922][root][INFO] - Epoch 556: duration loss = 0.277 | prior loss = 1.196 | diffusion loss = 0.222

[2026-08-01 17:24:35,463][root][INFO] - Epoch 557: duration loss = 0.277 | prior loss = 1.195 | diffusion loss = 0.223

[2026-08-01 17:26:28,415][root][INFO] - Epoch 558: duration loss = 0.277 | prior loss = 1.195 | diffusion loss = 0.222

[2026-08-01 17:28:21,354][root][INFO] - Epoch 559: duration loss = 0.277 | prior loss = 1.195 | diffusion loss = 0.223

[2026-08-01 17:30:14,422][root][INFO] - Epoch 560: duration loss = 0.277 | prior loss = 1.196 | diffusion loss = 0.222

[2026-08-01 17:32:07,842][root][INFO] - Epoch 561: duration loss = 0.277 | prior loss = 1.196 | diffusion loss = 0.222

[2026-08-01 17:34:00,935][root][INFO] - Epoch 562: duration loss = 0.277 | prior loss = 1.196 | diffusion loss = 0.222

[2026-08-01 17:35:53,780][root][INFO] - Epoch 563: duration loss = 0.277 | prior loss = 1.195 | diffusion loss = 0.222

[2026-08-01 17:37:46,280][root][INFO] - Epoch 564: duration loss = 0.277 | prior loss = 1.196 | diffusion loss = 0.222

[2026-08-01 17:39:38,643][root][INFO] - Epoch 565: duration loss = 0.277 | prior loss = 1.195 | diffusion loss = 0.222

[2026-08-01 17:41:31,780][root][INFO] - Epoch 566: duration loss = 0.277 | prior loss = 1.196 | diffusion loss = 0.223

[2026-08-01 17:43:24,349][root][INFO] - Epoch 567: duration loss = 0.277 | prior loss = 1.196 | diffusion loss = 0.221

[2026-08-01 17:45:17,623][root][INFO] - Epoch 568: duration loss = 0.277 | prior loss = 1.196 | diffusion loss = 0.222

[2026-08-01 17:47:10,531][root][INFO] - Epoch 569: duration loss = 0.276 | prior loss = 1.196 | diffusion loss = 0.221

[2026-08-01 17:49:03,389][root][INFO] - Epoch 570: duration loss = 0.277 | prior loss = 1.195 | diffusion loss = 0.222

[2026-08-01 17:50:53,780][root][INFO] - Epoch 571: duration loss = 0.276 | prior loss = 1.196 | diffusion loss = 0.223

[2026-08-01 17:52:42,812][root][INFO] - Epoch 572: duration loss = 0.277 | prior loss = 1.195 | diffusion loss = 0.220

[2026-08-01 17:54:33,536][root][INFO] - Epoch 573: duration loss = 0.277 | prior loss = 1.195 | diffusion loss = 0.221

[2026-08-01 17:56:22,059][root][INFO] - Epoch 574: duration loss = 0.277 | prior loss = 1.195 | diffusion loss = 0.222

[2026-08-01 17:58:11,849][root][INFO] - Epoch 575: duration loss = 0.277 | prior loss = 1.196 | diffusion loss = 0.222

[2026-08-01 18:00:04,486][root][INFO] - Epoch 576: duration loss = 0.277 | prior loss = 1.195 | diffusion loss = 0.222

[2026-08-01 18:01:57,542][root][INFO] - Epoch 577: duration loss = 0.277 | prior loss = 1.195 | diffusion loss = 0.221

[2026-08-01 18:03:50,043][root][INFO] - Epoch 578: duration loss = 0.276 | prior loss = 1.195 | diffusion loss = 0.222

[2026-08-01 18:05:41,872][root][INFO] - Epoch 579: duration loss = 0.276 | prior loss = 1.195 | diffusion loss = 0.222

[2026-08-01 18:07:33,353][root][INFO] - Epoch 580: duration loss = 0.276 | prior loss = 1.195 | diffusion loss = 0.221

[2026-08-01 18:09:23,291][root][INFO] - Epoch 581: duration loss = 0.277 | prior loss = 1.195 | diffusion loss = 0.222

[2026-08-01 18:11:13,427][root][INFO] - Epoch 582: duration loss = 0.276 | prior loss = 1.195 | diffusion loss = 0.222

[2026-08-01 18:13:03,207][root][INFO] - Epoch 583: duration loss = 0.277 | prior loss = 1.195 | diffusion loss = 0.222

[2026-08-01 18:14:52,581][root][INFO] - Epoch 584: duration loss = 0.276 | prior loss = 1.195 | diffusion loss = 0.221

[2026-08-01 18:16:42,303][root][INFO] - Epoch 585: duration loss = 0.277 | prior loss = 1.195 | diffusion loss = 0.222

[2026-08-01 18:18:34,702][root][INFO] - Epoch 586: duration loss = 0.277 | prior loss = 1.194 | diffusion loss = 0.222

[2026-08-01 18:20:27,811][root][INFO] - Epoch 587: duration loss = 0.277 | prior loss = 1.195 | diffusion loss = 0.221

[2026-08-01 18:22:20,101][root][INFO] - Epoch 588: duration loss = 0.276 | prior loss = 1.195 | diffusion loss = 0.221

[2026-08-01 18:24:12,173][root][INFO] - Epoch 589: duration loss = 0.277 | prior loss = 1.195 | diffusion loss = 0.222

[2026-08-01 18:26:03,877][root][INFO] - Epoch 590: duration loss = 0.276 | prior loss = 1.195 | diffusion loss = 0.221

[2026-08-01 18:27:53,442][root][INFO] - Epoch 591: duration loss = 0.276 | prior loss = 1.195 | diffusion loss = 0.222

[2026-08-01 18:29:43,962][root][INFO] - Epoch 592: duration loss = 0.276 | prior loss = 1.195 | diffusion loss = 0.222

[2026-08-01 18:31:33,521][root][INFO] - Epoch 593: duration loss = 0.276 | prior loss = 1.195 | diffusion loss = 0.223

[2026-08-01 18:33:23,302][root][INFO] - Epoch 594: duration loss = 0.277 | prior loss = 1.195 | diffusion loss = 0.222

[2026-08-01 18:35:12,863][root][INFO] - Epoch 595: duration loss = 0.276 | prior loss = 1.195 | diffusion loss = 0.222

[2026-08-01 18:37:04,652][root][INFO] - Epoch 596: duration loss = 0.276 | prior loss = 1.195 | diffusion loss = 0.223

[2026-08-01 18:38:55,978][root][INFO] - Epoch 597: duration loss = 0.276 | prior loss = 1.194 | diffusion loss = 0.222

[2026-08-01 18:40:48,470][root][INFO] - Epoch 598: duration loss = 0.276 | prior loss = 1.195 | diffusion loss = 0.222

[2026-08-01 18:42:40,445][root][INFO] - Epoch 599: duration loss = 0.276 | prior loss = 1.194 | diffusion loss = 0.221

